******************************************************************************
            TI ARM Clang Linker PC v4.0.4                      
******************************************************************************
>> Linked Wed Jul 29 22:32:01 2026

OUTPUT FILE NAME:   <DCC_101_v1.out>
ENTRY POINT SYMBOL: "_c_int00_noargs"  address: 00002bd9


MEMORY CONFIGURATION

         name            origin    length      used     unused   attr    fill
----------------------  --------  ---------  --------  --------  ----  --------
  FLASH                 00000000   00020000  00004cd8  0001b328  R  X
  SRAM                  20200000   00008000  0000080b  000077f5  RW X
  BCR_CONFIG            41c00000   000000ff  00000000  000000ff  R   
  BSL_CONFIG            41c00100   00000080  00000000  00000080  R   


SEGMENT ALLOCATION MAP

run origin  load origin   length   init length attrs members
----------  ----------- ---------- ----------- ----- -------
00000000    00000000    000032c8   000032c8    r-x
  00000000    00000000    000000c0   000000c0    r-- .intvecs
  000000c0    000000c0    00003208   00003208    r-x .text
000032d0    000032d0    00001a10   00001a10    r--
  000032d0    000032d0    000019e0   000019e0    r-- .rodata
  00004cb0    00004cb0    00000030   00000030    r-- .cinit
20200000    20200000    0000060e   00000000    rw-
  20200000    20200000    000005bd   00000000    rw- .bss
  202005c0    202005c0    0000004e   00000000    rw- .data
20207e00    20207e00    00000200   00000000    rw-
  20207e00    20207e00    00000200   00000000    rw- .stack


SECTION ALLOCATION MAP

 output                                  attributes/
section   page    origin      length       input sections
--------  ----  ----------  ----------   ----------------
.intvecs   0    00000000    000000c0     
                  00000000    000000c0     startup_mspm0g350x_ticlang.o (.intvecs)

.text      0    000000c0    00003208     
                  000000c0    00000868     libc.a : _printfi.c.obj (.text:__TI_printfi_nofloat)
                  00000928    00000450     main.o (.text.main)
                  00000d78    000001c4     bujin.o (.text.dianji_rotate_to)
                  00000f3c    00000184     bujin.o (.text.TIMA0_IRQHandler)
                  000010c0    00000158     oled.o (.text.OLED_ShowChar)
                  00001218    00000104     driverlib.a : dl_timer.o (.text.DL_Timer_initFourCCPWMMode)
                  0000131c    00000100     bihuan_pid.o (.text.PID_Inc_Calc)
                  0000141c    000000f8     oled.o (.text.OLED_Init)
                  00001514    000000f4     ti_msp_dl_config.o (.text.SYSCFG_DL_GPIO_init)
                  00001608    000000e8     ti_msp_dl_config.o (.text.SYSCFG_DL_SYSCTL_SYSPLL_init)
                  000016f0    000000dc     driverlib.a : dl_sysctl_mspm0g1x0x_g3x0x.o (.text.DL_SYSCTL_configSYSPLL)
                  000017cc    000000d8     libclang_rt.builtins.a : addsf3.S.obj (.text)
                  000018a4    000000d4     bujin.o (.text.dianji1_pulse)
                  00001978    000000ac     uart.o (.text.UART3_IRQHandler)
                  00001a24    000000a8     key.o (.text.key6_init)
                  00001acc    000000a2     libclang_rt.builtins.a : udivmoddi4.S.obj (.text)
                  00001b6e    00000098     oled.o (.text.OLED_ShowString)
                  00001c06    00000002     libclang_rt.builtins.a : aeabi_div0.c.obj (.text.__aeabi_idiv0)
                  00001c08    00000094     bujin.o (.text.dianji_set_origin)
                  00001c9c    0000008c     ti_msp_dl_config.o (.text.SYSCFG_DL_initPower)
                  00001d28    0000008c     libclang_rt.builtins.a : mulsf3.S.obj (.text.__mulsf3)
                  00001db4    0000007c     oled.o (.text.OLED_Refresh)
                  00001e30    0000007c     libc.a : copy_decompress_lzss.c.obj (.text:decompress:lzss)
                  00001eac    00000074     oled.o (.text.OLED_WR_Byte)
                  00001f20    00000074     ti_msp_dl_config.o (.text.SYSCFG_DL_SYSCTL_init)
                  00001f94    00000074     libclang_rt.builtins.a : comparedf2.c.obj (.text.__gedf2)
                  00002008    00000070     ti_msp_dl_config.o (.text.SYSCFG_DL_DCC_PWM_init)
                  00002078    00000068     libclang_rt.builtins.a : comparedf2.c.obj (.text.__ledf2)
                  000020e0    00000064     driverlib.a : dl_sysctl_mspm0g1x0x_g3x0x.o (.text.DL_SYSCTL_setHFCLKSourceHFXTParams)
                  00002144    00000064     oled.o (.text.OLED_ClearPoint)
                  000021a8    00000062     libclang_rt.builtins.a : aeabi_dcmp.S.obj (.text.__aeabi_dcmp)
                  0000220a    00000002                            : aeabi_div0.c.obj (.text.__aeabi_ldiv0)
                  0000220c    00000062                            : aeabi_fcmp.S.obj (.text.__aeabi_fcmp)
                  0000226e    00000002     --HOLE-- [fill = 0]
                  00002270    00000060     oled.o (.text.OLED_Clear)
                  000022d0    00000060     ti_msp_dl_config.o (.text.SYSCFG_DL_OLED_init)
                  00002330    0000005e     driverlib.a : dl_i2c.o (.text.DL_I2C_fillControllerTXFIFO)
                  0000238e    00000002     --HOLE-- [fill = 0]
                  00002390    00000056     libclang_rt.builtins.a : aeabi_idivmod.S.obj (.text.__aeabi_idivmod)
                  000023e6    00000002     --HOLE-- [fill = 0]
                  000023e8    00000050     ti_msp_dl_config.o (.text.DL_GPIO_initPeripheralInputFunctionFeatures)
                  00002438    00000050     oled.o (.text.DL_I2C_startControllerTransfer)
                  00002488    0000004c     ti_msp_dl_config.o (.text.DL_GPIO_initDigitalInputFeatures)
                  000024d4    0000004c     ti_msp_dl_config.o (.text.DL_UART_setBaudRateDivisor)
                  00002520    0000004c     bihuan_pid.o (.text.PID_Inc_Init)
                  0000256c    00000048     driverlib.a : dl_uart.o (.text.DL_UART_init)
                  000025b4    00000048     oled.o (.text.OLED_DisplayTurn)
                  000025fc    00000048     oled.o (.text.OLED_DrawPoint)
                  00002644    00000048     ti_msp_dl_config.o (.text.SYSCFG_DL_K230_init)
                  0000268c    00000048     ti_msp_dl_config.o (.text.SYSCFG_DL_PRINT_init)
                  000026d4    00000044     driverlib.a : dl_sysctl_mspm0g1x0x_g3x0x.o (.text.DL_SYSCTL_switchMCLKfromSYSOSCtoHSCLK)
                  00002718    00000040     ti_msp_dl_config.o (.text.SYSCFG_DL_DCC101_v1_2_init)
                  00002758    00000040     libclang_rt.builtins.a : aeabi_uidivmod.S.obj (.text.__aeabi_uidivmod)
                  00002798    00000040     libc.a : atoi.c.obj (.text.atoi)
                  000027d8    0000003c     ti_msp_dl_config.o (.text.DL_Timer_setCounterControl)
                  00002814    0000003c     ti_msp_dl_config.o (.text.SYSCFG_DL_init)
                  00002850    0000003c     libclang_rt.builtins.a : floatsisf.S.obj (.text.__floatsisf)
                  0000288c    0000003c                            : comparesf2.S.obj (.text.__gtsf2)
                  000028c8    0000003c     libc.a : autoinit.c.obj (.text:__TI_auto_init_nobinit_nopinit)
                  00002904    0000003a     libclang_rt.builtins.a : comparesf2.S.obj (.text.__eqsf2)
                  0000293e    00000002     --HOLE-- [fill = 0]
                  00002940    0000003a                            : muldsi3.S.obj (.text.__muldsi3)
                  0000297a    00000002     --HOLE-- [fill = 0]
                  0000297c    00000038                            : fixsfsi.S.obj (.text.__fixsfsi)
                  000029b4    00000038     libc.a : sprintf.c.obj (.text.sprintf)
                  000029ec    00000034     oled.o (.text.OLED_ColorTurn)
                  00002a20    00000034     uart.o (.text.UART_send_buffer)
                  00002a54    00000034     key.o (.text.get_key_state)
                  00002a88    00000030     driverlib.a : dl_uart.o (.text.DL_UART_transmitDataBlocking)
                  00002ab8    0000002c     key.o (.text.__NVIC_EnableIRQ)
                  00002ae4    0000002c     main.o (.text.__NVIC_EnableIRQ)
                  00002b10    00000028     oled.o (.text.DL_Common_updateReg)
                  00002b38    00000028     ti_msp_dl_config.o (.text.DL_Common_updateReg)
                  00002b60    00000028     ti_msp_dl_config.o (.text.DL_I2C_setControllerRXFIFOThreshold)
                  00002b88    00000028     ti_msp_dl_config.o (.text.DL_I2C_setControllerTXFIFOThreshold)
                  00002bb0    00000028     libclang_rt.builtins.a : floatunsisf.S.obj (.text.__floatunsisf)
                  00002bd8    00000028     libc.a : boot_cortex_m.c.obj (.text:_c_int00_noargs)
                  00002c00    00000026     ti_msp_dl_config.o (.text.DL_I2C_setAnalogGlitchFilterPulseWidth)
                  00002c26    00000026     driverlib.a : dl_i2c.o (.text.DL_I2C_setClockConfig)
                  00002c4c    00000024     ti_msp_dl_config.o (.text.DL_I2C_setDigitalGlitchFilterPulseWidth)
                  00002c70    00000024     libclang_rt.builtins.a : floatunsidf.S.obj (.text.__floatunsidf)
                  00002c94    00000024                            : muldi3.S.obj (.text.__muldi3)
                  00002cb8    00000022     libc.a : memccpy.c.obj (.text.memccpy)
                  00002cda    00000002     --HOLE-- [fill = 0]
                  00002cdc    00000020     ti_msp_dl_config.o (.text.DL_GPIO_initPeripheralInputFunction)
                  00002cfc    00000020     ti_msp_dl_config.o (.text.DL_SYSCTL_setFlashWaitState)
                  00002d1c    0000001e     ti_msp_dl_config.o (.text.DL_UART_setOversampling)
                  00002d3a    00000002     --HOLE-- [fill = 0]
                  00002d3c    0000001e     libclang_rt.builtins.a : ashldi3.S.obj (.text.__ashldi3)
                  00002d5a    00000002     --HOLE-- [fill = 0]
                  00002d5c    0000001c     ti_msp_dl_config.o (.text.DL_GPIO_enableHiZ)
                  00002d78    0000001c     ti_msp_dl_config.o (.text.DL_GPIO_initPeripheralOutputFunction)
                  00002d94    0000001c     driverlib.a : dl_sysctl_mspm0g1x0x_g3x0x.o (.text.DL_SYSCTL_configFCC)
                  00002db0    0000001c     ti_msp_dl_config.o (.text.DL_SYSCTL_setFCCPeriods)
                  00002dcc    0000001c     ti_msp_dl_config.o (.text.DL_SYSCTL_setSYSOSCFreq)
                  00002de8    0000001c     ti_msp_dl_config.o (.text.DL_SYSCTL_setULPCLKDivider)
                  00002e04    0000001c     ti_msp_dl_config.o (.text.DL_Timer_enableInterrupt)
                  00002e20    0000001c     driverlib.a : dl_timer.o (.text.DL_Timer_setCaptCompUpdateMethod)
                  00002e3c    0000001c                 : dl_timer.o (.text.DL_Timer_setClockConfig)
                  00002e58    0000001c     ti_msp_dl_config.o (.text.DL_UART_enableInterrupt)
                  00002e74    0000001c     uart.o (.text.UART_send_char)
                  00002e90    0000001c     delay.o (.text.delay_ms)
                  00002eac    00000018     ti_msp_dl_config.o (.text.DL_GPIO_enableOutput)
                  00002ec4    00000018     ti_msp_dl_config.o (.text.DL_GPIO_enablePower)
                  00002edc    00000018     ti_msp_dl_config.o (.text.DL_GPIO_initDigitalOutput)
                  00002ef4    00000018     ti_msp_dl_config.o (.text.DL_GPIO_initPeripheralAnalogFunction)
                  00002f0c    00000018     ti_msp_dl_config.o (.text.DL_GPIO_reset)
                  00002f24    00000018     ti_msp_dl_config.o (.text.DL_I2C_enableAnalogGlitchFilter)
                  00002f3c    00000018     ti_msp_dl_config.o (.text.DL_I2C_enableController)
                  00002f54    00000018     ti_msp_dl_config.o (.text.DL_I2C_enableControllerClockStretching)
                  00002f6c    00000018     ti_msp_dl_config.o (.text.DL_I2C_enablePower)
                  00002f84    00000018     ti_msp_dl_config.o (.text.DL_I2C_reset)
                  00002f9c    00000018     ti_msp_dl_config.o (.text.DL_I2C_setTimerPeriod)
                  00002fb4    00000018     ti_msp_dl_config.o (.text.DL_SYSCTL_setBORThreshold)
                  00002fcc    00000018     ti_msp_dl_config.o (.text.DL_Timer_enablePower)
                  00002fe4    00000018     ti_msp_dl_config.o (.text.DL_Timer_reset)
                  00002ffc    00000018     driverlib.a : dl_timer.o (.text.DL_Timer_setCaptureCompareOutCtl)
                  00003014    00000018     key.o (.text.DL_Timer_setLoadValue)
                  0000302c    00000018     key.o (.text.DL_Timer_startCounter)
                  00003044    00000018     ti_msp_dl_config.o (.text.DL_UART_enablePower)
                  0000305c    00000018     ti_msp_dl_config.o (.text.DL_UART_reset)
                  00003074    00000018     libc.a : sprintf.c.obj (.text._outs)
                  0000308c    00000016     key.o (.text.DL_GPIO_readPins)
                  000030a2    00000016     ti_msp_dl_config.o (.text.DL_UART_enable)
                  000030b8    00000014     key.o (.text.DL_GPIO_clearPins)
                  000030cc    00000014     ti_msp_dl_config.o (.text.DL_GPIO_clearPins)
                  000030e0    00000014     oled.o (.text.DL_I2C_getControllerStatus)
                  000030f4    00000014     ti_msp_dl_config.o (.text.DL_I2C_resetControllerTransfer)
                  00003108    00000014     ti_msp_dl_config.o (.text.DL_SYSCTL_disableSYSPLL)
                  0000311c    00000014     ti_msp_dl_config.o (.text.DL_SYSCTL_enableSYSPLL)
                  00003130    00000014     ti_msp_dl_config.o (.text.DL_Timer_enableClock)
                  00003144    00000014     ti_msp_dl_config.o (.text.DL_Timer_setCCPDirection)
                  00003158    00000014     uart.o (.text.DL_UART_receiveData)
                  0000316c    00000014     libclang_rt.builtins.a : aeabi_uldivmod.S.obj (.text.__aeabi_uldivmod)
                  00003180    00000012     bujin.o (.text.DL_Timer_getPendingInterrupt)
                  00003192    00000012     uart.o (.text.DL_UART_getPendingInterrupt)
                  000031a4    00000012     driverlib.a : dl_uart.o (.text.DL_UART_setClockConfig)
                  000031b6    00000012     libc.a : memcpy16.S.obj (.text:TI_memcpy_small)
                  000031c8    00000012            : copy_decompress_none.c.obj (.text:decompress:none)
                  000031da    00000002     --HOLE-- [fill = 0]
                  000031dc    00000010     ti_msp_dl_config.o (.text.DL_SYSCTL_disableHFXT)
                  000031ec    00000010     ti_msp_dl_config.o (.text.DL_SYSCTL_isFCCDone)
                  000031fc    00000010     ti_msp_dl_config.o (.text.DL_SYSCTL_startFCC)
                  0000320c    00000010     driverlib.a : dl_timer.o (.text.DL_Timer_setCaptureCompareValue)
                  0000321c    00000010     libc.a : wcslen.c.obj (.text.wcslen)
                  0000322c    00000010            : copy_zero_init.c.obj (.text:decompress:ZI)
                  0000323c    0000000e     libclang_rt.builtins.a : aeabi_memset.S.obj (.text.__aeabi_memset)
                  0000324a    0000000e     libc.a : _printfi.c.obj (.text.strlen)
                  00003258    0000000e            : memset16.S.obj (.text:TI_memset_small)
                  00003266    00000002     --HOLE-- [fill = 0]
                  00003268    0000000c     ti_msp_dl_config.o (.text.DL_SYSCTL_getClockStatus)
                  00003274    0000000c     ti_msp_dl_config.o (.text.DL_SYSCTL_readFCC)
                  00003280    0000000c     libclang_rt.builtins.a : aeabi_memset.S.obj (.text.__aeabi_memclr)
                  0000328c    0000000a     driverlib.a : dl_common.o (.text.DL_Common_delayCycles)
                  00003296    0000000a     libc.a : sprintf.c.obj (.text._outc)
                  000032a0    00000008            : aeabi_portable.c.obj (.text.__aeabi_errno_addr)
                  000032a8    00000008     libclang_rt.builtins.a : aeabi_memcpy.S.obj (.text.__aeabi_memcpy)
                  000032b0    00000006     libc.a : exit.c.obj (.text:abort)
                  000032b6    00000004     startup_mspm0g350x_ticlang.o (.text.Default_Handler)
                  000032ba    00000004     libsysbm.a : hostexit.c.obj (.text.HOSTexit)
                  000032be    00000004     startup_mspm0g350x_ticlang.o (.text.Reset_Handler)
                  000032c2    00000004     libc.a : pre_init.c.obj (.text._system_pre_init)
                  000032c6    00000002     --HOLE-- [fill = 0]

.cinit     0    00004cb0    00000030     
                  00004cb0    0000000c     (__TI_handler_table)
                  00004cbc    00000008     (.cinit..bss.load) [load image, compression = zero_init]
                  00004cc4    00000008     (.cinit..data.load) [load image, compression = lzss]
                  00004ccc    00000010     (__TI_cinit_table)
                  00004cdc    00000004     --HOLE-- [fill = 0]

.rodata    0    000032d0    000019e0     
                  000032d0    00000d5c     oled.o (.rodata.asc2_2412)
                  0000402c    000005f0     oled.o (.rodata.asc2_1608)
                  0000461c    00000474     oled.o (.rodata.asc2_1206)
                  00004a90    00000101     libc.a : aeabi_ctype.S.obj (.rodata:__aeabi_ctype_table_)
                  00004b91    00000003     ti_msp_dl_config.o (.rodata.gDCC_PWMClockConfig)
                  00004b94    00000028     ti_msp_dl_config.o (.rodata.gSYSPLLConfig)
                  00004bbc    00000011     libc.a : _printfi.c.obj (.rodata.str1.10348868589481759720.1)
                  00004bcd    00000011            : _printfi.c.obj (.rodata.str1.15363888844622738466.1)
                  00004bde    0000000d     main.o (.rodata.str1.15159059442110792349.1)
                  00004beb    0000000d     main.o (.rodata.str1.18227636981041470289.1)
                  00004bf8    0000000d     main.o (.rodata.str1.288608917962107522.1)
                  00004c05    0000000c     main.o (.rodata.str1.12180500075719773345.1)
                  00004c11    0000000c     main.o (.rodata.str1.2846389346932560359.1)
                  00004c1d    0000000b     main.o (.rodata.str1.14112174005742061988.1)
                  00004c28    0000000b     main.o (.rodata.str1.14402440632258215044.1)
                  00004c33    0000000b     main.o (.rodata.str1.15996357275703397564.1)
                  00004c3e    0000000b     main.o (.rodata.str1.16265332423659789559.1)
                  00004c49    0000000b     main.o (.rodata.str1.7702501944640899365.1)
                  00004c54    0000000a     ti_msp_dl_config.o (.rodata.gDCC101_v1_2Config)
                  00004c5e    0000000a     ti_msp_dl_config.o (.rodata.gK230Config)
                  00004c68    0000000a     ti_msp_dl_config.o (.rodata.gPRINTConfig)
                  00004c72    0000000a     main.o (.rodata.str1.17100691992556644108.1)
                  00004c7c    0000000a     main.o (.rodata.str1.2123964117280943167.1)
                  00004c86    0000000a     main.o (.rodata.str1.8154729771448623357.1)
                  00004c90    00000009     main.o (.rodata.str1.9059077390166914652.1)
                  00004c99    00000002     ti_msp_dl_config.o (.rodata.gDCC101_v1_2ClockConfig)
                  00004c9b    00000001     --HOLE-- [fill = 0]
                  00004c9c    00000008     ti_msp_dl_config.o (.rodata.gDCC_PWMConfig)
                  00004ca4    00000002     ti_msp_dl_config.o (.rodata.gK230ClockConfig)
                  00004ca6    00000002     ti_msp_dl_config.o (.rodata.gOLEDClockConfig)
                  00004ca8    00000002     ti_msp_dl_config.o (.rodata.gPRINTClockConfig)
                  00004caa    00000006     --HOLE-- [fill = 0]

.init_array 
*          0    00000000    00000000     UNINITIALIZED

.binit     0    00000000    00000000     

.bss       0    20200000    000005bd     UNINITIALIZED
                  20200000    00000480     (.common:OLED_GRAM)
                  20200480    000000bc     (.common:gDCC_PWMBackup)
                  2020053c    00000030     (.common:gK230Backup)
                  2020056c    00000028     main.o (.bss.pid_x)
                  20200594    00000020     main.o (.bss.disp_buf)
                  202005b4    00000005     uart.o (.bss.rx_buf)
                  202005b9    00000001     (.common:bujin_x)
                  202005ba    00000002     (.common:pulse_x)
                  202005bc    00000001     (.common:dir_x)

.data      0    202005c0    0000004e     UNINITIALIZED
                  202005c0    00000032     main.o (.data.DCC_v1_2)
                  202005f2    00000002     main.o (.data.motor_target)
                  202005f4    00000004     libc.a : aeabi_portable.c.obj (.data.__aeabi_errno)
                  202005f8    00000004     main.o (.data.motor_angle)
                  202005fc    00000004     main.o (.data.motor_pulse)
                  20200600    00000001     bujin.o (.data.TIMA0_IRQHandler.btn2_cnt)
                  20200601    00000001     bujin.o (.data.TIMA0_IRQHandler.btn2_stable)
                  20200602    00000001     bujin.o (.data.TIMA0_IRQHandler.btn3_cnt)
                  20200603    00000001     bujin.o (.data.TIMA0_IRQHandler.btn3_stable)
                  20200604    00000001     bujin.o (.data.TIMA0_IRQHandler.btn4_cnt)
                  20200605    00000001     bujin.o (.data.TIMA0_IRQHandler.btn4_stable)
                  20200606    00000001     bujin.o (.data.TIMA0_IRQHandler.btn_cnt)
                  20200607    00000001     bujin.o (.data.TIMA0_IRQHandler.btn_stable)
                  20200608    00000001     bujin.o (.data.btn1_active)
                  20200609    00000001     bujin.o (.data.btn2_active)
                  2020060a    00000001     bujin.o (.data.btn3_active)
                  2020060b    00000001     bujin.o (.data.btn4_active)
                  2020060c    00000001     main.o (.data.main.btn1_prev)
                  2020060d    00000001     uart.o (.data.rx_idx)

.stack     0    20207e00    00000200     UNINITIALIZED
                  20207e00    00000004     libc.a : boot_cortex_m.c.obj (.stack)
                  20207e04    000001fc     --HOLE--

__llvm_prf_cnts 
*          0    20200000    00000000     UNINITIALIZED

__llvm_prf_bits 
*          0    20200000    00000000     UNINITIALIZED

MODULE SUMMARY

       Module                         code    ro data   rw data
       ------                         ----    -------   -------
    .\
       oled.o                         1516    6080      1152   
       ti_msp_dl_config.o             2582    89        236    
       main.o                         1148    157       137    
       bujin.o                        1218    0         12     
       key.o                          354     0         0      
       bihuan_pid.o                   332     0         0      
       uart.o                         290     0         6      
       startup_mspm0g350x_ticlang.o   8       192       0      
       delay.o                        28      0         0      
    +--+------------------------------+-------+---------+---------+
       Total:                         7476    6518      1543   
                                                               
    C:/ti/mspm0_sdk_2_10_00_04/source/ti/driverlib/lib/ticlang/m0p/mspm0g1x0x_g3x0x/driverlib.a
       dl_sysctl_mspm0g1x0x_g3x0x.o   416     0         0      
       dl_timer.o                     356     0         0      
       dl_uart.o                      138     0         0      
       dl_i2c.o                       132     0         0      
       dl_common.o                    10      0         0      
    +--+------------------------------+-------+---------+---------+
       Total:                         1052    0         0      
                                                               
    C:\ti\ccs2050\ccs\tools\compiler\ti-cgt-armllvm_4.0.4.LTS\lib\armv6m-ti-none-eabi/c/libc.a
       _printfi.c.obj                 2166    34        0      
       aeabi_ctype.S.obj              0       257       0      
       copy_decompress_lzss.c.obj     124     0         0      
       sprintf.c.obj                  90      0         0      
       atoi.c.obj                     64      0         0      
       autoinit.c.obj                 60      0         0      
       boot_cortex_m.c.obj            40      0         0      
       memccpy.c.obj                  34      0         0      
       copy_decompress_none.c.obj     18      0         0      
       memcpy16.S.obj                 18      0         0      
       copy_zero_init.c.obj           16      0         0      
       wcslen.c.obj                   16      0         0      
       memset16.S.obj                 14      0         0      
       aeabi_portable.c.obj           8       0         4      
       exit.c.obj                     6       0         0      
       pre_init.c.obj                 4       0         0      
    +--+------------------------------+-------+---------+---------+
       Total:                         2678    291       4      
                                                               
    C:\ti\ccs2050\ccs\tools\compiler\ti-cgt-armllvm_4.0.4.LTS\lib\armv6m-ti-none-eabi/c/libsysbm.a
       hostexit.c.obj                 4       0         0      
    +--+------------------------------+-------+---------+---------+
       Total:                         4       0         0      
                                                               
    C:\ti\ccs2050\ccs\tools\compiler\ti-cgt-armllvm_4.0.4.LTS\lib\armv6m-ti-none-eabi/libclang_rt.builtins.a
       comparedf2.c.obj               220     0         0      
       addsf3.S.obj                   216     0         0      
       udivmoddi4.S.obj               162     0         0      
       mulsf3.S.obj                   140     0         0      
       comparesf2.S.obj               118     0         0      
       aeabi_dcmp.S.obj               98      0         0      
       aeabi_fcmp.S.obj               98      0         0      
       aeabi_idivmod.S.obj            86      0         0      
       aeabi_uidivmod.S.obj           64      0         0      
       floatsisf.S.obj                60      0         0      
       muldsi3.S.obj                  58      0         0      
       fixsfsi.S.obj                  56      0         0      
       floatunsisf.S.obj              40      0         0      
       floatunsidf.S.obj              36      0         0      
       muldi3.S.obj                   36      0         0      
       ashldi3.S.obj                  30      0         0      
       aeabi_memset.S.obj             26      0         0      
       aeabi_uldivmod.S.obj           20      0         0      
       aeabi_memcpy.S.obj             8       0         0      
       aeabi_div0.c.obj               4       0         0      
    +--+------------------------------+-------+---------+---------+
       Total:                         1576    0         0      
                                                               
       Stack:                         0       0         512    
       Linker Generated:              0       44        0      
    +--+------------------------------+-------+---------+---------+
       Grand Total:                   12786   6853      2059   


LINKER GENERATED COPY TABLES

__TI_cinit_table @ 00004ccc records: 2, size/record: 8, table size: 16
	.bss: load addr=00004cbc, load size=00000008 bytes, run addr=20200000, run size=000005bd bytes, compression=zero_init
	.data: load addr=00004cc4, load size=00000008 bytes, run addr=202005c0, run size=0000004e bytes, compression=lzss


LINKER GENERATED HANDLER TABLE

__TI_handler_table @ 00004cb0 records: 3, size/record: 4, table size: 12
	index: 0, handler: __TI_decompress_lzss
	index: 1, handler: __TI_decompress_none
	index: 2, handler: __TI_zero_init


GLOBAL SYMBOLS: SORTED ALPHABETICALLY BY Name 

address   name                                 
-------   ----                                 
000032b7  ADC0_IRQHandler                      
000032b7  ADC1_IRQHandler                      
000032b7  AES_IRQHandler                       
000032ba  C$$EXIT                              
000032b7  CANFD0_IRQHandler                    
000032b7  DAC0_IRQHandler                      
202005c0  DCC_v1_2                             
0000328d  DL_Common_delayCycles                
00002331  DL_I2C_fillControllerTXFIFO          
00002c27  DL_I2C_setClockConfig                
00002d95  DL_SYSCTL_configFCC                  
000016f1  DL_SYSCTL_configSYSPLL               
000020e1  DL_SYSCTL_setHFCLKSourceHFXTParams   
000026d5  DL_SYSCTL_switchMCLKfromSYSOSCtoHSCLK
00001219  DL_Timer_initFourCCPWMMode           
00002e21  DL_Timer_setCaptCompUpdateMethod     
00002ffd  DL_Timer_setCaptureCompareOutCtl     
0000320d  DL_Timer_setCaptureCompareValue      
00002e3d  DL_Timer_setClockConfig              
0000256d  DL_UART_init                         
000031a5  DL_UART_setClockConfig               
00002a89  DL_UART_transmitDataBlocking         
000032b7  DMA_IRQHandler                       
000032b7  Default_Handler                      
000032b7  GROUP0_IRQHandler                    
000032b7  GROUP1_IRQHandler                    
000032bb  HOSTexit                             
000032b7  HardFault_Handler                    
000032b7  I2C0_IRQHandler                      
000032b7  I2C1_IRQHandler                      
000032b7  NMI_Handler                          
00002271  OLED_Clear                           
00002145  OLED_ClearPoint                      
000029ed  OLED_ColorTurn                       
000025b5  OLED_DisplayTurn                     
000025fd  OLED_DrawPoint                       
20200000  OLED_GRAM                            
0000141d  OLED_Init                            
00001db5  OLED_Refresh                         
000010c1  OLED_ShowChar                        
00001b6f  OLED_ShowString                      
00001ead  OLED_WR_Byte                         
0000131d  PID_Inc_Calc                         
00002521  PID_Inc_Init                         
000032b7  PendSV_Handler                       
000032b7  RTC_IRQHandler                       
000032bf  Reset_Handler                        
000032b7  SPI0_IRQHandler                      
000032b7  SPI1_IRQHandler                      
000032b7  SVC_Handler                          
00002719  SYSCFG_DL_DCC101_v1_2_init           
00002009  SYSCFG_DL_DCC_PWM_init               
00001515  SYSCFG_DL_GPIO_init                  
00002645  SYSCFG_DL_K230_init                  
000022d1  SYSCFG_DL_OLED_init                  
0000268d  SYSCFG_DL_PRINT_init                 
00001609  SYSCFG_DL_SYSCTL_SYSPLL_init         
00001f21  SYSCFG_DL_SYSCTL_init                
00002815  SYSCFG_DL_init                       
00001c9d  SYSCFG_DL_initPower                  
000032b7  SysTick_Handler                      
00000f3d  TIMA0_IRQHandler                     
000032b7  TIMA1_IRQHandler                     
000032b7  TIMG0_IRQHandler                     
000032b7  TIMG12_IRQHandler                    
000032b7  TIMG6_IRQHandler                     
000032b7  TIMG7_IRQHandler                     
000032b7  TIMG8_IRQHandler                     
000031b7  TI_memcpy_small                      
00003259  TI_memset_small                      
000032b7  UART0_IRQHandler                     
000032b7  UART1_IRQHandler                     
000032b7  UART2_IRQHandler                     
00001979  UART3_IRQHandler                     
00002a21  UART_send_buffer                     
00002e75  UART_send_char                       
20208000  __STACK_END                          
00000200  __STACK_SIZE                         
00000000  __TI_ATRegion0_region_sz             
00000000  __TI_ATRegion0_src_addr              
00000000  __TI_ATRegion0_trg_addr              
00000000  __TI_ATRegion1_region_sz             
00000000  __TI_ATRegion1_src_addr              
00000000  __TI_ATRegion1_trg_addr              
00000000  __TI_ATRegion2_region_sz             
00000000  __TI_ATRegion2_src_addr              
00000000  __TI_ATRegion2_trg_addr              
00004ccc  __TI_CINIT_Base                      
00004cdc  __TI_CINIT_Limit                     
00004cdc  __TI_CINIT_Warm                      
00004cb0  __TI_Handler_Table_Base              
00004cbc  __TI_Handler_Table_Limit             
000028c9  __TI_auto_init_nobinit_nopinit       
00001e31  __TI_decompress_lzss                 
000031c9  __TI_decompress_none                 
ffffffff  __TI_pprof_out_hndl                  
000000c1  __TI_printfi_nofloat                 
ffffffff  __TI_prof_data_size                  
ffffffff  __TI_prof_data_start                 
00000000  __TI_static_base__                   
0000322d  __TI_zero_init                       
000017d7  __addsf3                             
00004a90  __aeabi_ctype_table_                 
00004a90  __aeabi_ctype_table_C                
000021a9  __aeabi_dcmpeq                       
000021e5  __aeabi_dcmpge                       
000021f9  __aeabi_dcmpgt                       
000021d1  __aeabi_dcmple                       
000021bd  __aeabi_dcmplt                       
202005f4  __aeabi_errno                        
000032a1  __aeabi_errno_addr                   
0000297d  __aeabi_f2iz                         
000017d7  __aeabi_fadd                         
0000220d  __aeabi_fcmpeq                       
00002249  __aeabi_fcmpge                       
0000225d  __aeabi_fcmpgt                       
00002235  __aeabi_fcmple                       
00002221  __aeabi_fcmplt                       
00001d29  __aeabi_fmul                         
000017cd  __aeabi_fsub                         
00002851  __aeabi_i2f                          
00002391  __aeabi_idiv                         
00001c07  __aeabi_idiv0                        
00002391  __aeabi_idivmod                      
0000220b  __aeabi_ldiv0                        
00002d3d  __aeabi_llsl                         
00002c95  __aeabi_lmul                         
00003281  __aeabi_memclr                       
00003281  __aeabi_memclr4                      
00003281  __aeabi_memclr8                      
000032a9  __aeabi_memcpy                       
000032a9  __aeabi_memcpy4                      
000032a9  __aeabi_memcpy8                      
0000323d  __aeabi_memset                       
0000323d  __aeabi_memset4                      
0000323d  __aeabi_memset8                      
00002c71  __aeabi_ui2d                         
00002bb1  __aeabi_ui2f                         
00002759  __aeabi_uidiv                        
00002759  __aeabi_uidivmod                     
0000316d  __aeabi_uldivmod                     
00002d3d  __ashldi3                            
ffffffff  __binit__                            
00002079  __cmpdf2                             
00002905  __cmpsf2                             
00002079  __eqdf2                              
00002905  __eqsf2                              
0000297d  __fixsfsi                            
00002851  __floatsisf                          
00002c71  __floatunsidf                        
00002bb1  __floatunsisf                        
00001f95  __gedf2                              
0000288d  __gesf2                              
00001f95  __gtdf2                              
0000288d  __gtsf2                              
00002079  __ledf2                              
00002905  __lesf2                              
00002079  __ltdf2                              
00002905  __ltsf2                              
UNDEFED   __mpu_init                           
00002c95  __muldi3                             
00002941  __muldsi3                            
00001d29  __mulsf3                             
00002079  __nedf2                              
00002905  __nesf2                              
20207e00  __stack                              
20200000  __start___llvm_prf_bits              
20200000  __start___llvm_prf_cnts              
20200000  __stop___llvm_prf_bits               
20200000  __stop___llvm_prf_cnts               
000017cd  __subsf3                             
00001acd  __udivmoddi4                         
00002bd9  _c_int00_noargs                      
UNDEFED   _system_post_cinit                   
000032c3  _system_pre_init                     
000032b1  abort                                
0000461c  asc2_1206                            
0000402c  asc2_1608                            
000032d0  asc2_2412                            
00002799  atoi                                 
ffffffff  binit                                
20200608  btn1_active                          
20200609  btn2_active                          
2020060a  btn3_active                          
2020060b  btn4_active                          
202005b9  bujin_x                              
00002e91  delay_ms                             
000018a5  dianji1_pulse                        
00000d79  dianji_rotate_to                     
00001c09  dianji_set_origin                    
202005bc  dir_x                                
20200480  gDCC_PWMBackup                       
2020053c  gK230Backup                          
00002a55  get_key_state                        
00000000  interruptVectors                     
00001a25  key6_init                            
00000929  main                                 
00002cb9  memccpy                              
202005f8  motor_angle                          
202005fc  motor_pulse                          
202005f2  motor_target                         
202005ba  pulse_x                              
000029b5  sprintf                              
0000321d  wcslen                               


GLOBAL SYMBOLS: SORTED BY Symbol Address 

address   name                                 
-------   ----                                 
00000000  __TI_ATRegion0_region_sz             
00000000  __TI_ATRegion0_src_addr              
00000000  __TI_ATRegion0_trg_addr              
00000000  __TI_ATRegion1_region_sz             
00000000  __TI_ATRegion1_src_addr              
00000000  __TI_ATRegion1_trg_addr              
00000000  __TI_ATRegion2_region_sz             
00000000  __TI_ATRegion2_src_addr              
00000000  __TI_ATRegion2_trg_addr              
00000000  __TI_static_base__                   
00000000  interruptVectors                     
000000c1  __TI_printfi_nofloat                 
00000200  __STACK_SIZE                         
00000929  main                                 
00000d79  dianji_rotate_to                     
00000f3d  TIMA0_IRQHandler                     
000010c1  OLED_ShowChar                        
00001219  DL_Timer_initFourCCPWMMode           
0000131d  PID_Inc_Calc                         
0000141d  OLED_Init                            
00001515  SYSCFG_DL_GPIO_init                  
00001609  SYSCFG_DL_SYSCTL_SYSPLL_init         
000016f1  DL_SYSCTL_configSYSPLL               
000017cd  __aeabi_fsub                         
000017cd  __subsf3                             
000017d7  __addsf3                             
000017d7  __aeabi_fadd                         
000018a5  dianji1_pulse                        
00001979  UART3_IRQHandler                     
00001a25  key6_init                            
00001acd  __udivmoddi4                         
00001b6f  OLED_ShowString                      
00001c07  __aeabi_idiv0                        
00001c09  dianji_set_origin                    
00001c9d  SYSCFG_DL_initPower                  
00001d29  __aeabi_fmul                         
00001d29  __mulsf3                             
00001db5  OLED_Refresh                         
00001e31  __TI_decompress_lzss                 
00001ead  OLED_WR_Byte                         
00001f21  SYSCFG_DL_SYSCTL_init                
00001f95  __gedf2                              
00001f95  __gtdf2                              
00002009  SYSCFG_DL_DCC_PWM_init               
00002079  __cmpdf2                             
00002079  __eqdf2                              
00002079  __ledf2                              
00002079  __ltdf2                              
00002079  __nedf2                              
000020e1  DL_SYSCTL_setHFCLKSourceHFXTParams   
00002145  OLED_ClearPoint                      
000021a9  __aeabi_dcmpeq                       
000021bd  __aeabi_dcmplt                       
000021d1  __aeabi_dcmple                       
000021e5  __aeabi_dcmpge                       
000021f9  __aeabi_dcmpgt                       
0000220b  __aeabi_ldiv0                        
0000220d  __aeabi_fcmpeq                       
00002221  __aeabi_fcmplt                       
00002235  __aeabi_fcmple                       
00002249  __aeabi_fcmpge                       
0000225d  __aeabi_fcmpgt                       
00002271  OLED_Clear                           
000022d1  SYSCFG_DL_OLED_init                  
00002331  DL_I2C_fillControllerTXFIFO          
00002391  __aeabi_idiv                         
00002391  __aeabi_idivmod                      
00002521  PID_Inc_Init                         
0000256d  DL_UART_init                         
000025b5  OLED_DisplayTurn                     
000025fd  OLED_DrawPoint                       
00002645  SYSCFG_DL_K230_init                  
0000268d  SYSCFG_DL_PRINT_init                 
000026d5  DL_SYSCTL_switchMCLKfromSYSOSCtoHSCLK
00002719  SYSCFG_DL_DCC101_v1_2_init           
00002759  __aeabi_uidiv                        
00002759  __aeabi_uidivmod                     
00002799  atoi                                 
00002815  SYSCFG_DL_init                       
00002851  __aeabi_i2f                          
00002851  __floatsisf                          
0000288d  __gesf2                              
0000288d  __gtsf2                              
000028c9  __TI_auto_init_nobinit_nopinit       
00002905  __cmpsf2                             
00002905  __eqsf2                              
00002905  __lesf2                              
00002905  __ltsf2                              
00002905  __nesf2                              
00002941  __muldsi3                            
0000297d  __aeabi_f2iz                         
0000297d  __fixsfsi                            
000029b5  sprintf                              
000029ed  OLED_ColorTurn                       
00002a21  UART_send_buffer                     
00002a55  get_key_state                        
00002a89  DL_UART_transmitDataBlocking         
00002bb1  __aeabi_ui2f                         
00002bb1  __floatunsisf                        
00002bd9  _c_int00_noargs                      
00002c27  DL_I2C_setClockConfig                
00002c71  __aeabi_ui2d                         
00002c71  __floatunsidf                        
00002c95  __aeabi_lmul                         
00002c95  __muldi3                             
00002cb9  memccpy                              
00002d3d  __aeabi_llsl                         
00002d3d  __ashldi3                            
00002d95  DL_SYSCTL_configFCC                  
00002e21  DL_Timer_setCaptCompUpdateMethod     
00002e3d  DL_Timer_setClockConfig              
00002e75  UART_send_char                       
00002e91  delay_ms                             
00002ffd  DL_Timer_setCaptureCompareOutCtl     
0000316d  __aeabi_uldivmod                     
000031a5  DL_UART_setClockConfig               
000031b7  TI_memcpy_small                      
000031c9  __TI_decompress_none                 
0000320d  DL_Timer_setCaptureCompareValue      
0000321d  wcslen                               
0000322d  __TI_zero_init                       
0000323d  __aeabi_memset                       
0000323d  __aeabi_memset4                      
0000323d  __aeabi_memset8                      
00003259  TI_memset_small                      
00003281  __aeabi_memclr                       
00003281  __aeabi_memclr4                      
00003281  __aeabi_memclr8                      
0000328d  DL_Common_delayCycles                
000032a1  __aeabi_errno_addr                   
000032a9  __aeabi_memcpy                       
000032a9  __aeabi_memcpy4                      
000032a9  __aeabi_memcpy8                      
000032b1  abort                                
000032b7  ADC0_IRQHandler                      
000032b7  ADC1_IRQHandler                      
000032b7  AES_IRQHandler                       
000032b7  CANFD0_IRQHandler                    
000032b7  DAC0_IRQHandler                      
000032b7  DMA_IRQHandler                       
000032b7  Default_Handler                      
000032b7  GROUP0_IRQHandler                    
000032b7  GROUP1_IRQHandler                    
000032b7  HardFault_Handler                    
000032b7  I2C0_IRQHandler                      
000032b7  I2C1_IRQHandler                      
000032b7  NMI_Handler                          
000032b7  PendSV_Handler                       
000032b7  RTC_IRQHandler                       
000032b7  SPI0_IRQHandler                      
000032b7  SPI1_IRQHandler                      
000032b7  SVC_Handler                          
000032b7  SysTick_Handler                      
000032b7  TIMA1_IRQHandler                     
000032b7  TIMG0_IRQHandler                     
000032b7  TIMG12_IRQHandler                    
000032b7  TIMG6_IRQHandler                     
000032b7  TIMG7_IRQHandler                     
000032b7  TIMG8_IRQHandler                     
000032b7  UART0_IRQHandler                     
000032b7  UART1_IRQHandler                     
000032b7  UART2_IRQHandler                     
000032ba  C$$EXIT                              
000032bb  HOSTexit                             
000032bf  Reset_Handler                        
000032c3  _system_pre_init                     
000032d0  asc2_2412                            
0000402c  asc2_1608                            
0000461c  asc2_1206                            
00004a90  __aeabi_ctype_table_                 
00004a90  __aeabi_ctype_table_C                
00004cb0  __TI_Handler_Table_Base              
00004cbc  __TI_Handler_Table_Limit             
00004ccc  __TI_CINIT_Base                      
00004cdc  __TI_CINIT_Limit                     
00004cdc  __TI_CINIT_Warm                      
20200000  OLED_GRAM                            
20200000  __start___llvm_prf_bits              
20200000  __start___llvm_prf_cnts              
20200000  __stop___llvm_prf_bits               
20200000  __stop___llvm_prf_cnts               
20200480  gDCC_PWMBackup                       
2020053c  gK230Backup                          
202005b9  bujin_x                              
202005ba  pulse_x                              
202005bc  dir_x                                
202005c0  DCC_v1_2                             
202005f2  motor_target                         
202005f4  __aeabi_errno                        
202005f8  motor_angle                          
202005fc  motor_pulse                          
20200608  btn1_active                          
20200609  btn2_active                          
2020060a  btn3_active                          
2020060b  btn4_active                          
20207e00  __stack                              
20208000  __STACK_END                          
ffffffff  __TI_pprof_out_hndl                  
ffffffff  __TI_prof_data_size                  
ffffffff  __TI_prof_data_start                 
ffffffff  __binit__                            
ffffffff  binit                                
UNDEFED   __mpu_init                           
UNDEFED   _system_post_cinit                   

[204 symbols]
