******************************************************************************
            TI ARM Clang Linker PC v4.0.4                      
******************************************************************************
>> Linked Wed Jul 29 21:00:03 2026

OUTPUT FILE NAME:   <DCC_101_v1.out>
ENTRY POINT SYMBOL: "_c_int00_noargs"  address: 00001a11


MEMORY CONFIGURATION

         name            origin    length      used     unused   attr    fill
----------------------  --------  ---------  --------  --------  ----  --------
  FLASH                 00000000   00020000  000020c0  0001df40  R  X
  SRAM                  20200000   00008000  000007d6  0000782a  RW X
  BCR_CONFIG            41c00000   000000ff  00000000  000000ff  R   
  BSL_CONFIG            41c00100   00000080  00000000  00000080  R   


SEGMENT ALLOCATION MAP

run origin  load origin   length   init length attrs members
----------  ----------- ---------- ----------- ----- -------
00000000    00000000    000020c0   000020c0    r-x
  00000000    00000000    000000c0   000000c0    r-- .intvecs
  000000c0    000000c0    00001f70   00001f70    r-x .text
  00002030    00002030    00000060   00000060    r-- .rodata
  00002090    00002090    00000030   00000030    r-- .cinit
20200000    20200000    000005d6   00000000    rw-
  20200000    20200000    0000059d   00000000    rw- .bss
  2020059d    2020059d    00000039   00000000    rw- .data
20207e00    20207e00    00000200   00000000    rw-
  20207e00    20207e00    00000200   00000000    rw- .stack


SECTION ALLOCATION MAP

 output                                  attributes/
section   page    origin      length       input sections
--------  ----  ----------  ----------   ----------------
.intvecs   0    00000000    000000c0     
                  00000000    000000c0     startup_mspm0g350x_ticlang.o (.intvecs)

.text      0    000000c0    00001f70     
                  000000c0    00000128     main.o (.text.main)
                  000001e8    00000104     driverlib.a : dl_timer.o (.text.DL_Timer_initFourCCPWMMode)
                  000002ec    00000100     bihuan_pid.o (.text.PID_Inc_Calc)
                  000003ec    000000f8     oled.o (.text.OLED_Init)
                  000004e4    000000f4     ti_msp_dl_config.o (.text.SYSCFG_DL_GPIO_init)
                  000005d8    000000e8     ti_msp_dl_config.o (.text.SYSCFG_DL_SYSCTL_SYSPLL_init)
                  000006c0    000000e4     bujin.o (.text.dianji_roll)
                  000007a4    000000dc     driverlib.a : dl_sysctl_mspm0g1x0x_g3x0x.o (.text.DL_SYSCTL_configSYSPLL)
                  00000880    000000d8     libclang_rt.builtins.a : addsf3.S.obj (.text)
                  00000958    000000d4     bujin.o (.text.dianji1_pulse)
                  00000a2c    000000d0     bujin.o (.text.TIMA0_IRQHandler)
                  00000afc    000000ac     uart.o (.text.UART3_IRQHandler)
                  00000ba8    000000a8     key.o (.text.key6_init)
                  00000c50    0000008c     ti_msp_dl_config.o (.text.SYSCFG_DL_initPower)
                  00000cdc    0000008c     libclang_rt.builtins.a : mulsf3.S.obj (.text.__mulsf3)
                  00000d68    0000007c     oled.o (.text.OLED_Refresh)
                  00000de4    0000007c     libc.a : copy_decompress_lzss.c.obj (.text:decompress:lzss)
                  00000e60    00000074     oled.o (.text.OLED_WR_Byte)
                  00000ed4    00000074     ti_msp_dl_config.o (.text.SYSCFG_DL_SYSCTL_init)
                  00000f48    00000074     libclang_rt.builtins.a : comparedf2.c.obj (.text.__gedf2)
                  00000fbc    00000070     ti_msp_dl_config.o (.text.SYSCFG_DL_DCC_PWM_init)
                  0000102c    00000068     libclang_rt.builtins.a : comparedf2.c.obj (.text.__ledf2)
                  00001094    00000064     driverlib.a : dl_sysctl_mspm0g1x0x_g3x0x.o (.text.DL_SYSCTL_setHFCLKSourceHFXTParams)
                  000010f8    00000062     libclang_rt.builtins.a : aeabi_dcmp.S.obj (.text.__aeabi_dcmp)
                  0000115a    00000002                            : aeabi_div0.c.obj (.text.__aeabi_idiv0)
                  0000115c    00000062                            : aeabi_fcmp.S.obj (.text.__aeabi_fcmp)
                  000011be    00000002     --HOLE-- [fill = 0]
                  000011c0    00000060     oled.o (.text.OLED_Clear)
                  00001220    00000060     ti_msp_dl_config.o (.text.SYSCFG_DL_OLED_init)
                  00001280    0000005e     driverlib.a : dl_i2c.o (.text.DL_I2C_fillControllerTXFIFO)
                  000012de    00000002     --HOLE-- [fill = 0]
                  000012e0    00000050     ti_msp_dl_config.o (.text.DL_GPIO_initPeripheralInputFunctionFeatures)
                  00001330    00000050     oled.o (.text.DL_I2C_startControllerTransfer)
                  00001380    0000004c     ti_msp_dl_config.o (.text.DL_GPIO_initDigitalInputFeatures)
                  000013cc    0000004c     ti_msp_dl_config.o (.text.DL_UART_setBaudRateDivisor)
                  00001418    0000004c     bihuan_pid.o (.text.PID_Inc_Init)
                  00001464    00000048     driverlib.a : dl_uart.o (.text.DL_UART_init)
                  000014ac    00000048     oled.o (.text.OLED_DisplayTurn)
                  000014f4    00000048     ti_msp_dl_config.o (.text.SYSCFG_DL_K230_init)
                  0000153c    00000048     ti_msp_dl_config.o (.text.SYSCFG_DL_PRINT_init)
                  00001584    00000044     driverlib.a : dl_sysctl_mspm0g1x0x_g3x0x.o (.text.DL_SYSCTL_switchMCLKfromSYSOSCtoHSCLK)
                  000015c8    00000040     ti_msp_dl_config.o (.text.SYSCFG_DL_DCC101_v1_2_init)
                  00001608    00000040     libclang_rt.builtins.a : aeabi_uidivmod.S.obj (.text.__aeabi_uidivmod)
                  00001648    0000003c     ti_msp_dl_config.o (.text.DL_Timer_setCounterControl)
                  00001684    0000003c     ti_msp_dl_config.o (.text.SYSCFG_DL_init)
                  000016c0    0000003c     libclang_rt.builtins.a : floatsisf.S.obj (.text.__floatsisf)
                  000016fc    0000003c                            : comparesf2.S.obj (.text.__gtsf2)
                  00001738    0000003c     libc.a : autoinit.c.obj (.text:__TI_auto_init_nobinit_nopinit)
                  00001774    0000003a     libclang_rt.builtins.a : comparesf2.S.obj (.text.__eqsf2)
                  000017ae    00000002     --HOLE-- [fill = 0]
                  000017b0    0000003a                            : muldsi3.S.obj (.text.__muldsi3)
                  000017ea    00000002     --HOLE-- [fill = 0]
                  000017ec    00000038                            : fixsfsi.S.obj (.text.__fixsfsi)
                  00001824    00000034     oled.o (.text.OLED_ColorTurn)
                  00001858    00000034     uart.o (.text.UART_send_buffer)
                  0000188c    00000034     key.o (.text.get_key_state)
                  000018c0    00000030     driverlib.a : dl_uart.o (.text.DL_UART_transmitDataBlocking)
                  000018f0    0000002c     key.o (.text.__NVIC_EnableIRQ)
                  0000191c    0000002c     main.o (.text.__NVIC_EnableIRQ)
                  00001948    00000028     oled.o (.text.DL_Common_updateReg)
                  00001970    00000028     ti_msp_dl_config.o (.text.DL_Common_updateReg)
                  00001998    00000028     ti_msp_dl_config.o (.text.DL_I2C_setControllerRXFIFOThreshold)
                  000019c0    00000028     ti_msp_dl_config.o (.text.DL_I2C_setControllerTXFIFOThreshold)
                  000019e8    00000028     libclang_rt.builtins.a : floatunsisf.S.obj (.text.__floatunsisf)
                  00001a10    00000028     libc.a : boot_cortex_m.c.obj (.text:_c_int00_noargs)
                  00001a38    00000026     ti_msp_dl_config.o (.text.DL_I2C_setAnalogGlitchFilterPulseWidth)
                  00001a5e    00000026     driverlib.a : dl_i2c.o (.text.DL_I2C_setClockConfig)
                  00001a84    00000024     ti_msp_dl_config.o (.text.DL_I2C_setDigitalGlitchFilterPulseWidth)
                  00001aa8    00000024     libclang_rt.builtins.a : floatunsidf.S.obj (.text.__floatunsidf)
                  00001acc    00000020     ti_msp_dl_config.o (.text.DL_GPIO_initPeripheralInputFunction)
                  00001aec    00000020     ti_msp_dl_config.o (.text.DL_SYSCTL_setFlashWaitState)
                  00001b0c    0000001e     ti_msp_dl_config.o (.text.DL_UART_setOversampling)
                  00001b2a    00000002     --HOLE-- [fill = 0]
                  00001b2c    0000001c     ti_msp_dl_config.o (.text.DL_GPIO_enableHiZ)
                  00001b48    0000001c     ti_msp_dl_config.o (.text.DL_GPIO_initPeripheralOutputFunction)
                  00001b64    0000001c     driverlib.a : dl_sysctl_mspm0g1x0x_g3x0x.o (.text.DL_SYSCTL_configFCC)
                  00001b80    0000001c     ti_msp_dl_config.o (.text.DL_SYSCTL_setFCCPeriods)
                  00001b9c    0000001c     ti_msp_dl_config.o (.text.DL_SYSCTL_setSYSOSCFreq)
                  00001bb8    0000001c     ti_msp_dl_config.o (.text.DL_SYSCTL_setULPCLKDivider)
                  00001bd4    0000001c     ti_msp_dl_config.o (.text.DL_Timer_enableInterrupt)
                  00001bf0    0000001c     driverlib.a : dl_timer.o (.text.DL_Timer_setCaptCompUpdateMethod)
                  00001c0c    0000001c                 : dl_timer.o (.text.DL_Timer_setClockConfig)
                  00001c28    0000001c     ti_msp_dl_config.o (.text.DL_UART_enableInterrupt)
                  00001c44    0000001c     uart.o (.text.UART_send_char)
                  00001c60    0000001c     delay.o (.text.delay_ms)
                  00001c7c    00000018     ti_msp_dl_config.o (.text.DL_GPIO_enableOutput)
                  00001c94    00000018     ti_msp_dl_config.o (.text.DL_GPIO_enablePower)
                  00001cac    00000018     ti_msp_dl_config.o (.text.DL_GPIO_initDigitalOutput)
                  00001cc4    00000018     ti_msp_dl_config.o (.text.DL_GPIO_initPeripheralAnalogFunction)
                  00001cdc    00000018     ti_msp_dl_config.o (.text.DL_GPIO_reset)
                  00001cf4    00000018     ti_msp_dl_config.o (.text.DL_I2C_enableAnalogGlitchFilter)
                  00001d0c    00000018     ti_msp_dl_config.o (.text.DL_I2C_enableController)
                  00001d24    00000018     ti_msp_dl_config.o (.text.DL_I2C_enableControllerClockStretching)
                  00001d3c    00000018     ti_msp_dl_config.o (.text.DL_I2C_enablePower)
                  00001d54    00000018     ti_msp_dl_config.o (.text.DL_I2C_reset)
                  00001d6c    00000018     ti_msp_dl_config.o (.text.DL_I2C_setTimerPeriod)
                  00001d84    00000018     ti_msp_dl_config.o (.text.DL_SYSCTL_setBORThreshold)
                  00001d9c    00000018     ti_msp_dl_config.o (.text.DL_Timer_enablePower)
                  00001db4    00000018     ti_msp_dl_config.o (.text.DL_Timer_reset)
                  00001dcc    00000018     driverlib.a : dl_timer.o (.text.DL_Timer_setCaptureCompareOutCtl)
                  00001de4    00000018     key.o (.text.DL_Timer_setLoadValue)
                  00001dfc    00000018     key.o (.text.DL_Timer_startCounter)
                  00001e14    00000018     ti_msp_dl_config.o (.text.DL_UART_enablePower)
                  00001e2c    00000018     ti_msp_dl_config.o (.text.DL_UART_reset)
                  00001e44    00000016     key.o (.text.DL_GPIO_readPins)
                  00001e5a    00000016     ti_msp_dl_config.o (.text.DL_UART_enable)
                  00001e70    00000014     key.o (.text.DL_GPIO_clearPins)
                  00001e84    00000014     ti_msp_dl_config.o (.text.DL_GPIO_clearPins)
                  00001e98    00000014     oled.o (.text.DL_I2C_getControllerStatus)
                  00001eac    00000014     ti_msp_dl_config.o (.text.DL_I2C_resetControllerTransfer)
                  00001ec0    00000014     ti_msp_dl_config.o (.text.DL_SYSCTL_disableSYSPLL)
                  00001ed4    00000014     ti_msp_dl_config.o (.text.DL_SYSCTL_enableSYSPLL)
                  00001ee8    00000014     ti_msp_dl_config.o (.text.DL_Timer_enableClock)
                  00001efc    00000014     ti_msp_dl_config.o (.text.DL_Timer_setCCPDirection)
                  00001f10    00000014     uart.o (.text.DL_UART_receiveData)
                  00001f24    00000012     bujin.o (.text.DL_Timer_getPendingInterrupt)
                  00001f36    00000012     uart.o (.text.DL_UART_getPendingInterrupt)
                  00001f48    00000012     driverlib.a : dl_uart.o (.text.DL_UART_setClockConfig)
                  00001f5a    00000012     libc.a : memcpy16.S.obj (.text:TI_memcpy_small)
                  00001f6c    00000012            : copy_decompress_none.c.obj (.text:decompress:none)
                  00001f7e    00000002     --HOLE-- [fill = 0]
                  00001f80    00000010     ti_msp_dl_config.o (.text.DL_SYSCTL_disableHFXT)
                  00001f90    00000010     ti_msp_dl_config.o (.text.DL_SYSCTL_isFCCDone)
                  00001fa0    00000010     ti_msp_dl_config.o (.text.DL_SYSCTL_startFCC)
                  00001fb0    00000010     driverlib.a : dl_timer.o (.text.DL_Timer_setCaptureCompareValue)
                  00001fc0    00000010     libc.a : copy_zero_init.c.obj (.text:decompress:ZI)
                  00001fd0    0000000e            : memset16.S.obj (.text:TI_memset_small)
                  00001fde    00000002     --HOLE-- [fill = 0]
                  00001fe0    0000000c     ti_msp_dl_config.o (.text.DL_SYSCTL_getClockStatus)
                  00001fec    0000000c     ti_msp_dl_config.o (.text.DL_SYSCTL_readFCC)
                  00001ff8    0000000c     libclang_rt.builtins.a : aeabi_memset.S.obj (.text.__aeabi_memclr)
                  00002004    0000000a     driverlib.a : dl_common.o (.text.DL_Common_delayCycles)
                  0000200e    00000002     --HOLE-- [fill = 0]
                  00002010    00000008     libclang_rt.builtins.a : aeabi_memcpy.S.obj (.text.__aeabi_memcpy)
                  00002018    00000006     libc.a : exit.c.obj (.text:abort)
                  0000201e    00000004     startup_mspm0g350x_ticlang.o (.text.Default_Handler)
                  00002022    00000004     libsysbm.a : hostexit.c.obj (.text.HOSTexit)
                  00002026    00000004     startup_mspm0g350x_ticlang.o (.text.Reset_Handler)
                  0000202a    00000004     libc.a : pre_init.c.obj (.text._system_pre_init)
                  0000202e    00000002     --HOLE-- [fill = 0]

.cinit     0    00002090    00000030     
                  00002090    0000000c     (__TI_handler_table)
                  0000209c    00000008     (.cinit..bss.load) [load image, compression = zero_init]
                  000020a4    00000008     (.cinit..data.load) [load image, compression = lzss]
                  000020ac    00000010     (__TI_cinit_table)
                  000020bc    00000004     --HOLE-- [fill = 0]

.rodata    0    00002030    00000060     
                  00002030    00000028     ti_msp_dl_config.o (.rodata.gSYSPLLConfig)
                  00002058    0000000a     ti_msp_dl_config.o (.rodata.gDCC101_v1_2Config)
                  00002062    0000000a     ti_msp_dl_config.o (.rodata.gK230Config)
                  0000206c    0000000a     ti_msp_dl_config.o (.rodata.gPRINTConfig)
                  00002076    00000002     ti_msp_dl_config.o (.rodata.gDCC101_v1_2ClockConfig)
                  00002078    00000008     ti_msp_dl_config.o (.rodata.gDCC_PWMConfig)
                  00002080    00000003     ti_msp_dl_config.o (.rodata.gDCC_PWMClockConfig)
                  00002083    00000002     ti_msp_dl_config.o (.rodata.gK230ClockConfig)
                  00002085    00000002     ti_msp_dl_config.o (.rodata.gOLEDClockConfig)
                  00002087    00000002     ti_msp_dl_config.o (.rodata.gPRINTClockConfig)
                  00002089    00000007     --HOLE-- [fill = 0]

.init_array 
*          0    00000000    00000000     UNINITIALIZED

.binit     0    00000000    00000000     

.bss       0    20200000    0000059d     UNINITIALIZED
                  20200000    00000480     (.common:OLED_GRAM)
                  20200480    000000bc     (.common:gDCC_PWMBackup)
                  2020053c    00000030     (.common:gK230Backup)
                  2020056c    00000028     main.o (.bss.pid_x)
                  20200594    00000005     uart.o (.bss.rx_buf)
                  20200599    00000001     (.common:bujin_x)
                  2020059a    00000002     (.common:pulse_x)
                  2020059c    00000001     (.common:dir_x)

.data      0    2020059d    00000039     UNINITIALIZED
                  2020059d    00000032     main.o (.data.DCC_v1_2)
                  202005cf    00000001     bujin.o (.data.TIMA0_IRQHandler.btn3_cnt)
                  202005d0    00000001     bujin.o (.data.TIMA0_IRQHandler.btn3_stable)
                  202005d1    00000001     bujin.o (.data.TIMA0_IRQHandler.btn_cnt)
                  202005d2    00000001     bujin.o (.data.TIMA0_IRQHandler.btn_stable)
                  202005d3    00000001     bujin.o (.data.motor1_forward_active)
                  202005d4    00000001     bujin.o (.data.motor1_reverse_active)
                  202005d5    00000001     uart.o (.data.rx_idx)

.stack     0    20207e00    00000200     UNINITIALIZED
                  20207e00    00000004     libc.a : boot_cortex_m.c.obj (.stack)
                  20207e04    000001fc     --HOLE--

__llvm_prf_cnts 
*          0    20200000    00000000     UNINITIALIZED

__llvm_prf_bits 
*          0    20200000    00000000     UNINITIALIZED

MODULE SUMMARY

       Module                         code   ro data   rw data
       ------                         ----   -------   -------
    .\
       ti_msp_dl_config.o             2582   89        236    
       oled.o                         848    0         1152   
       bujin.o                        666    0         6      
       main.o                         340    0         94     
       key.o                          354    0         0      
       bihuan_pid.o                   332    0         0      
       uart.o                         290    0         6      
       startup_mspm0g350x_ticlang.o   8      192       0      
       delay.o                        28     0         0      
    +--+------------------------------+------+---------+---------+
       Total:                         5448   281       1494   
                                                              
    C:/ti/mspm0_sdk_2_10_00_04/source/ti/driverlib/lib/ticlang/m0p/mspm0g1x0x_g3x0x/driverlib.a
       dl_sysctl_mspm0g1x0x_g3x0x.o   416    0         0      
       dl_timer.o                     356    0         0      
       dl_uart.o                      138    0         0      
       dl_i2c.o                       132    0         0      
       dl_common.o                    10     0         0      
    +--+------------------------------+------+---------+---------+
       Total:                         1052   0         0      
                                                              
    C:\ti\ccs2050\ccs\tools\compiler\ti-cgt-armllvm_4.0.4.LTS\lib\armv6m-ti-none-eabi/c/libc.a
       copy_decompress_lzss.c.obj     124    0         0      
       autoinit.c.obj                 60     0         0      
       boot_cortex_m.c.obj            40     0         0      
       copy_decompress_none.c.obj     18     0         0      
       memcpy16.S.obj                 18     0         0      
       copy_zero_init.c.obj           16     0         0      
       memset16.S.obj                 14     0         0      
       exit.c.obj                     6      0         0      
       pre_init.c.obj                 4      0         0      
    +--+------------------------------+------+---------+---------+
       Total:                         300    0         0      
                                                              
    C:\ti\ccs2050\ccs\tools\compiler\ti-cgt-armllvm_4.0.4.LTS\lib\armv6m-ti-none-eabi/c/libsysbm.a
       hostexit.c.obj                 4      0         0      
    +--+------------------------------+------+---------+---------+
       Total:                         4      0         0      
                                                              
    C:\ti\ccs2050\ccs\tools\compiler\ti-cgt-armllvm_4.0.4.LTS\lib\armv6m-ti-none-eabi/libclang_rt.builtins.a
       comparedf2.c.obj               220    0         0      
       addsf3.S.obj                   216    0         0      
       mulsf3.S.obj                   140    0         0      
       comparesf2.S.obj               118    0         0      
       aeabi_dcmp.S.obj               98     0         0      
       aeabi_fcmp.S.obj               98     0         0      
       aeabi_uidivmod.S.obj           64     0         0      
       floatsisf.S.obj                60     0         0      
       muldsi3.S.obj                  58     0         0      
       fixsfsi.S.obj                  56     0         0      
       floatunsisf.S.obj              40     0         0      
       floatunsidf.S.obj              36     0         0      
       aeabi_memset.S.obj             12     0         0      
       aeabi_memcpy.S.obj             8      0         0      
       aeabi_div0.c.obj               2      0         0      
    +--+------------------------------+------+---------+---------+
       Total:                         1226   0         0      
                                                              
       Stack:                         0      0         512    
       Linker Generated:              0      44        0      
    +--+------------------------------+------+---------+---------+
       Grand Total:                   8030   325       2006   


LINKER GENERATED COPY TABLES

__TI_cinit_table @ 000020ac records: 2, size/record: 8, table size: 16
	.bss: load addr=0000209c, load size=00000008 bytes, run addr=20200000, run size=0000059d bytes, compression=zero_init
	.data: load addr=000020a4, load size=00000008 bytes, run addr=2020059d, run size=00000039 bytes, compression=lzss


LINKER GENERATED HANDLER TABLE

__TI_handler_table @ 00002090 records: 3, size/record: 4, table size: 12
	index: 0, handler: __TI_decompress_lzss
	index: 1, handler: __TI_decompress_none
	index: 2, handler: __TI_zero_init


GLOBAL SYMBOLS: SORTED ALPHABETICALLY BY Name 

address   name                                 
-------   ----                                 
0000201f  ADC0_IRQHandler                      
0000201f  ADC1_IRQHandler                      
0000201f  AES_IRQHandler                       
00002022  C$$EXIT                              
0000201f  CANFD0_IRQHandler                    
0000201f  DAC0_IRQHandler                      
2020059d  DCC_v1_2                             
00002005  DL_Common_delayCycles                
00001281  DL_I2C_fillControllerTXFIFO          
00001a5f  DL_I2C_setClockConfig                
00001b65  DL_SYSCTL_configFCC                  
000007a5  DL_SYSCTL_configSYSPLL               
00001095  DL_SYSCTL_setHFCLKSourceHFXTParams   
00001585  DL_SYSCTL_switchMCLKfromSYSOSCtoHSCLK
000001e9  DL_Timer_initFourCCPWMMode           
00001bf1  DL_Timer_setCaptCompUpdateMethod     
00001dcd  DL_Timer_setCaptureCompareOutCtl     
00001fb1  DL_Timer_setCaptureCompareValue      
00001c0d  DL_Timer_setClockConfig              
00001465  DL_UART_init                         
00001f49  DL_UART_setClockConfig               
000018c1  DL_UART_transmitDataBlocking         
0000201f  DMA_IRQHandler                       
0000201f  Default_Handler                      
0000201f  GROUP0_IRQHandler                    
0000201f  GROUP1_IRQHandler                    
00002023  HOSTexit                             
0000201f  HardFault_Handler                    
0000201f  I2C0_IRQHandler                      
0000201f  I2C1_IRQHandler                      
0000201f  NMI_Handler                          
000011c1  OLED_Clear                           
00001825  OLED_ColorTurn                       
000014ad  OLED_DisplayTurn                     
20200000  OLED_GRAM                            
000003ed  OLED_Init                            
00000d69  OLED_Refresh                         
00000e61  OLED_WR_Byte                         
000002ed  PID_Inc_Calc                         
00001419  PID_Inc_Init                         
0000201f  PendSV_Handler                       
0000201f  RTC_IRQHandler                       
00002027  Reset_Handler                        
0000201f  SPI0_IRQHandler                      
0000201f  SPI1_IRQHandler                      
0000201f  SVC_Handler                          
000015c9  SYSCFG_DL_DCC101_v1_2_init           
00000fbd  SYSCFG_DL_DCC_PWM_init               
000004e5  SYSCFG_DL_GPIO_init                  
000014f5  SYSCFG_DL_K230_init                  
00001221  SYSCFG_DL_OLED_init                  
0000153d  SYSCFG_DL_PRINT_init                 
000005d9  SYSCFG_DL_SYSCTL_SYSPLL_init         
00000ed5  SYSCFG_DL_SYSCTL_init                
00001685  SYSCFG_DL_init                       
00000c51  SYSCFG_DL_initPower                  
0000201f  SysTick_Handler                      
00000a2d  TIMA0_IRQHandler                     
0000201f  TIMA1_IRQHandler                     
0000201f  TIMG0_IRQHandler                     
0000201f  TIMG12_IRQHandler                    
0000201f  TIMG6_IRQHandler                     
0000201f  TIMG7_IRQHandler                     
0000201f  TIMG8_IRQHandler                     
00001f5b  TI_memcpy_small                      
00001fd1  TI_memset_small                      
0000201f  UART0_IRQHandler                     
0000201f  UART1_IRQHandler                     
0000201f  UART2_IRQHandler                     
00000afd  UART3_IRQHandler                     
00001859  UART_send_buffer                     
00001c45  UART_send_char                       
20208000  __STACK_END                          
00000200  __STACK_SIZE                         
00000000  __TI_ATRegion0_region_sz             
00000000  __TI_ATRegion0_src_addr              
00000000  __TI_ATRegion0_trg_addr              
00000000  __TI_ATRegion1_region_sz             
00000000  __TI_ATRegion1_src_addr              
00000000  __TI_ATRegion1_trg_addr              
00000000  __TI_ATRegion2_region_sz             
00000000  __TI_ATRegion2_src_addr              
00000000  __TI_ATRegion2_trg_addr              
000020ac  __TI_CINIT_Base                      
000020bc  __TI_CINIT_Limit                     
000020bc  __TI_CINIT_Warm                      
00002090  __TI_Handler_Table_Base              
0000209c  __TI_Handler_Table_Limit             
00001739  __TI_auto_init_nobinit_nopinit       
00000de5  __TI_decompress_lzss                 
00001f6d  __TI_decompress_none                 
ffffffff  __TI_pprof_out_hndl                  
ffffffff  __TI_prof_data_size                  
ffffffff  __TI_prof_data_start                 
00000000  __TI_static_base__                   
00001fc1  __TI_zero_init                       
0000088b  __addsf3                             
000010f9  __aeabi_dcmpeq                       
00001135  __aeabi_dcmpge                       
00001149  __aeabi_dcmpgt                       
00001121  __aeabi_dcmple                       
0000110d  __aeabi_dcmplt                       
000017ed  __aeabi_f2iz                         
0000088b  __aeabi_fadd                         
0000115d  __aeabi_fcmpeq                       
00001199  __aeabi_fcmpge                       
000011ad  __aeabi_fcmpgt                       
00001185  __aeabi_fcmple                       
00001171  __aeabi_fcmplt                       
00000cdd  __aeabi_fmul                         
00000881  __aeabi_fsub                         
000016c1  __aeabi_i2f                          
0000115b  __aeabi_idiv0                        
00001ff9  __aeabi_memclr                       
00001ff9  __aeabi_memclr4                      
00001ff9  __aeabi_memclr8                      
00002011  __aeabi_memcpy                       
00002011  __aeabi_memcpy4                      
00002011  __aeabi_memcpy8                      
00001aa9  __aeabi_ui2d                         
000019e9  __aeabi_ui2f                         
00001609  __aeabi_uidiv                        
00001609  __aeabi_uidivmod                     
ffffffff  __binit__                            
0000102d  __cmpdf2                             
00001775  __cmpsf2                             
0000102d  __eqdf2                              
00001775  __eqsf2                              
000017ed  __fixsfsi                            
000016c1  __floatsisf                          
00001aa9  __floatunsidf                        
000019e9  __floatunsisf                        
00000f49  __gedf2                              
000016fd  __gesf2                              
00000f49  __gtdf2                              
000016fd  __gtsf2                              
0000102d  __ledf2                              
00001775  __lesf2                              
0000102d  __ltdf2                              
00001775  __ltsf2                              
UNDEFED   __mpu_init                           
000017b1  __muldsi3                            
00000cdd  __mulsf3                             
0000102d  __nedf2                              
00001775  __nesf2                              
20207e00  __stack                              
20200000  __start___llvm_prf_bits              
20200000  __start___llvm_prf_cnts              
20200000  __stop___llvm_prf_bits               
20200000  __stop___llvm_prf_cnts               
00000881  __subsf3                             
00001a11  _c_int00_noargs                      
UNDEFED   _system_post_cinit                   
0000202b  _system_pre_init                     
00002019  abort                                
ffffffff  binit                                
20200599  bujin_x                              
00001c61  delay_ms                             
00000959  dianji1_pulse                        
000006c1  dianji_roll                          
2020059c  dir_x                                
20200480  gDCC_PWMBackup                       
2020053c  gK230Backup                          
0000188d  get_key_state                        
00000000  interruptVectors                     
00000ba9  key6_init                            
000000c1  main                                 
202005d3  motor1_forward_active                
202005d4  motor1_reverse_active                
2020059a  pulse_x                              


GLOBAL SYMBOLS: SORTED BY Symbol Address 

address   name                                 
-------   ----                                 
00000000  __TI_ATRegion0_region_sz             
00000000  __TI_ATRegion0_src_addr              
00000000  __TI_ATRegion0_trg_addr              
00000000  __TI_ATRegion1_region_sz             
00000000  __TI_ATRegion1_src_addr              
00000000  __TI_ATRegion1_trg_addr              
00000000  __TI_ATRegion2_region_sz             
00000000  __TI_ATRegion2_src_addr              
00000000  __TI_ATRegion2_trg_addr              
00000000  __TI_static_base__                   
00000000  interruptVectors                     
000000c1  main                                 
000001e9  DL_Timer_initFourCCPWMMode           
00000200  __STACK_SIZE                         
000002ed  PID_Inc_Calc                         
000003ed  OLED_Init                            
000004e5  SYSCFG_DL_GPIO_init                  
000005d9  SYSCFG_DL_SYSCTL_SYSPLL_init         
000006c1  dianji_roll                          
000007a5  DL_SYSCTL_configSYSPLL               
00000881  __aeabi_fsub                         
00000881  __subsf3                             
0000088b  __addsf3                             
0000088b  __aeabi_fadd                         
00000959  dianji1_pulse                        
00000a2d  TIMA0_IRQHandler                     
00000afd  UART3_IRQHandler                     
00000ba9  key6_init                            
00000c51  SYSCFG_DL_initPower                  
00000cdd  __aeabi_fmul                         
00000cdd  __mulsf3                             
00000d69  OLED_Refresh                         
00000de5  __TI_decompress_lzss                 
00000e61  OLED_WR_Byte                         
00000ed5  SYSCFG_DL_SYSCTL_init                
00000f49  __gedf2                              
00000f49  __gtdf2                              
00000fbd  SYSCFG_DL_DCC_PWM_init               
0000102d  __cmpdf2                             
0000102d  __eqdf2                              
0000102d  __ledf2                              
0000102d  __ltdf2                              
0000102d  __nedf2                              
00001095  DL_SYSCTL_setHFCLKSourceHFXTParams   
000010f9  __aeabi_dcmpeq                       
0000110d  __aeabi_dcmplt                       
00001121  __aeabi_dcmple                       
00001135  __aeabi_dcmpge                       
00001149  __aeabi_dcmpgt                       
0000115b  __aeabi_idiv0                        
0000115d  __aeabi_fcmpeq                       
00001171  __aeabi_fcmplt                       
00001185  __aeabi_fcmple                       
00001199  __aeabi_fcmpge                       
000011ad  __aeabi_fcmpgt                       
000011c1  OLED_Clear                           
00001221  SYSCFG_DL_OLED_init                  
00001281  DL_I2C_fillControllerTXFIFO          
00001419  PID_Inc_Init                         
00001465  DL_UART_init                         
000014ad  OLED_DisplayTurn                     
000014f5  SYSCFG_DL_K230_init                  
0000153d  SYSCFG_DL_PRINT_init                 
00001585  DL_SYSCTL_switchMCLKfromSYSOSCtoHSCLK
000015c9  SYSCFG_DL_DCC101_v1_2_init           
00001609  __aeabi_uidiv                        
00001609  __aeabi_uidivmod                     
00001685  SYSCFG_DL_init                       
000016c1  __aeabi_i2f                          
000016c1  __floatsisf                          
000016fd  __gesf2                              
000016fd  __gtsf2                              
00001739  __TI_auto_init_nobinit_nopinit       
00001775  __cmpsf2                             
00001775  __eqsf2                              
00001775  __lesf2                              
00001775  __ltsf2                              
00001775  __nesf2                              
000017b1  __muldsi3                            
000017ed  __aeabi_f2iz                         
000017ed  __fixsfsi                            
00001825  OLED_ColorTurn                       
00001859  UART_send_buffer                     
0000188d  get_key_state                        
000018c1  DL_UART_transmitDataBlocking         
000019e9  __aeabi_ui2f                         
000019e9  __floatunsisf                        
00001a11  _c_int00_noargs                      
00001a5f  DL_I2C_setClockConfig                
00001aa9  __aeabi_ui2d                         
00001aa9  __floatunsidf                        
00001b65  DL_SYSCTL_configFCC                  
00001bf1  DL_Timer_setCaptCompUpdateMethod     
00001c0d  DL_Timer_setClockConfig              
00001c45  UART_send_char                       
00001c61  delay_ms                             
00001dcd  DL_Timer_setCaptureCompareOutCtl     
00001f49  DL_UART_setClockConfig               
00001f5b  TI_memcpy_small                      
00001f6d  __TI_decompress_none                 
00001fb1  DL_Timer_setCaptureCompareValue      
00001fc1  __TI_zero_init                       
00001fd1  TI_memset_small                      
00001ff9  __aeabi_memclr                       
00001ff9  __aeabi_memclr4                      
00001ff9  __aeabi_memclr8                      
00002005  DL_Common_delayCycles                
00002011  __aeabi_memcpy                       
00002011  __aeabi_memcpy4                      
00002011  __aeabi_memcpy8                      
00002019  abort                                
0000201f  ADC0_IRQHandler                      
0000201f  ADC1_IRQHandler                      
0000201f  AES_IRQHandler                       
0000201f  CANFD0_IRQHandler                    
0000201f  DAC0_IRQHandler                      
0000201f  DMA_IRQHandler                       
0000201f  Default_Handler                      
0000201f  GROUP0_IRQHandler                    
0000201f  GROUP1_IRQHandler                    
0000201f  HardFault_Handler                    
0000201f  I2C0_IRQHandler                      
0000201f  I2C1_IRQHandler                      
0000201f  NMI_Handler                          
0000201f  PendSV_Handler                       
0000201f  RTC_IRQHandler                       
0000201f  SPI0_IRQHandler                      
0000201f  SPI1_IRQHandler                      
0000201f  SVC_Handler                          
0000201f  SysTick_Handler                      
0000201f  TIMA1_IRQHandler                     
0000201f  TIMG0_IRQHandler                     
0000201f  TIMG12_IRQHandler                    
0000201f  TIMG6_IRQHandler                     
0000201f  TIMG7_IRQHandler                     
0000201f  TIMG8_IRQHandler                     
0000201f  UART0_IRQHandler                     
0000201f  UART1_IRQHandler                     
0000201f  UART2_IRQHandler                     
00002022  C$$EXIT                              
00002023  HOSTexit                             
00002027  Reset_Handler                        
0000202b  _system_pre_init                     
00002090  __TI_Handler_Table_Base              
0000209c  __TI_Handler_Table_Limit             
000020ac  __TI_CINIT_Base                      
000020bc  __TI_CINIT_Limit                     
000020bc  __TI_CINIT_Warm                      
20200000  OLED_GRAM                            
20200000  __start___llvm_prf_bits              
20200000  __start___llvm_prf_cnts              
20200000  __stop___llvm_prf_bits               
20200000  __stop___llvm_prf_cnts               
20200480  gDCC_PWMBackup                       
2020053c  gK230Backup                          
20200599  bujin_x                              
2020059a  pulse_x                              
2020059c  dir_x                                
2020059d  DCC_v1_2                             
202005d3  motor1_forward_active                
202005d4  motor1_reverse_active                
20207e00  __stack                              
20208000  __STACK_END                          
ffffffff  __TI_pprof_out_hndl                  
ffffffff  __TI_prof_data_size                  
ffffffff  __TI_prof_data_start                 
ffffffff  __binit__                            
ffffffff  binit                                
UNDEFED   __mpu_init                           
UNDEFED   _system_post_cinit                   

[170 symbols]
