******************************************************************************
            TI ARM Clang Linker PC v4.0.4                      
******************************************************************************
>> Linked Thu Jul 30 19:45:03 2026

OUTPUT FILE NAME:   <DCC_101_v1.out>
ENTRY POINT SYMBOL: "_c_int00_noargs"  address: 00002be1


MEMORY CONFIGURATION

         name            origin    length      used     unused   attr    fill
----------------------  --------  ---------  --------  --------  ----  --------
  FLASH                 00000000   00020000  00004d00  0001b300  R  X
  SRAM                  20200000   00008000  0000080b  000077f5  RW X
  BCR_CONFIG            41c00000   000000ff  00000000  000000ff  R   
  BSL_CONFIG            41c00100   00000080  00000000  00000080  R   


SEGMENT ALLOCATION MAP

run origin  load origin   length   init length attrs members
----------  ----------- ---------- ----------- ----- -------
00000000    00000000    00004d00   00004d00    r-x
  00000000    00000000    000000c0   000000c0    r-- .intvecs
  000000c0    000000c0    00003210   00003210    r-x .text
  000032d0    000032d0    00001a00   00001a00    r-- .rodata
  00004cd0    00004cd0    00000030   00000030    r-- .cinit
20200000    20200000    0000060e   00000000    rw-
  20200000    20200000    000005bd   00000000    rw- .bss
  202005c0    202005c0    0000004e   00000000    rw- .data
20207e00    20207e00    00000200   00000000    rw-
  20207e00    20207e00    00000200   00000000    rw- .stack


SECTION ALLOCATION MAP

 output                                  attributes/
section   page    origin      length       input sections
--------  ----  ----------  ----------   ----------------
.intvecs   0    00000000    000000c0     
                  00000000    000000c0     startup_mspm0g350x_ticlang.o (.intvecs)

.text      0    000000c0    00003210     
                  000000c0    00000868     libc.a : _printfi.c.obj (.text:__TI_printfi_nofloat)
                  00000928    000004a8     main.o (.text.main)
                  00000dd0    000001c4     bujin.o (.text.dianji_rotate_to)
                  00000f94    00000184     bujin.o (.text.TIMA0_IRQHandler)
                  00001118    00000158     oled.o (.text.OLED_ShowChar)
                  00001270    00000104     driverlib.a : dl_timer.o (.text.DL_Timer_initFourCCPWMMode)
                  00001374    00000100     bihuan_pid.o (.text.PID_Inc_Calc)
                  00001474    000000f8     oled.o (.text.OLED_Init)
                  0000156c    000000f4     ti_msp_dl_config.o (.text.SYSCFG_DL_GPIO_init)
                  00001660    000000e8     ti_msp_dl_config.o (.text.SYSCFG_DL_SYSCTL_SYSPLL_init)
                  00001748    000000dc     driverlib.a : dl_sysctl_mspm0g1x0x_g3x0x.o (.text.DL_SYSCTL_configSYSPLL)
                  00001824    000000d8     libclang_rt.builtins.a : addsf3.S.obj (.text)
                  000018fc    000000ac     uart.o (.text.UART3_IRQHandler)
                  000019a8    000000a8     key.o (.text.key6_init)
                  00001a50    000000a2     libclang_rt.builtins.a : udivmoddi4.S.obj (.text)
                  00001af2    00000098     oled.o (.text.OLED_ShowString)
                  00001b8a    00000002     libclang_rt.builtins.a : aeabi_div0.c.obj (.text.__aeabi_idiv0)
                  00001b8c    00000094     bujin.o (.text.dianji_set_origin)
                  00001c20    0000008c     ti_msp_dl_config.o (.text.SYSCFG_DL_initPower)
                  00001cac    0000008c     libclang_rt.builtins.a : mulsf3.S.obj (.text.__mulsf3)
                  00001d38    00000082                            : divsf3.S.obj (.text.__divsf3)
                  00001dba    00000002                            : aeabi_div0.c.obj (.text.__aeabi_ldiv0)
                  00001dbc    0000007c     oled.o (.text.OLED_Refresh)
                  00001e38    0000007c     libc.a : copy_decompress_lzss.c.obj (.text:decompress:lzss)
                  00001eb4    00000074     oled.o (.text.OLED_WR_Byte)
                  00001f28    00000074     ti_msp_dl_config.o (.text.SYSCFG_DL_SYSCTL_init)
                  00001f9c    00000074     libclang_rt.builtins.a : comparedf2.c.obj (.text.__gedf2)
                  00002010    00000070     ti_msp_dl_config.o (.text.SYSCFG_DL_DCC_PWM_init)
                  00002080    00000068     libclang_rt.builtins.a : comparedf2.c.obj (.text.__ledf2)
                  000020e8    00000064     driverlib.a : dl_sysctl_mspm0g1x0x_g3x0x.o (.text.DL_SYSCTL_setHFCLKSourceHFXTParams)
                  0000214c    00000064     oled.o (.text.OLED_ClearPoint)
                  000021b0    00000062     libclang_rt.builtins.a : aeabi_dcmp.S.obj (.text.__aeabi_dcmp)
                  00002212    00000002     --HOLE-- [fill = 0]
                  00002214    00000062                            : aeabi_fcmp.S.obj (.text.__aeabi_fcmp)
                  00002276    00000002     --HOLE-- [fill = 0]
                  00002278    00000060     oled.o (.text.OLED_Clear)
                  000022d8    00000060     ti_msp_dl_config.o (.text.SYSCFG_DL_OLED_init)
                  00002338    0000005e     driverlib.a : dl_i2c.o (.text.DL_I2C_fillControllerTXFIFO)
                  00002396    00000002     --HOLE-- [fill = 0]
                  00002398    00000056     libclang_rt.builtins.a : aeabi_idivmod.S.obj (.text.__aeabi_idivmod)
                  000023ee    00000002     --HOLE-- [fill = 0]
                  000023f0    00000050     ti_msp_dl_config.o (.text.DL_GPIO_initPeripheralInputFunctionFeatures)
                  00002440    00000050     oled.o (.text.DL_I2C_startControllerTransfer)
                  00002490    0000004c     ti_msp_dl_config.o (.text.DL_GPIO_initDigitalInputFeatures)
                  000024dc    0000004c     ti_msp_dl_config.o (.text.DL_UART_setBaudRateDivisor)
                  00002528    0000004c     bihuan_pid.o (.text.PID_Inc_Init)
                  00002574    00000048     driverlib.a : dl_uart.o (.text.DL_UART_init)
                  000025bc    00000048     oled.o (.text.OLED_DisplayTurn)
                  00002604    00000048     oled.o (.text.OLED_DrawPoint)
                  0000264c    00000048     ti_msp_dl_config.o (.text.SYSCFG_DL_K230_init)
                  00002694    00000048     ti_msp_dl_config.o (.text.SYSCFG_DL_PRINT_init)
                  000026dc    00000044     driverlib.a : dl_sysctl_mspm0g1x0x_g3x0x.o (.text.DL_SYSCTL_switchMCLKfromSYSOSCtoHSCLK)
                  00002720    00000040     ti_msp_dl_config.o (.text.SYSCFG_DL_DCC101_v1_2_init)
                  00002760    00000040     libclang_rt.builtins.a : aeabi_uidivmod.S.obj (.text.__aeabi_uidivmod)
                  000027a0    00000040     libc.a : atoi.c.obj (.text.atoi)
                  000027e0    0000003c     ti_msp_dl_config.o (.text.DL_Timer_setCounterControl)
                  0000281c    0000003c     ti_msp_dl_config.o (.text.SYSCFG_DL_init)
                  00002858    0000003c     libclang_rt.builtins.a : floatsisf.S.obj (.text.__floatsisf)
                  00002894    0000003c                            : comparesf2.S.obj (.text.__gtsf2)
                  000028d0    0000003c     libc.a : autoinit.c.obj (.text:__TI_auto_init_nobinit_nopinit)
                  0000290c    0000003a     libclang_rt.builtins.a : comparesf2.S.obj (.text.__eqsf2)
                  00002946    00000002     --HOLE-- [fill = 0]
                  00002948    0000003a                            : muldsi3.S.obj (.text.__muldsi3)
                  00002982    00000002     --HOLE-- [fill = 0]
                  00002984    00000038                            : fixsfsi.S.obj (.text.__fixsfsi)
                  000029bc    00000038     libc.a : sprintf.c.obj (.text.sprintf)
                  000029f4    00000034     oled.o (.text.OLED_ColorTurn)
                  00002a28    00000034     uart.o (.text.UART_send_buffer)
                  00002a5c    00000034     key.o (.text.get_key_state)
                  00002a90    00000030     driverlib.a : dl_uart.o (.text.DL_UART_transmitDataBlocking)
                  00002ac0    0000002c     key.o (.text.__NVIC_EnableIRQ)
                  00002aec    0000002c     main.o (.text.__NVIC_EnableIRQ)
                  00002b18    00000028     oled.o (.text.DL_Common_updateReg)
                  00002b40    00000028     ti_msp_dl_config.o (.text.DL_Common_updateReg)
                  00002b68    00000028     ti_msp_dl_config.o (.text.DL_I2C_setControllerRXFIFOThreshold)
                  00002b90    00000028     ti_msp_dl_config.o (.text.DL_I2C_setControllerTXFIFOThreshold)
                  00002bb8    00000028     libclang_rt.builtins.a : floatunsisf.S.obj (.text.__floatunsisf)
                  00002be0    00000028     libc.a : boot_cortex_m.c.obj (.text:_c_int00_noargs)
                  00002c08    00000026     ti_msp_dl_config.o (.text.DL_I2C_setAnalogGlitchFilterPulseWidth)
                  00002c2e    00000026     driverlib.a : dl_i2c.o (.text.DL_I2C_setClockConfig)
                  00002c54    00000024     ti_msp_dl_config.o (.text.DL_I2C_setDigitalGlitchFilterPulseWidth)
                  00002c78    00000024     libclang_rt.builtins.a : floatunsidf.S.obj (.text.__floatunsidf)
                  00002c9c    00000024                            : muldi3.S.obj (.text.__muldi3)
                  00002cc0    00000022     libc.a : memccpy.c.obj (.text.memccpy)
                  00002ce2    00000002     --HOLE-- [fill = 0]
                  00002ce4    00000020     ti_msp_dl_config.o (.text.DL_GPIO_initPeripheralInputFunction)
                  00002d04    00000020     ti_msp_dl_config.o (.text.DL_SYSCTL_setFlashWaitState)
                  00002d24    0000001e     ti_msp_dl_config.o (.text.DL_UART_setOversampling)
                  00002d42    00000002     --HOLE-- [fill = 0]
                  00002d44    0000001e     libclang_rt.builtins.a : ashldi3.S.obj (.text.__ashldi3)
                  00002d62    00000002     --HOLE-- [fill = 0]
                  00002d64    0000001c     ti_msp_dl_config.o (.text.DL_GPIO_enableHiZ)
                  00002d80    0000001c     ti_msp_dl_config.o (.text.DL_GPIO_initPeripheralOutputFunction)
                  00002d9c    0000001c     driverlib.a : dl_sysctl_mspm0g1x0x_g3x0x.o (.text.DL_SYSCTL_configFCC)
                  00002db8    0000001c     ti_msp_dl_config.o (.text.DL_SYSCTL_setFCCPeriods)
                  00002dd4    0000001c     ti_msp_dl_config.o (.text.DL_SYSCTL_setSYSOSCFreq)
                  00002df0    0000001c     ti_msp_dl_config.o (.text.DL_SYSCTL_setULPCLKDivider)
                  00002e0c    0000001c     ti_msp_dl_config.o (.text.DL_Timer_enableInterrupt)
                  00002e28    0000001c     driverlib.a : dl_timer.o (.text.DL_Timer_setCaptCompUpdateMethod)
                  00002e44    0000001c                 : dl_timer.o (.text.DL_Timer_setClockConfig)
                  00002e60    0000001c     ti_msp_dl_config.o (.text.DL_UART_enableInterrupt)
                  00002e7c    0000001c     uart.o (.text.UART_send_char)
                  00002e98    0000001c     delay.o (.text.delay_ms)
                  00002eb4    00000018     ti_msp_dl_config.o (.text.DL_GPIO_enableOutput)
                  00002ecc    00000018     ti_msp_dl_config.o (.text.DL_GPIO_enablePower)
                  00002ee4    00000018     ti_msp_dl_config.o (.text.DL_GPIO_initDigitalOutput)
                  00002efc    00000018     ti_msp_dl_config.o (.text.DL_GPIO_initPeripheralAnalogFunction)
                  00002f14    00000018     ti_msp_dl_config.o (.text.DL_GPIO_reset)
                  00002f2c    00000018     ti_msp_dl_config.o (.text.DL_I2C_enableAnalogGlitchFilter)
                  00002f44    00000018     ti_msp_dl_config.o (.text.DL_I2C_enableController)
                  00002f5c    00000018     ti_msp_dl_config.o (.text.DL_I2C_enableControllerClockStretching)
                  00002f74    00000018     ti_msp_dl_config.o (.text.DL_I2C_enablePower)
                  00002f8c    00000018     ti_msp_dl_config.o (.text.DL_I2C_reset)
                  00002fa4    00000018     ti_msp_dl_config.o (.text.DL_I2C_setTimerPeriod)
                  00002fbc    00000018     ti_msp_dl_config.o (.text.DL_SYSCTL_setBORThreshold)
                  00002fd4    00000018     ti_msp_dl_config.o (.text.DL_Timer_enablePower)
                  00002fec    00000018     ti_msp_dl_config.o (.text.DL_Timer_reset)
                  00003004    00000018     driverlib.a : dl_timer.o (.text.DL_Timer_setCaptureCompareOutCtl)
                  0000301c    00000018     key.o (.text.DL_Timer_setLoadValue)
                  00003034    00000018     key.o (.text.DL_Timer_startCounter)
                  0000304c    00000018     ti_msp_dl_config.o (.text.DL_UART_enablePower)
                  00003064    00000018     ti_msp_dl_config.o (.text.DL_UART_reset)
                  0000307c    00000018     libc.a : sprintf.c.obj (.text._outs)
                  00003094    00000016     key.o (.text.DL_GPIO_readPins)
                  000030aa    00000016     ti_msp_dl_config.o (.text.DL_UART_enable)
                  000030c0    00000014     key.o (.text.DL_GPIO_clearPins)
                  000030d4    00000014     ti_msp_dl_config.o (.text.DL_GPIO_clearPins)
                  000030e8    00000014     oled.o (.text.DL_I2C_getControllerStatus)
                  000030fc    00000014     ti_msp_dl_config.o (.text.DL_I2C_resetControllerTransfer)
                  00003110    00000014     ti_msp_dl_config.o (.text.DL_SYSCTL_disableSYSPLL)
                  00003124    00000014     ti_msp_dl_config.o (.text.DL_SYSCTL_enableSYSPLL)
                  00003138    00000014     ti_msp_dl_config.o (.text.DL_Timer_enableClock)
                  0000314c    00000014     ti_msp_dl_config.o (.text.DL_Timer_setCCPDirection)
                  00003160    00000014     uart.o (.text.DL_UART_receiveData)
                  00003174    00000014     libclang_rt.builtins.a : aeabi_uldivmod.S.obj (.text.__aeabi_uldivmod)
                  00003188    00000012     bujin.o (.text.DL_Timer_getPendingInterrupt)
                  0000319a    00000012     uart.o (.text.DL_UART_getPendingInterrupt)
                  000031ac    00000012     driverlib.a : dl_uart.o (.text.DL_UART_setClockConfig)
                  000031be    00000012     libc.a : memcpy16.S.obj (.text:TI_memcpy_small)
                  000031d0    00000012            : copy_decompress_none.c.obj (.text:decompress:none)
                  000031e2    00000002     --HOLE-- [fill = 0]
                  000031e4    00000010     ti_msp_dl_config.o (.text.DL_SYSCTL_disableHFXT)
                  000031f4    00000010     ti_msp_dl_config.o (.text.DL_SYSCTL_isFCCDone)
                  00003204    00000010     ti_msp_dl_config.o (.text.DL_SYSCTL_startFCC)
                  00003214    00000010     driverlib.a : dl_timer.o (.text.DL_Timer_setCaptureCompareValue)
                  00003224    00000010     libc.a : wcslen.c.obj (.text.wcslen)
                  00003234    00000010            : copy_zero_init.c.obj (.text:decompress:ZI)
                  00003244    0000000e     libclang_rt.builtins.a : aeabi_memset.S.obj (.text.__aeabi_memset)
                  00003252    0000000e     libc.a : _printfi.c.obj (.text.strlen)
                  00003260    0000000e            : memset16.S.obj (.text:TI_memset_small)
                  0000326e    00000002     --HOLE-- [fill = 0]
                  00003270    0000000c     ti_msp_dl_config.o (.text.DL_SYSCTL_getClockStatus)
                  0000327c    0000000c     ti_msp_dl_config.o (.text.DL_SYSCTL_readFCC)
                  00003288    0000000c     libclang_rt.builtins.a : aeabi_memset.S.obj (.text.__aeabi_memclr)
                  00003294    0000000a     driverlib.a : dl_common.o (.text.DL_Common_delayCycles)
                  0000329e    0000000a     libc.a : sprintf.c.obj (.text._outc)
                  000032a8    00000008            : aeabi_portable.c.obj (.text.__aeabi_errno_addr)
                  000032b0    00000008     libclang_rt.builtins.a : aeabi_memcpy.S.obj (.text.__aeabi_memcpy)
                  000032b8    00000006     libc.a : exit.c.obj (.text:abort)
                  000032be    00000004     startup_mspm0g350x_ticlang.o (.text.Default_Handler)
                  000032c2    00000004     libsysbm.a : hostexit.c.obj (.text.HOSTexit)
                  000032c6    00000004     startup_mspm0g350x_ticlang.o (.text.Reset_Handler)
                  000032ca    00000004     libc.a : pre_init.c.obj (.text._system_pre_init)
                  000032ce    00000002     --HOLE-- [fill = 0]

.cinit     0    00004cd0    00000030     
                  00004cd0    0000000c     (__TI_handler_table)
                  00004cdc    00000008     (.cinit..bss.load) [load image, compression = zero_init]
                  00004ce4    00000008     (.cinit..data.load) [load image, compression = lzss]
                  00004cec    00000010     (__TI_cinit_table)
                  00004cfc    00000004     --HOLE-- [fill = 0]

.rodata    0    000032d0    00001a00     
                  000032d0    00000d5c     oled.o (.rodata.asc2_2412)
                  0000402c    000005f0     oled.o (.rodata.asc2_1608)
                  0000461c    00000474     oled.o (.rodata.asc2_1206)
                  00004a90    00000101     libc.a : aeabi_ctype.S.obj (.rodata:__aeabi_ctype_table_)
                  00004b91    00000003     ti_msp_dl_config.o (.rodata.gDCC_PWMClockConfig)
                  00004b94    00000028     ti_msp_dl_config.o (.rodata.gSYSPLLConfig)
                  00004bbc    00000011     libc.a : _printfi.c.obj (.rodata.str1.10348868589481759720.1)
                  00004bcd    00000011            : _printfi.c.obj (.rodata.str1.15363888844622738466.1)
                  00004bde    0000000d     main.o (.rodata.str1.15159059442110792349.1)
                  00004beb    0000000d     main.o (.rodata.str1.16265332423659789559.1)
                  00004bf8    0000000d     main.o (.rodata.str1.18227636981041470289.1)
                  00004c05    0000000d     main.o (.rodata.str1.288608917962107522.1)
                  00004c12    0000000c     main.o (.rodata.str1.14112174005742061988.1)
                  00004c1e    0000000c     main.o (.rodata.str1.17100691992556644108.1)
                  00004c2a    0000000c     main.o (.rodata.str1.7702501944640899365.1)
                  00004c36    0000000b     main.o (.rodata.str1.14402440632258215044.1)
                  00004c41    0000000b     main.o (.rodata.str1.15996357275703397564.1)
                  00004c4c    0000000b     main.o (.rodata.str1.2123964117280943167.1)
                  00004c57    0000000b     main.o (.rodata.str1.8108965883388295311.1)
                  00004c62    0000000b     main.o (.rodata.str1.9059077390166914652.1)
                  00004c6d    00000001     --HOLE-- [fill = 0]
                  00004c6e    0000000a     ti_msp_dl_config.o (.rodata.gDCC101_v1_2Config)
                  00004c78    0000000a     ti_msp_dl_config.o (.rodata.gK230Config)
                  00004c82    0000000a     ti_msp_dl_config.o (.rodata.gPRINTConfig)
                  00004c8c    0000000a     main.o (.rodata.str1.11870794119293528247.1)
                  00004c96    0000000a     main.o (.rodata.str1.12180500075719773345.1)
                  00004ca0    0000000a     main.o (.rodata.str1.2846389346932560359.1)
                  00004caa    0000000a     main.o (.rodata.str1.8154729771448623357.1)
                  00004cb4    00000009     main.o (.rodata.str1.8076846746581808073.1)
                  00004cbd    00000002     ti_msp_dl_config.o (.rodata.gDCC101_v1_2ClockConfig)
                  00004cbf    00000001     --HOLE-- [fill = 0]
                  00004cc0    00000008     ti_msp_dl_config.o (.rodata.gDCC_PWMConfig)
                  00004cc8    00000002     ti_msp_dl_config.o (.rodata.gK230ClockConfig)
                  00004cca    00000002     ti_msp_dl_config.o (.rodata.gOLEDClockConfig)
                  00004ccc    00000002     ti_msp_dl_config.o (.rodata.gPRINTClockConfig)
                  00004cce    00000002     --HOLE-- [fill = 0]

.init_array 
*          0    00000000    00000000     UNINITIALIZED

.binit     0    00000000    00000000     

.bss       0    20200000    000005bd     UNINITIALIZED
                  20200000    00000480     (.common:OLED_GRAM)
                  20200480    000000bc     (.common:gDCC_PWMBackup)
                  2020053c    00000030     (.common:gK230Backup)
                  2020056c    00000028     main.o (.bss.pid_x)
                  20200594    00000020     main.o (.bss.disp_buf)
                  202005b4    00000005     uart.o (.bss.rx_buf)
                  202005b9    00000001     (.common:bujin_x)
                  202005ba    00000002     (.common:pulse_x)
                  202005bc    00000001     (.common:dir_x)

.data      0    202005c0    0000004e     UNINITIALIZED
                  202005c0    00000032     main.o (.data.DCC_v1_2)
                  202005f2    00000002     main.o (.data.motor_target)
                  202005f4    00000004     libc.a : aeabi_portable.c.obj (.data.__aeabi_errno)
                  202005f8    00000004     main.o (.data.motor_angle)
                  202005fc    00000004     main.o (.data.motor_pulse)
                  20200600    00000001     bujin.o (.data.TIMA0_IRQHandler.btn2_cnt)
                  20200601    00000001     bujin.o (.data.TIMA0_IRQHandler.btn2_stable)
                  20200602    00000001     bujin.o (.data.TIMA0_IRQHandler.btn3_cnt)
                  20200603    00000001     bujin.o (.data.TIMA0_IRQHandler.btn3_stable)
                  20200604    00000001     bujin.o (.data.TIMA0_IRQHandler.btn4_cnt)
                  20200605    00000001     bujin.o (.data.TIMA0_IRQHandler.btn4_stable)
                  20200606    00000001     bujin.o (.data.TIMA0_IRQHandler.btn_cnt)
                  20200607    00000001     bujin.o (.data.TIMA0_IRQHandler.btn_stable)
                  20200608    00000001     bujin.o (.data.btn1_active)
                  20200609    00000001     bujin.o (.data.btn2_active)
                  2020060a    00000001     bujin.o (.data.btn3_active)
                  2020060b    00000001     bujin.o (.data.btn4_active)
                  2020060c    00000001     main.o (.data.main.btn1_prev)
                  2020060d    00000001     uart.o (.data.rx_idx)

.stack     0    20207e00    00000200     UNINITIALIZED
                  20207e00    00000004     libc.a : boot_cortex_m.c.obj (.stack)
                  20207e04    000001fc     --HOLE--

__llvm_prf_cnts 
*          0    20200000    00000000     UNINITIALIZED

__llvm_prf_bits 
*          0    20200000    00000000     UNINITIALIZED

MODULE SUMMARY

       Module                         code    ro data   rw data
       ------                         ----    -------   -------
    .\
       oled.o                         1516    6080      1152   
       ti_msp_dl_config.o             2582    89        236    
       main.o                         1236    192       137    
       bujin.o                        1006    0         12     
       key.o                          354     0         0      
       bihuan_pid.o                   332     0         0      
       uart.o                         290     0         6      
       startup_mspm0g350x_ticlang.o   8       192       0      
       delay.o                        28      0         0      
    +--+------------------------------+-------+---------+---------+
       Total:                         7352    6553      1543   
                                                               
    C:/ti/mspm0_sdk_2_10_00_04/source/ti/driverlib/lib/ticlang/m0p/mspm0g1x0x_g3x0x/driverlib.a
       dl_sysctl_mspm0g1x0x_g3x0x.o   416     0         0      
       dl_timer.o                     356     0         0      
       dl_uart.o                      138     0         0      
       dl_i2c.o                       132     0         0      
       dl_common.o                    10      0         0      
    +--+------------------------------+-------+---------+---------+
       Total:                         1052    0         0      
                                                               
    C:\ti\ccs2050\ccs\tools\compiler\ti-cgt-armllvm_4.0.4.LTS\lib\armv6m-ti-none-eabi/c/libc.a
       _printfi.c.obj                 2166    34        0      
       aeabi_ctype.S.obj              0       257       0      
       copy_decompress_lzss.c.obj     124     0         0      
       sprintf.c.obj                  90      0         0      
       atoi.c.obj                     64      0         0      
       autoinit.c.obj                 60      0         0      
       boot_cortex_m.c.obj            40      0         0      
       memccpy.c.obj                  34      0         0      
       copy_decompress_none.c.obj     18      0         0      
       memcpy16.S.obj                 18      0         0      
       copy_zero_init.c.obj           16      0         0      
       wcslen.c.obj                   16      0         0      
       memset16.S.obj                 14      0         0      
       aeabi_portable.c.obj           8       0         4      
       exit.c.obj                     6       0         0      
       pre_init.c.obj                 4       0         0      
    +--+------------------------------+-------+---------+---------+
       Total:                         2678    291       4      
                                                               
    C:\ti\ccs2050\ccs\tools\compiler\ti-cgt-armllvm_4.0.4.LTS\lib\armv6m-ti-none-eabi/c/libsysbm.a
       hostexit.c.obj                 4       0         0      
    +--+------------------------------+-------+---------+---------+
       Total:                         4       0         0      
                                                               
    C:\ti\ccs2050\ccs\tools\compiler\ti-cgt-armllvm_4.0.4.LTS\lib\armv6m-ti-none-eabi/libclang_rt.builtins.a
       comparedf2.c.obj               220     0         0      
       addsf3.S.obj                   216     0         0      
       udivmoddi4.S.obj               162     0         0      
       mulsf3.S.obj                   140     0         0      
       divsf3.S.obj                   130     0         0      
       comparesf2.S.obj               118     0         0      
       aeabi_dcmp.S.obj               98      0         0      
       aeabi_fcmp.S.obj               98      0         0      
       aeabi_idivmod.S.obj            86      0         0      
       aeabi_uidivmod.S.obj           64      0         0      
       floatsisf.S.obj                60      0         0      
       muldsi3.S.obj                  58      0         0      
       fixsfsi.S.obj                  56      0         0      
       floatunsisf.S.obj              40      0         0      
       floatunsidf.S.obj              36      0         0      
       muldi3.S.obj                   36      0         0      
       ashldi3.S.obj                  30      0         0      
       aeabi_memset.S.obj             26      0         0      
       aeabi_uldivmod.S.obj           20      0         0      
       aeabi_memcpy.S.obj             8       0         0      
       aeabi_div0.c.obj               4       0         0      
    +--+------------------------------+-------+---------+---------+
       Total:                         1706    0         0      
                                                               
       Stack:                         0       0         512    
       Linker Generated:              0       44        0      
    +--+------------------------------+-------+---------+---------+
       Grand Total:                   12792   6888      2059   


LINKER GENERATED COPY TABLES

__TI_cinit_table @ 00004cec records: 2, size/record: 8, table size: 16
	.bss: load addr=00004cdc, load size=00000008 bytes, run addr=20200000, run size=000005bd bytes, compression=zero_init
	.data: load addr=00004ce4, load size=00000008 bytes, run addr=202005c0, run size=0000004e bytes, compression=lzss


LINKER GENERATED HANDLER TABLE

__TI_handler_table @ 00004cd0 records: 3, size/record: 4, table size: 12
	index: 0, handler: __TI_decompress_lzss
	index: 1, handler: __TI_decompress_none
	index: 2, handler: __TI_zero_init


GLOBAL SYMBOLS: SORTED ALPHABETICALLY BY Name 

address   name                                 
-------   ----                                 
000032bf  ADC0_IRQHandler                      
000032bf  ADC1_IRQHandler                      
000032bf  AES_IRQHandler                       
000032c2  C$$EXIT                              
000032bf  CANFD0_IRQHandler                    
000032bf  DAC0_IRQHandler                      
202005c0  DCC_v1_2                             
00003295  DL_Common_delayCycles                
00002339  DL_I2C_fillControllerTXFIFO          
00002c2f  DL_I2C_setClockConfig                
00002d9d  DL_SYSCTL_configFCC                  
00001749  DL_SYSCTL_configSYSPLL               
000020e9  DL_SYSCTL_setHFCLKSourceHFXTParams   
000026dd  DL_SYSCTL_switchMCLKfromSYSOSCtoHSCLK
00001271  DL_Timer_initFourCCPWMMode           
00002e29  DL_Timer_setCaptCompUpdateMethod     
00003005  DL_Timer_setCaptureCompareOutCtl     
00003215  DL_Timer_setCaptureCompareValue      
00002e45  DL_Timer_setClockConfig              
00002575  DL_UART_init                         
000031ad  DL_UART_setClockConfig               
00002a91  DL_UART_transmitDataBlocking         
000032bf  DMA_IRQHandler                       
000032bf  Default_Handler                      
000032bf  GROUP0_IRQHandler                    
000032bf  GROUP1_IRQHandler                    
000032c3  HOSTexit                             
000032bf  HardFault_Handler                    
000032bf  I2C0_IRQHandler                      
000032bf  I2C1_IRQHandler                      
000032bf  NMI_Handler                          
00002279  OLED_Clear                           
0000214d  OLED_ClearPoint                      
000029f5  OLED_ColorTurn                       
000025bd  OLED_DisplayTurn                     
00002605  OLED_DrawPoint                       
20200000  OLED_GRAM                            
00001475  OLED_Init                            
00001dbd  OLED_Refresh                         
00001119  OLED_ShowChar                        
00001af3  OLED_ShowString                      
00001eb5  OLED_WR_Byte                         
00001375  PID_Inc_Calc                         
00002529  PID_Inc_Init                         
000032bf  PendSV_Handler                       
000032bf  RTC_IRQHandler                       
000032c7  Reset_Handler                        
000032bf  SPI0_IRQHandler                      
000032bf  SPI1_IRQHandler                      
000032bf  SVC_Handler                          
00002721  SYSCFG_DL_DCC101_v1_2_init           
00002011  SYSCFG_DL_DCC_PWM_init               
0000156d  SYSCFG_DL_GPIO_init                  
0000264d  SYSCFG_DL_K230_init                  
000022d9  SYSCFG_DL_OLED_init                  
00002695  SYSCFG_DL_PRINT_init                 
00001661  SYSCFG_DL_SYSCTL_SYSPLL_init         
00001f29  SYSCFG_DL_SYSCTL_init                
0000281d  SYSCFG_DL_init                       
00001c21  SYSCFG_DL_initPower                  
000032bf  SysTick_Handler                      
00000f95  TIMA0_IRQHandler                     
000032bf  TIMA1_IRQHandler                     
000032bf  TIMG0_IRQHandler                     
000032bf  TIMG12_IRQHandler                    
000032bf  TIMG6_IRQHandler                     
000032bf  TIMG7_IRQHandler                     
000032bf  TIMG8_IRQHandler                     
000031bf  TI_memcpy_small                      
00003261  TI_memset_small                      
000032bf  UART0_IRQHandler                     
000032bf  UART1_IRQHandler                     
000032bf  UART2_IRQHandler                     
000018fd  UART3_IRQHandler                     
00002a29  UART_send_buffer                     
00002e7d  UART_send_char                       
20208000  __STACK_END                          
00000200  __STACK_SIZE                         
00000000  __TI_ATRegion0_region_sz             
00000000  __TI_ATRegion0_src_addr              
00000000  __TI_ATRegion0_trg_addr              
00000000  __TI_ATRegion1_region_sz             
00000000  __TI_ATRegion1_src_addr              
00000000  __TI_ATRegion1_trg_addr              
00000000  __TI_ATRegion2_region_sz             
00000000  __TI_ATRegion2_src_addr              
00000000  __TI_ATRegion2_trg_addr              
00004cec  __TI_CINIT_Base                      
00004cfc  __TI_CINIT_Limit                     
00004cfc  __TI_CINIT_Warm                      
00004cd0  __TI_Handler_Table_Base              
00004cdc  __TI_Handler_Table_Limit             
000028d1  __TI_auto_init_nobinit_nopinit       
00001e39  __TI_decompress_lzss                 
000031d1  __TI_decompress_none                 
ffffffff  __TI_pprof_out_hndl                  
000000c1  __TI_printfi_nofloat                 
ffffffff  __TI_prof_data_size                  
ffffffff  __TI_prof_data_start                 
00000000  __TI_static_base__                   
00003235  __TI_zero_init                       
0000182f  __addsf3                             
00004a90  __aeabi_ctype_table_                 
00004a90  __aeabi_ctype_table_C                
000021b1  __aeabi_dcmpeq                       
000021ed  __aeabi_dcmpge                       
00002201  __aeabi_dcmpgt                       
000021d9  __aeabi_dcmple                       
000021c5  __aeabi_dcmplt                       
202005f4  __aeabi_errno                        
000032a9  __aeabi_errno_addr                   
00002985  __aeabi_f2iz                         
0000182f  __aeabi_fadd                         
00002215  __aeabi_fcmpeq                       
00002251  __aeabi_fcmpge                       
00002265  __aeabi_fcmpgt                       
0000223d  __aeabi_fcmple                       
00002229  __aeabi_fcmplt                       
00001d39  __aeabi_fdiv                         
00001cad  __aeabi_fmul                         
00001825  __aeabi_fsub                         
00002859  __aeabi_i2f                          
00002399  __aeabi_idiv                         
00001b8b  __aeabi_idiv0                        
00002399  __aeabi_idivmod                      
00001dbb  __aeabi_ldiv0                        
00002d45  __aeabi_llsl                         
00002c9d  __aeabi_lmul                         
00003289  __aeabi_memclr                       
00003289  __aeabi_memclr4                      
00003289  __aeabi_memclr8                      
000032b1  __aeabi_memcpy                       
000032b1  __aeabi_memcpy4                      
000032b1  __aeabi_memcpy8                      
00003245  __aeabi_memset                       
00003245  __aeabi_memset4                      
00003245  __aeabi_memset8                      
00002c79  __aeabi_ui2d                         
00002bb9  __aeabi_ui2f                         
00002761  __aeabi_uidiv                        
00002761  __aeabi_uidivmod                     
00003175  __aeabi_uldivmod                     
00002d45  __ashldi3                            
ffffffff  __binit__                            
00002081  __cmpdf2                             
0000290d  __cmpsf2                             
00001d39  __divsf3                             
00002081  __eqdf2                              
0000290d  __eqsf2                              
00002985  __fixsfsi                            
00002859  __floatsisf                          
00002c79  __floatunsidf                        
00002bb9  __floatunsisf                        
00001f9d  __gedf2                              
00002895  __gesf2                              
00001f9d  __gtdf2                              
00002895  __gtsf2                              
00002081  __ledf2                              
0000290d  __lesf2                              
00002081  __ltdf2                              
0000290d  __ltsf2                              
UNDEFED   __mpu_init                           
00002c9d  __muldi3                             
00002949  __muldsi3                            
00001cad  __mulsf3                             
00002081  __nedf2                              
0000290d  __nesf2                              
20207e00  __stack                              
20200000  __start___llvm_prf_bits              
20200000  __start___llvm_prf_cnts              
20200000  __stop___llvm_prf_bits               
20200000  __stop___llvm_prf_cnts               
00001825  __subsf3                             
00001a51  __udivmoddi4                         
00002be1  _c_int00_noargs                      
UNDEFED   _system_post_cinit                   
000032cb  _system_pre_init                     
000032b9  abort                                
0000461c  asc2_1206                            
0000402c  asc2_1608                            
000032d0  asc2_2412                            
000027a1  atoi                                 
ffffffff  binit                                
20200608  btn1_active                          
20200609  btn2_active                          
2020060a  btn3_active                          
2020060b  btn4_active                          
202005b9  bujin_x                              
00002e99  delay_ms                             
00000dd1  dianji_rotate_to                     
00001b8d  dianji_set_origin                    
202005bc  dir_x                                
20200480  gDCC_PWMBackup                       
2020053c  gK230Backup                          
00002a5d  get_key_state                        
00000000  interruptVectors                     
000019a9  key6_init                            
00000929  main                                 
00002cc1  memccpy                              
202005f8  motor_angle                          
202005fc  motor_pulse                          
202005f2  motor_target                         
202005ba  pulse_x                              
000029bd  sprintf                              
00003225  wcslen                               


GLOBAL SYMBOLS: SORTED BY Symbol Address 

address   name                                 
-------   ----                                 
00000000  __TI_ATRegion0_region_sz             
00000000  __TI_ATRegion0_src_addr              
00000000  __TI_ATRegion0_trg_addr              
00000000  __TI_ATRegion1_region_sz             
00000000  __TI_ATRegion1_src_addr              
00000000  __TI_ATRegion1_trg_addr              
00000000  __TI_ATRegion2_region_sz             
00000000  __TI_ATRegion2_src_addr              
00000000  __TI_ATRegion2_trg_addr              
00000000  __TI_static_base__                   
00000000  interruptVectors                     
000000c1  __TI_printfi_nofloat                 
00000200  __STACK_SIZE                         
00000929  main                                 
00000dd1  dianji_rotate_to                     
00000f95  TIMA0_IRQHandler                     
00001119  OLED_ShowChar                        
00001271  DL_Timer_initFourCCPWMMode           
00001375  PID_Inc_Calc                         
00001475  OLED_Init                            
0000156d  SYSCFG_DL_GPIO_init                  
00001661  SYSCFG_DL_SYSCTL_SYSPLL_init         
00001749  DL_SYSCTL_configSYSPLL               
00001825  __aeabi_fsub                         
00001825  __subsf3                             
0000182f  __addsf3                             
0000182f  __aeabi_fadd                         
000018fd  UART3_IRQHandler                     
000019a9  key6_init                            
00001a51  __udivmoddi4                         
00001af3  OLED_ShowString                      
00001b8b  __aeabi_idiv0                        
00001b8d  dianji_set_origin                    
00001c21  SYSCFG_DL_initPower                  
00001cad  __aeabi_fmul                         
00001cad  __mulsf3                             
00001d39  __aeabi_fdiv                         
00001d39  __divsf3                             
00001dbb  __aeabi_ldiv0                        
00001dbd  OLED_Refresh                         
00001e39  __TI_decompress_lzss                 
00001eb5  OLED_WR_Byte                         
00001f29  SYSCFG_DL_SYSCTL_init                
00001f9d  __gedf2                              
00001f9d  __gtdf2                              
00002011  SYSCFG_DL_DCC_PWM_init               
00002081  __cmpdf2                             
00002081  __eqdf2                              
00002081  __ledf2                              
00002081  __ltdf2                              
00002081  __nedf2                              
000020e9  DL_SYSCTL_setHFCLKSourceHFXTParams   
0000214d  OLED_ClearPoint                      
000021b1  __aeabi_dcmpeq                       
000021c5  __aeabi_dcmplt                       
000021d9  __aeabi_dcmple                       
000021ed  __aeabi_dcmpge                       
00002201  __aeabi_dcmpgt                       
00002215  __aeabi_fcmpeq                       
00002229  __aeabi_fcmplt                       
0000223d  __aeabi_fcmple                       
00002251  __aeabi_fcmpge                       
00002265  __aeabi_fcmpgt                       
00002279  OLED_Clear                           
000022d9  SYSCFG_DL_OLED_init                  
00002339  DL_I2C_fillControllerTXFIFO          
00002399  __aeabi_idiv                         
00002399  __aeabi_idivmod                      
00002529  PID_Inc_Init                         
00002575  DL_UART_init                         
000025bd  OLED_DisplayTurn                     
00002605  OLED_DrawPoint                       
0000264d  SYSCFG_DL_K230_init                  
00002695  SYSCFG_DL_PRINT_init                 
000026dd  DL_SYSCTL_switchMCLKfromSYSOSCtoHSCLK
00002721  SYSCFG_DL_DCC101_v1_2_init           
00002761  __aeabi_uidiv                        
00002761  __aeabi_uidivmod                     
000027a1  atoi                                 
0000281d  SYSCFG_DL_init                       
00002859  __aeabi_i2f                          
00002859  __floatsisf                          
00002895  __gesf2                              
00002895  __gtsf2                              
000028d1  __TI_auto_init_nobinit_nopinit       
0000290d  __cmpsf2                             
0000290d  __eqsf2                              
0000290d  __lesf2                              
0000290d  __ltsf2                              
0000290d  __nesf2                              
00002949  __muldsi3                            
00002985  __aeabi_f2iz                         
00002985  __fixsfsi                            
000029bd  sprintf                              
000029f5  OLED_ColorTurn                       
00002a29  UART_send_buffer                     
00002a5d  get_key_state                        
00002a91  DL_UART_transmitDataBlocking         
00002bb9  __aeabi_ui2f                         
00002bb9  __floatunsisf                        
00002be1  _c_int00_noargs                      
00002c2f  DL_I2C_setClockConfig                
00002c79  __aeabi_ui2d                         
00002c79  __floatunsidf                        
00002c9d  __aeabi_lmul                         
00002c9d  __muldi3                             
00002cc1  memccpy                              
00002d45  __aeabi_llsl                         
00002d45  __ashldi3                            
00002d9d  DL_SYSCTL_configFCC                  
00002e29  DL_Timer_setCaptCompUpdateMethod     
00002e45  DL_Timer_setClockConfig              
00002e7d  UART_send_char                       
00002e99  delay_ms                             
00003005  DL_Timer_setCaptureCompareOutCtl     
00003175  __aeabi_uldivmod                     
000031ad  DL_UART_setClockConfig               
000031bf  TI_memcpy_small                      
000031d1  __TI_decompress_none                 
00003215  DL_Timer_setCaptureCompareValue      
00003225  wcslen                               
00003235  __TI_zero_init                       
00003245  __aeabi_memset                       
00003245  __aeabi_memset4                      
00003245  __aeabi_memset8                      
00003261  TI_memset_small                      
00003289  __aeabi_memclr                       
00003289  __aeabi_memclr4                      
00003289  __aeabi_memclr8                      
00003295  DL_Common_delayCycles                
000032a9  __aeabi_errno_addr                   
000032b1  __aeabi_memcpy                       
000032b1  __aeabi_memcpy4                      
000032b1  __aeabi_memcpy8                      
000032b9  abort                                
000032bf  ADC0_IRQHandler                      
000032bf  ADC1_IRQHandler                      
000032bf  AES_IRQHandler                       
000032bf  CANFD0_IRQHandler                    
000032bf  DAC0_IRQHandler                      
000032bf  DMA_IRQHandler                       
000032bf  Default_Handler                      
000032bf  GROUP0_IRQHandler                    
000032bf  GROUP1_IRQHandler                    
000032bf  HardFault_Handler                    
000032bf  I2C0_IRQHandler                      
000032bf  I2C1_IRQHandler                      
000032bf  NMI_Handler                          
000032bf  PendSV_Handler                       
000032bf  RTC_IRQHandler                       
000032bf  SPI0_IRQHandler                      
000032bf  SPI1_IRQHandler                      
000032bf  SVC_Handler                          
000032bf  SysTick_Handler                      
000032bf  TIMA1_IRQHandler                     
000032bf  TIMG0_IRQHandler                     
000032bf  TIMG12_IRQHandler                    
000032bf  TIMG6_IRQHandler                     
000032bf  TIMG7_IRQHandler                     
000032bf  TIMG8_IRQHandler                     
000032bf  UART0_IRQHandler                     
000032bf  UART1_IRQHandler                     
000032bf  UART2_IRQHandler                     
000032c2  C$$EXIT                              
000032c3  HOSTexit                             
000032c7  Reset_Handler                        
000032cb  _system_pre_init                     
000032d0  asc2_2412                            
0000402c  asc2_1608                            
0000461c  asc2_1206                            
00004a90  __aeabi_ctype_table_                 
00004a90  __aeabi_ctype_table_C                
00004cd0  __TI_Handler_Table_Base              
00004cdc  __TI_Handler_Table_Limit             
00004cec  __TI_CINIT_Base                      
00004cfc  __TI_CINIT_Limit                     
00004cfc  __TI_CINIT_Warm                      
20200000  OLED_GRAM                            
20200000  __start___llvm_prf_bits              
20200000  __start___llvm_prf_cnts              
20200000  __stop___llvm_prf_bits               
20200000  __stop___llvm_prf_cnts               
20200480  gDCC_PWMBackup                       
2020053c  gK230Backup                          
202005b9  bujin_x                              
202005ba  pulse_x                              
202005bc  dir_x                                
202005c0  DCC_v1_2                             
202005f2  motor_target                         
202005f4  __aeabi_errno                        
202005f8  motor_angle                          
202005fc  motor_pulse                          
20200608  btn1_active                          
20200609  btn2_active                          
2020060a  btn3_active                          
2020060b  btn4_active                          
20207e00  __stack                              
20208000  __STACK_END                          
ffffffff  __TI_pprof_out_hndl                  
ffffffff  __TI_prof_data_size                  
ffffffff  __TI_prof_data_start                 
ffffffff  __binit__                            
ffffffff  binit                                
UNDEFED   __mpu_init                           
UNDEFED   _system_post_cinit                   

[205 symbols]
