<?xml version="1.0" encoding="ISO-8859-1" ?>
<link_info>
   <banner>TI ARM Clang Linker PC v4.0.4.LTS</banner>
   <copyright>Copyright (c) 1996-2018 Texas Instruments Incorporated</copyright>
   <command_line>C:\ti\ccs2050\ccs\tools\compiler\ti-cgt-armllvm_4.0.4.LTS\bin\tiarmlnk -IC:\ti\ccs2050\ccs\tools\compiler\ti-cgt-armllvm_4.0.4.LTS\lib -o DCC_101_v1.out -mDCC_101_v1.map -iC:/ti/mspm0_sdk_2_10_00_04/source -iC:/Users/14395/workspace_ccstheia/yuntai_3.5 -iC:/Users/14395/workspace_ccstheia/yuntai_3.5/Debug/syscfg -iC:/ti/ccs2050/ccs/tools/compiler/ti-cgt-armllvm_4.0.4.LTS/lib --diag_wrap=off --display_error_number --warn_sections --xml_link_info=DCC_101_v1_linkInfo.xml --rom_model ./bihuan_pid.o ./bujin.o ./delay.o ./ti_msp_dl_config.o ./startup_mspm0g350x_ticlang.o ./key.o ./main.o ./oled.o ./uart.o -l./device_linker.cmd -ldevice.cmd.genlibs -llibc.a --start-group -llibc++.a -llibc++abi.a -llibc.a -llibsys.a -llibsysbm.a -llibclang_rt.builtins.a -llibclang_rt.profile.a --end-group --cg_opt_level=0</command_line>
   <link_time>0x6a6b4014</link_time>
   <link_errors>0x0</link_errors>
   <output_file>C:\Users\14395\workspace_ccstheia\yuntai_3.5\Debug\DCC_101_v1.out</output_file>
   <entry_point>
      <name>_c_int00_noargs</name>
      <address>0x29f5</address>
   </entry_point>
   <input_file_list>
      <input_file id="fl-1">
         <path>C:\Users\14395\workspace_ccstheia\yuntai_3.5\Debug\.\</path>
         <kind>object</kind>
         <file>bihuan_pid.o</file>
         <name>bihuan_pid.o</name>
      </input_file>
      <input_file id="fl-2">
         <path>C:\Users\14395\workspace_ccstheia\yuntai_3.5\Debug\.\</path>
         <kind>object</kind>
         <file>bujin.o</file>
         <name>bujin.o</name>
      </input_file>
      <input_file id="fl-3">
         <path>C:\Users\14395\workspace_ccstheia\yuntai_3.5\Debug\.\</path>
         <kind>object</kind>
         <file>delay.o</file>
         <name>delay.o</name>
      </input_file>
      <input_file id="fl-4">
         <path>C:\Users\14395\workspace_ccstheia\yuntai_3.5\Debug\.\</path>
         <kind>object</kind>
         <file>ti_msp_dl_config.o</file>
         <name>ti_msp_dl_config.o</name>
      </input_file>
      <input_file id="fl-5">
         <path>C:\Users\14395\workspace_ccstheia\yuntai_3.5\Debug\.\</path>
         <kind>object</kind>
         <file>startup_mspm0g350x_ticlang.o</file>
         <name>startup_mspm0g350x_ticlang.o</name>
      </input_file>
      <input_file id="fl-6">
         <path>C:\Users\14395\workspace_ccstheia\yuntai_3.5\Debug\.\</path>
         <kind>object</kind>
         <file>key.o</file>
         <name>key.o</name>
      </input_file>
      <input_file id="fl-7">
         <path>C:\Users\14395\workspace_ccstheia\yuntai_3.5\Debug\.\</path>
         <kind>object</kind>
         <file>main.o</file>
         <name>main.o</name>
      </input_file>
      <input_file id="fl-8">
         <path>C:\Users\14395\workspace_ccstheia\yuntai_3.5\Debug\.\</path>
         <kind>object</kind>
         <file>oled.o</file>
         <name>oled.o</name>
      </input_file>
      <input_file id="fl-9">
         <path>C:\Users\14395\workspace_ccstheia\yuntai_3.5\Debug\.\</path>
         <kind>object</kind>
         <file>uart.o</file>
         <name>uart.o</name>
      </input_file>
      <input_file id="fl-16">
         <path>C:\Users\14395\workspace_ccstheia\yuntai_3.5\Debug\</path>
         <kind>object</kind>
         <file>&lt;internal&gt;</file>
         <name>&lt;internal&gt;</name>
      </input_file>
      <input_file id="fl-17">
         <path>C:\ti\mspm0_sdk_2_10_00_04\source\ti\driverlib\lib\ticlang\m0p\mspm0g1x0x_g3x0x\</path>
         <kind>archive</kind>
         <file>driverlib.a</file>
         <name>dl_common.o</name>
      </input_file>
      <input_file id="fl-18">
         <path>C:\ti\mspm0_sdk_2_10_00_04\source\ti\driverlib\lib\ticlang\m0p\mspm0g1x0x_g3x0x\</path>
         <kind>archive</kind>
         <file>driverlib.a</file>
         <name>dl_i2c.o</name>
      </input_file>
      <input_file id="fl-19">
         <path>C:\ti\mspm0_sdk_2_10_00_04\source\ti\driverlib\lib\ticlang\m0p\mspm0g1x0x_g3x0x\</path>
         <kind>archive</kind>
         <file>driverlib.a</file>
         <name>dl_timer.o</name>
      </input_file>
      <input_file id="fl-1a">
         <path>C:\ti\mspm0_sdk_2_10_00_04\source\ti\driverlib\lib\ticlang\m0p\mspm0g1x0x_g3x0x\</path>
         <kind>archive</kind>
         <file>driverlib.a</file>
         <name>dl_uart.o</name>
      </input_file>
      <input_file id="fl-1b">
         <path>C:\ti\mspm0_sdk_2_10_00_04\source\ti\driverlib\lib\ticlang\m0p\mspm0g1x0x_g3x0x\</path>
         <kind>archive</kind>
         <file>driverlib.a</file>
         <name>dl_sysctl_mspm0g1x0x_g3x0x.o</name>
      </input_file>
      <input_file id="fl-32">
         <path>C:\ti\ccs2050\ccs\tools\compiler\ti-cgt-armllvm_4.0.4.LTS\lib\armv6m-ti-none-eabi\c\</path>
         <kind>archive</kind>
         <file>libc.a</file>
         <name>sprintf.c.obj</name>
      </input_file>
      <input_file id="fl-33">
         <path>C:\ti\ccs2050\ccs\tools\compiler\ti-cgt-armllvm_4.0.4.LTS\lib\armv6m-ti-none-eabi\c\</path>
         <kind>archive</kind>
         <file>libc.a</file>
         <name>boot_cortex_m.c.obj</name>
      </input_file>
      <input_file id="fl-34">
         <path>C:\ti\ccs2050\ccs\tools\compiler\ti-cgt-armllvm_4.0.4.LTS\lib\armv6m-ti-none-eabi\c\</path>
         <kind>archive</kind>
         <file>libc.a</file>
         <name>mathacl_init.c.obj</name>
      </input_file>
      <input_file id="fl-35">
         <path>C:\ti\ccs2050\ccs\tools\compiler\ti-cgt-armllvm_4.0.4.LTS\lib\armv6m-ti-none-eabi\c\</path>
         <kind>archive</kind>
         <file>libc.a</file>
         <name>autoinit.c.obj</name>
      </input_file>
      <input_file id="fl-36">
         <path>C:\ti\ccs2050\ccs\tools\compiler\ti-cgt-armllvm_4.0.4.LTS\lib\armv6m-ti-none-eabi\c\</path>
         <kind>archive</kind>
         <file>libc.a</file>
         <name>pre_init.c.obj</name>
      </input_file>
      <input_file id="fl-37">
         <path>C:\ti\ccs2050\ccs\tools\compiler\ti-cgt-armllvm_4.0.4.LTS\lib\armv6m-ti-none-eabi\c\</path>
         <kind>archive</kind>
         <file>libc.a</file>
         <name>cpy_tbl.c.obj</name>
      </input_file>
      <input_file id="fl-38">
         <path>C:\ti\ccs2050\ccs\tools\compiler\ti-cgt-armllvm_4.0.4.LTS\lib\armv6m-ti-none-eabi\c\</path>
         <kind>archive</kind>
         <file>libc.a</file>
         <name>copy_zero_init.c.obj</name>
      </input_file>
      <input_file id="fl-39">
         <path>C:\ti\ccs2050\ccs\tools\compiler\ti-cgt-armllvm_4.0.4.LTS\lib\armv6m-ti-none-eabi\c\</path>
         <kind>archive</kind>
         <file>libc.a</file>
         <name>copy_decompress_none.c.obj</name>
      </input_file>
      <input_file id="fl-3a">
         <path>C:\ti\ccs2050\ccs\tools\compiler\ti-cgt-armllvm_4.0.4.LTS\lib\armv6m-ti-none-eabi\c\</path>
         <kind>archive</kind>
         <file>libc.a</file>
         <name>copy_decompress_lzss.c.obj</name>
      </input_file>
      <input_file id="fl-3b">
         <path>C:\ti\ccs2050\ccs\tools\compiler\ti-cgt-armllvm_4.0.4.LTS\lib\armv6m-ti-none-eabi\c\</path>
         <kind>archive</kind>
         <file>libc.a</file>
         <name>_printfi.c.obj</name>
      </input_file>
      <input_file id="fl-3c">
         <path>C:\ti\ccs2050\ccs\tools\compiler\ti-cgt-armllvm_4.0.4.LTS\lib\armv6m-ti-none-eabi\c\</path>
         <kind>archive</kind>
         <file>libc.a</file>
         <name>aeabi_portable.c.obj</name>
      </input_file>
      <input_file id="fl-3d">
         <path>C:\ti\ccs2050\ccs\tools\compiler\ti-cgt-armllvm_4.0.4.LTS\lib\armv6m-ti-none-eabi\c\</path>
         <kind>archive</kind>
         <file>libc.a</file>
         <name>exit.c.obj</name>
      </input_file>
      <input_file id="fl-3e">
         <path>C:\ti\ccs2050\ccs\tools\compiler\ti-cgt-armllvm_4.0.4.LTS\lib\armv6m-ti-none-eabi\c\</path>
         <kind>archive</kind>
         <file>libc.a</file>
         <name>_lock.c.obj</name>
      </input_file>
      <input_file id="fl-3f">
         <path>C:\ti\ccs2050\ccs\tools\compiler\ti-cgt-armllvm_4.0.4.LTS\lib\armv6m-ti-none-eabi\c\</path>
         <kind>archive</kind>
         <file>libc.a</file>
         <name>_ltoa.c.obj</name>
      </input_file>
      <input_file id="fl-40">
         <path>C:\ti\ccs2050\ccs\tools\compiler\ti-cgt-armllvm_4.0.4.LTS\lib\armv6m-ti-none-eabi\c\</path>
         <kind>archive</kind>
         <file>libc.a</file>
         <name>args_main.c.obj</name>
      </input_file>
      <input_file id="fl-41">
         <path>C:\ti\ccs2050\ccs\tools\compiler\ti-cgt-armllvm_4.0.4.LTS\lib\armv6m-ti-none-eabi\c\</path>
         <kind>archive</kind>
         <file>libc.a</file>
         <name>assert.c.obj</name>
      </input_file>
      <input_file id="fl-42">
         <path>C:\ti\ccs2050\ccs\tools\compiler\ti-cgt-armllvm_4.0.4.LTS\lib\armv6m-ti-none-eabi\c\</path>
         <kind>archive</kind>
         <file>libc.a</file>
         <name>atoi.c.obj</name>
      </input_file>
      <input_file id="fl-43">
         <path>C:\ti\ccs2050\ccs\tools\compiler\ti-cgt-armllvm_4.0.4.LTS\lib\armv6m-ti-none-eabi\c\</path>
         <kind>archive</kind>
         <file>libc.a</file>
         <name>defs.c.obj</name>
      </input_file>
      <input_file id="fl-44">
         <path>C:\ti\ccs2050\ccs\tools\compiler\ti-cgt-armllvm_4.0.4.LTS\lib\armv6m-ti-none-eabi\c\</path>
         <kind>archive</kind>
         <file>libc.a</file>
         <name>memccpy.c.obj</name>
      </input_file>
      <input_file id="fl-45">
         <path>C:\ti\ccs2050\ccs\tools\compiler\ti-cgt-armllvm_4.0.4.LTS\lib\armv6m-ti-none-eabi\c\</path>
         <kind>archive</kind>
         <file>libc.a</file>
         <name>memory.c.obj</name>
      </input_file>
      <input_file id="fl-46">
         <path>C:\ti\ccs2050\ccs\tools\compiler\ti-cgt-armllvm_4.0.4.LTS\lib\armv6m-ti-none-eabi\c\</path>
         <kind>archive</kind>
         <file>libc.a</file>
         <name>s_frexp.c.obj</name>
      </input_file>
      <input_file id="fl-47">
         <path>C:\ti\ccs2050\ccs\tools\compiler\ti-cgt-armllvm_4.0.4.LTS\lib\armv6m-ti-none-eabi\c\</path>
         <kind>archive</kind>
         <file>libc.a</file>
         <name>s_scalbn.c.obj</name>
      </input_file>
      <input_file id="fl-48">
         <path>C:\ti\ccs2050\ccs\tools\compiler\ti-cgt-armllvm_4.0.4.LTS\lib\armv6m-ti-none-eabi\c\</path>
         <kind>archive</kind>
         <file>libc.a</file>
         <name>wcslen.c.obj</name>
      </input_file>
      <input_file id="fl-49">
         <path>C:\ti\ccs2050\ccs\tools\compiler\ti-cgt-armllvm_4.0.4.LTS\lib\armv6m-ti-none-eabi\c\</path>
         <kind>archive</kind>
         <file>libc.a</file>
         <name>fflush.c.obj</name>
      </input_file>
      <input_file id="fl-4a">
         <path>C:\ti\ccs2050\ccs\tools\compiler\ti-cgt-armllvm_4.0.4.LTS\lib\armv6m-ti-none-eabi\c\</path>
         <kind>archive</kind>
         <file>libc.a</file>
         <name>fputs.c.obj</name>
      </input_file>
      <input_file id="fl-4b">
         <path>C:\ti\ccs2050\ccs\tools\compiler\ti-cgt-armllvm_4.0.4.LTS\lib\armv6m-ti-none-eabi\c\</path>
         <kind>archive</kind>
         <file>libc.a</file>
         <name>_io_perm.c.obj</name>
      </input_file>
      <input_file id="fl-4c">
         <path>C:\ti\ccs2050\ccs\tools\compiler\ti-cgt-armllvm_4.0.4.LTS\lib\armv6m-ti-none-eabi\c\</path>
         <kind>archive</kind>
         <file>libc.a</file>
         <name>setvbuf.c.obj</name>
      </input_file>
      <input_file id="fl-4d">
         <path>C:\ti\ccs2050\ccs\tools\compiler\ti-cgt-armllvm_4.0.4.LTS\lib\armv6m-ti-none-eabi\c\</path>
         <kind>archive</kind>
         <file>libc.a</file>
         <name>aeabi_ctype.S.obj</name>
      </input_file>
      <input_file id="fl-4e">
         <path>C:\ti\ccs2050\ccs\tools\compiler\ti-cgt-armllvm_4.0.4.LTS\lib\armv6m-ti-none-eabi\c\</path>
         <kind>archive</kind>
         <file>libc.a</file>
         <name>fopen.c.obj</name>
      </input_file>
      <input_file id="fl-4f">
         <path>C:\ti\ccs2050\ccs\tools\compiler\ti-cgt-armllvm_4.0.4.LTS\lib\armv6m-ti-none-eabi\c\</path>
         <kind>archive</kind>
         <file>libc.a</file>
         <name>fseek.c.obj</name>
      </input_file>
      <input_file id="fl-50">
         <path>C:\ti\ccs2050\ccs\tools\compiler\ti-cgt-armllvm_4.0.4.LTS\lib\armv6m-ti-none-eabi\c\</path>
         <kind>archive</kind>
         <file>libc.a</file>
         <name>fclose.c.obj</name>
      </input_file>
      <input_file id="fl-f0">
         <path>C:\ti\ccs2050\ccs\tools\compiler\ti-cgt-armllvm_4.0.4.LTS\lib\armv6m-ti-none-eabi\c\</path>
         <kind>archive</kind>
         <file>libsysbm.a</file>
         <name>hostexit.c.obj</name>
      </input_file>
      <input_file id="fl-f1">
         <path>C:\ti\ccs2050\ccs\tools\compiler\ti-cgt-armllvm_4.0.4.LTS\lib\armv6m-ti-none-eabi\c\</path>
         <kind>archive</kind>
         <file>libsysbm.a</file>
         <name>write.c.obj</name>
      </input_file>
      <input_file id="fl-f2">
         <path>C:\ti\ccs2050\ccs\tools\compiler\ti-cgt-armllvm_4.0.4.LTS\lib\armv6m-ti-none-eabi\c\</path>
         <kind>archive</kind>
         <file>libsysbm.a</file>
         <name>host_device.c.obj</name>
      </input_file>
      <input_file id="fl-f3">
         <path>C:\ti\ccs2050\ccs\tools\compiler\ti-cgt-armllvm_4.0.4.LTS\lib\armv6m-ti-none-eabi\c\</path>
         <kind>archive</kind>
         <file>libsysbm.a</file>
         <name>remove.c.obj</name>
      </input_file>
      <input_file id="fl-f4">
         <path>C:\ti\ccs2050\ccs\tools\compiler\ti-cgt-armllvm_4.0.4.LTS\lib\armv6m-ti-none-eabi\c\</path>
         <kind>archive</kind>
         <file>libsysbm.a</file>
         <name>open.c.obj</name>
      </input_file>
      <input_file id="fl-f5">
         <path>C:\ti\ccs2050\ccs\tools\compiler\ti-cgt-armllvm_4.0.4.LTS\lib\armv6m-ti-none-eabi\c\</path>
         <kind>archive</kind>
         <file>libsysbm.a</file>
         <name>lseek.c.obj</name>
      </input_file>
      <input_file id="fl-f6">
         <path>C:\ti\ccs2050\ccs\tools\compiler\ti-cgt-armllvm_4.0.4.LTS\lib\armv6m-ti-none-eabi\c\</path>
         <kind>archive</kind>
         <file>libsysbm.a</file>
         <name>close.c.obj</name>
      </input_file>
      <input_file id="fl-f7">
         <path>C:\ti\ccs2050\ccs\tools\compiler\ti-cgt-armllvm_4.0.4.LTS\lib\armv6m-ti-none-eabi\c\</path>
         <kind>archive</kind>
         <file>libsysbm.a</file>
         <name>unlink.c.obj</name>
      </input_file>
      <input_file id="fl-f8">
         <path>C:\ti\ccs2050\ccs\tools\compiler\ti-cgt-armllvm_4.0.4.LTS\lib\armv6m-ti-none-eabi\c\</path>
         <kind>archive</kind>
         <file>libsysbm.a</file>
         <name>hostclose.c.obj</name>
      </input_file>
      <input_file id="fl-f9">
         <path>C:\ti\ccs2050\ccs\tools\compiler\ti-cgt-armllvm_4.0.4.LTS\lib\armv6m-ti-none-eabi\c\</path>
         <kind>archive</kind>
         <file>libsysbm.a</file>
         <name>hostlseek.c.obj</name>
      </input_file>
      <input_file id="fl-fa">
         <path>C:\ti\ccs2050\ccs\tools\compiler\ti-cgt-armllvm_4.0.4.LTS\lib\armv6m-ti-none-eabi\c\</path>
         <kind>archive</kind>
         <file>libsysbm.a</file>
         <name>hostopen.c.obj</name>
      </input_file>
      <input_file id="fl-fb">
         <path>C:\ti\ccs2050\ccs\tools\compiler\ti-cgt-armllvm_4.0.4.LTS\lib\armv6m-ti-none-eabi\c\</path>
         <kind>archive</kind>
         <file>libsysbm.a</file>
         <name>hostread.c.obj</name>
      </input_file>
      <input_file id="fl-fc">
         <path>C:\ti\ccs2050\ccs\tools\compiler\ti-cgt-armllvm_4.0.4.LTS\lib\armv6m-ti-none-eabi\c\</path>
         <kind>archive</kind>
         <file>libsysbm.a</file>
         <name>hostrename.c.obj</name>
      </input_file>
      <input_file id="fl-fd">
         <path>C:\ti\ccs2050\ccs\tools\compiler\ti-cgt-armllvm_4.0.4.LTS\lib\armv6m-ti-none-eabi\c\</path>
         <kind>archive</kind>
         <file>libsysbm.a</file>
         <name>hostunlink.c.obj</name>
      </input_file>
      <input_file id="fl-fe">
         <path>C:\ti\ccs2050\ccs\tools\compiler\ti-cgt-armllvm_4.0.4.LTS\lib\armv6m-ti-none-eabi\c\</path>
         <kind>archive</kind>
         <file>libsysbm.a</file>
         <name>hostwrite.c.obj</name>
      </input_file>
      <input_file id="fl-ff">
         <path>C:\ti\ccs2050\ccs\tools\compiler\ti-cgt-armllvm_4.0.4.LTS\lib\armv6m-ti-none-eabi\c\</path>
         <kind>archive</kind>
         <file>libsysbm.a</file>
         <name>trgmsg.c.obj</name>
      </input_file>
      <input_file id="fl-100">
         <path>C:\ti\ccs2050\ccs\tools\compiler\ti-cgt-armllvm_4.0.4.LTS\lib\armv6m-ti-none-eabi\</path>
         <kind>archive</kind>
         <file>libclang_rt.builtins.a</file>
         <name>addsf3.S.obj</name>
      </input_file>
      <input_file id="fl-101">
         <path>C:\ti\ccs2050\ccs\tools\compiler\ti-cgt-armllvm_4.0.4.LTS\lib\armv6m-ti-none-eabi\</path>
         <kind>archive</kind>
         <file>libclang_rt.builtins.a</file>
         <name>adddf3.S.obj</name>
      </input_file>
      <input_file id="fl-102">
         <path>C:\ti\ccs2050\ccs\tools\compiler\ti-cgt-armllvm_4.0.4.LTS\lib\armv6m-ti-none-eabi\</path>
         <kind>archive</kind>
         <file>libclang_rt.builtins.a</file>
         <name>muldf3.S.obj</name>
      </input_file>
      <input_file id="fl-103">
         <path>C:\ti\ccs2050\ccs\tools\compiler\ti-cgt-armllvm_4.0.4.LTS\lib\armv6m-ti-none-eabi\</path>
         <kind>archive</kind>
         <file>libclang_rt.builtins.a</file>
         <name>muldsi3.S.obj</name>
      </input_file>
      <input_file id="fl-104">
         <path>C:\ti\ccs2050\ccs\tools\compiler\ti-cgt-armllvm_4.0.4.LTS\lib\armv6m-ti-none-eabi\</path>
         <kind>archive</kind>
         <file>libclang_rt.builtins.a</file>
         <name>mulsf3.S.obj</name>
      </input_file>
      <input_file id="fl-105">
         <path>C:\ti\ccs2050\ccs\tools\compiler\ti-cgt-armllvm_4.0.4.LTS\lib\armv6m-ti-none-eabi\</path>
         <kind>archive</kind>
         <file>libclang_rt.builtins.a</file>
         <name>divsf3.S.obj</name>
      </input_file>
      <input_file id="fl-106">
         <path>C:\ti\ccs2050\ccs\tools\compiler\ti-cgt-armllvm_4.0.4.LTS\lib\armv6m-ti-none-eabi\</path>
         <kind>archive</kind>
         <file>libclang_rt.builtins.a</file>
         <name>divdf3.S.obj</name>
      </input_file>
      <input_file id="fl-107">
         <path>C:\ti\ccs2050\ccs\tools\compiler\ti-cgt-armllvm_4.0.4.LTS\lib\armv6m-ti-none-eabi\</path>
         <kind>archive</kind>
         <file>libclang_rt.builtins.a</file>
         <name>fixdfsi.S.obj</name>
      </input_file>
      <input_file id="fl-108">
         <path>C:\ti\ccs2050\ccs\tools\compiler\ti-cgt-armllvm_4.0.4.LTS\lib\armv6m-ti-none-eabi\</path>
         <kind>archive</kind>
         <file>libclang_rt.builtins.a</file>
         <name>fixsfsi.S.obj</name>
      </input_file>
      <input_file id="fl-109">
         <path>C:\ti\ccs2050\ccs\tools\compiler\ti-cgt-armllvm_4.0.4.LTS\lib\armv6m-ti-none-eabi\</path>
         <kind>archive</kind>
         <file>libclang_rt.builtins.a</file>
         <name>floatsidf.S.obj</name>
      </input_file>
      <input_file id="fl-10a">
         <path>C:\ti\ccs2050\ccs\tools\compiler\ti-cgt-armllvm_4.0.4.LTS\lib\armv6m-ti-none-eabi\</path>
         <kind>archive</kind>
         <file>libclang_rt.builtins.a</file>
         <name>floatsisf.S.obj</name>
      </input_file>
      <input_file id="fl-10b">
         <path>C:\ti\ccs2050\ccs\tools\compiler\ti-cgt-armllvm_4.0.4.LTS\lib\armv6m-ti-none-eabi\</path>
         <kind>archive</kind>
         <file>libclang_rt.builtins.a</file>
         <name>floatunsidf.S.obj</name>
      </input_file>
      <input_file id="fl-10c">
         <path>C:\ti\ccs2050\ccs\tools\compiler\ti-cgt-armllvm_4.0.4.LTS\lib\armv6m-ti-none-eabi\</path>
         <kind>archive</kind>
         <file>libclang_rt.builtins.a</file>
         <name>floatunsisf.S.obj</name>
      </input_file>
      <input_file id="fl-10d">
         <path>C:\ti\ccs2050\ccs\tools\compiler\ti-cgt-armllvm_4.0.4.LTS\lib\armv6m-ti-none-eabi\</path>
         <kind>archive</kind>
         <file>libclang_rt.builtins.a</file>
         <name>muldi3.S.obj</name>
      </input_file>
      <input_file id="fl-10e">
         <path>C:\ti\ccs2050\ccs\tools\compiler\ti-cgt-armllvm_4.0.4.LTS\lib\armv6m-ti-none-eabi\</path>
         <kind>archive</kind>
         <file>libclang_rt.builtins.a</file>
         <name>aeabi_dcmp.S.obj</name>
      </input_file>
      <input_file id="fl-10f">
         <path>C:\ti\ccs2050\ccs\tools\compiler\ti-cgt-armllvm_4.0.4.LTS\lib\armv6m-ti-none-eabi\</path>
         <kind>archive</kind>
         <file>libclang_rt.builtins.a</file>
         <name>aeabi_fcmp.S.obj</name>
      </input_file>
      <input_file id="fl-110">
         <path>C:\ti\ccs2050\ccs\tools\compiler\ti-cgt-armllvm_4.0.4.LTS\lib\armv6m-ti-none-eabi\</path>
         <kind>archive</kind>
         <file>libclang_rt.builtins.a</file>
         <name>aeabi_idivmod.S.obj</name>
      </input_file>
      <input_file id="fl-111">
         <path>C:\ti\ccs2050\ccs\tools\compiler\ti-cgt-armllvm_4.0.4.LTS\lib\armv6m-ti-none-eabi\</path>
         <kind>archive</kind>
         <file>libclang_rt.builtins.a</file>
         <name>aeabi_memcpy.S.obj</name>
      </input_file>
      <input_file id="fl-112">
         <path>C:\ti\ccs2050\ccs\tools\compiler\ti-cgt-armllvm_4.0.4.LTS\lib\armv6m-ti-none-eabi\</path>
         <kind>archive</kind>
         <file>libclang_rt.builtins.a</file>
         <name>aeabi_memset.S.obj</name>
      </input_file>
      <input_file id="fl-113">
         <path>C:\ti\ccs2050\ccs\tools\compiler\ti-cgt-armllvm_4.0.4.LTS\lib\armv6m-ti-none-eabi\</path>
         <kind>archive</kind>
         <file>libclang_rt.builtins.a</file>
         <name>aeabi_uidivmod.S.obj</name>
      </input_file>
      <input_file id="fl-114">
         <path>C:\ti\ccs2050\ccs\tools\compiler\ti-cgt-armllvm_4.0.4.LTS\lib\armv6m-ti-none-eabi\</path>
         <kind>archive</kind>
         <file>libclang_rt.builtins.a</file>
         <name>aeabi_uldivmod.S.obj</name>
      </input_file>
      <input_file id="fl-115">
         <path>C:\ti\ccs2050\ccs\tools\compiler\ti-cgt-armllvm_4.0.4.LTS\lib\armv6m-ti-none-eabi\</path>
         <kind>archive</kind>
         <file>libclang_rt.builtins.a</file>
         <name>comparesf2.S.obj</name>
      </input_file>
      <input_file id="fl-116">
         <path>C:\ti\ccs2050\ccs\tools\compiler\ti-cgt-armllvm_4.0.4.LTS\lib\armv6m-ti-none-eabi\</path>
         <kind>archive</kind>
         <file>libclang_rt.builtins.a</file>
         <name>udivmoddi4.S.obj</name>
      </input_file>
      <input_file id="fl-117">
         <path>C:\ti\ccs2050\ccs\tools\compiler\ti-cgt-armllvm_4.0.4.LTS\lib\armv6m-ti-none-eabi\</path>
         <kind>archive</kind>
         <file>libclang_rt.builtins.a</file>
         <name>ashldi3.S.obj</name>
      </input_file>
      <input_file id="fl-118">
         <path>C:\ti\ccs2050\ccs\tools\compiler\ti-cgt-armllvm_4.0.4.LTS\lib\armv6m-ti-none-eabi\</path>
         <kind>archive</kind>
         <file>libclang_rt.builtins.a</file>
         <name>comparedf2.c.obj</name>
      </input_file>
      <input_file id="fl-119">
         <path>C:\ti\ccs2050\ccs\tools\compiler\ti-cgt-armllvm_4.0.4.LTS\lib\armv6m-ti-none-eabi\</path>
         <kind>archive</kind>
         <file>libclang_rt.builtins.a</file>
         <name>aeabi_div0.c.obj</name>
      </input_file>
      <input_file id="fl-11a">
         <path>C:\ti\ccs2050\ccs\tools\compiler\ti-cgt-armllvm_4.0.4.LTS\lib\armv6m-ti-none-eabi\c\</path>
         <kind>archive</kind>
         <file>libc.a</file>
         <name>getdevice.c.obj</name>
      </input_file>
      <input_file id="fl-11b">
         <path>C:\ti\ccs2050\ccs\tools\compiler\ti-cgt-armllvm_4.0.4.LTS\lib\armv6m-ti-none-eabi\c\</path>
         <kind>archive</kind>
         <file>libc.a</file>
         <name>memcpy16.S.obj</name>
      </input_file>
      <input_file id="fl-11c">
         <path>C:\ti\ccs2050\ccs\tools\compiler\ti-cgt-armllvm_4.0.4.LTS\lib\armv6m-ti-none-eabi\c\</path>
         <kind>archive</kind>
         <file>libc.a</file>
         <name>memset16.S.obj</name>
      </input_file>
      <input_file id="fl-11d">
         <path>C:\ti\ccs2050\ccs\tools\compiler\ti-cgt-armllvm_4.0.4.LTS\lib\armv6m-ti-none-eabi\c\</path>
         <kind>archive</kind>
         <file>libc.a</file>
         <name>strcmp-armv6m.S.obj</name>
      </input_file>
   </input_file_list>
   <object_component_list>
      <object_component id="oc-18">
         <name>.intvecs</name>
         <load_address>0x0</load_address>
         <readonly>true</readonly>
         <run_address>0x0</run_address>
         <size>0xc0</size>
         <alignment>0x4</alignment>
         <input_file_ref idref="fl-5"/>
      </object_component>
      <object_component id="oc-1c7">
         <name>.text:__TI_printfi_nofloat</name>
         <load_address>0xc0</load_address>
         <readonly>true</readonly>
         <executable>true</executable>
         <run_address>0xc0</run_address>
         <size>0x868</size>
         <alignment>0x4</alignment>
         <input_file_ref idref="fl-3b"/>
      </object_component>
      <object_component id="oc-8b">
         <name>.text.main</name>
         <load_address>0x928</load_address>
         <readonly>true</readonly>
         <executable>true</executable>
         <run_address>0x928</run_address>
         <size>0x2bc</size>
         <alignment>0x4</alignment>
         <input_file_ref idref="fl-7"/>
      </object_component>
      <object_component id="oc-d6">
         <name>.text.dianji_rotate_to</name>
         <load_address>0xbe4</load_address>
         <readonly>true</readonly>
         <executable>true</executable>
         <run_address>0xbe4</run_address>
         <size>0x1c4</size>
         <alignment>0x4</alignment>
         <input_file_ref idref="fl-2"/>
      </object_component>
      <object_component id="oc-39">
         <name>.text.TIMA0_IRQHandler</name>
         <load_address>0xda8</load_address>
         <readonly>true</readonly>
         <executable>true</executable>
         <run_address>0xda8</run_address>
         <size>0x184</size>
         <alignment>0x4</alignment>
         <input_file_ref idref="fl-2"/>
      </object_component>
      <object_component id="oc-11a">
         <name>.text.OLED_ShowChar</name>
         <load_address>0xf2c</load_address>
         <readonly>true</readonly>
         <executable>true</executable>
         <run_address>0xf2c</run_address>
         <size>0x158</size>
         <alignment>0x4</alignment>
         <input_file_ref idref="fl-8"/>
      </object_component>
      <object_component id="oc-183">
         <name>.text.DL_Timer_initFourCCPWMMode</name>
         <load_address>0x1084</load_address>
         <readonly>true</readonly>
         <executable>true</executable>
         <run_address>0x1084</run_address>
         <size>0x104</size>
         <alignment>0x4</alignment>
         <input_file_ref idref="fl-19"/>
      </object_component>
      <object_component id="oc-cd">
         <name>.text.PID_Inc_Calc</name>
         <load_address>0x1188</load_address>
         <readonly>true</readonly>
         <executable>true</executable>
         <run_address>0x1188</run_address>
         <size>0x100</size>
         <alignment>0x2</alignment>
         <input_file_ref idref="fl-1"/>
      </object_component>
      <object_component id="oc-ad">
         <name>.text.OLED_Init</name>
         <load_address>0x1288</load_address>
         <readonly>true</readonly>
         <executable>true</executable>
         <run_address>0x1288</run_address>
         <size>0xf8</size>
         <alignment>0x2</alignment>
         <input_file_ref idref="fl-8"/>
      </object_component>
      <object_component id="oc-10b">
         <name>.text.SYSCFG_DL_GPIO_init</name>
         <load_address>0x1380</load_address>
         <readonly>true</readonly>
         <executable>true</executable>
         <run_address>0x1380</run_address>
         <size>0xf4</size>
         <alignment>0x4</alignment>
         <input_file_ref idref="fl-4"/>
      </object_component>
      <object_component id="oc-17c">
         <name>.text.SYSCFG_DL_SYSCTL_SYSPLL_init</name>
         <load_address>0x1474</load_address>
         <readonly>true</readonly>
         <executable>true</executable>
         <run_address>0x1474</run_address>
         <size>0xe8</size>
         <alignment>0x4</alignment>
         <input_file_ref idref="fl-4"/>
      </object_component>
      <object_component id="oc-17b">
         <name>.text.DL_SYSCTL_configSYSPLL</name>
         <load_address>0x155c</load_address>
         <readonly>true</readonly>
         <executable>true</executable>
         <run_address>0x155c</run_address>
         <size>0xdc</size>
         <alignment>0x4</alignment>
         <input_file_ref idref="fl-1b"/>
      </object_component>
      <object_component id="oc-138">
         <name>.text</name>
         <load_address>0x1638</load_address>
         <readonly>true</readonly>
         <executable>true</executable>
         <run_address>0x1638</run_address>
         <size>0xd8</size>
         <alignment>0x4</alignment>
         <input_file_ref idref="fl-100"/>
      </object_component>
      <object_component id="oc-34">
         <name>.text.UART3_IRQHandler</name>
         <load_address>0x1710</load_address>
         <readonly>true</readonly>
         <executable>true</executable>
         <run_address>0x1710</run_address>
         <size>0xac</size>
         <alignment>0x4</alignment>
         <input_file_ref idref="fl-9"/>
      </object_component>
      <object_component id="oc-bb">
         <name>.text.key6_init</name>
         <load_address>0x17bc</load_address>
         <readonly>true</readonly>
         <executable>true</executable>
         <run_address>0x17bc</run_address>
         <size>0xa8</size>
         <alignment>0x4</alignment>
         <input_file_ref idref="fl-6"/>
      </object_component>
      <object_component id="oc-239">
         <name>.text</name>
         <load_address>0x1864</load_address>
         <readonly>true</readonly>
         <executable>true</executable>
         <run_address>0x1864</run_address>
         <size>0xa2</size>
         <alignment>0x4</alignment>
         <input_file_ref idref="fl-116"/>
      </object_component>
      <object_component id="oc-b5">
         <name>.text.OLED_ShowString</name>
         <load_address>0x1906</load_address>
         <readonly>true</readonly>
         <executable>true</executable>
         <run_address>0x1906</run_address>
         <size>0x98</size>
         <alignment>0x2</alignment>
         <input_file_ref idref="fl-8"/>
      </object_component>
      <object_component id="oc-1b8">
         <name>.text.__aeabi_idiv0</name>
         <load_address>0x199e</load_address>
         <readonly>true</readonly>
         <executable>true</executable>
         <run_address>0x199e</run_address>
         <size>0x2</size>
         <alignment>0x2</alignment>
         <input_file_ref idref="fl-119"/>
      </object_component>
      <object_component id="oc-c2">
         <name>.text.dianji_set_origin</name>
         <load_address>0x19a0</load_address>
         <readonly>true</readonly>
         <executable>true</executable>
         <run_address>0x19a0</run_address>
         <size>0x94</size>
         <alignment>0x4</alignment>
         <input_file_ref idref="fl-2"/>
      </object_component>
      <object_component id="oc-10a">
         <name>.text.SYSCFG_DL_initPower</name>
         <load_address>0x1a34</load_address>
         <readonly>true</readonly>
         <executable>true</executable>
         <run_address>0x1a34</run_address>
         <size>0x8c</size>
         <alignment>0x4</alignment>
         <input_file_ref idref="fl-4"/>
      </object_component>
      <object_component id="oc-140">
         <name>.text.__mulsf3</name>
         <load_address>0x1ac0</load_address>
         <readonly>true</readonly>
         <executable>true</executable>
         <run_address>0x1ac0</run_address>
         <size>0x8c</size>
         <alignment>0x4</alignment>
         <input_file_ref idref="fl-104"/>
      </object_component>
      <object_component id="oc-ce">
         <name>.text.__divsf3</name>
         <load_address>0x1b4c</load_address>
         <readonly>true</readonly>
         <executable>true</executable>
         <run_address>0x1b4c</run_address>
         <size>0x82</size>
         <alignment>0x4</alignment>
         <input_file_ref idref="fl-105"/>
      </object_component>
      <object_component id="oc-267">
         <name>.text.__aeabi_ldiv0</name>
         <load_address>0x1bce</load_address>
         <readonly>true</readonly>
         <executable>true</executable>
         <run_address>0x1bce</run_address>
         <size>0x2</size>
         <alignment>0x2</alignment>
         <input_file_ref idref="fl-119"/>
      </object_component>
      <object_component id="oc-b6">
         <name>.text.OLED_Refresh</name>
         <load_address>0x1bd0</load_address>
         <readonly>true</readonly>
         <executable>true</executable>
         <run_address>0x1bd0</run_address>
         <size>0x7c</size>
         <alignment>0x4</alignment>
         <input_file_ref idref="fl-8"/>
      </object_component>
      <object_component id="oc-1c">
         <name>.text:decompress:lzss</name>
         <load_address>0x1c4c</load_address>
         <readonly>true</readonly>
         <executable>true</executable>
         <run_address>0x1c4c</run_address>
         <size>0x7c</size>
         <alignment>0x4</alignment>
         <input_file_ref idref="fl-3a"/>
      </object_component>
      <object_component id="oc-116">
         <name>.text.OLED_WR_Byte</name>
         <load_address>0x1cc8</load_address>
         <readonly>true</readonly>
         <executable>true</executable>
         <run_address>0x1cc8</run_address>
         <size>0x74</size>
         <alignment>0x4</alignment>
         <input_file_ref idref="fl-8"/>
      </object_component>
      <object_component id="oc-10c">
         <name>.text.SYSCFG_DL_SYSCTL_init</name>
         <load_address>0x1d3c</load_address>
         <readonly>true</readonly>
         <executable>true</executable>
         <run_address>0x1d3c</run_address>
         <size>0x74</size>
         <alignment>0x4</alignment>
         <input_file_ref idref="fl-4"/>
      </object_component>
      <object_component id="oc-228">
         <name>.text.__gedf2</name>
         <load_address>0x1db0</load_address>
         <readonly>true</readonly>
         <executable>true</executable>
         <run_address>0x1db0</run_address>
         <size>0x74</size>
         <alignment>0x4</alignment>
         <input_file_ref idref="fl-118"/>
      </object_component>
      <object_component id="oc-10d">
         <name>.text.SYSCFG_DL_DCC_PWM_init</name>
         <load_address>0x1e24</load_address>
         <readonly>true</readonly>
         <executable>true</executable>
         <run_address>0x1e24</run_address>
         <size>0x70</size>
         <alignment>0x4</alignment>
         <input_file_ref idref="fl-4"/>
      </object_component>
      <object_component id="oc-222">
         <name>.text.__ledf2</name>
         <load_address>0x1e94</load_address>
         <readonly>true</readonly>
         <executable>true</executable>
         <run_address>0x1e94</run_address>
         <size>0x68</size>
         <alignment>0x4</alignment>
         <input_file_ref idref="fl-118"/>
      </object_component>
      <object_component id="oc-175">
         <name>.text.DL_SYSCTL_setHFCLKSourceHFXTParams</name>
         <load_address>0x1efc</load_address>
         <readonly>true</readonly>
         <executable>true</executable>
         <run_address>0x1efc</run_address>
         <size>0x64</size>
         <alignment>0x4</alignment>
         <input_file_ref idref="fl-1b"/>
      </object_component>
      <object_component id="oc-1b1">
         <name>.text.OLED_ClearPoint</name>
         <load_address>0x1f60</load_address>
         <readonly>true</readonly>
         <executable>true</executable>
         <run_address>0x1f60</run_address>
         <size>0x64</size>
         <alignment>0x4</alignment>
         <input_file_ref idref="fl-8"/>
      </object_component>
      <object_component id="oc-1ef">
         <name>.text.__aeabi_dcmp</name>
         <load_address>0x1fc4</load_address>
         <readonly>true</readonly>
         <executable>true</executable>
         <run_address>0x1fc4</run_address>
         <size>0x62</size>
         <alignment>0x4</alignment>
         <input_file_ref idref="fl-10e"/>
      </object_component>
      <object_component id="oc-13c">
         <name>.text.__aeabi_fcmp</name>
         <load_address>0x2028</load_address>
         <readonly>true</readonly>
         <executable>true</executable>
         <run_address>0x2028</run_address>
         <size>0x62</size>
         <alignment>0x4</alignment>
         <input_file_ref idref="fl-10f"/>
      </object_component>
      <object_component id="oc-b4">
         <name>.text.OLED_Clear</name>
         <load_address>0x208c</load_address>
         <readonly>true</readonly>
         <executable>true</executable>
         <run_address>0x208c</run_address>
         <size>0x60</size>
         <alignment>0x4</alignment>
         <input_file_ref idref="fl-8"/>
      </object_component>
      <object_component id="oc-10e">
         <name>.text.SYSCFG_DL_OLED_init</name>
         <load_address>0x20ec</load_address>
         <readonly>true</readonly>
         <executable>true</executable>
         <run_address>0x20ec</run_address>
         <size>0x60</size>
         <alignment>0x4</alignment>
         <input_file_ref idref="fl-4"/>
      </object_component>
      <object_component id="oc-1ae">
         <name>.text.DL_I2C_fillControllerTXFIFO</name>
         <load_address>0x214c</load_address>
         <readonly>true</readonly>
         <executable>true</executable>
         <run_address>0x214c</run_address>
         <size>0x5e</size>
         <alignment>0x2</alignment>
         <input_file_ref idref="fl-18"/>
      </object_component>
      <object_component id="oc-146">
         <name>.text.__aeabi_idivmod</name>
         <load_address>0x21ac</load_address>
         <readonly>true</readonly>
         <executable>true</executable>
         <run_address>0x21ac</run_address>
         <size>0x56</size>
         <alignment>0x4</alignment>
         <input_file_ref idref="fl-110"/>
      </object_component>
      <object_component id="oc-16a">
         <name>.text.DL_GPIO_initPeripheralInputFunctionFeatures</name>
         <load_address>0x2204</load_address>
         <readonly>true</readonly>
         <executable>true</executable>
         <run_address>0x2204</run_address>
         <size>0x50</size>
         <alignment>0x4</alignment>
         <input_file_ref idref="fl-4"/>
      </object_component>
      <object_component id="oc-1af">
         <name>.text.DL_I2C_startControllerTransfer</name>
         <load_address>0x2254</load_address>
         <readonly>true</readonly>
         <executable>true</executable>
         <run_address>0x2254</run_address>
         <size>0x50</size>
         <alignment>0x4</alignment>
         <input_file_ref idref="fl-8"/>
      </object_component>
      <object_component id="oc-16e">
         <name>.text.DL_GPIO_initDigitalInputFeatures</name>
         <load_address>0x22a4</load_address>
         <readonly>true</readonly>
         <executable>true</executable>
         <run_address>0x22a4</run_address>
         <size>0x4c</size>
         <alignment>0x4</alignment>
         <input_file_ref idref="fl-4"/>
      </object_component>
      <object_component id="oc-1a4">
         <name>.text.DL_UART_setBaudRateDivisor</name>
         <load_address>0x22f0</load_address>
         <readonly>true</readonly>
         <executable>true</executable>
         <run_address>0x22f0</run_address>
         <size>0x4c</size>
         <alignment>0x4</alignment>
         <input_file_ref idref="fl-4"/>
      </object_component>
      <object_component id="oc-bd">
         <name>.text.PID_Inc_Init</name>
         <load_address>0x233c</load_address>
         <readonly>true</readonly>
         <executable>true</executable>
         <run_address>0x233c</run_address>
         <size>0x4c</size>
         <alignment>0x2</alignment>
         <input_file_ref idref="fl-1"/>
      </object_component>
      <object_component id="oc-1a2">
         <name>.text.DL_UART_init</name>
         <load_address>0x2388</load_address>
         <readonly>true</readonly>
         <executable>true</executable>
         <run_address>0x2388</run_address>
         <size>0x48</size>
         <alignment>0x4</alignment>
         <input_file_ref idref="fl-1a"/>
      </object_component>
      <object_component id="oc-b3">
         <name>.text.OLED_DisplayTurn</name>
         <load_address>0x23d0</load_address>
         <readonly>true</readonly>
         <executable>true</executable>
         <run_address>0x23d0</run_address>
         <size>0x48</size>
         <alignment>0x2</alignment>
         <input_file_ref idref="fl-8"/>
      </object_component>
      <object_component id="oc-1b0">
         <name>.text.OLED_DrawPoint</name>
         <load_address>0x2418</load_address>
         <readonly>true</readonly>
         <executable>true</executable>
         <run_address>0x2418</run_address>
         <size>0x48</size>
         <alignment>0x4</alignment>
         <input_file_ref idref="fl-8"/>
      </object_component>
      <object_component id="oc-111">
         <name>.text.SYSCFG_DL_K230_init</name>
         <load_address>0x2460</load_address>
         <readonly>true</readonly>
         <executable>true</executable>
         <run_address>0x2460</run_address>
         <size>0x48</size>
         <alignment>0x4</alignment>
         <input_file_ref idref="fl-4"/>
      </object_component>
      <object_component id="oc-10f">
         <name>.text.SYSCFG_DL_PRINT_init</name>
         <load_address>0x24a8</load_address>
         <readonly>true</readonly>
         <executable>true</executable>
         <run_address>0x24a8</run_address>
         <size>0x48</size>
         <alignment>0x4</alignment>
         <input_file_ref idref="fl-4"/>
      </object_component>
      <object_component id="oc-180">
         <name>.text.DL_SYSCTL_switchMCLKfromSYSOSCtoHSCLK</name>
         <load_address>0x24f0</load_address>
         <readonly>true</readonly>
         <executable>true</executable>
         <run_address>0x24f0</run_address>
         <size>0x44</size>
         <alignment>0x4</alignment>
         <input_file_ref idref="fl-1b"/>
      </object_component>
      <object_component id="oc-110">
         <name>.text.SYSCFG_DL_DCC101_v1_2_init</name>
         <load_address>0x2534</load_address>
         <readonly>true</readonly>
         <executable>true</executable>
         <run_address>0x2534</run_address>
         <size>0x40</size>
         <alignment>0x4</alignment>
         <input_file_ref idref="fl-4"/>
      </object_component>
      <object_component id="oc-123">
         <name>.text.__aeabi_uidivmod</name>
         <load_address>0x2574</load_address>
         <readonly>true</readonly>
         <executable>true</executable>
         <run_address>0x2574</run_address>
         <size>0x40</size>
         <alignment>0x4</alignment>
         <input_file_ref idref="fl-113"/>
      </object_component>
      <object_component id="oc-205">
         <name>.text.atoi</name>
         <load_address>0x25b4</load_address>
         <readonly>true</readonly>
         <executable>true</executable>
         <run_address>0x25b4</run_address>
         <size>0x40</size>
         <alignment>0x4</alignment>
         <input_file_ref idref="fl-42"/>
      </object_component>
      <object_component id="oc-184">
         <name>.text.DL_Timer_setCounterControl</name>
         <load_address>0x25f4</load_address>
         <readonly>true</readonly>
         <executable>true</executable>
         <run_address>0x25f4</run_address>
         <size>0x3c</size>
         <alignment>0x4</alignment>
         <input_file_ref idref="fl-4"/>
      </object_component>
      <object_component id="oc-a8">
         <name>.text.SYSCFG_DL_init</name>
         <load_address>0x2630</load_address>
         <readonly>true</readonly>
         <executable>true</executable>
         <run_address>0x2630</run_address>
         <size>0x3c</size>
         <alignment>0x4</alignment>
         <input_file_ref idref="fl-4"/>
      </object_component>
      <object_component id="oc-14a">
         <name>.text.__floatsisf</name>
         <load_address>0x266c</load_address>
         <readonly>true</readonly>
         <executable>true</executable>
         <run_address>0x266c</run_address>
         <size>0x3c</size>
         <alignment>0x4</alignment>
         <input_file_ref idref="fl-10a"/>
      </object_component>
      <object_component id="oc-1cf">
         <name>.text.__gtsf2</name>
         <load_address>0x26a8</load_address>
         <readonly>true</readonly>
         <executable>true</executable>
         <run_address>0x26a8</run_address>
         <size>0x3c</size>
         <alignment>0x4</alignment>
         <input_file_ref idref="fl-115"/>
      </object_component>
      <object_component id="oc-f1">
         <name>.text:__TI_auto_init_nobinit_nopinit</name>
         <load_address>0x26e4</load_address>
         <readonly>true</readonly>
         <executable>true</executable>
         <run_address>0x26e4</run_address>
         <size>0x3c</size>
         <alignment>0x4</alignment>
         <input_file_ref idref="fl-35"/>
      </object_component>
      <object_component id="oc-1ca">
         <name>.text.__eqsf2</name>
         <load_address>0x2720</load_address>
         <readonly>true</readonly>
         <executable>true</executable>
         <run_address>0x2720</run_address>
         <size>0x3a</size>
         <alignment>0x4</alignment>
         <input_file_ref idref="fl-115"/>
      </object_component>
      <object_component id="oc-1d1">
         <name>.text.__muldsi3</name>
         <load_address>0x275c</load_address>
         <readonly>true</readonly>
         <executable>true</executable>
         <run_address>0x275c</run_address>
         <size>0x3a</size>
         <alignment>0x4</alignment>
         <input_file_ref idref="fl-103"/>
      </object_component>
      <object_component id="oc-d2">
         <name>.text.__fixsfsi</name>
         <load_address>0x2798</load_address>
         <readonly>true</readonly>
         <executable>true</executable>
         <run_address>0x2798</run_address>
         <size>0x38</size>
         <alignment>0x4</alignment>
         <input_file_ref idref="fl-108"/>
      </object_component>
      <object_component id="oc-c3">
         <name>.text.sprintf</name>
         <load_address>0x27d0</load_address>
         <readonly>true</readonly>
         <executable>true</executable>
         <run_address>0x27d0</run_address>
         <size>0x38</size>
         <alignment>0x4</alignment>
         <input_file_ref idref="fl-32"/>
      </object_component>
      <object_component id="oc-b2">
         <name>.text.OLED_ColorTurn</name>
         <load_address>0x2808</load_address>
         <readonly>true</readonly>
         <executable>true</executable>
         <run_address>0x2808</run_address>
         <size>0x34</size>
         <alignment>0x2</alignment>
         <input_file_ref idref="fl-8"/>
      </object_component>
      <object_component id="oc-131">
         <name>.text.UART_send_buffer</name>
         <load_address>0x283c</load_address>
         <readonly>true</readonly>
         <executable>true</executable>
         <run_address>0x283c</run_address>
         <size>0x34</size>
         <alignment>0x2</alignment>
         <input_file_ref idref="fl-9"/>
      </object_component>
      <object_component id="oc-6b">
         <name>.text.get_key_state</name>
         <load_address>0x2870</load_address>
         <readonly>true</readonly>
         <executable>true</executable>
         <run_address>0x2870</run_address>
         <size>0x34</size>
         <alignment>0x2</alignment>
         <input_file_ref idref="fl-6"/>
      </object_component>
      <object_component id="oc-1fb">
         <name>.text.DL_UART_transmitDataBlocking</name>
         <load_address>0x28a4</load_address>
         <readonly>true</readonly>
         <executable>true</executable>
         <run_address>0x28a4</run_address>
         <size>0x30</size>
         <alignment>0x4</alignment>
         <input_file_ref idref="fl-1a"/>
      </object_component>
      <object_component id="oc-122">
         <name>.text.__NVIC_EnableIRQ</name>
         <load_address>0x28d4</load_address>
         <readonly>true</readonly>
         <executable>true</executable>
         <run_address>0x28d4</run_address>
         <size>0x2c</size>
         <alignment>0x4</alignment>
         <input_file_ref idref="fl-6"/>
      </object_component>
      <object_component id="oc-bc">
         <name>.text.__NVIC_EnableIRQ</name>
         <load_address>0x2900</load_address>
         <readonly>true</readonly>
         <executable>true</executable>
         <run_address>0x2900</run_address>
         <size>0x2c</size>
         <alignment>0x4</alignment>
         <input_file_ref idref="fl-7"/>
      </object_component>
      <object_component id="oc-1f7">
         <name>.text.DL_Common_updateReg</name>
         <load_address>0x292c</load_address>
         <readonly>true</readonly>
         <executable>true</executable>
         <run_address>0x292c</run_address>
         <size>0x28</size>
         <alignment>0x2</alignment>
         <input_file_ref idref="fl-8"/>
      </object_component>
      <object_component id="oc-1e3">
         <name>.text.DL_Common_updateReg</name>
         <load_address>0x2954</load_address>
         <readonly>true</readonly>
         <executable>true</executable>
         <run_address>0x2954</run_address>
         <size>0x28</size>
         <alignment>0x2</alignment>
         <input_file_ref idref="fl-4"/>
      </object_component>
      <object_component id="oc-198">
         <name>.text.DL_I2C_setControllerRXFIFOThreshold</name>
         <load_address>0x297c</load_address>
         <readonly>true</readonly>
         <executable>true</executable>
         <run_address>0x297c</run_address>
         <size>0x28</size>
         <alignment>0x4</alignment>
         <input_file_ref idref="fl-4"/>
      </object_component>
      <object_component id="oc-197">
         <name>.text.DL_I2C_setControllerTXFIFOThreshold</name>
         <load_address>0x29a4</load_address>
         <readonly>true</readonly>
         <executable>true</executable>
         <run_address>0x29a4</run_address>
         <size>0x28</size>
         <alignment>0x4</alignment>
         <input_file_ref idref="fl-4"/>
      </object_component>
      <object_component id="oc-c9">
         <name>.text.__floatunsisf</name>
         <load_address>0x29cc</load_address>
         <readonly>true</readonly>
         <executable>true</executable>
         <run_address>0x29cc</run_address>
         <size>0x28</size>
         <alignment>0x4</alignment>
         <input_file_ref idref="fl-10c"/>
      </object_component>
      <object_component id="oc-59">
         <name>.text:_c_int00_noargs</name>
         <load_address>0x29f4</load_address>
         <readonly>true</readonly>
         <executable>true</executable>
         <run_address>0x29f4</run_address>
         <size>0x28</size>
         <alignment>0x4</alignment>
         <input_file_ref idref="fl-33"/>
      </object_component>
      <object_component id="oc-192">
         <name>.text.DL_I2C_setAnalogGlitchFilterPulseWidth</name>
         <load_address>0x2a1c</load_address>
         <readonly>true</readonly>
         <executable>true</executable>
         <run_address>0x2a1c</run_address>
         <size>0x26</size>
         <alignment>0x2</alignment>
         <input_file_ref idref="fl-4"/>
      </object_component>
      <object_component id="oc-18c">
         <name>.text.DL_I2C_setClockConfig</name>
         <load_address>0x2a42</load_address>
         <readonly>true</readonly>
         <executable>true</executable>
         <run_address>0x2a42</run_address>
         <size>0x26</size>
         <alignment>0x2</alignment>
         <input_file_ref idref="fl-18"/>
      </object_component>
      <object_component id="oc-194">
         <name>.text.DL_I2C_setDigitalGlitchFilterPulseWidth</name>
         <load_address>0x2a68</load_address>
         <readonly>true</readonly>
         <executable>true</executable>
         <run_address>0x2a68</run_address>
         <size>0x24</size>
         <alignment>0x2</alignment>
         <input_file_ref idref="fl-4"/>
      </object_component>
      <object_component id="oc-1eb">
         <name>.text.__floatunsidf</name>
         <load_address>0x2a8c</load_address>
         <readonly>true</readonly>
         <executable>true</executable>
         <run_address>0x2a8c</run_address>
         <size>0x24</size>
         <alignment>0x4</alignment>
         <input_file_ref idref="fl-10b"/>
      </object_component>
      <object_component id="oc-212">
         <name>.text.__muldi3</name>
         <load_address>0x2ab0</load_address>
         <readonly>true</readonly>
         <executable>true</executable>
         <run_address>0x2ab0</run_address>
         <size>0x24</size>
         <alignment>0x4</alignment>
         <input_file_ref idref="fl-10d"/>
      </object_component>
      <object_component id="oc-1fe">
         <name>.text.memccpy</name>
         <load_address>0x2ad4</load_address>
         <readonly>true</readonly>
         <executable>true</executable>
         <run_address>0x2ad4</run_address>
         <size>0x22</size>
         <alignment>0x2</alignment>
         <input_file_ref idref="fl-44"/>
      </object_component>
      <object_component id="oc-16c">
         <name>.text.DL_GPIO_initPeripheralInputFunction</name>
         <load_address>0x2af8</load_address>
         <readonly>true</readonly>
         <executable>true</executable>
         <run_address>0x2af8</run_address>
         <size>0x20</size>
         <alignment>0x4</alignment>
         <input_file_ref idref="fl-4"/>
      </object_component>
      <object_component id="oc-171">
         <name>.text.DL_SYSCTL_setFlashWaitState</name>
         <load_address>0x2b18</load_address>
         <readonly>true</readonly>
         <executable>true</executable>
         <run_address>0x2b18</run_address>
         <size>0x20</size>
         <alignment>0x4</alignment>
         <input_file_ref idref="fl-4"/>
      </object_component>
      <object_component id="oc-1a3">
         <name>.text.DL_UART_setOversampling</name>
         <load_address>0x2b38</load_address>
         <readonly>true</readonly>
         <executable>true</executable>
         <run_address>0x2b38</run_address>
         <size>0x1e</size>
         <alignment>0x2</alignment>
         <input_file_ref idref="fl-4"/>
      </object_component>
      <object_component id="oc-268">
         <name>.text.__ashldi3</name>
         <load_address>0x2b58</load_address>
         <readonly>true</readonly>
         <executable>true</executable>
         <run_address>0x2b58</run_address>
         <size>0x1e</size>
         <alignment>0x4</alignment>
         <input_file_ref idref="fl-117"/>
      </object_component>
      <object_component id="oc-16b">
         <name>.text.DL_GPIO_enableHiZ</name>
         <load_address>0x2b78</load_address>
         <readonly>true</readonly>
         <executable>true</executable>
         <run_address>0x2b78</run_address>
         <size>0x1c</size>
         <alignment>0x4</alignment>
         <input_file_ref idref="fl-4"/>
      </object_component>
      <object_component id="oc-168">
         <name>.text.DL_GPIO_initPeripheralOutputFunction</name>
         <load_address>0x2b94</load_address>
         <readonly>true</readonly>
         <executable>true</executable>
         <run_address>0x2b94</run_address>
         <size>0x1c</size>
         <alignment>0x4</alignment>
         <input_file_ref idref="fl-4"/>
      </object_component>
      <object_component id="oc-1e7">
         <name>.text.DL_SYSCTL_configFCC</name>
         <load_address>0x2bb0</load_address>
         <readonly>true</readonly>
         <executable>true</executable>
         <run_address>0x2bb0</run_address>
         <size>0x1c</size>
         <alignment>0x4</alignment>
         <input_file_ref idref="fl-1b"/>
      </object_component>
      <object_component id="oc-1e6">
         <name>.text.DL_SYSCTL_setFCCPeriods</name>
         <load_address>0x2bcc</load_address>
         <readonly>true</readonly>
         <executable>true</executable>
         <run_address>0x2bcc</run_address>
         <size>0x1c</size>
         <alignment>0x4</alignment>
         <input_file_ref idref="fl-4"/>
      </object_component>
      <object_component id="oc-172">
         <name>.text.DL_SYSCTL_setSYSOSCFreq</name>
         <load_address>0x2be8</load_address>
         <readonly>true</readonly>
         <executable>true</executable>
         <run_address>0x2be8</run_address>
         <size>0x1c</size>
         <alignment>0x4</alignment>
         <input_file_ref idref="fl-4"/>
      </object_component>
      <object_component id="oc-17f">
         <name>.text.DL_SYSCTL_setULPCLKDivider</name>
         <load_address>0x2c04</load_address>
         <readonly>true</readonly>
         <executable>true</executable>
         <run_address>0x2c04</run_address>
         <size>0x1c</size>
         <alignment>0x4</alignment>
         <input_file_ref idref="fl-4"/>
      </object_component>
      <object_component id="oc-188">
         <name>.text.DL_Timer_enableInterrupt</name>
         <load_address>0x2c20</load_address>
         <readonly>true</readonly>
         <executable>true</executable>
         <run_address>0x2c20</run_address>
         <size>0x1c</size>
         <alignment>0x4</alignment>
         <input_file_ref idref="fl-4"/>
      </object_component>
      <object_component id="oc-186">
         <name>.text.DL_Timer_setCaptCompUpdateMethod</name>
         <load_address>0x2c3c</load_address>
         <readonly>true</readonly>
         <executable>true</executable>
         <run_address>0x2c3c</run_address>
         <size>0x1c</size>
         <alignment>0x4</alignment>
         <input_file_ref idref="fl-19"/>
      </object_component>
      <object_component id="oc-182">
         <name>.text.DL_Timer_setClockConfig</name>
         <load_address>0x2c58</load_address>
         <readonly>true</readonly>
         <executable>true</executable>
         <run_address>0x2c58</run_address>
         <size>0x1c</size>
         <alignment>0x4</alignment>
         <input_file_ref idref="fl-19"/>
      </object_component>
      <object_component id="oc-1a5">
         <name>.text.DL_UART_enableInterrupt</name>
         <load_address>0x2c74</load_address>
         <readonly>true</readonly>
         <executable>true</executable>
         <run_address>0x2c74</run_address>
         <size>0x1c</size>
         <alignment>0x4</alignment>
         <input_file_ref idref="fl-4"/>
      </object_component>
      <object_component id="oc-1c0">
         <name>.text.UART_send_char</name>
         <load_address>0x2c90</load_address>
         <readonly>true</readonly>
         <executable>true</executable>
         <run_address>0x2c90</run_address>
         <size>0x1c</size>
         <alignment>0x2</alignment>
         <input_file_ref idref="fl-9"/>
      </object_component>
      <object_component id="oc-b7">
         <name>.text.delay_ms</name>
         <load_address>0x2cac</load_address>
         <readonly>true</readonly>
         <executable>true</executable>
         <run_address>0x2cac</run_address>
         <size>0x1c</size>
         <alignment>0x4</alignment>
         <input_file_ref idref="fl-3"/>
      </object_component>
      <object_component id="oc-169">
         <name>.text.DL_GPIO_enableOutput</name>
         <load_address>0x2cc8</load_address>
         <readonly>true</readonly>
         <executable>true</executable>
         <run_address>0x2cc8</run_address>
         <size>0x18</size>
         <alignment>0x4</alignment>
         <input_file_ref idref="fl-4"/>
      </object_component>
      <object_component id="oc-163">
         <name>.text.DL_GPIO_enablePower</name>
         <load_address>0x2ce0</load_address>
         <readonly>true</readonly>
         <executable>true</executable>
         <run_address>0x2ce0</run_address>
         <size>0x18</size>
         <alignment>0x4</alignment>
         <input_file_ref idref="fl-4"/>
      </object_component>
      <object_component id="oc-16d">
         <name>.text.DL_GPIO_initDigitalOutput</name>
         <load_address>0x2cf8</load_address>
         <readonly>true</readonly>
         <executable>true</executable>
         <run_address>0x2cf8</run_address>
         <size>0x18</size>
         <alignment>0x4</alignment>
         <input_file_ref idref="fl-4"/>
      </object_component>
      <object_component id="oc-167">
         <name>.text.DL_GPIO_initPeripheralAnalogFunction</name>
         <load_address>0x2d10</load_address>
         <readonly>true</readonly>
         <executable>true</executable>
         <run_address>0x2d10</run_address>
         <size>0x18</size>
         <alignment>0x4</alignment>
         <input_file_ref idref="fl-4"/>
      </object_component>
      <object_component id="oc-15f">
         <name>.text.DL_GPIO_reset</name>
         <load_address>0x2d28</load_address>
         <readonly>true</readonly>
         <executable>true</executable>
         <run_address>0x2d28</run_address>
         <size>0x18</size>
         <alignment>0x4</alignment>
         <input_file_ref idref="fl-4"/>
      </object_component>
      <object_component id="oc-193">
         <name>.text.DL_I2C_enableAnalogGlitchFilter</name>
         <load_address>0x2d40</load_address>
         <readonly>true</readonly>
         <executable>true</executable>
         <run_address>0x2d40</run_address>
         <size>0x18</size>
         <alignment>0x2</alignment>
         <input_file_ref idref="fl-4"/>
      </object_component>
      <object_component id="oc-19a">
         <name>.text.DL_I2C_enableController</name>
         <load_address>0x2d58</load_address>
         <readonly>true</readonly>
         <executable>true</executable>
         <run_address>0x2d58</run_address>
         <size>0x18</size>
         <alignment>0x4</alignment>
         <input_file_ref idref="fl-4"/>
      </object_component>
      <object_component id="oc-199">
         <name>.text.DL_I2C_enableControllerClockStretching</name>
         <load_address>0x2d70</load_address>
         <readonly>true</readonly>
         <executable>true</executable>
         <run_address>0x2d70</run_address>
         <size>0x18</size>
         <alignment>0x4</alignment>
         <input_file_ref idref="fl-4"/>
      </object_component>
      <object_component id="oc-165">
         <name>.text.DL_I2C_enablePower</name>
         <load_address>0x2d88</load_address>
         <readonly>true</readonly>
         <executable>true</executable>
         <run_address>0x2d88</run_address>
         <size>0x18</size>
         <alignment>0x4</alignment>
         <input_file_ref idref="fl-4"/>
      </object_component>
      <object_component id="oc-161">
         <name>.text.DL_I2C_reset</name>
         <load_address>0x2da0</load_address>
         <readonly>true</readonly>
         <executable>true</executable>
         <run_address>0x2da0</run_address>
         <size>0x18</size>
         <alignment>0x4</alignment>
         <input_file_ref idref="fl-4"/>
      </object_component>
      <object_component id="oc-196">
         <name>.text.DL_I2C_setTimerPeriod</name>
         <load_address>0x2db8</load_address>
         <readonly>true</readonly>
         <executable>true</executable>
         <run_address>0x2db8</run_address>
         <size>0x18</size>
         <alignment>0x4</alignment>
         <input_file_ref idref="fl-4"/>
      </object_component>
      <object_component id="oc-170">
         <name>.text.DL_SYSCTL_setBORThreshold</name>
         <load_address>0x2dd0</load_address>
         <readonly>true</readonly>
         <executable>true</executable>
         <run_address>0x2dd0</run_address>
         <size>0x18</size>
         <alignment>0x4</alignment>
         <input_file_ref idref="fl-4"/>
      </object_component>
      <object_component id="oc-164">
         <name>.text.DL_Timer_enablePower</name>
         <load_address>0x2de8</load_address>
         <readonly>true</readonly>
         <executable>true</executable>
         <run_address>0x2de8</run_address>
         <size>0x18</size>
         <alignment>0x4</alignment>
         <input_file_ref idref="fl-4"/>
      </object_component>
      <object_component id="oc-160">
         <name>.text.DL_Timer_reset</name>
         <load_address>0x2e00</load_address>
         <readonly>true</readonly>
         <executable>true</executable>
         <run_address>0x2e00</run_address>
         <size>0x18</size>
         <alignment>0x4</alignment>
         <input_file_ref idref="fl-4"/>
      </object_component>
      <object_component id="oc-185">
         <name>.text.DL_Timer_setCaptureCompareOutCtl</name>
         <load_address>0x2e18</load_address>
         <readonly>true</readonly>
         <executable>true</executable>
         <run_address>0x2e18</run_address>
         <size>0x18</size>
         <alignment>0x4</alignment>
         <input_file_ref idref="fl-19"/>
      </object_component>
      <object_component id="oc-127">
         <name>.text.DL_Timer_setLoadValue</name>
         <load_address>0x2e30</load_address>
         <readonly>true</readonly>
         <executable>true</executable>
         <run_address>0x2e30</run_address>
         <size>0x18</size>
         <alignment>0x4</alignment>
         <input_file_ref idref="fl-6"/>
      </object_component>
      <object_component id="oc-12e">
         <name>.text.DL_Timer_startCounter</name>
         <load_address>0x2e48</load_address>
         <readonly>true</readonly>
         <executable>true</executable>
         <run_address>0x2e48</run_address>
         <size>0x18</size>
         <alignment>0x4</alignment>
         <input_file_ref idref="fl-6"/>
      </object_component>
      <object_component id="oc-166">
         <name>.text.DL_UART_enablePower</name>
         <load_address>0x2e60</load_address>
         <readonly>true</readonly>
         <executable>true</executable>
         <run_address>0x2e60</run_address>
         <size>0x18</size>
         <alignment>0x4</alignment>
         <input_file_ref idref="fl-4"/>
      </object_component>
      <object_component id="oc-162">
         <name>.text.DL_UART_reset</name>
         <load_address>0x2e78</load_address>
         <readonly>true</readonly>
         <executable>true</executable>
         <run_address>0x2e78</run_address>
         <size>0x18</size>
         <alignment>0x4</alignment>
         <input_file_ref idref="fl-4"/>
      </object_component>
      <object_component id="oc-133">
         <name>.text._outs</name>
         <load_address>0x2e90</load_address>
         <readonly>true</readonly>
         <executable>true</executable>
         <run_address>0x2e90</run_address>
         <size>0x18</size>
         <alignment>0x2</alignment>
         <input_file_ref idref="fl-32"/>
      </object_component>
      <object_component id="oc-9b">
         <name>.text.DL_GPIO_readPins</name>
         <load_address>0x2ea8</load_address>
         <readonly>true</readonly>
         <executable>true</executable>
         <run_address>0x2ea8</run_address>
         <size>0x16</size>
         <alignment>0x2</alignment>
         <input_file_ref idref="fl-6"/>
      </object_component>
      <object_component id="oc-1a6">
         <name>.text.DL_UART_enable</name>
         <load_address>0x2ebe</load_address>
         <readonly>true</readonly>
         <executable>true</executable>
         <run_address>0x2ebe</run_address>
         <size>0x16</size>
         <alignment>0x2</alignment>
         <input_file_ref idref="fl-4"/>
      </object_component>
      <object_component id="oc-121">
         <name>.text.DL_GPIO_clearPins</name>
         <load_address>0x2ed4</load_address>
         <readonly>true</readonly>
         <executable>true</executable>
         <run_address>0x2ed4</run_address>
         <size>0x14</size>
         <alignment>0x2</alignment>
         <input_file_ref idref="fl-6"/>
      </object_component>
      <object_component id="oc-16f">
         <name>.text.DL_GPIO_clearPins</name>
         <load_address>0x2ee8</load_address>
         <readonly>true</readonly>
         <executable>true</executable>
         <run_address>0x2ee8</run_address>
         <size>0x14</size>
         <alignment>0x2</alignment>
         <input_file_ref idref="fl-4"/>
      </object_component>
      <object_component id="oc-1ad">
         <name>.text.DL_I2C_getControllerStatus</name>
         <load_address>0x2efc</load_address>
         <readonly>true</readonly>
         <executable>true</executable>
         <run_address>0x2efc</run_address>
         <size>0x14</size>
         <alignment>0x4</alignment>
         <input_file_ref idref="fl-8"/>
      </object_component>
      <object_component id="oc-195">
         <name>.text.DL_I2C_resetControllerTransfer</name>
         <load_address>0x2f10</load_address>
         <readonly>true</readonly>
         <executable>true</executable>
         <run_address>0x2f10</run_address>
         <size>0x14</size>
         <alignment>0x4</alignment>
         <input_file_ref idref="fl-4"/>
      </object_component>
      <object_component id="oc-174">
         <name>.text.DL_SYSCTL_disableSYSPLL</name>
         <load_address>0x2f24</load_address>
         <readonly>true</readonly>
         <executable>true</executable>
         <run_address>0x2f24</run_address>
         <size>0x14</size>
         <alignment>0x4</alignment>
         <input_file_ref idref="fl-4"/>
      </object_component>
      <object_component id="oc-17d">
         <name>.text.DL_SYSCTL_enableSYSPLL</name>
         <load_address>0x2f38</load_address>
         <readonly>true</readonly>
         <executable>true</executable>
         <run_address>0x2f38</run_address>
         <size>0x14</size>
         <alignment>0x4</alignment>
         <input_file_ref idref="fl-4"/>
      </object_component>
      <object_component id="oc-187">
         <name>.text.DL_Timer_enableClock</name>
         <load_address>0x2f4c</load_address>
         <readonly>true</readonly>
         <executable>true</executable>
         <run_address>0x2f4c</run_address>
         <size>0x14</size>
         <alignment>0x4</alignment>
         <input_file_ref idref="fl-4"/>
      </object_component>
      <object_component id="oc-189">
         <name>.text.DL_Timer_setCCPDirection</name>
         <load_address>0x2f60</load_address>
         <readonly>true</readonly>
         <executable>true</executable>
         <run_address>0x2f60</run_address>
         <size>0x14</size>
         <alignment>0x2</alignment>
         <input_file_ref idref="fl-4"/>
      </object_component>
      <object_component id="oc-61">
         <name>.text.DL_UART_receiveData</name>
         <load_address>0x2f74</load_address>
         <readonly>true</readonly>
         <executable>true</executable>
         <run_address>0x2f74</run_address>
         <size>0x14</size>
         <alignment>0x4</alignment>
         <input_file_ref idref="fl-9"/>
      </object_component>
      <object_component id="oc-217">
         <name>.text.__aeabi_uldivmod</name>
         <load_address>0x2f88</load_address>
         <readonly>true</readonly>
         <executable>true</executable>
         <run_address>0x2f88</run_address>
         <size>0x14</size>
         <alignment>0x4</alignment>
         <input_file_ref idref="fl-114"/>
      </object_component>
      <object_component id="oc-6a">
         <name>.text.DL_Timer_getPendingInterrupt</name>
         <load_address>0x2f9c</load_address>
         <readonly>true</readonly>
         <executable>true</executable>
         <run_address>0x2f9c</run_address>
         <size>0x12</size>
         <alignment>0x2</alignment>
         <input_file_ref idref="fl-2"/>
      </object_component>
      <object_component id="oc-60">
         <name>.text.DL_UART_getPendingInterrupt</name>
         <load_address>0x2fae</load_address>
         <readonly>true</readonly>
         <executable>true</executable>
         <run_address>0x2fae</run_address>
         <size>0x12</size>
         <alignment>0x2</alignment>
         <input_file_ref idref="fl-9"/>
      </object_component>
      <object_component id="oc-19c">
         <name>.text.DL_UART_setClockConfig</name>
         <load_address>0x2fc0</load_address>
         <readonly>true</readonly>
         <executable>true</executable>
         <run_address>0x2fc0</run_address>
         <size>0x12</size>
         <alignment>0x2</alignment>
         <input_file_ref idref="fl-1a"/>
      </object_component>
      <object_component id="oc-9e">
         <name>.text:TI_memcpy_small</name>
         <load_address>0x2fd2</load_address>
         <readonly>true</readonly>
         <executable>true</executable>
         <run_address>0x2fd2</run_address>
         <size>0x12</size>
         <alignment>0x1</alignment>
         <input_file_ref idref="fl-11b"/>
      </object_component>
      <object_component id="oc-20">
         <name>.text:decompress:none</name>
         <load_address>0x2fe4</load_address>
         <readonly>true</readonly>
         <executable>true</executable>
         <run_address>0x2fe4</run_address>
         <size>0x12</size>
         <alignment>0x2</alignment>
         <input_file_ref idref="fl-39"/>
      </object_component>
      <object_component id="oc-173">
         <name>.text.DL_SYSCTL_disableHFXT</name>
         <load_address>0x2ff8</load_address>
         <readonly>true</readonly>
         <executable>true</executable>
         <run_address>0x2ff8</run_address>
         <size>0x10</size>
         <alignment>0x4</alignment>
         <input_file_ref idref="fl-4"/>
      </object_component>
      <object_component id="oc-1e9">
         <name>.text.DL_SYSCTL_isFCCDone</name>
         <load_address>0x3008</load_address>
         <readonly>true</readonly>
         <executable>true</executable>
         <run_address>0x3008</run_address>
         <size>0x10</size>
         <alignment>0x2</alignment>
         <input_file_ref idref="fl-4"/>
      </object_component>
      <object_component id="oc-1e8">
         <name>.text.DL_SYSCTL_startFCC</name>
         <load_address>0x3018</load_address>
         <readonly>true</readonly>
         <executable>true</executable>
         <run_address>0x3018</run_address>
         <size>0x10</size>
         <alignment>0x4</alignment>
         <input_file_ref idref="fl-4"/>
      </object_component>
      <object_component id="oc-128">
         <name>.text.DL_Timer_setCaptureCompareValue</name>
         <load_address>0x3028</load_address>
         <readonly>true</readonly>
         <executable>true</executable>
         <run_address>0x3028</run_address>
         <size>0x10</size>
         <alignment>0x4</alignment>
         <input_file_ref idref="fl-19"/>
      </object_component>
      <object_component id="oc-209">
         <name>.text.wcslen</name>
         <load_address>0x3038</load_address>
         <readonly>true</readonly>
         <executable>true</executable>
         <run_address>0x3038</run_address>
         <size>0x10</size>
         <alignment>0x2</alignment>
         <input_file_ref idref="fl-48"/>
      </object_component>
      <object_component id="oc-56">
         <name>.text:decompress:ZI</name>
         <load_address>0x3048</load_address>
         <readonly>true</readonly>
         <executable>true</executable>
         <run_address>0x3048</run_address>
         <size>0x10</size>
         <alignment>0x2</alignment>
         <input_file_ref idref="fl-38"/>
      </object_component>
      <object_component id="oc-1fd">
         <name>.text.__aeabi_memset</name>
         <load_address>0x3058</load_address>
         <readonly>true</readonly>
         <executable>true</executable>
         <run_address>0x3058</run_address>
         <size>0xe</size>
         <alignment>0x4</alignment>
         <input_file_ref idref="fl-112"/>
      </object_component>
      <object_component id="oc-1fc">
         <name>.text.strlen</name>
         <load_address>0x3066</load_address>
         <readonly>true</readonly>
         <executable>true</executable>
         <run_address>0x3066</run_address>
         <size>0xe</size>
         <alignment>0x2</alignment>
         <input_file_ref idref="fl-3b"/>
      </object_component>
      <object_component id="oc-104">
         <name>.text:TI_memset_small</name>
         <load_address>0x3074</load_address>
         <readonly>true</readonly>
         <executable>true</executable>
         <run_address>0x3074</run_address>
         <size>0xe</size>
         <alignment>0x1</alignment>
         <input_file_ref idref="fl-11c"/>
      </object_component>
      <object_component id="oc-17e">
         <name>.text.DL_SYSCTL_getClockStatus</name>
         <load_address>0x3084</load_address>
         <readonly>true</readonly>
         <executable>true</executable>
         <run_address>0x3084</run_address>
         <size>0xc</size>
         <alignment>0x4</alignment>
         <input_file_ref idref="fl-4"/>
      </object_component>
      <object_component id="oc-1ea">
         <name>.text.DL_SYSCTL_readFCC</name>
         <load_address>0x3090</load_address>
         <readonly>true</readonly>
         <executable>true</executable>
         <run_address>0x3090</run_address>
         <size>0xc</size>
         <alignment>0x4</alignment>
         <input_file_ref idref="fl-4"/>
      </object_component>
      <object_component id="oc-82">
         <name>.text.__aeabi_memclr</name>
         <load_address>0x309c</load_address>
         <readonly>true</readonly>
         <executable>true</executable>
         <run_address>0x309c</run_address>
         <size>0xc</size>
         <alignment>0x4</alignment>
         <input_file_ref idref="fl-112"/>
      </object_component>
      <object_component id="oc-11b">
         <name>.text.DL_Common_delayCycles</name>
         <load_address>0x30a8</load_address>
         <readonly>true</readonly>
         <executable>true</executable>
         <run_address>0x30a8</run_address>
         <size>0xa</size>
         <alignment>0x2</alignment>
         <input_file_ref idref="fl-17"/>
      </object_component>
      <object_component id="oc-134">
         <name>.text._outc</name>
         <load_address>0x30b2</load_address>
         <readonly>true</readonly>
         <executable>true</executable>
         <run_address>0x30b2</run_address>
         <size>0xa</size>
         <alignment>0x2</alignment>
         <input_file_ref idref="fl-32"/>
      </object_component>
      <object_component id="oc-20d">
         <name>.text.__aeabi_errno_addr</name>
         <load_address>0x30bc</load_address>
         <readonly>true</readonly>
         <executable>true</executable>
         <run_address>0x30bc</run_address>
         <size>0x8</size>
         <alignment>0x4</alignment>
         <input_file_ref idref="fl-3c"/>
[...]
         <name>dir_x</name>
         <value>0x202005bc</value>
      </symbol>
      <symbol id="sm-1d4">
         <name>pulse_x</name>
         <value>0x202005ba</value>
      </symbol>
      <symbol id="sm-1d5">
         <name>motor_pulse</name>
         <value>0x202005fc</value>
         <object_component_ref idref="oc-e9"/>
      </symbol>
      <symbol id="sm-201">
         <name>OLED_ColorTurn</name>
         <value>0x2809</value>
         <object_component_ref idref="oc-b2"/>
      </symbol>
      <symbol id="sm-202">
         <name>OLED_WR_Byte</name>
         <value>0x1cc9</value>
         <object_component_ref idref="oc-116"/>
      </symbol>
      <symbol id="sm-203">
         <name>OLED_DisplayTurn</name>
         <value>0x23d1</value>
         <object_component_ref idref="oc-b3"/>
      </symbol>
      <symbol id="sm-204">
         <name>OLED_Refresh</name>
         <value>0x1bd1</value>
         <object_component_ref idref="oc-b6"/>
      </symbol>
      <symbol id="sm-205">
         <name>OLED_GRAM</name>
         <value>0x20200000</value>
      </symbol>
      <symbol id="sm-206">
         <name>OLED_Clear</name>
         <value>0x208d</value>
         <object_component_ref idref="oc-b4"/>
      </symbol>
      <symbol id="sm-207">
         <name>OLED_DrawPoint</name>
         <value>0x2419</value>
         <object_component_ref idref="oc-1b0"/>
      </symbol>
      <symbol id="sm-208">
         <name>OLED_ClearPoint</name>
         <value>0x1f61</value>
         <object_component_ref idref="oc-1b1"/>
      </symbol>
      <symbol id="sm-209">
         <name>OLED_ShowChar</name>
         <value>0xf2d</value>
         <object_component_ref idref="oc-11a"/>
      </symbol>
      <symbol id="sm-20a">
         <name>asc2_2412</name>
         <value>0x30f0</value>
         <object_component_ref idref="oc-1b2"/>
      </symbol>
      <symbol id="sm-20b">
         <name>asc2_1608</name>
         <value>0x3e4c</value>
         <object_component_ref idref="oc-1b3"/>
      </symbol>
      <symbol id="sm-20c">
         <name>asc2_1206</name>
         <value>0x443c</value>
         <object_component_ref idref="oc-1b4"/>
      </symbol>
      <symbol id="sm-20d">
         <name>OLED_ShowString</name>
         <value>0x1907</value>
         <object_component_ref idref="oc-b5"/>
      </symbol>
      <symbol id="sm-20e">
         <name>OLED_Init</name>
         <value>0x1289</value>
         <object_component_ref idref="oc-ad"/>
      </symbol>
      <symbol id="sm-227">
         <name>UART_send_char</name>
         <value>0x2c91</value>
         <object_component_ref idref="oc-1c0"/>
      </symbol>
      <symbol id="sm-228">
         <name>UART_send_buffer</name>
         <value>0x283d</value>
         <object_component_ref idref="oc-131"/>
      </symbol>
      <symbol id="sm-229">
         <name>UART3_IRQHandler</name>
         <value>0x1711</value>
         <object_component_ref idref="oc-34"/>
      </symbol>
      <symbol id="sm-22a">
         <name>__TI_ATRegion0_src_addr</name>
         <value>0x0</value>
      </symbol>
      <symbol id="sm-22b">
         <name>__TI_ATRegion0_trg_addr</name>
         <value>0x0</value>
      </symbol>
      <symbol id="sm-22c">
         <name>__TI_ATRegion0_region_sz</name>
         <value>0x0</value>
      </symbol>
      <symbol id="sm-22d">
         <name>__TI_ATRegion1_src_addr</name>
         <value>0x0</value>
      </symbol>
      <symbol id="sm-22e">
         <name>__TI_ATRegion1_trg_addr</name>
         <value>0x0</value>
      </symbol>
      <symbol id="sm-22f">
         <name>__TI_ATRegion1_region_sz</name>
         <value>0x0</value>
      </symbol>
      <symbol id="sm-230">
         <name>__TI_ATRegion2_src_addr</name>
         <value>0x0</value>
      </symbol>
      <symbol id="sm-231">
         <name>__TI_ATRegion2_trg_addr</name>
         <value>0x0</value>
      </symbol>
      <symbol id="sm-232">
         <name>__TI_ATRegion2_region_sz</name>
         <value>0x0</value>
      </symbol>
      <symbol id="sm-23b">
         <name>DL_Common_delayCycles</name>
         <value>0x30a9</value>
         <object_component_ref idref="oc-11b"/>
      </symbol>
      <symbol id="sm-247">
         <name>DL_I2C_setClockConfig</name>
         <value>0x2a43</value>
         <object_component_ref idref="oc-18c"/>
      </symbol>
      <symbol id="sm-248">
         <name>DL_I2C_fillControllerTXFIFO</name>
         <value>0x214d</value>
         <object_component_ref idref="oc-1ae"/>
      </symbol>
      <symbol id="sm-25f">
         <name>DL_Timer_setClockConfig</name>
         <value>0x2c59</value>
         <object_component_ref idref="oc-182"/>
      </symbol>
      <symbol id="sm-260">
         <name>DL_Timer_setCaptureCompareValue</name>
         <value>0x3029</value>
         <object_component_ref idref="oc-128"/>
      </symbol>
      <symbol id="sm-261">
         <name>DL_Timer_setCaptCompUpdateMethod</name>
         <value>0x2c3d</value>
         <object_component_ref idref="oc-186"/>
      </symbol>
      <symbol id="sm-262">
         <name>DL_Timer_setCaptureCompareOutCtl</name>
         <value>0x2e19</value>
         <object_component_ref idref="oc-185"/>
      </symbol>
      <symbol id="sm-263">
         <name>DL_Timer_initFourCCPWMMode</name>
         <value>0x1085</value>
         <object_component_ref idref="oc-183"/>
      </symbol>
      <symbol id="sm-273">
         <name>DL_UART_init</name>
         <value>0x2389</value>
         <object_component_ref idref="oc-1a2"/>
      </symbol>
      <symbol id="sm-274">
         <name>DL_UART_setClockConfig</name>
         <value>0x2fc1</value>
         <object_component_ref idref="oc-19c"/>
      </symbol>
      <symbol id="sm-275">
         <name>DL_UART_transmitDataBlocking</name>
         <value>0x28a5</value>
         <object_component_ref idref="oc-1fb"/>
      </symbol>
      <symbol id="sm-289">
         <name>DL_SYSCTL_configSYSPLL</name>
         <value>0x155d</value>
         <object_component_ref idref="oc-17b"/>
      </symbol>
      <symbol id="sm-28a">
         <name>DL_SYSCTL_switchMCLKfromSYSOSCtoHSCLK</name>
         <value>0x24f1</value>
         <object_component_ref idref="oc-180"/>
      </symbol>
      <symbol id="sm-28b">
         <name>DL_SYSCTL_setHFCLKSourceHFXTParams</name>
         <value>0x1efd</value>
         <object_component_ref idref="oc-175"/>
      </symbol>
      <symbol id="sm-28c">
         <name>DL_SYSCTL_configFCC</name>
         <value>0x2bb1</value>
         <object_component_ref idref="oc-1e7"/>
      </symbol>
      <symbol id="sm-29d">
         <name>sprintf</name>
         <value>0x27d1</value>
         <object_component_ref idref="oc-c3"/>
      </symbol>
      <symbol id="sm-2a8">
         <name>_c_int00_noargs</name>
         <value>0x29f5</value>
         <object_component_ref idref="oc-59"/>
      </symbol>
      <symbol id="sm-2a9">
         <name>__stack</name>
         <value>0x20207e00</value>
         <object_component_ref idref="oc-1a"/>
      </symbol>
      <symbol id="sm-2b5">
         <name>__TI_auto_init_nobinit_nopinit</name>
         <value>0x26e5</value>
         <object_component_ref idref="oc-f1"/>
      </symbol>
      <symbol id="sm-2bd">
         <name>_system_pre_init</name>
         <value>0x30df</value>
         <object_component_ref idref="oc-87"/>
      </symbol>
      <symbol id="sm-2c8">
         <name>__TI_zero_init</name>
         <value>0x3049</value>
         <object_component_ref idref="oc-56"/>
      </symbol>
      <symbol id="sm-2d1">
         <name>__TI_decompress_none</name>
         <value>0x2fe5</value>
         <object_component_ref idref="oc-20"/>
      </symbol>
      <symbol id="sm-2dc">
         <name>__TI_decompress_lzss</name>
         <value>0x1c4d</value>
         <object_component_ref idref="oc-1c"/>
      </symbol>
      <symbol id="sm-2fe">
         <name>__TI_printfi_nofloat</name>
         <value>0xc1</value>
         <object_component_ref idref="oc-1c7"/>
      </symbol>
      <symbol id="sm-309">
         <name>__aeabi_errno_addr</name>
         <value>0x30bd</value>
         <object_component_ref idref="oc-20d"/>
      </symbol>
      <symbol id="sm-30a">
         <name>__aeabi_errno</name>
         <value>0x202005f4</value>
         <object_component_ref idref="oc-234"/>
      </symbol>
      <symbol id="sm-314">
         <name>abort</name>
         <value>0x30cd</value>
         <object_component_ref idref="oc-ea"/>
      </symbol>
      <symbol id="sm-322">
         <name>atoi</name>
         <value>0x25b5</value>
         <object_component_ref idref="oc-205"/>
      </symbol>
      <symbol id="sm-32c">
         <name>memccpy</name>
         <value>0x2ad5</value>
         <object_component_ref idref="oc-1fe"/>
      </symbol>
      <symbol id="sm-338">
         <name>wcslen</name>
         <value>0x3039</value>
         <object_component_ref idref="oc-209"/>
      </symbol>
      <symbol id="sm-33d">
         <name>__aeabi_ctype_table_</name>
         <value>0x48b0</value>
         <object_component_ref idref="oc-22d"/>
      </symbol>
      <symbol id="sm-33e">
         <name>__aeabi_ctype_table_C</name>
         <value>0x48b0</value>
         <object_component_ref idref="oc-22d"/>
      </symbol>
      <symbol id="sm-349">
         <name>HOSTexit</name>
         <value>0x30d7</value>
         <object_component_ref idref="oc-14e"/>
      </symbol>
      <symbol id="sm-34a">
         <name>C$$EXIT</name>
         <value>0x30d6</value>
         <object_component_ref idref="oc-14e"/>
      </symbol>
      <symbol id="sm-35f">
         <name>__aeabi_fadd</name>
         <value>0x1643</value>
         <object_component_ref idref="oc-138"/>
      </symbol>
      <symbol id="sm-360">
         <name>__addsf3</name>
         <value>0x1643</value>
         <object_component_ref idref="oc-138"/>
      </symbol>
      <symbol id="sm-361">
         <name>__aeabi_fsub</name>
         <value>0x1639</value>
         <object_component_ref idref="oc-138"/>
      </symbol>
      <symbol id="sm-362">
         <name>__subsf3</name>
         <value>0x1639</value>
         <object_component_ref idref="oc-138"/>
      </symbol>
      <symbol id="sm-368">
         <name>__muldsi3</name>
         <value>0x275d</value>
         <object_component_ref idref="oc-1d1"/>
      </symbol>
      <symbol id="sm-36e">
         <name>__aeabi_fmul</name>
         <value>0x1ac1</value>
         <object_component_ref idref="oc-140"/>
      </symbol>
      <symbol id="sm-36f">
         <name>__mulsf3</name>
         <value>0x1ac1</value>
         <object_component_ref idref="oc-140"/>
      </symbol>
      <symbol id="sm-375">
         <name>__aeabi_fdiv</name>
         <value>0x1b4d</value>
         <object_component_ref idref="oc-ce"/>
      </symbol>
      <symbol id="sm-376">
         <name>__divsf3</name>
         <value>0x1b4d</value>
         <object_component_ref idref="oc-ce"/>
      </symbol>
      <symbol id="sm-37c">
         <name>__aeabi_f2iz</name>
         <value>0x2799</value>
         <object_component_ref idref="oc-d2"/>
      </symbol>
      <symbol id="sm-37d">
         <name>__fixsfsi</name>
         <value>0x2799</value>
         <object_component_ref idref="oc-d2"/>
      </symbol>
      <symbol id="sm-383">
         <name>__aeabi_i2f</name>
         <value>0x266d</value>
         <object_component_ref idref="oc-14a"/>
      </symbol>
      <symbol id="sm-384">
         <name>__floatsisf</name>
         <value>0x266d</value>
         <object_component_ref idref="oc-14a"/>
      </symbol>
      <symbol id="sm-38a">
         <name>__aeabi_ui2d</name>
         <value>0x2a8d</value>
         <object_component_ref idref="oc-1eb"/>
      </symbol>
      <symbol id="sm-38b">
         <name>__floatunsidf</name>
         <value>0x2a8d</value>
         <object_component_ref idref="oc-1eb"/>
      </symbol>
      <symbol id="sm-391">
         <name>__aeabi_ui2f</name>
         <value>0x29cd</value>
         <object_component_ref idref="oc-c9"/>
      </symbol>
      <symbol id="sm-392">
         <name>__floatunsisf</name>
         <value>0x29cd</value>
         <object_component_ref idref="oc-c9"/>
      </symbol>
      <symbol id="sm-398">
         <name>__aeabi_lmul</name>
         <value>0x2ab1</value>
         <object_component_ref idref="oc-212"/>
      </symbol>
      <symbol id="sm-399">
         <name>__muldi3</name>
         <value>0x2ab1</value>
         <object_component_ref idref="oc-212"/>
      </symbol>
      <symbol id="sm-39f">
         <name>__aeabi_dcmpeq</name>
         <value>0x1fc5</value>
         <object_component_ref idref="oc-1ef"/>
      </symbol>
      <symbol id="sm-3a0">
         <name>__aeabi_dcmplt</name>
         <value>0x1fd9</value>
         <object_component_ref idref="oc-1ef"/>
      </symbol>
      <symbol id="sm-3a1">
         <name>__aeabi_dcmple</name>
         <value>0x1fed</value>
         <object_component_ref idref="oc-1ef"/>
      </symbol>
      <symbol id="sm-3a2">
         <name>__aeabi_dcmpge</name>
         <value>0x2001</value>
         <object_component_ref idref="oc-1ef"/>
      </symbol>
      <symbol id="sm-3a3">
         <name>__aeabi_dcmpgt</name>
         <value>0x2015</value>
         <object_component_ref idref="oc-1ef"/>
      </symbol>
      <symbol id="sm-3a9">
         <name>__aeabi_fcmpeq</name>
         <value>0x2029</value>
         <object_component_ref idref="oc-13c"/>
      </symbol>
      <symbol id="sm-3aa">
         <name>__aeabi_fcmplt</name>
         <value>0x203d</value>
         <object_component_ref idref="oc-13c"/>
      </symbol>
      <symbol id="sm-3ab">
         <name>__aeabi_fcmple</name>
         <value>0x2051</value>
         <object_component_ref idref="oc-13c"/>
      </symbol>
      <symbol id="sm-3ac">
         <name>__aeabi_fcmpge</name>
         <value>0x2065</value>
         <object_component_ref idref="oc-13c"/>
      </symbol>
      <symbol id="sm-3ad">
         <name>__aeabi_fcmpgt</name>
         <value>0x2079</value>
         <object_component_ref idref="oc-13c"/>
      </symbol>
      <symbol id="sm-3b3">
         <name>__aeabi_idiv</name>
         <value>0x21ad</value>
         <object_component_ref idref="oc-146"/>
      </symbol>
      <symbol id="sm-3b4">
         <name>__aeabi_idivmod</name>
         <value>0x21ad</value>
         <object_component_ref idref="oc-146"/>
      </symbol>
      <symbol id="sm-3ba">
         <name>__aeabi_memcpy</name>
         <value>0x30c5</value>
         <object_component_ref idref="oc-49"/>
      </symbol>
      <symbol id="sm-3bb">
         <name>__aeabi_memcpy4</name>
         <value>0x30c5</value>
         <object_component_ref idref="oc-49"/>
      </symbol>
      <symbol id="sm-3bc">
         <name>__aeabi_memcpy8</name>
         <value>0x30c5</value>
         <object_component_ref idref="oc-49"/>
      </symbol>
      <symbol id="sm-3c5">
         <name>__aeabi_memset</name>
         <value>0x3059</value>
         <object_component_ref idref="oc-1fd"/>
      </symbol>
      <symbol id="sm-3c6">
         <name>__aeabi_memset4</name>
         <value>0x3059</value>
         <object_component_ref idref="oc-1fd"/>
      </symbol>
      <symbol id="sm-3c7">
         <name>__aeabi_memset8</name>
         <value>0x3059</value>
         <object_component_ref idref="oc-1fd"/>
      </symbol>
      <symbol id="sm-3c8">
         <name>__aeabi_memclr</name>
         <value>0x309d</value>
         <object_component_ref idref="oc-82"/>
      </symbol>
      <symbol id="sm-3c9">
         <name>__aeabi_memclr4</name>
         <value>0x309d</value>
         <object_component_ref idref="oc-82"/>
      </symbol>
      <symbol id="sm-3ca">
         <name>__aeabi_memclr8</name>
         <value>0x309d</value>
         <object_component_ref idref="oc-82"/>
      </symbol>
      <symbol id="sm-3d0">
         <name>__aeabi_uidiv</name>
         <value>0x2575</value>
         <object_component_ref idref="oc-123"/>
      </symbol>
      <symbol id="sm-3d1">
         <name>__aeabi_uidivmod</name>
         <value>0x2575</value>
         <object_component_ref idref="oc-123"/>
      </symbol>
      <symbol id="sm-3d7">
         <name>__aeabi_uldivmod</name>
         <value>0x2f89</value>
         <object_component_ref idref="oc-217"/>
      </symbol>
      <symbol id="sm-3e0">
         <name>__eqsf2</name>
         <value>0x2721</value>
         <object_component_ref idref="oc-1ca"/>
      </symbol>
      <symbol id="sm-3e1">
         <name>__lesf2</name>
         <value>0x2721</value>
         <object_component_ref idref="oc-1ca"/>
      </symbol>
      <symbol id="sm-3e2">
         <name>__ltsf2</name>
         <value>0x2721</value>
         <object_component_ref idref="oc-1ca"/>
      </symbol>
      <symbol id="sm-3e3">
         <name>__nesf2</name>
         <value>0x2721</value>
         <object_component_ref idref="oc-1ca"/>
      </symbol>
      <symbol id="sm-3e4">
         <name>__cmpsf2</name>
         <value>0x2721</value>
         <object_component_ref idref="oc-1ca"/>
      </symbol>
      <symbol id="sm-3e5">
         <name>__gtsf2</name>
         <value>0x26a9</value>
         <object_component_ref idref="oc-1cf"/>
      </symbol>
      <symbol id="sm-3e6">
         <name>__gesf2</name>
         <value>0x26a9</value>
         <object_component_ref idref="oc-1cf"/>
      </symbol>
      <symbol id="sm-3ec">
         <name>__udivmoddi4</name>
         <value>0x1865</value>
         <object_component_ref idref="oc-239"/>
      </symbol>
      <symbol id="sm-3f2">
         <name>__aeabi_llsl</name>
         <value>0x2b59</value>
         <object_component_ref idref="oc-268"/>
      </symbol>
      <symbol id="sm-3f3">
         <name>__ashldi3</name>
         <value>0x2b59</value>
         <object_component_ref idref="oc-268"/>
      </symbol>
      <symbol id="sm-401">
         <name>__ledf2</name>
         <value>0x1e95</value>
         <object_component_ref idref="oc-222"/>
      </symbol>
      <symbol id="sm-402">
         <name>__gedf2</name>
         <value>0x1db1</value>
         <object_component_ref idref="oc-228"/>
      </symbol>
      <symbol id="sm-403">
         <name>__cmpdf2</name>
         <value>0x1e95</value>
         <object_component_ref idref="oc-222"/>
      </symbol>
      <symbol id="sm-404">
         <name>__eqdf2</name>
         <value>0x1e95</value>
         <object_component_ref idref="oc-222"/>
      </symbol>
      <symbol id="sm-405">
         <name>__ltdf2</name>
         <value>0x1e95</value>
         <object_component_ref idref="oc-222"/>
      </symbol>
      <symbol id="sm-406">
         <name>__nedf2</name>
         <value>0x1e95</value>
         <object_component_ref idref="oc-222"/>
      </symbol>
      <symbol id="sm-407">
         <name>__gtdf2</name>
         <value>0x1db1</value>
         <object_component_ref idref="oc-228"/>
      </symbol>
      <symbol id="sm-413">
         <name>__aeabi_idiv0</name>
         <value>0x199f</value>
         <object_component_ref idref="oc-1b8"/>
      </symbol>
      <symbol id="sm-414">
         <name>__aeabi_ldiv0</name>
         <value>0x1bcf</value>
         <object_component_ref idref="oc-267"/>
      </symbol>
      <symbol id="sm-41e">
         <name>TI_memcpy_small</name>
         <value>0x2fd3</value>
         <object_component_ref idref="oc-9e"/>
      </symbol>
      <symbol id="sm-427">
         <name>TI_memset_small</name>
         <value>0x3075</value>
         <object_component_ref idref="oc-104"/>
      </symbol>
      <symbol id="sm-428">
         <name>__TI_static_base__</name>
         <value>0x0</value>
      </symbol>
      <symbol id="sm-42b">
         <name>__mpu_init</name>
         <value>0x0</value>
      </symbol>
      <symbol id="sm-42c">
         <name>_system_post_cinit</name>
         <value>0x0</value>
      </symbol>
   </symbol_table>
   <title>Link successful</title>
</link_info>
