******************************************************************************
            TI ARM Clang Linker PC v4.0.4                      
******************************************************************************
>> Linked Fri Jul 31 08:31:15 2026

OUTPUT FILE NAME:   <DCC_101_v1.out>
ENTRY POINT SYMBOL: "_c_int00_noargs"  address: 000028dd


MEMORY CONFIGURATION

         name            origin    length      used     unused   attr    fill
----------------------  --------  ---------  --------  --------  ----  --------
  FLASH                 00000000   00020000  000049d0  0001b630  R  X
  SRAM                  20200000   00008000  00000814  000077ec  RW X
  BCR_CONFIG            41c00000   000000ff  00000000  000000ff  R   
  BSL_CONFIG            41c00100   00000080  00000000  00000080  R   


SEGMENT ALLOCATION MAP

run origin  load origin   length   init length attrs members
----------  ----------- ---------- ----------- ----- -------
00000000    00000000    000049d0   000049d0    r-x
  00000000    00000000    000000c0   000000c0    r-- .intvecs
  000000c0    000000c0    00002f10   00002f10    r-x .text
  00002fd0    00002fd0    000019d0   000019d0    r-- .rodata
  000049a0    000049a0    00000030   00000030    r-- .cinit
20200000    20200000    00000617   00000000    rw-
  20200000    20200000    000005bd   00000000    rw- .bss
  202005c0    202005c0    00000057   00000000    rw- .data
20207e00    20207e00    00000200   00000000    rw-
  20207e00    20207e00    00000200   00000000    rw- .stack


SECTION ALLOCATION MAP

 output                                  attributes/
section   page    origin      length       input sections
--------  ----  ----------  ----------   ----------------
.intvecs   0    00000000    000000c0     
                  00000000    000000c0     startup_mspm0g350x_ticlang.o (.intvecs)

.text      0    000000c0    00002f10     
                  000000c0    00000868     libc.a : _printfi.c.obj (.text:__TI_printfi_nofloat)
                  00000928    000003ac     main.o (.text.main)
                  00000cd4    00000184     bujin.o (.text.TIMA0_IRQHandler)
                  00000e58    00000158     oled.o (.text.OLED_ShowChar)
                  00000fb0    00000104     driverlib.a : dl_timer.o (.text.DL_Timer_initFourCCPWMMode)
                  000010b4    00000100     bihuan_pid.o (.text.PID_Inc_Calc)
                  000011b4    000000f8     oled.o (.text.OLED_Init)
                  000012ac    000000f4     ti_msp_dl_config.o (.text.SYSCFG_DL_GPIO_init)
                  000013a0    000000e8     ti_msp_dl_config.o (.text.SYSCFG_DL_SYSCTL_SYSPLL_init)
                  00001488    000000dc     driverlib.a : dl_sysctl_mspm0g1x0x_g3x0x.o (.text.DL_SYSCTL_configSYSPLL)
                  00001564    000000d8     libclang_rt.builtins.a : addsf3.S.obj (.text)
                  0000163c    000000d4     bujin.o (.text.dianji1_pulse)
                  00001710    000000ac     uart.o (.text.UART3_IRQHandler)
                  000017bc    000000a8     key.o (.text.key6_init)
                  00001864    000000a2     libclang_rt.builtins.a : udivmoddi4.S.obj (.text)
                  00001906    00000098     oled.o (.text.OLED_ShowString)
                  0000199e    00000002     libclang_rt.builtins.a : aeabi_div0.c.obj (.text.__aeabi_idiv0)
                  000019a0    00000094     bujin.o (.text.dianji_set_origin)
                  00001a34    0000008c     ti_msp_dl_config.o (.text.SYSCFG_DL_initPower)
                  00001ac0    0000008c     libclang_rt.builtins.a : mulsf3.S.obj (.text.__mulsf3)
                  00001b4c    0000007c     oled.o (.text.OLED_Refresh)
                  00001bc8    0000007c     libc.a : copy_decompress_lzss.c.obj (.text:decompress:lzss)
                  00001c44    00000074     oled.o (.text.OLED_WR_Byte)
                  00001cb8    00000074     ti_msp_dl_config.o (.text.SYSCFG_DL_SYSCTL_init)
                  00001d2c    00000074     libclang_rt.builtins.a : comparedf2.c.obj (.text.__gedf2)
                  00001da0    00000070     ti_msp_dl_config.o (.text.SYSCFG_DL_DCC_PWM_init)
                  00001e10    00000068     libclang_rt.builtins.a : comparedf2.c.obj (.text.__ledf2)
                  00001e78    00000064     driverlib.a : dl_sysctl_mspm0g1x0x_g3x0x.o (.text.DL_SYSCTL_setHFCLKSourceHFXTParams)
                  00001edc    00000064     oled.o (.text.OLED_ClearPoint)
                  00001f40    00000062     libclang_rt.builtins.a : aeabi_dcmp.S.obj (.text.__aeabi_dcmp)
                  00001fa2    00000002                            : aeabi_div0.c.obj (.text.__aeabi_ldiv0)
                  00001fa4    00000062                            : aeabi_fcmp.S.obj (.text.__aeabi_fcmp)
                  00002006    00000002     --HOLE-- [fill = 0]
                  00002008    00000060     oled.o (.text.OLED_Clear)
                  00002068    00000060     ti_msp_dl_config.o (.text.SYSCFG_DL_OLED_init)
                  000020c8    0000005e     driverlib.a : dl_i2c.o (.text.DL_I2C_fillControllerTXFIFO)
                  00002126    00000002     --HOLE-- [fill = 0]
                  00002128    00000050     ti_msp_dl_config.o (.text.DL_GPIO_initPeripheralInputFunctionFeatures)
                  00002178    00000050     oled.o (.text.DL_I2C_startControllerTransfer)
                  000021c8    0000004c     ti_msp_dl_config.o (.text.DL_GPIO_initDigitalInputFeatures)
                  00002214    0000004c     ti_msp_dl_config.o (.text.DL_UART_setBaudRateDivisor)
                  00002260    0000004c     bihuan_pid.o (.text.PID_Inc_Init)
                  000022ac    00000048     driverlib.a : dl_uart.o (.text.DL_UART_init)
                  000022f4    00000048     oled.o (.text.OLED_DisplayTurn)
                  0000233c    00000048     oled.o (.text.OLED_DrawPoint)
                  00002384    00000048     ti_msp_dl_config.o (.text.SYSCFG_DL_K230_init)
                  000023cc    00000048     ti_msp_dl_config.o (.text.SYSCFG_DL_PRINT_init)
                  00002414    00000044     driverlib.a : dl_sysctl_mspm0g1x0x_g3x0x.o (.text.DL_SYSCTL_switchMCLKfromSYSOSCtoHSCLK)
                  00002458    00000040     ti_msp_dl_config.o (.text.SYSCFG_DL_DCC101_v1_2_init)
                  00002498    00000040     libclang_rt.builtins.a : aeabi_uidivmod.S.obj (.text.__aeabi_uidivmod)
                  000024d8    00000040     libc.a : atoi.c.obj (.text.atoi)
                  00002518    0000003c     ti_msp_dl_config.o (.text.DL_Timer_setCounterControl)
                  00002554    0000003c     ti_msp_dl_config.o (.text.SYSCFG_DL_init)
                  00002590    0000003c     libclang_rt.builtins.a : comparesf2.S.obj (.text.__gtsf2)
                  000025cc    0000003c     libc.a : autoinit.c.obj (.text:__TI_auto_init_nobinit_nopinit)
                  00002608    0000003a     libclang_rt.builtins.a : comparesf2.S.obj (.text.__eqsf2)
                  00002642    00000002     --HOLE-- [fill = 0]
                  00002644    0000003a                            : muldsi3.S.obj (.text.__muldsi3)
                  0000267e    00000002     --HOLE-- [fill = 0]
                  00002680    00000038                            : fixsfsi.S.obj (.text.__fixsfsi)
                  000026b8    00000038     libc.a : sprintf.c.obj (.text.sprintf)
                  000026f0    00000034     oled.o (.text.OLED_ColorTurn)
                  00002724    00000034     uart.o (.text.UART_send_buffer)
                  00002758    00000034     key.o (.text.get_key_state)
                  0000278c    00000030     driverlib.a : dl_uart.o (.text.DL_UART_transmitDataBlocking)
                  000027bc    0000002c     key.o (.text.__NVIC_EnableIRQ)
                  000027e8    0000002c     main.o (.text.__NVIC_EnableIRQ)
                  00002814    00000028     oled.o (.text.DL_Common_updateReg)
                  0000283c    00000028     ti_msp_dl_config.o (.text.DL_Common_updateReg)
                  00002864    00000028     ti_msp_dl_config.o (.text.DL_I2C_setControllerRXFIFOThreshold)
                  0000288c    00000028     ti_msp_dl_config.o (.text.DL_I2C_setControllerTXFIFOThreshold)
                  000028b4    00000028     libclang_rt.builtins.a : floatunsisf.S.obj (.text.__floatunsisf)
                  000028dc    00000028     libc.a : boot_cortex_m.c.obj (.text:_c_int00_noargs)
                  00002904    00000026     ti_msp_dl_config.o (.text.DL_I2C_setAnalogGlitchFilterPulseWidth)
                  0000292a    00000026     driverlib.a : dl_i2c.o (.text.DL_I2C_setClockConfig)
                  00002950    00000024     ti_msp_dl_config.o (.text.DL_I2C_setDigitalGlitchFilterPulseWidth)
                  00002974    00000024     libclang_rt.builtins.a : floatunsidf.S.obj (.text.__floatunsidf)
                  00002998    00000024                            : muldi3.S.obj (.text.__muldi3)
                  000029bc    00000022     libc.a : memccpy.c.obj (.text.memccpy)
                  000029de    00000002     --HOLE-- [fill = 0]
                  000029e0    00000020     ti_msp_dl_config.o (.text.DL_GPIO_initPeripheralInputFunction)
                  00002a00    00000020     ti_msp_dl_config.o (.text.DL_SYSCTL_setFlashWaitState)
                  00002a20    0000001e     ti_msp_dl_config.o (.text.DL_UART_setOversampling)
                  00002a3e    00000002     --HOLE-- [fill = 0]
                  00002a40    0000001e     libclang_rt.builtins.a : ashldi3.S.obj (.text.__ashldi3)
                  00002a5e    00000002     --HOLE-- [fill = 0]
                  00002a60    0000001c     ti_msp_dl_config.o (.text.DL_GPIO_enableHiZ)
                  00002a7c    0000001c     ti_msp_dl_config.o (.text.DL_GPIO_initPeripheralOutputFunction)
                  00002a98    0000001c     driverlib.a : dl_sysctl_mspm0g1x0x_g3x0x.o (.text.DL_SYSCTL_configFCC)
                  00002ab4    0000001c     ti_msp_dl_config.o (.text.DL_SYSCTL_setFCCPeriods)
                  00002ad0    0000001c     ti_msp_dl_config.o (.text.DL_SYSCTL_setSYSOSCFreq)
                  00002aec    0000001c     ti_msp_dl_config.o (.text.DL_SYSCTL_setULPCLKDivider)
                  00002b08    0000001c     ti_msp_dl_config.o (.text.DL_Timer_enableInterrupt)
                  00002b24    0000001c     driverlib.a : dl_timer.o (.text.DL_Timer_setCaptCompUpdateMethod)
                  00002b40    0000001c                 : dl_timer.o (.text.DL_Timer_setClockConfig)
                  00002b5c    0000001c     ti_msp_dl_config.o (.text.DL_UART_enableInterrupt)
                  00002b78    0000001c     uart.o (.text.UART_send_char)
                  00002b94    0000001c     delay.o (.text.delay_ms)
                  00002bb0    00000018     ti_msp_dl_config.o (.text.DL_GPIO_enableOutput)
                  00002bc8    00000018     ti_msp_dl_config.o (.text.DL_GPIO_enablePower)
                  00002be0    00000018     ti_msp_dl_config.o (.text.DL_GPIO_initDigitalOutput)
                  00002bf8    00000018     ti_msp_dl_config.o (.text.DL_GPIO_initPeripheralAnalogFunction)
                  00002c10    00000018     ti_msp_dl_config.o (.text.DL_GPIO_reset)
                  00002c28    00000018     ti_msp_dl_config.o (.text.DL_I2C_enableAnalogGlitchFilter)
                  00002c40    00000018     ti_msp_dl_config.o (.text.DL_I2C_enableController)
                  00002c58    00000018     ti_msp_dl_config.o (.text.DL_I2C_enableControllerClockStretching)
                  00002c70    00000018     ti_msp_dl_config.o (.text.DL_I2C_enablePower)
                  00002c88    00000018     ti_msp_dl_config.o (.text.DL_I2C_reset)
                  00002ca0    00000018     ti_msp_dl_config.o (.text.DL_I2C_setTimerPeriod)
                  00002cb8    00000018     ti_msp_dl_config.o (.text.DL_SYSCTL_setBORThreshold)
                  00002cd0    00000018     ti_msp_dl_config.o (.text.DL_Timer_enablePower)
                  00002ce8    00000018     ti_msp_dl_config.o (.text.DL_Timer_reset)
                  00002d00    00000018     driverlib.a : dl_timer.o (.text.DL_Timer_setCaptureCompareOutCtl)
                  00002d18    00000018     key.o (.text.DL_Timer_setLoadValue)
                  00002d30    00000018     key.o (.text.DL_Timer_startCounter)
                  00002d48    00000018     ti_msp_dl_config.o (.text.DL_UART_enablePower)
                  00002d60    00000018     ti_msp_dl_config.o (.text.DL_UART_reset)
                  00002d78    00000018     libc.a : sprintf.c.obj (.text._outs)
                  00002d90    00000016     key.o (.text.DL_GPIO_readPins)
                  00002da6    00000016     ti_msp_dl_config.o (.text.DL_UART_enable)
                  00002dbc    00000014     key.o (.text.DL_GPIO_clearPins)
                  00002dd0    00000014     ti_msp_dl_config.o (.text.DL_GPIO_clearPins)
                  00002de4    00000014     oled.o (.text.DL_I2C_getControllerStatus)
                  00002df8    00000014     ti_msp_dl_config.o (.text.DL_I2C_resetControllerTransfer)
                  00002e0c    00000014     ti_msp_dl_config.o (.text.DL_SYSCTL_disableSYSPLL)
                  00002e20    00000014     ti_msp_dl_config.o (.text.DL_SYSCTL_enableSYSPLL)
                  00002e34    00000014     ti_msp_dl_config.o (.text.DL_Timer_enableClock)
                  00002e48    00000014     ti_msp_dl_config.o (.text.DL_Timer_setCCPDirection)
                  00002e5c    00000014     uart.o (.text.DL_UART_receiveData)
                  00002e70    00000014     libclang_rt.builtins.a : aeabi_uldivmod.S.obj (.text.__aeabi_uldivmod)
                  00002e84    00000012     bujin.o (.text.DL_Timer_getPendingInterrupt)
                  00002e96    00000012     uart.o (.text.DL_UART_getPendingInterrupt)
                  00002ea8    00000012     driverlib.a : dl_uart.o (.text.DL_UART_setClockConfig)
                  00002eba    00000012     libc.a : memcpy16.S.obj (.text:TI_memcpy_small)
                  00002ecc    00000012            : copy_decompress_none.c.obj (.text:decompress:none)
                  00002ede    00000002     --HOLE-- [fill = 0]
                  00002ee0    00000010     ti_msp_dl_config.o (.text.DL_SYSCTL_disableHFXT)
                  00002ef0    00000010     ti_msp_dl_config.o (.text.DL_SYSCTL_isFCCDone)
                  00002f00    00000010     ti_msp_dl_config.o (.text.DL_SYSCTL_startFCC)
                  00002f10    00000010     driverlib.a : dl_timer.o (.text.DL_Timer_setCaptureCompareValue)
                  00002f20    00000010     libc.a : wcslen.c.obj (.text.wcslen)
                  00002f30    00000010            : copy_zero_init.c.obj (.text:decompress:ZI)
                  00002f40    0000000e     libclang_rt.builtins.a : aeabi_memset.S.obj (.text.__aeabi_memset)
                  00002f4e    0000000e     libc.a : _printfi.c.obj (.text.strlen)
                  00002f5c    0000000e            : memset16.S.obj (.text:TI_memset_small)
                  00002f6a    00000002     --HOLE-- [fill = 0]
                  00002f6c    0000000c     ti_msp_dl_config.o (.text.DL_SYSCTL_getClockStatus)
                  00002f78    0000000c     ti_msp_dl_config.o (.text.DL_SYSCTL_readFCC)
                  00002f84    0000000c     libclang_rt.builtins.a : aeabi_memset.S.obj (.text.__aeabi_memclr)
                  00002f90    0000000a     driverlib.a : dl_common.o (.text.DL_Common_delayCycles)
                  00002f9a    0000000a     libc.a : sprintf.c.obj (.text._outc)
                  00002fa4    00000008            : aeabi_portable.c.obj (.text.__aeabi_errno_addr)
                  00002fac    00000008     libclang_rt.builtins.a : aeabi_memcpy.S.obj (.text.__aeabi_memcpy)
                  00002fb4    00000006     libc.a : exit.c.obj (.text:abort)
                  00002fba    00000004     startup_mspm0g350x_ticlang.o (.text.Default_Handler)
                  00002fbe    00000004     libsysbm.a : hostexit.c.obj (.text.HOSTexit)
                  00002fc2    00000004     startup_mspm0g350x_ticlang.o (.text.Reset_Handler)
                  00002fc6    00000004     libc.a : pre_init.c.obj (.text._system_pre_init)
                  00002fca    00000006     --HOLE-- [fill = 0]

.cinit     0    000049a0    00000030     
                  000049a0    0000000c     (__TI_handler_table)
                  000049ac    00000008     (.cinit..bss.load) [load image, compression = zero_init]
                  000049b4    00000008     (.cinit..data.load) [load image, compression = lzss]
                  000049bc    00000010     (__TI_cinit_table)
                  000049cc    00000004     --HOLE-- [fill = 0]

.rodata    0    00002fd0    000019d0     
                  00002fd0    00000d5c     oled.o (.rodata.asc2_2412)
                  00003d2c    000005f0     oled.o (.rodata.asc2_1608)
                  0000431c    00000474     oled.o (.rodata.asc2_1206)
                  00004790    00000101     libc.a : aeabi_ctype.S.obj (.rodata:__aeabi_ctype_table_)
                  00004891    00000003     ti_msp_dl_config.o (.rodata.gDCC_PWMClockConfig)
                  00004894    00000028     ti_msp_dl_config.o (.rodata.gSYSPLLConfig)
                  000048bc    00000011     libc.a : _printfi.c.obj (.rodata.str1.10348868589481759720.1)
                  000048cd    00000011            : _printfi.c.obj (.rodata.str1.15363888844622738466.1)
                  000048de    0000000d     main.o (.rodata.str1.15159059442110792349.1)
                  000048eb    0000000c     main.o (.rodata.str1.17100691992556644108.1)
                  000048f7    0000000b     main.o (.rodata.str1.12180500075719773345.1)
                  00004902    0000000b     main.o (.rodata.str1.14112174005742061988.1)
                  0000490d    0000000b     main.o (.rodata.str1.14402440632258215044.1)
                  00004918    0000000b     main.o (.rodata.str1.16265332423659789559.1)
                  00004923    0000000b     main.o (.rodata.str1.288608917962107522.1)
                  0000492e    0000000b     main.o (.rodata.str1.7702501944640899365.1)
                  00004939    00000001     --HOLE-- [fill = 0]
                  0000493a    0000000a     ti_msp_dl_config.o (.rodata.gDCC101_v1_2Config)
                  00004944    0000000a     ti_msp_dl_config.o (.rodata.gK230Config)
                  0000494e    0000000a     ti_msp_dl_config.o (.rodata.gPRINTConfig)
                  00004958    0000000a     main.o (.rodata.str1.15996357275703397564.1)
                  00004962    0000000a     main.o (.rodata.str1.18227636981041470289.1)
                  0000496c    0000000a     main.o (.rodata.str1.2846389346932560359.1)
                  00004976    0000000a     main.o (.rodata.str1.8154729771448623357.1)
                  00004980    00000009     main.o (.rodata.str1.2123964117280943167.1)
                  00004989    00000002     ti_msp_dl_config.o (.rodata.gDCC101_v1_2ClockConfig)
                  0000498b    00000001     --HOLE-- [fill = 0]
                  0000498c    00000008     ti_msp_dl_config.o (.rodata.gDCC_PWMConfig)
                  00004994    00000002     ti_msp_dl_config.o (.rodata.gK230ClockConfig)
                  00004996    00000002     ti_msp_dl_config.o (.rodata.gOLEDClockConfig)
                  00004998    00000002     ti_msp_dl_config.o (.rodata.gPRINTClockConfig)
                  0000499a    00000006     --HOLE-- [fill = 0]

.init_array 
*          0    00000000    00000000     UNINITIALIZED

.binit     0    00000000    00000000     

.bss       0    20200000    000005bd     UNINITIALIZED
                  20200000    00000480     (.common:OLED_GRAM)
                  20200480    000000bc     (.common:gDCC_PWMBackup)
                  2020053c    00000030     (.common:gK230Backup)
                  2020056c    00000028     main.o (.bss.pid_x)
                  20200594    00000020     main.o (.bss.disp_buf)
                  202005b4    00000005     uart.o (.bss.rx_buf)
                  202005b9    00000001     (.common:bujin_x)
                  202005ba    00000002     (.common:pulse_x)
                  202005bc    00000001     (.common:dir_x)

.data      0    202005c0    00000057     UNINITIALIZED
                  202005c0    00000032     main.o (.data.DCC_v1_2)
                  202005f2    00000002     main.o (.data.motor_target)
                  202005f4    00000004     libc.a : aeabi_portable.c.obj (.data.__aeabi_errno)
                  202005f8    00000004     main.o (.data.last_delta)
                  202005fc    00000004     main.o (.data.motor_angle)
                  20200600    00000004     main.o (.data.motor_pulse)
                  20200604    00000004     main.o (.data.pid_prev_out)
                  20200608    00000001     bujin.o (.data.TIMA0_IRQHandler.btn2_cnt)
                  20200609    00000001     bujin.o (.data.TIMA0_IRQHandler.btn2_stable)
                  2020060a    00000001     bujin.o (.data.TIMA0_IRQHandler.btn3_cnt)
                  2020060b    00000001     bujin.o (.data.TIMA0_IRQHandler.btn3_stable)
                  2020060c    00000001     bujin.o (.data.TIMA0_IRQHandler.btn4_cnt)
                  2020060d    00000001     bujin.o (.data.TIMA0_IRQHandler.btn4_stable)
                  2020060e    00000001     bujin.o (.data.TIMA0_IRQHandler.btn_cnt)
                  2020060f    00000001     bujin.o (.data.TIMA0_IRQHandler.btn_stable)
                  20200610    00000001     bujin.o (.data.btn1_active)
                  20200611    00000001     bujin.o (.data.btn2_active)
                  20200612    00000001     bujin.o (.data.btn3_active)
                  20200613    00000001     bujin.o (.data.btn4_active)
                  20200614    00000001     main.o (.data.lost_cnt)
                  20200615    00000001     main.o (.data.main.btn1_prev)
                  20200616    00000001     uart.o (.data.rx_idx)

.stack     0    20207e00    00000200     UNINITIALIZED
                  20207e00    00000004     libc.a : boot_cortex_m.c.obj (.stack)
                  20207e04    000001fc     --HOLE--

__llvm_prf_cnts 
*          0    20200000    00000000     UNINITIALIZED

__llvm_prf_bits 
*          0    20200000    00000000     UNINITIALIZED

MODULE SUMMARY

       Module                         code    ro data   rw data
       ------                         ----    -------   -------
    .\
       oled.o                         1516    6080      1152   
       ti_msp_dl_config.o             2582    89        236    
       main.o                         984     140       146    
       bujin.o                        766     0         12     
       key.o                          354     0         0      
       bihuan_pid.o                   332     0         0      
       uart.o                         290     0         6      
       startup_mspm0g350x_ticlang.o   8       192       0      
       delay.o                        28      0         0      
    +--+------------------------------+-------+---------+---------+
       Total:                         6860    6501      1552   
                                                               
    C:/ti/mspm0_sdk_2_10_00_04/source/ti/driverlib/lib/ticlang/m0p/mspm0g1x0x_g3x0x/driverlib.a
       dl_sysctl_mspm0g1x0x_g3x0x.o   416     0         0      
       dl_timer.o                     356     0         0      
       dl_uart.o                      138     0         0      
       dl_i2c.o                       132     0         0      
       dl_common.o                    10      0         0      
    +--+------------------------------+-------+---------+---------+
       Total:                         1052    0         0      
                                                               
    C:\ti\ccs2050\ccs\tools\compiler\ti-cgt-armllvm_4.0.4.LTS\lib\armv6m-ti-none-eabi/c/libc.a
       _printfi.c.obj                 2166    34        0      
       aeabi_ctype.S.obj              0       257       0      
       copy_decompress_lzss.c.obj     124     0         0      
       sprintf.c.obj                  90      0         0      
       atoi.c.obj                     64      0         0      
       autoinit.c.obj                 60      0         0      
       boot_cortex_m.c.obj            40      0         0      
       memccpy.c.obj                  34      0         0      
       copy_decompress_none.c.obj     18      0         0      
       memcpy16.S.obj                 18      0         0      
       copy_zero_init.c.obj           16      0         0      
       wcslen.c.obj                   16      0         0      
       memset16.S.obj                 14      0         0      
       aeabi_portable.c.obj           8       0         4      
       exit.c.obj                     6       0         0      
       pre_init.c.obj                 4       0         0      
    +--+------------------------------+-------+---------+---------+
       Total:                         2678    291       4      
                                                               
    C:\ti\ccs2050\ccs\tools\compiler\ti-cgt-armllvm_4.0.4.LTS\lib\armv6m-ti-none-eabi/c/libsysbm.a
       hostexit.c.obj                 4       0         0      
    +--+------------------------------+-------+---------+---------+
       Total:                         4       0         0      
                                                               
    C:\ti\ccs2050\ccs\tools\compiler\ti-cgt-armllvm_4.0.4.LTS\lib\armv6m-ti-none-eabi/libclang_rt.builtins.a
       comparedf2.c.obj               220     0         0      
       addsf3.S.obj                   216     0         0      
       udivmoddi4.S.obj               162     0         0      
       mulsf3.S.obj                   140     0         0      
       comparesf2.S.obj               118     0         0      
       aeabi_dcmp.S.obj               98      0         0      
       aeabi_fcmp.S.obj               98      0         0      
       aeabi_uidivmod.S.obj           64      0         0      
       muldsi3.S.obj                  58      0         0      
       fixsfsi.S.obj                  56      0         0      
       floatunsisf.S.obj              40      0         0      
       floatunsidf.S.obj              36      0         0      
       muldi3.S.obj                   36      0         0      
       ashldi3.S.obj                  30      0         0      
       aeabi_memset.S.obj             26      0         0      
       aeabi_uldivmod.S.obj           20      0         0      
       aeabi_memcpy.S.obj             8       0         0      
       aeabi_div0.c.obj               4       0         0      
    +--+------------------------------+-------+---------+---------+
       Total:                         1430    0         0      
                                                               
       Stack:                         0       0         512    
       Linker Generated:              0       44        0      
    +--+------------------------------+-------+---------+---------+
       Grand Total:                   12024   6836      2068   


LINKER GENERATED COPY TABLES

__TI_cinit_table @ 000049bc records: 2, size/record: 8, table size: 16
	.bss: load addr=000049ac, load size=00000008 bytes, run addr=20200000, run size=000005bd bytes, compression=zero_init
	.data: load addr=000049b4, load size=00000008 bytes, run addr=202005c0, run size=00000057 bytes, compression=lzss


LINKER GENERATED HANDLER TABLE

__TI_handler_table @ 000049a0 records: 3, size/record: 4, table size: 12
	index: 0, handler: __TI_decompress_lzss
	index: 1, handler: __TI_decompress_none
	index: 2, handler: __TI_zero_init


GLOBAL SYMBOLS: SORTED ALPHABETICALLY BY Name 

address   name                                 
-------   ----                                 
00002fbb  ADC0_IRQHandler                      
00002fbb  ADC1_IRQHandler                      
00002fbb  AES_IRQHandler                       
00002fbe  C$$EXIT                              
00002fbb  CANFD0_IRQHandler                    
00002fbb  DAC0_IRQHandler                      
202005c0  DCC_v1_2                             
00002f91  DL_Common_delayCycles                
000020c9  DL_I2C_fillControllerTXFIFO          
0000292b  DL_I2C_setClockConfig                
00002a99  DL_SYSCTL_configFCC                  
00001489  DL_SYSCTL_configSYSPLL               
00001e79  DL_SYSCTL_setHFCLKSourceHFXTParams   
00002415  DL_SYSCTL_switchMCLKfromSYSOSCtoHSCLK
00000fb1  DL_Timer_initFourCCPWMMode           
00002b25  DL_Timer_setCaptCompUpdateMethod     
00002d01  DL_Timer_setCaptureCompareOutCtl     
00002f11  DL_Timer_setCaptureCompareValue      
00002b41  DL_Timer_setClockConfig              
000022ad  DL_UART_init                         
00002ea9  DL_UART_setClockConfig               
0000278d  DL_UART_transmitDataBlocking         
00002fbb  DMA_IRQHandler                       
00002fbb  Default_Handler                      
00002fbb  GROUP0_IRQHandler                    
00002fbb  GROUP1_IRQHandler                    
00002fbf  HOSTexit                             
00002fbb  HardFault_Handler                    
00002fbb  I2C0_IRQHandler                      
00002fbb  I2C1_IRQHandler                      
00002fbb  NMI_Handler                          
00002009  OLED_Clear                           
00001edd  OLED_ClearPoint                      
000026f1  OLED_ColorTurn                       
000022f5  OLED_DisplayTurn                     
0000233d  OLED_DrawPoint                       
20200000  OLED_GRAM                            
000011b5  OLED_Init                            
00001b4d  OLED_Refresh                         
00000e59  OLED_ShowChar                        
00001907  OLED_ShowString                      
00001c45  OLED_WR_Byte                         
000010b5  PID_Inc_Calc                         
00002261  PID_Inc_Init                         
00002fbb  PendSV_Handler                       
00002fbb  RTC_IRQHandler                       
00002fc3  Reset_Handler                        
00002fbb  SPI0_IRQHandler                      
00002fbb  SPI1_IRQHandler                      
00002fbb  SVC_Handler                          
00002459  SYSCFG_DL_DCC101_v1_2_init           
00001da1  SYSCFG_DL_DCC_PWM_init               
000012ad  SYSCFG_DL_GPIO_init                  
00002385  SYSCFG_DL_K230_init                  
00002069  SYSCFG_DL_OLED_init                  
000023cd  SYSCFG_DL_PRINT_init                 
000013a1  SYSCFG_DL_SYSCTL_SYSPLL_init         
00001cb9  SYSCFG_DL_SYSCTL_init                
00002555  SYSCFG_DL_init                       
00001a35  SYSCFG_DL_initPower                  
00002fbb  SysTick_Handler                      
00000cd5  TIMA0_IRQHandler                     
00002fbb  TIMA1_IRQHandler                     
00002fbb  TIMG0_IRQHandler                     
00002fbb  TIMG12_IRQHandler                    
00002fbb  TIMG6_IRQHandler                     
00002fbb  TIMG7_IRQHandler                     
00002fbb  TIMG8_IRQHandler                     
00002ebb  TI_memcpy_small                      
00002f5d  TI_memset_small                      
00002fbb  UART0_IRQHandler                     
00002fbb  UART1_IRQHandler                     
00002fbb  UART2_IRQHandler                     
00001711  UART3_IRQHandler                     
00002725  UART_send_buffer                     
00002b79  UART_send_char                       
20208000  __STACK_END                          
00000200  __STACK_SIZE                         
00000000  __TI_ATRegion0_region_sz             
00000000  __TI_ATRegion0_src_addr              
00000000  __TI_ATRegion0_trg_addr              
00000000  __TI_ATRegion1_region_sz             
00000000  __TI_ATRegion1_src_addr              
00000000  __TI_ATRegion1_trg_addr              
00000000  __TI_ATRegion2_region_sz             
00000000  __TI_ATRegion2_src_addr              
00000000  __TI_ATRegion2_trg_addr              
000049bc  __TI_CINIT_Base                      
000049cc  __TI_CINIT_Limit                     
000049cc  __TI_CINIT_Warm                      
000049a0  __TI_Handler_Table_Base              
000049ac  __TI_Handler_Table_Limit             
000025cd  __TI_auto_init_nobinit_nopinit       
00001bc9  __TI_decompress_lzss                 
00002ecd  __TI_decompress_none                 
ffffffff  __TI_pprof_out_hndl                  
000000c1  __TI_printfi_nofloat                 
ffffffff  __TI_prof_data_size                  
ffffffff  __TI_prof_data_start                 
00000000  __TI_static_base__                   
00002f31  __TI_zero_init                       
0000156f  __addsf3                             
00004790  __aeabi_ctype_table_                 
00004790  __aeabi_ctype_table_C                
00001f41  __aeabi_dcmpeq                       
00001f7d  __aeabi_dcmpge                       
00001f91  __aeabi_dcmpgt                       
00001f69  __aeabi_dcmple                       
00001f55  __aeabi_dcmplt                       
202005f4  __aeabi_errno                        
00002fa5  __aeabi_errno_addr                   
00002681  __aeabi_f2iz                         
0000156f  __aeabi_fadd                         
00001fa5  __aeabi_fcmpeq                       
00001fe1  __aeabi_fcmpge                       
00001ff5  __aeabi_fcmpgt                       
00001fcd  __aeabi_fcmple                       
00001fb9  __aeabi_fcmplt                       
00001ac1  __aeabi_fmul                         
00001565  __aeabi_fsub                         
0000199f  __aeabi_idiv0                        
00001fa3  __aeabi_ldiv0                        
00002a41  __aeabi_llsl                         
00002999  __aeabi_lmul                         
00002f85  __aeabi_memclr                       
00002f85  __aeabi_memclr4                      
00002f85  __aeabi_memclr8                      
00002fad  __aeabi_memcpy                       
00002fad  __aeabi_memcpy4                      
00002fad  __aeabi_memcpy8                      
00002f41  __aeabi_memset                       
00002f41  __aeabi_memset4                      
00002f41  __aeabi_memset8                      
00002975  __aeabi_ui2d                         
000028b5  __aeabi_ui2f                         
00002499  __aeabi_uidiv                        
00002499  __aeabi_uidivmod                     
00002e71  __aeabi_uldivmod                     
00002a41  __ashldi3                            
ffffffff  __binit__                            
00001e11  __cmpdf2                             
00002609  __cmpsf2                             
00001e11  __eqdf2                              
00002609  __eqsf2                              
00002681  __fixsfsi                            
00002975  __floatunsidf                        
000028b5  __floatunsisf                        
00001d2d  __gedf2                              
00002591  __gesf2                              
00001d2d  __gtdf2                              
00002591  __gtsf2                              
00001e11  __ledf2                              
00002609  __lesf2                              
00001e11  __ltdf2                              
00002609  __ltsf2                              
UNDEFED   __mpu_init                           
00002999  __muldi3                             
00002645  __muldsi3                            
00001ac1  __mulsf3                             
00001e11  __nedf2                              
00002609  __nesf2                              
20207e00  __stack                              
20200000  __start___llvm_prf_bits              
20200000  __start___llvm_prf_cnts              
20200000  __stop___llvm_prf_bits               
20200000  __stop___llvm_prf_cnts               
00001565  __subsf3                             
00001865  __udivmoddi4                         
000028dd  _c_int00_noargs                      
UNDEFED   _system_post_cinit                   
00002fc7  _system_pre_init                     
00002fb5  abort                                
0000431c  asc2_1206                            
00003d2c  asc2_1608                            
00002fd0  asc2_2412                            
000024d9  atoi                                 
ffffffff  binit                                
20200610  btn1_active                          
20200611  btn2_active                          
20200612  btn3_active                          
20200613  btn4_active                          
202005b9  bujin_x                              
00002b95  delay_ms                             
0000163d  dianji1_pulse                        
000019a1  dianji_set_origin                    
202005bc  dir_x                                
20200480  gDCC_PWMBackup                       
2020053c  gK230Backup                          
00002759  get_key_state                        
00000000  interruptVectors                     
000017bd  key6_init                            
00000929  main                                 
000029bd  memccpy                              
202005fc  motor_angle                          
20200600  motor_pulse                          
202005f2  motor_target                         
202005ba  pulse_x                              
000026b9  sprintf                              
00002f21  wcslen                               


GLOBAL SYMBOLS: SORTED BY Symbol Address 

address   name                                 
-------   ----                                 
00000000  __TI_ATRegion0_region_sz             
00000000  __TI_ATRegion0_src_addr              
00000000  __TI_ATRegion0_trg_addr              
00000000  __TI_ATRegion1_region_sz             
00000000  __TI_ATRegion1_src_addr              
00000000  __TI_ATRegion1_trg_addr              
00000000  __TI_ATRegion2_region_sz             
00000000  __TI_ATRegion2_src_addr              
00000000  __TI_ATRegion2_trg_addr              
00000000  __TI_static_base__                   
00000000  interruptVectors                     
000000c1  __TI_printfi_nofloat                 
00000200  __STACK_SIZE                         
00000929  main                                 
00000cd5  TIMA0_IRQHandler                     
00000e59  OLED_ShowChar                        
00000fb1  DL_Timer_initFourCCPWMMode           
000010b5  PID_Inc_Calc                         
000011b5  OLED_Init                            
000012ad  SYSCFG_DL_GPIO_init                  
000013a1  SYSCFG_DL_SYSCTL_SYSPLL_init         
00001489  DL_SYSCTL_configSYSPLL               
00001565  __aeabi_fsub                         
00001565  __subsf3                             
0000156f  __addsf3                             
0000156f  __aeabi_fadd                         
0000163d  dianji1_pulse                        
00001711  UART3_IRQHandler                     
000017bd  key6_init                            
00001865  __udivmoddi4                         
00001907  OLED_ShowString                      
0000199f  __aeabi_idiv0                        
000019a1  dianji_set_origin                    
00001a35  SYSCFG_DL_initPower                  
00001ac1  __aeabi_fmul                         
00001ac1  __mulsf3                             
00001b4d  OLED_Refresh                         
00001bc9  __TI_decompress_lzss                 
00001c45  OLED_WR_Byte                         
00001cb9  SYSCFG_DL_SYSCTL_init                
00001d2d  __gedf2                              
00001d2d  __gtdf2                              
00001da1  SYSCFG_DL_DCC_PWM_init               
00001e11  __cmpdf2                             
00001e11  __eqdf2                              
00001e11  __ledf2                              
00001e11  __ltdf2                              
00001e11  __nedf2                              
00001e79  DL_SYSCTL_setHFCLKSourceHFXTParams   
00001edd  OLED_ClearPoint                      
00001f41  __aeabi_dcmpeq                       
00001f55  __aeabi_dcmplt                       
00001f69  __aeabi_dcmple                       
00001f7d  __aeabi_dcmpge                       
00001f91  __aeabi_dcmpgt                       
00001fa3  __aeabi_ldiv0                        
00001fa5  __aeabi_fcmpeq                       
00001fb9  __aeabi_fcmplt                       
00001fcd  __aeabi_fcmple                       
00001fe1  __aeabi_fcmpge                       
00001ff5  __aeabi_fcmpgt                       
00002009  OLED_Clear                           
00002069  SYSCFG_DL_OLED_init                  
000020c9  DL_I2C_fillControllerTXFIFO          
00002261  PID_Inc_Init                         
000022ad  DL_UART_init                         
000022f5  OLED_DisplayTurn                     
0000233d  OLED_DrawPoint                       
00002385  SYSCFG_DL_K230_init                  
000023cd  SYSCFG_DL_PRINT_init                 
00002415  DL_SYSCTL_switchMCLKfromSYSOSCtoHSCLK
00002459  SYSCFG_DL_DCC101_v1_2_init           
00002499  __aeabi_uidiv                        
00002499  __aeabi_uidivmod                     
000024d9  atoi                                 
00002555  SYSCFG_DL_init                       
00002591  __gesf2                              
00002591  __gtsf2                              
000025cd  __TI_auto_init_nobinit_nopinit       
00002609  __cmpsf2                             
00002609  __eqsf2                              
00002609  __lesf2                              
00002609  __ltsf2                              
00002609  __nesf2                              
00002645  __muldsi3                            
00002681  __aeabi_f2iz                         
00002681  __fixsfsi                            
000026b9  sprintf                              
000026f1  OLED_ColorTurn                       
00002725  UART_send_buffer                     
00002759  get_key_state                        
0000278d  DL_UART_transmitDataBlocking         
000028b5  __aeabi_ui2f                         
000028b5  __floatunsisf                        
000028dd  _c_int00_noargs                      
0000292b  DL_I2C_setClockConfig                
00002975  __aeabi_ui2d                         
00002975  __floatunsidf                        
00002999  __aeabi_lmul                         
00002999  __muldi3                             
000029bd  memccpy                              
00002a41  __aeabi_llsl                         
00002a41  __ashldi3                            
00002a99  DL_SYSCTL_configFCC                  
00002b25  DL_Timer_setCaptCompUpdateMethod     
00002b41  DL_Timer_setClockConfig              
00002b79  UART_send_char                       
00002b95  delay_ms                             
00002d01  DL_Timer_setCaptureCompareOutCtl     
00002e71  __aeabi_uldivmod                     
00002ea9  DL_UART_setClockConfig               
00002ebb  TI_memcpy_small                      
00002ecd  __TI_decompress_none                 
00002f11  DL_Timer_setCaptureCompareValue      
00002f21  wcslen                               
00002f31  __TI_zero_init                       
00002f41  __aeabi_memset                       
00002f41  __aeabi_memset4                      
00002f41  __aeabi_memset8                      
00002f5d  TI_memset_small                      
00002f85  __aeabi_memclr                       
00002f85  __aeabi_memclr4                      
00002f85  __aeabi_memclr8                      
00002f91  DL_Common_delayCycles                
00002fa5  __aeabi_errno_addr                   
00002fad  __aeabi_memcpy                       
00002fad  __aeabi_memcpy4                      
00002fad  __aeabi_memcpy8                      
00002fb5  abort                                
00002fbb  ADC0_IRQHandler                      
00002fbb  ADC1_IRQHandler                      
00002fbb  AES_IRQHandler                       
00002fbb  CANFD0_IRQHandler                    
00002fbb  DAC0_IRQHandler                      
00002fbb  DMA_IRQHandler                       
00002fbb  Default_Handler                      
00002fbb  GROUP0_IRQHandler                    
00002fbb  GROUP1_IRQHandler                    
00002fbb  HardFault_Handler                    
00002fbb  I2C0_IRQHandler                      
00002fbb  I2C1_IRQHandler                      
00002fbb  NMI_Handler                          
00002fbb  PendSV_Handler                       
00002fbb  RTC_IRQHandler                       
00002fbb  SPI0_IRQHandler                      
00002fbb  SPI1_IRQHandler                      
00002fbb  SVC_Handler                          
00002fbb  SysTick_Handler                      
00002fbb  TIMA1_IRQHandler                     
00002fbb  TIMG0_IRQHandler                     
00002fbb  TIMG12_IRQHandler                    
00002fbb  TIMG6_IRQHandler                     
00002fbb  TIMG7_IRQHandler                     
00002fbb  TIMG8_IRQHandler                     
00002fbb  UART0_IRQHandler                     
00002fbb  UART1_IRQHandler                     
00002fbb  UART2_IRQHandler                     
00002fbe  C$$EXIT                              
00002fbf  HOSTexit                             
00002fc3  Reset_Handler                        
00002fc7  _system_pre_init                     
00002fd0  asc2_2412                            
00003d2c  asc2_1608                            
0000431c  asc2_1206                            
00004790  __aeabi_ctype_table_                 
00004790  __aeabi_ctype_table_C                
000049a0  __TI_Handler_Table_Base              
000049ac  __TI_Handler_Table_Limit             
000049bc  __TI_CINIT_Base                      
000049cc  __TI_CINIT_Limit                     
000049cc  __TI_CINIT_Warm                      
20200000  OLED_GRAM                            
20200000  __start___llvm_prf_bits              
20200000  __start___llvm_prf_cnts              
20200000  __stop___llvm_prf_bits               
20200000  __stop___llvm_prf_cnts               
20200480  gDCC_PWMBackup                       
2020053c  gK230Backup                          
202005b9  bujin_x                              
202005ba  pulse_x                              
202005bc  dir_x                                
202005c0  DCC_v1_2                             
202005f2  motor_target                         
202005f4  __aeabi_errno                        
202005fc  motor_angle                          
20200600  motor_pulse                          
20200610  btn1_active                          
20200611  btn2_active                          
20200612  btn3_active                          
20200613  btn4_active                          
20207e00  __stack                              
20208000  __STACK_END                          
ffffffff  __TI_pprof_out_hndl                  
ffffffff  __TI_prof_data_size                  
ffffffff  __TI_prof_data_start                 
ffffffff  __binit__                            
ffffffff  binit                                
UNDEFED   __mpu_init                           
UNDEFED   _system_post_cinit                   

[199 symbols]
