******************************************************************************
            TI ARM Clang Linker PC v4.0.4                      
******************************************************************************
>> Linked Fri Jul 17 21:56:41 2026

OUTPUT FILE NAME:   <DCC_101_v1.out>
ENTRY POINT SYMBOL: "_c_int00_noargs"  address: 000028b5


MEMORY CONFIGURATION

         name            origin    length      used     unused   attr    fill
----------------------  --------  ---------  --------  --------  ----  --------
  FLASH                 00000000   00020000  00004990  0001b670  R  X
  SRAM                  20200000   00008000  00000810  000077f0  RW X
  BCR_CONFIG            41c00000   000000ff  00000000  000000ff  R   
  BSL_CONFIG            41c00100   00000080  00000000  00000080  R   


SEGMENT ALLOCATION MAP

run origin  load origin   length   init length attrs members
----------  ----------- ---------- ----------- ----- -------
00000000    00000000    00004990   00004990    r-x
  00000000    00000000    000000c0   000000c0    r-- .intvecs
  000000c0    000000c0    00002f10   00002f10    r-x .text
  00002fd0    00002fd0    00001990   00001990    r-- .rodata
  00004960    00004960    00000030   00000030    r-- .cinit
20200000    20200000    00000610   00000000    rw-
  20200000    20200000    0000057c   00000000    rw- .bss
  2020057c    2020057c    00000094   00000000    rw- .data
20207e00    20207e00    00000200   00000000    rw-
  20207e00    20207e00    00000200   00000000    rw- .stack


SECTION ALLOCATION MAP

 output                                  attributes/
section   page    origin      length       input sections
--------  ----  ----------  ----------   ----------------
.intvecs   0    00000000    000000c0     
                  00000000    000000c0     startup_mspm0g350x_ticlang.o (.intvecs)

.text      0    000000c0    00002f10     
                  000000c0    00000868     libc.a : _printfi.c.obj (.text:__TI_printfi_nofloat)
                  00000928    000002d4     main.o (.text.main)
                  00000bfc    00000184     bujin.o (.text.TIMA0_IRQHandler)
                  00000d80    00000158     oled.o (.text.OLED_ShowChar)
                  00000ed8    00000104     driverlib.a : dl_timer.o (.text.DL_Timer_initFourCCPWMMode)
                  00000fdc    00000104     ti_msp_dl_config.o (.text.SYSCFG_DL_GPIO_init)
                  000010e0    000000f8     oled.o (.text.OLED_Init)
                  000011d8    000000e8     ti_msp_dl_config.o (.text.SYSCFG_DL_SYSCTL_SYSPLL_init)
                  000012c0    000000e4     bujin2.o (.text.dianji2_roll)
                  000013a4    000000e4     bujin.o (.text.dianji_roll)
                  00001488    000000dc     driverlib.a : dl_sysctl_mspm0g1x0x_g3x0x.o (.text.DL_SYSCTL_configSYSPLL)
                  00001564    000000cc     uart.o (.text.UART3_IRQHandler)
                  00001630    000000a8     key.o (.text.key6_init)
                  000016d8    000000a4     bujin2.o (.text.dianji2_roll_pulse)
                  0000177c    000000a4     bujin.o (.text.dianji_roll_pulse)
                  00001820    000000a2     libclang_rt.builtins.a : udivmoddi4.S.obj (.text)
                  000018c2    00000002                            : aeabi_div0.c.obj (.text.__aeabi_idiv0)
                  000018c4    000000a0     ti_msp_dl_config.o (.text.SYSCFG_DL_initPower)
                  00001964    00000098     oled.o (.text.OLED_ShowString)
                  000019fc    00000098     main.o (.text.oled_update)
                  00001a94    0000008c     libclang_rt.builtins.a : mulsf3.S.obj (.text.__mulsf3)
                  00001b20    0000007c     oled.o (.text.OLED_Refresh)
                  00001b9c    0000007c     main.o (.text.moving_avg)
                  00001c18    0000007c     libc.a : copy_decompress_lzss.c.obj (.text:decompress:lzss)
                  00001c94    00000074     oled.o (.text.OLED_WR_Byte)
                  00001d08    00000074     ti_msp_dl_config.o (.text.SYSCFG_DL_SYSCTL_init)
                  00001d7c    00000074     libclang_rt.builtins.a : comparedf2.c.obj (.text.__gedf2)
                  00001df0    00000070     ti_msp_dl_config.o (.text.SYSCFG_DL_DCC_PWM_init)
                  00001e60    00000068     libclang_rt.builtins.a : comparedf2.c.obj (.text.__ledf2)
                  00001ec8    00000064     driverlib.a : dl_sysctl_mspm0g1x0x_g3x0x.o (.text.DL_SYSCTL_setHFCLKSourceHFXTParams)
                  00001f2c    00000064     oled.o (.text.OLED_ClearPoint)
                  00001f90    00000062     libclang_rt.builtins.a : aeabi_dcmp.S.obj (.text.__aeabi_dcmp)
                  00001ff2    00000002                            : aeabi_div0.c.obj (.text.__aeabi_ldiv0)
                  00001ff4    00000060     oled.o (.text.OLED_Clear)
                  00002054    00000060     ti_msp_dl_config.o (.text.SYSCFG_DL_OLED_init)
                  000020b4    0000005e     driverlib.a : dl_i2c.o (.text.DL_I2C_fillControllerTXFIFO)
                  00002112    00000002     --HOLE-- [fill = 0]
                  00002114    00000056     libclang_rt.builtins.a : aeabi_idivmod.S.obj (.text.__aeabi_idivmod)
                  0000216a    00000002     --HOLE-- [fill = 0]
                  0000216c    00000050     ti_msp_dl_config.o (.text.DL_GPIO_initPeripheralInputFunctionFeatures)
                  000021bc    00000050     oled.o (.text.DL_I2C_startControllerTransfer)
                  0000220c    0000004c     ti_msp_dl_config.o (.text.DL_GPIO_initDigitalInputFeatures)
                  00002258    0000004c     ti_msp_dl_config.o (.text.DL_UART_setBaudRateDivisor)
                  000022a4    00000048     driverlib.a : dl_uart.o (.text.DL_UART_init)
                  000022ec    00000048     oled.o (.text.OLED_DisplayTurn)
                  00002334    00000048     oled.o (.text.OLED_DrawPoint)
                  0000237c    00000048     ti_msp_dl_config.o (.text.SYSCFG_DL_K230_init)
                  000023c4    00000048     ti_msp_dl_config.o (.text.SYSCFG_DL_PRINT_init)
                  0000240c    00000044     driverlib.a : dl_sysctl_mspm0g1x0x_g3x0x.o (.text.DL_SYSCTL_switchMCLKfromSYSOSCtoHSCLK)
                  00002450    00000040     ti_msp_dl_config.o (.text.SYSCFG_DL_DCC101_v1_2_init)
                  00002490    00000040     ti_msp_dl_config.o (.text.SYSCFG_DL_DCC101_v1_3_init)
                  000024d0    00000040     ti_msp_dl_config.o (.text.SYSCFG_DL_init)
                  00002510    00000040     libclang_rt.builtins.a : aeabi_uidivmod.S.obj (.text.__aeabi_uidivmod)
                  00002550    00000040     libc.a : atoi.c.obj (.text.atoi)
                  00002590    0000003c     ti_msp_dl_config.o (.text.DL_Timer_setCounterControl)
                  000025cc    0000003c     libclang_rt.builtins.a : floatsisf.S.obj (.text.__floatsisf)
                  00002608    0000003c     libc.a : autoinit.c.obj (.text:__TI_auto_init_nobinit_nopinit)
                  00002644    0000003a     libclang_rt.builtins.a : muldsi3.S.obj (.text.__muldsi3)
                  0000267e    00000002     --HOLE-- [fill = 0]
                  00002680    00000038                            : fixsfsi.S.obj (.text.__fixsfsi)
                  000026b8    00000038     libc.a : sprintf.c.obj (.text.sprintf)
                  000026f0    00000034     oled.o (.text.OLED_ColorTurn)
                  00002724    00000034     uart.o (.text.UART_send_buffer)
                  00002758    00000034     key.o (.text.get_key_state)
                  0000278c    00000030     driverlib.a : dl_uart.o (.text.DL_UART_transmitDataBlocking)
                  000027bc    0000002c     key.o (.text.__NVIC_EnableIRQ)
                  000027e8    0000002c     main.o (.text.__NVIC_EnableIRQ)
                  00002814    00000028     oled.o (.text.DL_Common_updateReg)
                  0000283c    00000028     ti_msp_dl_config.o (.text.DL_Common_updateReg)
                  00002864    00000028     ti_msp_dl_config.o (.text.DL_I2C_setControllerRXFIFOThreshold)
                  0000288c    00000028     ti_msp_dl_config.o (.text.DL_I2C_setControllerTXFIFOThreshold)
                  000028b4    00000028     libc.a : boot_cortex_m.c.obj (.text:_c_int00_noargs)
                  000028dc    00000026     ti_msp_dl_config.o (.text.DL_I2C_setAnalogGlitchFilterPulseWidth)
                  00002902    00000026     driverlib.a : dl_i2c.o (.text.DL_I2C_setClockConfig)
                  00002928    00000024     ti_msp_dl_config.o (.text.DL_I2C_setDigitalGlitchFilterPulseWidth)
                  0000294c    00000024     libclang_rt.builtins.a : floatunsidf.S.obj (.text.__floatunsidf)
                  00002970    00000024                            : muldi3.S.obj (.text.__muldi3)
                  00002994    00000022     libc.a : memccpy.c.obj (.text.memccpy)
                  000029b6    00000002     --HOLE-- [fill = 0]
                  000029b8    00000020     ti_msp_dl_config.o (.text.DL_GPIO_initPeripheralInputFunction)
                  000029d8    00000020     ti_msp_dl_config.o (.text.DL_SYSCTL_setFlashWaitState)
                  000029f8    0000001e     ti_msp_dl_config.o (.text.DL_UART_setOversampling)
                  00002a16    00000002     --HOLE-- [fill = 0]
                  00002a18    0000001e     libclang_rt.builtins.a : ashldi3.S.obj (.text.__ashldi3)
                  00002a36    00000002     --HOLE-- [fill = 0]
                  00002a38    0000001c     ti_msp_dl_config.o (.text.DL_GPIO_enableHiZ)
                  00002a54    0000001c     ti_msp_dl_config.o (.text.DL_GPIO_initPeripheralOutputFunction)
                  00002a70    0000001c     driverlib.a : dl_sysctl_mspm0g1x0x_g3x0x.o (.text.DL_SYSCTL_configFCC)
                  00002a8c    0000001c     ti_msp_dl_config.o (.text.DL_SYSCTL_setFCCPeriods)
                  00002aa8    0000001c     ti_msp_dl_config.o (.text.DL_SYSCTL_setSYSOSCFreq)
                  00002ac4    0000001c     ti_msp_dl_config.o (.text.DL_SYSCTL_setULPCLKDivider)
                  00002ae0    0000001c     ti_msp_dl_config.o (.text.DL_Timer_enableInterrupt)
                  00002afc    0000001c     driverlib.a : dl_timer.o (.text.DL_Timer_setCaptCompUpdateMethod)
                  00002b18    0000001c                 : dl_timer.o (.text.DL_Timer_setClockConfig)
                  00002b34    0000001c     ti_msp_dl_config.o (.text.DL_UART_enableInterrupt)
                  00002b50    0000001c     uart.o (.text.UART_send_char)
                  00002b6c    0000001c     delay.o (.text.delay_ms)
                  00002b88    00000018     ti_msp_dl_config.o (.text.DL_GPIO_enableOutput)
                  00002ba0    00000018     ti_msp_dl_config.o (.text.DL_GPIO_enablePower)
                  00002bb8    00000018     ti_msp_dl_config.o (.text.DL_GPIO_initDigitalOutput)
                  00002bd0    00000018     ti_msp_dl_config.o (.text.DL_GPIO_initPeripheralAnalogFunction)
                  00002be8    00000018     ti_msp_dl_config.o (.text.DL_GPIO_reset)
                  00002c00    00000018     ti_msp_dl_config.o (.text.DL_I2C_enableAnalogGlitchFilter)
                  00002c18    00000018     ti_msp_dl_config.o (.text.DL_I2C_enableController)
                  00002c30    00000018     ti_msp_dl_config.o (.text.DL_I2C_enableControllerClockStretching)
                  00002c48    00000018     ti_msp_dl_config.o (.text.DL_I2C_enablePower)
                  00002c60    00000018     ti_msp_dl_config.o (.text.DL_I2C_reset)
                  00002c78    00000018     ti_msp_dl_config.o (.text.DL_I2C_setTimerPeriod)
                  00002c90    00000018     ti_msp_dl_config.o (.text.DL_SYSCTL_setBORThreshold)
                  00002ca8    00000018     ti_msp_dl_config.o (.text.DL_Timer_enablePower)
                  00002cc0    00000018     ti_msp_dl_config.o (.text.DL_Timer_reset)
                  00002cd8    00000018     driverlib.a : dl_timer.o (.text.DL_Timer_setCaptureCompareOutCtl)
                  00002cf0    00000018     key.o (.text.DL_Timer_setLoadValue)
                  00002d08    00000018     key.o (.text.DL_Timer_startCounter)
                  00002d20    00000018     ti_msp_dl_config.o (.text.DL_UART_enablePower)
                  00002d38    00000018     ti_msp_dl_config.o (.text.DL_UART_reset)
                  00002d50    00000018     libc.a : sprintf.c.obj (.text._outs)
                  00002d68    00000016     key.o (.text.DL_GPIO_readPins)
                  00002d7e    00000016     ti_msp_dl_config.o (.text.DL_UART_enable)
                  00002d94    00000014     key.o (.text.DL_GPIO_clearPins)
                  00002da8    00000014     key2.o (.text.DL_GPIO_clearPins)
                  00002dbc    00000014     ti_msp_dl_config.o (.text.DL_GPIO_clearPins)
                  00002dd0    00000014     oled.o (.text.DL_I2C_getControllerStatus)
                  00002de4    00000014     ti_msp_dl_config.o (.text.DL_I2C_resetControllerTransfer)
                  00002df8    00000014     ti_msp_dl_config.o (.text.DL_SYSCTL_disableSYSPLL)
                  00002e0c    00000014     ti_msp_dl_config.o (.text.DL_SYSCTL_enableSYSPLL)
                  00002e20    00000014     ti_msp_dl_config.o (.text.DL_Timer_enableClock)
                  00002e34    00000014     ti_msp_dl_config.o (.text.DL_Timer_setCCPDirection)
                  00002e48    00000014     uart.o (.text.DL_UART_receiveData)
                  00002e5c    00000014     libclang_rt.builtins.a : aeabi_uldivmod.S.obj (.text.__aeabi_uldivmod)
                  00002e70    00000014     key2.o (.text.key7_init)
                  00002e84    00000012     bujin.o (.text.DL_Timer_getPendingInterrupt)
                  00002e96    00000012     uart.o (.text.DL_UART_getPendingInterrupt)
                  00002ea8    00000012     driverlib.a : dl_uart.o (.text.DL_UART_setClockConfig)
                  00002eba    00000012     libc.a : memcpy16.S.obj (.text:TI_memcpy_small)
                  00002ecc    00000012            : copy_decompress_none.c.obj (.text:decompress:none)
                  00002ede    00000002     --HOLE-- [fill = 0]
                  00002ee0    00000010     ti_msp_dl_config.o (.text.DL_SYSCTL_disableHFXT)
                  00002ef0    00000010     ti_msp_dl_config.o (.text.DL_SYSCTL_isFCCDone)
                  00002f00    00000010     ti_msp_dl_config.o (.text.DL_SYSCTL_startFCC)
                  00002f10    00000010     driverlib.a : dl_timer.o (.text.DL_Timer_setCaptureCompareValue)
                  00002f20    00000010     libc.a : wcslen.c.obj (.text.wcslen)
                  00002f30    00000010            : copy_zero_init.c.obj (.text:decompress:ZI)
                  00002f40    0000000e     libclang_rt.builtins.a : aeabi_memset.S.obj (.text.__aeabi_memset)
                  00002f4e    0000000e     libc.a : _printfi.c.obj (.text.strlen)
                  00002f5c    0000000e            : memset16.S.obj (.text:TI_memset_small)
                  00002f6a    00000002     --HOLE-- [fill = 0]
                  00002f6c    0000000c     ti_msp_dl_config.o (.text.DL_SYSCTL_getClockStatus)
                  00002f78    0000000c     ti_msp_dl_config.o (.text.DL_SYSCTL_readFCC)
                  00002f84    0000000c     libclang_rt.builtins.a : aeabi_memset.S.obj (.text.__aeabi_memclr)
                  00002f90    0000000a     driverlib.a : dl_common.o (.text.DL_Common_delayCycles)
                  00002f9a    0000000a     libc.a : sprintf.c.obj (.text._outc)
                  00002fa4    00000008            : aeabi_portable.c.obj (.text.__aeabi_errno_addr)
                  00002fac    00000008     libclang_rt.builtins.a : aeabi_memcpy.S.obj (.text.__aeabi_memcpy)
                  00002fb4    00000006     libc.a : exit.c.obj (.text:abort)
                  00002fba    00000004     startup_mspm0g350x_ticlang.o (.text.Default_Handler)
                  00002fbe    00000004     libsysbm.a : hostexit.c.obj (.text.HOSTexit)
                  00002fc2    00000004     startup_mspm0g350x_ticlang.o (.text.Reset_Handler)
                  00002fc6    00000004     libc.a : pre_init.c.obj (.text._system_pre_init)
                  00002fca    00000006     --HOLE-- [fill = 0]

.cinit     0    00004960    00000030     
                  00004960    0000000c     (__TI_handler_table)
                  0000496c    00000009     (.cinit..data.load) [load image, compression = lzss]
                  00004975    00000003     --HOLE-- [fill = 0]
                  00004978    00000008     (.cinit..bss.load) [load image, compression = zero_init]
                  00004980    00000010     (__TI_cinit_table)

.rodata    0    00002fd0    00001990     
                  00002fd0    00000d5c     oled.o (.rodata.asc2_2412)
                  00003d2c    000005f0     oled.o (.rodata.asc2_1608)
                  0000431c    00000474     oled.o (.rodata.asc2_1206)
                  00004790    00000101     libc.a : aeabi_ctype.S.obj (.rodata:__aeabi_ctype_table_)
                  00004891    00000003     ti_msp_dl_config.o (.rodata.gDCC_PWMClockConfig)
                  00004894    00000028     ti_msp_dl_config.o (.rodata.gSYSPLLConfig)
                  000048bc    00000011     libc.a : _printfi.c.obj (.rodata.str1.10348868589481759720.1)
                  000048cd    00000011            : _printfi.c.obj (.rodata.str1.15363888844622738466.1)
                  000048de    00000010     main.o (.rodata.str1.8154729771448623357.1)
                  000048ee    0000000b     main.o (.rodata.str1.15159059442110792349.1)
                  000048f9    00000001     --HOLE-- [fill = 0]
                  000048fa    0000000a     ti_msp_dl_config.o (.rodata.gDCC101_v1_2Config)
                  00004904    0000000a     ti_msp_dl_config.o (.rodata.gDCC101_v1_3Config)
                  0000490e    0000000a     ti_msp_dl_config.o (.rodata.gK230Config)
                  00004918    0000000a     ti_msp_dl_config.o (.rodata.gPRINTConfig)
                  00004922    0000000a     main.o (.rodata.str1.17100691992556644108.1)
                  0000492c    0000000a     main.o (.rodata.str1.18227636981041470289.1)
                  00004936    0000000a     main.o (.rodata.str1.2846389346932560359.1)
                  00004940    00000008     ti_msp_dl_config.o (.rodata.gDCC_PWMConfig)
                  00004948    00000002     ti_msp_dl_config.o (.rodata.gDCC101_v1_2ClockConfig)
                  0000494a    00000002     ti_msp_dl_config.o (.rodata.gDCC101_v1_3ClockConfig)
                  0000494c    00000002     ti_msp_dl_config.o (.rodata.gK230ClockConfig)
                  0000494e    00000002     ti_msp_dl_config.o (.rodata.gOLEDClockConfig)
                  00004950    00000002     ti_msp_dl_config.o (.rodata.gPRINTClockConfig)
                  00004952    0000000e     --HOLE-- [fill = 0]

.init_array 
*          0    00000000    00000000     UNINITIALIZED

.binit     0    00000000    00000000     

.bss       0    20200000    0000057c     UNINITIALIZED
                  20200000    00000480     (.common:OLED_GRAM)
                  20200480    000000bc     (.common:gDCC_PWMBackup)
                  2020053c    00000030     (.common:gK230Backup)
                  2020056c    00000008     uart.o (.bss.rx_buf)
                  20200574    00000002     (.common:pulse_x)
                  20200576    00000002     (.common:pulse_y)
                  20200578    00000001     (.common:bujin_x)
                  20200579    00000001     (.common:bujin_y)
                  2020057a    00000001     (.common:dir_x)
                  2020057b    00000001     (.common:dir_y)

.data      0    2020057c    00000094     UNINITIALIZED
                  2020057c    00000032     main.o (.data.DCC_v1_2)
                  202005ae    00000032     main.o (.data.DCC_v1_3)
                  202005e0    0000000a     main.o (.data.filter_buf_m1)
                  202005ea    0000000a     main.o (.data.filter_buf_m2)
                  202005f4    00000004     libc.a : aeabi_portable.c.obj (.data.__aeabi_errno)
                  202005f8    00000002     main.o (.data.disp_m1_in)
                  202005fa    00000002     main.o (.data.disp_m1_out)
                  202005fc    00000002     main.o (.data.disp_m2_in)
                  202005fe    00000002     main.o (.data.disp_m2_out)
                  20200600    00000001     bujin.o (.data.TIMA0_IRQHandler.btn2_cnt)
                  20200601    00000001     bujin.o (.data.TIMA0_IRQHandler.btn2_stable)
                  20200602    00000001     bujin.o (.data.TIMA0_IRQHandler.btn3_cnt)
                  20200603    00000001     bujin.o (.data.TIMA0_IRQHandler.btn3_stable)
                  20200604    00000001     bujin.o (.data.TIMA0_IRQHandler.btn4_cnt)
                  20200605    00000001     bujin.o (.data.TIMA0_IRQHandler.btn4_stable)
                  20200606    00000001     bujin.o (.data.TIMA0_IRQHandler.btn_cnt)
                  20200607    00000001     bujin.o (.data.TIMA0_IRQHandler.btn_stable)
                  20200608    00000001     main.o (.data.filter_idx_m1)
                  20200609    00000001     main.o (.data.filter_idx_m2)
                  2020060a    00000001     bujin.o (.data.motor1_forward_active)
                  2020060b    00000001     bujin.o (.data.motor1_reverse_active)
                  2020060c    00000001     bujin2.o (.data.motor2_forward_active)
                  2020060d    00000001     bujin2.o (.data.motor2_reverse_active)
                  2020060e    00000001     main.o (.data.oled_dirty)
                  2020060f    00000001     uart.o (.data.rx_idx)

.stack     0    20207e00    00000200     UNINITIALIZED
                  20207e00    00000004     libc.a : boot_cortex_m.c.obj (.stack)
                  20207e04    000001fc     --HOLE--

__llvm_prf_cnts 
*          0    20200000    00000000     UNINITIALIZED

__llvm_prf_bits 
*          0    20200000    00000000     UNINITIALIZED

MODULE SUMMARY

       Module                         code    ro data   rw data
       ------                         ----    -------   -------
    .\
       oled.o                         1516    6080      1152   
       ti_msp_dl_config.o             2686    101       236    
       main.o                         1044    57        139    
       bujin.o                        798     0         10     
       bujin2.o                       392     0         2      
       key.o                          354     0         0      
       uart.o                         322     0         9      
       startup_mspm0g350x_ticlang.o   8       192       0      
       key2.o                         40      0         0      
       delay.o                        28      0         0      
    +--+------------------------------+-------+---------+---------+
       Total:                         7188    6430      1548   
                                                               
    C:/ti/mspm0_sdk_2_10_00_04/source/ti/driverlib/lib/ticlang/m0p/mspm0g1x0x_g3x0x/driverlib.a
       dl_sysctl_mspm0g1x0x_g3x0x.o   416     0         0      
       dl_timer.o                     356     0         0      
       dl_uart.o                      138     0         0      
       dl_i2c.o                       132     0         0      
       dl_common.o                    10      0         0      
    +--+------------------------------+-------+---------+---------+
       Total:                         1052    0         0      
                                                               
    C:\ti\ccs2050\ccs\tools\compiler\ti-cgt-armllvm_4.0.4.LTS\lib\armv6m-ti-none-eabi/c/libc.a
       _printfi.c.obj                 2166    34        0      
       aeabi_ctype.S.obj              0       257       0      
       copy_decompress_lzss.c.obj     124     0         0      
       sprintf.c.obj                  90      0         0      
       atoi.c.obj                     64      0         0      
       autoinit.c.obj                 60      0         0      
       boot_cortex_m.c.obj            40      0         0      
       memccpy.c.obj                  34      0         0      
       copy_decompress_none.c.obj     18      0         0      
       memcpy16.S.obj                 18      0         0      
       copy_zero_init.c.obj           16      0         0      
       wcslen.c.obj                   16      0         0      
       memset16.S.obj                 14      0         0      
       aeabi_portable.c.obj           8       0         4      
       exit.c.obj                     6       0         0      
       pre_init.c.obj                 4       0         0      
    +--+------------------------------+-------+---------+---------+
       Total:                         2678    291       4      
                                                               
    C:\ti\ccs2050\ccs\tools\compiler\ti-cgt-armllvm_4.0.4.LTS\lib\armv6m-ti-none-eabi/c/libsysbm.a
       hostexit.c.obj                 4       0         0      
    +--+------------------------------+-------+---------+---------+
       Total:                         4       0         0      
                                                               
    C:\ti\ccs2050\ccs\tools\compiler\ti-cgt-armllvm_4.0.4.LTS\lib\armv6m-ti-none-eabi/libclang_rt.builtins.a
       comparedf2.c.obj               220     0         0      
       udivmoddi4.S.obj               162     0         0      
       mulsf3.S.obj                   140     0         0      
       aeabi_dcmp.S.obj               98      0         0      
       aeabi_idivmod.S.obj            86      0         0      
       aeabi_uidivmod.S.obj           64      0         0      
       floatsisf.S.obj                60      0         0      
       muldsi3.S.obj                  58      0         0      
       fixsfsi.S.obj                  56      0         0      
       floatunsidf.S.obj              36      0         0      
       muldi3.S.obj                   36      0         0      
       ashldi3.S.obj                  30      0         0      
       aeabi_memset.S.obj             26      0         0      
       aeabi_uldivmod.S.obj           20      0         0      
       aeabi_memcpy.S.obj             8       0         0      
       aeabi_div0.c.obj               4       0         0      
    +--+------------------------------+-------+---------+---------+
       Total:                         1104    0         0      
                                                               
       Stack:                         0       0         512    
       Linker Generated:              0       45        0      
    +--+------------------------------+-------+---------+---------+
       Grand Total:                   12026   6766      2064   


LINKER GENERATED COPY TABLES

__TI_cinit_table @ 00004980 records: 2, size/record: 8, table size: 16
	.data: load addr=0000496c, load size=00000009 bytes, run addr=2020057c, run size=00000094 bytes, compression=lzss
	.bss: load addr=00004978, load size=00000008 bytes, run addr=20200000, run size=0000057c bytes, compression=zero_init


LINKER GENERATED HANDLER TABLE

__TI_handler_table @ 00004960 records: 3, size/record: 4, table size: 12
	index: 0, handler: __TI_decompress_lzss
	index: 1, handler: __TI_decompress_none
	index: 2, handler: __TI_zero_init


GLOBAL SYMBOLS: SORTED ALPHABETICALLY BY Name 

address   name                                 
-------   ----                                 
00002fbb  ADC0_IRQHandler                      
00002fbb  ADC1_IRQHandler                      
00002fbb  AES_IRQHandler                       
00002fbe  C$$EXIT                              
00002fbb  CANFD0_IRQHandler                    
00002fbb  DAC0_IRQHandler                      
2020057c  DCC_v1_2                             
202005ae  DCC_v1_3                             
00002f91  DL_Common_delayCycles                
000020b5  DL_I2C_fillControllerTXFIFO          
00002903  DL_I2C_setClockConfig                
00002a71  DL_SYSCTL_configFCC                  
00001489  DL_SYSCTL_configSYSPLL               
00001ec9  DL_SYSCTL_setHFCLKSourceHFXTParams   
0000240d  DL_SYSCTL_switchMCLKfromSYSOSCtoHSCLK
00000ed9  DL_Timer_initFourCCPWMMode           
00002afd  DL_Timer_setCaptCompUpdateMethod     
00002cd9  DL_Timer_setCaptureCompareOutCtl     
00002f11  DL_Timer_setCaptureCompareValue      
00002b19  DL_Timer_setClockConfig              
000022a5  DL_UART_init                         
00002ea9  DL_UART_setClockConfig               
0000278d  DL_UART_transmitDataBlocking         
00002fbb  DMA_IRQHandler                       
00002fbb  Default_Handler                      
00002fbb  GROUP0_IRQHandler                    
00002fbb  GROUP1_IRQHandler                    
00002fbf  HOSTexit                             
00002fbb  HardFault_Handler                    
00002fbb  I2C0_IRQHandler                      
00002fbb  I2C1_IRQHandler                      
00002fbb  NMI_Handler                          
00001ff5  OLED_Clear                           
00001f2d  OLED_ClearPoint                      
000026f1  OLED_ColorTurn                       
000022ed  OLED_DisplayTurn                     
00002335  OLED_DrawPoint                       
20200000  OLED_GRAM                            
000010e1  OLED_Init                            
00001b21  OLED_Refresh                         
00000d81  OLED_ShowChar                        
00001965  OLED_ShowString                      
00001c95  OLED_WR_Byte                         
00002fbb  PendSV_Handler                       
00002fbb  RTC_IRQHandler                       
00002fc3  Reset_Handler                        
00002fbb  SPI0_IRQHandler                      
00002fbb  SPI1_IRQHandler                      
00002fbb  SVC_Handler                          
00002451  SYSCFG_DL_DCC101_v1_2_init           
00002491  SYSCFG_DL_DCC101_v1_3_init           
00001df1  SYSCFG_DL_DCC_PWM_init               
00000fdd  SYSCFG_DL_GPIO_init                  
0000237d  SYSCFG_DL_K230_init                  
00002055  SYSCFG_DL_OLED_init                  
000023c5  SYSCFG_DL_PRINT_init                 
000011d9  SYSCFG_DL_SYSCTL_SYSPLL_init         
00001d09  SYSCFG_DL_SYSCTL_init                
000024d1  SYSCFG_DL_init                       
000018c5  SYSCFG_DL_initPower                  
00002fbb  SysTick_Handler                      
00000bfd  TIMA0_IRQHandler                     
00002fbb  TIMA1_IRQHandler                     
00002fbb  TIMG0_IRQHandler                     
00002fbb  TIMG12_IRQHandler                    
00002fbb  TIMG6_IRQHandler                     
00002fbb  TIMG7_IRQHandler                     
00002fbb  TIMG8_IRQHandler                     
00002ebb  TI_memcpy_small                      
00002f5d  TI_memset_small                      
00002fbb  UART0_IRQHandler                     
00002fbb  UART1_IRQHandler                     
00002fbb  UART2_IRQHandler                     
00001565  UART3_IRQHandler                     
00002725  UART_send_buffer                     
00002b51  UART_send_char                       
20208000  __STACK_END                          
00000200  __STACK_SIZE                         
00000000  __TI_ATRegion0_region_sz             
00000000  __TI_ATRegion0_src_addr              
00000000  __TI_ATRegion0_trg_addr              
00000000  __TI_ATRegion1_region_sz             
00000000  __TI_ATRegion1_src_addr              
00000000  __TI_ATRegion1_trg_addr              
00000000  __TI_ATRegion2_region_sz             
00000000  __TI_ATRegion2_src_addr              
00000000  __TI_ATRegion2_trg_addr              
00004980  __TI_CINIT_Base                      
00004990  __TI_CINIT_Limit                     
00004990  __TI_CINIT_Warm                      
00004960  __TI_Handler_Table_Base              
0000496c  __TI_Handler_Table_Limit             
00002609  __TI_auto_init_nobinit_nopinit       
00001c19  __TI_decompress_lzss                 
00002ecd  __TI_decompress_none                 
ffffffff  __TI_pprof_out_hndl                  
000000c1  __TI_printfi_nofloat                 
ffffffff  __TI_prof_data_size                  
ffffffff  __TI_prof_data_start                 
00000000  __TI_static_base__                   
00002f31  __TI_zero_init                       
00004790  __aeabi_ctype_table_                 
00004790  __aeabi_ctype_table_C                
00001f91  __aeabi_dcmpeq                       
00001fcd  __aeabi_dcmpge                       
00001fe1  __aeabi_dcmpgt                       
00001fb9  __aeabi_dcmple                       
00001fa5  __aeabi_dcmplt                       
202005f4  __aeabi_errno                        
00002fa5  __aeabi_errno_addr                   
00002681  __aeabi_f2iz                         
00001a95  __aeabi_fmul                         
000025cd  __aeabi_i2f                          
00002115  __aeabi_idiv                         
000018c3  __aeabi_idiv0                        
00002115  __aeabi_idivmod                      
00001ff3  __aeabi_ldiv0                        
00002a19  __aeabi_llsl                         
00002971  __aeabi_lmul                         
00002f85  __aeabi_memclr                       
00002f85  __aeabi_memclr4                      
00002f85  __aeabi_memclr8                      
00002fad  __aeabi_memcpy                       
00002fad  __aeabi_memcpy4                      
00002fad  __aeabi_memcpy8                      
00002f41  __aeabi_memset                       
00002f41  __aeabi_memset4                      
00002f41  __aeabi_memset8                      
0000294d  __aeabi_ui2d                         
00002511  __aeabi_uidiv                        
00002511  __aeabi_uidivmod                     
00002e5d  __aeabi_uldivmod                     
00002a19  __ashldi3                            
ffffffff  __binit__                            
00001e61  __cmpdf2                             
00001e61  __eqdf2                              
00002681  __fixsfsi                            
000025cd  __floatsisf                          
0000294d  __floatunsidf                        
00001d7d  __gedf2                              
00001d7d  __gtdf2                              
00001e61  __ledf2                              
00001e61  __ltdf2                              
UNDEFED   __mpu_init                           
00002971  __muldi3                             
00002645  __muldsi3                            
00001a95  __mulsf3                             
00001e61  __nedf2                              
20207e00  __stack                              
20200000  __start___llvm_prf_bits              
20200000  __start___llvm_prf_cnts              
20200000  __stop___llvm_prf_bits               
20200000  __stop___llvm_prf_cnts               
00001821  __udivmoddi4                         
000028b5  _c_int00_noargs                      
UNDEFED   _system_post_cinit                   
00002fc7  _system_pre_init                     
00002fb5  abort                                
0000431c  asc2_1206                            
00003d2c  asc2_1608                            
00002fd0  asc2_2412                            
00002551  atoi                                 
ffffffff  binit                                
20200578  bujin_x                              
20200579  bujin_y                              
00002b6d  delay_ms                             
000012c1  dianji2_roll                         
000016d9  dianji2_roll_pulse                   
000013a5  dianji_roll                          
0000177d  dianji_roll_pulse                    
2020057a  dir_x                                
2020057b  dir_y                                
20200480  gDCC_PWMBackup                       
2020053c  gK230Backup                          
00002759  get_key_state                        
00000000  interruptVectors                     
00001631  key6_init                            
00002e71  key7_init                            
00000929  main                                 
00002995  memccpy                              
2020060a  motor1_forward_active                
2020060b  motor1_reverse_active                
2020060c  motor2_forward_active                
2020060d  motor2_reverse_active                
20200574  pulse_x                              
20200576  pulse_y                              
000026b9  sprintf                              
00002f21  wcslen                               


GLOBAL SYMBOLS: SORTED BY Symbol Address 

address   name                                 
-------   ----                                 
00000000  __TI_ATRegion0_region_sz             
00000000  __TI_ATRegion0_src_addr              
00000000  __TI_ATRegion0_trg_addr              
00000000  __TI_ATRegion1_region_sz             
00000000  __TI_ATRegion1_src_addr              
00000000  __TI_ATRegion1_trg_addr              
00000000  __TI_ATRegion2_region_sz             
00000000  __TI_ATRegion2_src_addr              
00000000  __TI_ATRegion2_trg_addr              
00000000  __TI_static_base__                   
00000000  interruptVectors                     
000000c1  __TI_printfi_nofloat                 
00000200  __STACK_SIZE                         
00000929  main                                 
00000bfd  TIMA0_IRQHandler                     
00000d81  OLED_ShowChar                        
00000ed9  DL_Timer_initFourCCPWMMode           
00000fdd  SYSCFG_DL_GPIO_init                  
000010e1  OLED_Init                            
000011d9  SYSCFG_DL_SYSCTL_SYSPLL_init         
000012c1  dianji2_roll                         
000013a5  dianji_roll                          
00001489  DL_SYSCTL_configSYSPLL               
00001565  UART3_IRQHandler                     
00001631  key6_init                            
000016d9  dianji2_roll_pulse                   
0000177d  dianji_roll_pulse                    
00001821  __udivmoddi4                         
000018c3  __aeabi_idiv0                        
000018c5  SYSCFG_DL_initPower                  
00001965  OLED_ShowString                      
00001a95  __aeabi_fmul                         
00001a95  __mulsf3                             
00001b21  OLED_Refresh                         
00001c19  __TI_decompress_lzss                 
00001c95  OLED_WR_Byte                         
00001d09  SYSCFG_DL_SYSCTL_init                
00001d7d  __gedf2                              
00001d7d  __gtdf2                              
00001df1  SYSCFG_DL_DCC_PWM_init               
00001e61  __cmpdf2                             
00001e61  __eqdf2                              
00001e61  __ledf2                              
00001e61  __ltdf2                              
00001e61  __nedf2                              
00001ec9  DL_SYSCTL_setHFCLKSourceHFXTParams   
00001f2d  OLED_ClearPoint                      
00001f91  __aeabi_dcmpeq                       
00001fa5  __aeabi_dcmplt                       
00001fb9  __aeabi_dcmple                       
00001fcd  __aeabi_dcmpge                       
00001fe1  __aeabi_dcmpgt                       
00001ff3  __aeabi_ldiv0                        
00001ff5  OLED_Clear                           
00002055  SYSCFG_DL_OLED_init                  
000020b5  DL_I2C_fillControllerTXFIFO          
00002115  __aeabi_idiv                         
00002115  __aeabi_idivmod                      
000022a5  DL_UART_init                         
000022ed  OLED_DisplayTurn                     
00002335  OLED_DrawPoint                       
0000237d  SYSCFG_DL_K230_init                  
000023c5  SYSCFG_DL_PRINT_init                 
0000240d  DL_SYSCTL_switchMCLKfromSYSOSCtoHSCLK
00002451  SYSCFG_DL_DCC101_v1_2_init           
00002491  SYSCFG_DL_DCC101_v1_3_init           
000024d1  SYSCFG_DL_init                       
00002511  __aeabi_uidiv                        
00002511  __aeabi_uidivmod                     
00002551  atoi                                 
000025cd  __aeabi_i2f                          
000025cd  __floatsisf                          
00002609  __TI_auto_init_nobinit_nopinit       
00002645  __muldsi3                            
00002681  __aeabi_f2iz                         
00002681  __fixsfsi                            
000026b9  sprintf                              
000026f1  OLED_ColorTurn                       
00002725  UART_send_buffer                     
00002759  get_key_state                        
0000278d  DL_UART_transmitDataBlocking         
000028b5  _c_int00_noargs                      
00002903  DL_I2C_setClockConfig                
0000294d  __aeabi_ui2d                         
0000294d  __floatunsidf                        
00002971  __aeabi_lmul                         
00002971  __muldi3                             
00002995  memccpy                              
00002a19  __aeabi_llsl                         
00002a19  __ashldi3                            
00002a71  DL_SYSCTL_configFCC                  
00002afd  DL_Timer_setCaptCompUpdateMethod     
00002b19  DL_Timer_setClockConfig              
00002b51  UART_send_char                       
00002b6d  delay_ms                             
00002cd9  DL_Timer_setCaptureCompareOutCtl     
00002e5d  __aeabi_uldivmod                     
00002e71  key7_init                            
00002ea9  DL_UART_setClockConfig               
00002ebb  TI_memcpy_small                      
00002ecd  __TI_decompress_none                 
00002f11  DL_Timer_setCaptureCompareValue      
00002f21  wcslen                               
00002f31  __TI_zero_init                       
00002f41  __aeabi_memset                       
00002f41  __aeabi_memset4                      
00002f41  __aeabi_memset8                      
00002f5d  TI_memset_small                      
00002f85  __aeabi_memclr                       
00002f85  __aeabi_memclr4                      
00002f85  __aeabi_memclr8                      
00002f91  DL_Common_delayCycles                
00002fa5  __aeabi_errno_addr                   
00002fad  __aeabi_memcpy                       
00002fad  __aeabi_memcpy4                      
00002fad  __aeabi_memcpy8                      
00002fb5  abort                                
00002fbb  ADC0_IRQHandler                      
00002fbb  ADC1_IRQHandler                      
00002fbb  AES_IRQHandler                       
00002fbb  CANFD0_IRQHandler                    
00002fbb  DAC0_IRQHandler                      
00002fbb  DMA_IRQHandler                       
00002fbb  Default_Handler                      
00002fbb  GROUP0_IRQHandler                    
00002fbb  GROUP1_IRQHandler                    
00002fbb  HardFault_Handler                    
00002fbb  I2C0_IRQHandler                      
00002fbb  I2C1_IRQHandler                      
00002fbb  NMI_Handler                          
00002fbb  PendSV_Handler                       
00002fbb  RTC_IRQHandler                       
00002fbb  SPI0_IRQHandler                      
00002fbb  SPI1_IRQHandler                      
00002fbb  SVC_Handler                          
00002fbb  SysTick_Handler                      
00002fbb  TIMA1_IRQHandler                     
00002fbb  TIMG0_IRQHandler                     
00002fbb  TIMG12_IRQHandler                    
00002fbb  TIMG6_IRQHandler                     
00002fbb  TIMG7_IRQHandler                     
00002fbb  TIMG8_IRQHandler                     
00002fbb  UART0_IRQHandler                     
00002fbb  UART1_IRQHandler                     
00002fbb  UART2_IRQHandler                     
00002fbe  C$$EXIT                              
00002fbf  HOSTexit                             
00002fc3  Reset_Handler                        
00002fc7  _system_pre_init                     
00002fd0  asc2_2412                            
00003d2c  asc2_1608                            
0000431c  asc2_1206                            
00004790  __aeabi_ctype_table_                 
00004790  __aeabi_ctype_table_C                
00004960  __TI_Handler_Table_Base              
0000496c  __TI_Handler_Table_Limit             
00004980  __TI_CINIT_Base                      
00004990  __TI_CINIT_Limit                     
00004990  __TI_CINIT_Warm                      
20200000  OLED_GRAM                            
20200000  __start___llvm_prf_bits              
20200000  __start___llvm_prf_cnts              
20200000  __stop___llvm_prf_bits               
20200000  __stop___llvm_prf_cnts               
20200480  gDCC_PWMBackup                       
2020053c  gK230Backup                          
20200574  pulse_x                              
20200576  pulse_y                              
20200578  bujin_x                              
20200579  bujin_y                              
2020057a  dir_x                                
2020057b  dir_y                                
2020057c  DCC_v1_2                             
202005ae  DCC_v1_3                             
202005f4  __aeabi_errno                        
2020060a  motor1_forward_active                
2020060b  motor1_reverse_active                
2020060c  motor2_forward_active                
2020060d  motor2_reverse_active                
20207e00  __stack                              
20208000  __STACK_END                          
ffffffff  __TI_pprof_out_hndl                  
ffffffff  __TI_prof_data_size                  
ffffffff  __TI_prof_data_start                 
ffffffff  __binit__                            
ffffffff  binit                                
UNDEFED   __mpu_init                           
UNDEFED   _system_post_cinit                   

[188 symbols]
