******************************************************************************
            TI ARM Clang Linker PC v4.0.4                      
******************************************************************************
>> Linked Wed Jul 15 13:20:56 2026

OUTPUT FILE NAME:   <DCC_101_v1.out>
ENTRY POINT SYMBOL: "_c_int00_noargs"  address: 000012a9


MEMORY CONFIGURATION

         name            origin    length      used     unused   attr    fill
----------------------  --------  ---------  --------  --------  ----  --------
  FLASH                 00000000   00020000  00001948  0001e6b8  R  X
  SRAM                  20200000   00008000  00000772  0000788e  RW X
  BCR_CONFIG            41c00000   000000ff  00000000  000000ff  R   
  BSL_CONFIG            41c00100   00000080  00000000  00000080  R   


SEGMENT ALLOCATION MAP

run origin  load origin   length   init length attrs members
----------  ----------- ---------- ----------- ----- -------
00000000    00000000    00001948   00001948    r-x
  00000000    00000000    000000c0   000000c0    r-- .intvecs
  000000c0    000000c0    00001808   00001808    r-x .text
  000018c8    000018c8    00000050   00000050    r-- .rodata
  00001918    00001918    00000030   00000030    r-- .cinit
20200000    20200000    00000572   00000000    rw-
  20200000    20200000    0000053c   00000000    rw- .bss
  2020053c    2020053c    00000036   00000000    rw- .data
20207e00    20207e00    00000200   00000000    rw-
  20207e00    20207e00    00000200   00000000    rw- .stack


SECTION ALLOCATION MAP

 output                                  attributes/
section   page    origin      length       input sections
--------  ----  ----------  ----------   ----------------
.intvecs   0    00000000    000000c0     
                  00000000    000000c0     startup_mspm0g350x_ticlang.o (.intvecs)

.text      0    000000c0    00001808     
                  000000c0    00000104     driverlib.a : dl_timer.o (.text.DL_Timer_initFourCCPWMMode)
                  000001c4    000000f8     oled.o (.text.OLED_Init)
                  000002bc    000000e8     ti_msp_dl_config.o (.text.SYSCFG_DL_SYSCTL_SYSPLL_init)
                  000003a4    000000dc     driverlib.a : dl_sysctl_mspm0g1x0x_g3x0x.o (.text.DL_SYSCTL_configSYSPLL)
                  00000480    000000bc     ti_msp_dl_config.o (.text.SYSCFG_DL_GPIO_init)
                  0000053c    000000b4     bujin.o (.text.dianji_roll)
                  000005f0    000000a8     key.o (.text.key6_init)
                  00000698    00000098     bujin.o (.text.TIMA0_IRQHandler)
                  00000730    0000007c     oled.o (.text.OLED_Refresh)
                  000007ac    0000007c     ti_msp_dl_config.o (.text.SYSCFG_DL_initPower)
                  00000828    0000007c     libc.a : copy_decompress_lzss.c.obj (.text:decompress:lzss)
                  000008a4    00000078     main.o (.text.main)
                  0000091c    00000074     oled.o (.text.OLED_WR_Byte)
                  00000990    00000074     ti_msp_dl_config.o (.text.SYSCFG_DL_SYSCTL_init)
                  00000a04    00000074     libclang_rt.builtins.a : comparedf2.c.obj (.text.__gedf2)
                  00000a78    00000070     ti_msp_dl_config.o (.text.SYSCFG_DL_DCC_PWM_init)
                  00000ae8    00000068     libclang_rt.builtins.a : comparedf2.c.obj (.text.__ledf2)
                  00000b50    00000064     driverlib.a : dl_sysctl_mspm0g1x0x_g3x0x.o (.text.DL_SYSCTL_setHFCLKSourceHFXTParams)
                  00000bb4    00000062     libclang_rt.builtins.a : aeabi_dcmp.S.obj (.text.__aeabi_dcmp)
                  00000c16    00000002                            : aeabi_div0.c.obj (.text.__aeabi_idiv0)
                  00000c18    00000060     oled.o (.text.OLED_Clear)
                  00000c78    00000060     ti_msp_dl_config.o (.text.SYSCFG_DL_OLED_init)
                  00000cd8    0000005e     driverlib.a : dl_i2c.o (.text.DL_I2C_fillControllerTXFIFO)
                  00000d36    00000002     --HOLE-- [fill = 0]
                  00000d38    00000050     ti_msp_dl_config.o (.text.DL_GPIO_initPeripheralInputFunctionFeatures)
                  00000d88    00000050     oled.o (.text.DL_I2C_startControllerTransfer)
                  00000dd8    0000004c     ti_msp_dl_config.o (.text.DL_GPIO_initDigitalInputFeatures)
                  00000e24    0000004c     ti_msp_dl_config.o (.text.DL_UART_setBaudRateDivisor)
                  00000e70    00000048     driverlib.a : dl_uart.o (.text.DL_UART_init)
                  00000eb8    00000048     oled.o (.text.OLED_DisplayTurn)
                  00000f00    00000048     ti_msp_dl_config.o (.text.SYSCFG_DL_PRINT_init)
                  00000f48    00000044     driverlib.a : dl_sysctl_mspm0g1x0x_g3x0x.o (.text.DL_SYSCTL_switchMCLKfromSYSOSCtoHSCLK)
                  00000f8c    00000040     ti_msp_dl_config.o (.text.SYSCFG_DL_DCC101_v1_2_init)
                  00000fcc    00000040     libclang_rt.builtins.a : aeabi_uidivmod.S.obj (.text.__aeabi_uidivmod)
                  0000100c    0000003c     ti_msp_dl_config.o (.text.DL_Timer_setCounterControl)
                  00001048    0000003c     libc.a : autoinit.c.obj (.text:__TI_auto_init_nobinit_nopinit)
                  00001084    00000034     oled.o (.text.OLED_ColorTurn)
                  000010b8    00000034     uart.o (.text.UART0_IRQHandler)
                  000010ec    00000034     uart.o (.text.UART_send_buffer)
                  00001120    00000034     key.o (.text.get_key_state)
                  00001154    00000030     driverlib.a : dl_uart.o (.text.DL_UART_transmitDataBlocking)
                  00001184    0000002c     ti_msp_dl_config.o (.text.SYSCFG_DL_init)
                  000011b0    0000002c     key.o (.text.__NVIC_EnableIRQ)
                  000011dc    0000002c     main.o (.text.__NVIC_EnableIRQ)
                  00001208    00000028     oled.o (.text.DL_Common_updateReg)
                  00001230    00000028     ti_msp_dl_config.o (.text.DL_Common_updateReg)
                  00001258    00000028     ti_msp_dl_config.o (.text.DL_I2C_setControllerRXFIFOThreshold)
                  00001280    00000028     ti_msp_dl_config.o (.text.DL_I2C_setControllerTXFIFOThreshold)
                  000012a8    00000028     libc.a : boot_cortex_m.c.obj (.text:_c_int00_noargs)
                  000012d0    00000026     ti_msp_dl_config.o (.text.DL_I2C_setAnalogGlitchFilterPulseWidth)
                  000012f6    00000026     driverlib.a : dl_i2c.o (.text.DL_I2C_setClockConfig)
                  0000131c    00000024     ti_msp_dl_config.o (.text.DL_I2C_setDigitalGlitchFilterPulseWidth)
                  00001340    00000024     libclang_rt.builtins.a : floatunsidf.S.obj (.text.__floatunsidf)
                  00001364    00000020     ti_msp_dl_config.o (.text.DL_GPIO_initPeripheralInputFunction)
                  00001384    00000020     ti_msp_dl_config.o (.text.DL_SYSCTL_setFlashWaitState)
                  000013a4    0000001e     ti_msp_dl_config.o (.text.DL_UART_setOversampling)
                  000013c2    00000002     --HOLE-- [fill = 0]
                  000013c4    0000001c     ti_msp_dl_config.o (.text.DL_GPIO_enableHiZ)
                  000013e0    0000001c     ti_msp_dl_config.o (.text.DL_GPIO_initPeripheralOutputFunction)
                  000013fc    0000001c     driverlib.a : dl_sysctl_mspm0g1x0x_g3x0x.o (.text.DL_SYSCTL_configFCC)
                  00001418    0000001c     ti_msp_dl_config.o (.text.DL_SYSCTL_setFCCPeriods)
                  00001434    0000001c     ti_msp_dl_config.o (.text.DL_SYSCTL_setSYSOSCFreq)
                  00001450    0000001c     ti_msp_dl_config.o (.text.DL_SYSCTL_setULPCLKDivider)
                  0000146c    0000001c     ti_msp_dl_config.o (.text.DL_Timer_enableInterrupt)
                  00001488    0000001c     driverlib.a : dl_timer.o (.text.DL_Timer_setCaptCompUpdateMethod)
                  000014a4    0000001c                 : dl_timer.o (.text.DL_Timer_setClockConfig)
                  000014c0    0000001c     ti_msp_dl_config.o (.text.DL_UART_enableInterrupt)
                  000014dc    0000001c     uart.o (.text.UART_send_char)
                  000014f8    0000001c     delay.o (.text.delay_ms)
                  00001514    00000018     ti_msp_dl_config.o (.text.DL_GPIO_enableOutput)
                  0000152c    00000018     ti_msp_dl_config.o (.text.DL_GPIO_enablePower)
                  00001544    00000018     ti_msp_dl_config.o (.text.DL_GPIO_initDigitalOutput)
                  0000155c    00000018     ti_msp_dl_config.o (.text.DL_GPIO_initPeripheralAnalogFunction)
                  00001574    00000018     ti_msp_dl_config.o (.text.DL_GPIO_reset)
                  0000158c    00000018     ti_msp_dl_config.o (.text.DL_I2C_enableAnalogGlitchFilter)
                  000015a4    00000018     ti_msp_dl_config.o (.text.DL_I2C_enableController)
                  000015bc    00000018     ti_msp_dl_config.o (.text.DL_I2C_enableControllerClockStretching)
                  000015d4    00000018     ti_msp_dl_config.o (.text.DL_I2C_enablePower)
                  000015ec    00000018     ti_msp_dl_config.o (.text.DL_I2C_reset)
                  00001604    00000018     ti_msp_dl_config.o (.text.DL_I2C_setTimerPeriod)
                  0000161c    00000018     ti_msp_dl_config.o (.text.DL_SYSCTL_setBORThreshold)
                  00001634    00000018     ti_msp_dl_config.o (.text.DL_Timer_enablePower)
                  0000164c    00000018     ti_msp_dl_config.o (.text.DL_Timer_reset)
                  00001664    00000018     driverlib.a : dl_timer.o (.text.DL_Timer_setCaptureCompareOutCtl)
                  0000167c    00000018     key.o (.text.DL_Timer_setLoadValue)
                  00001694    00000018     key.o (.text.DL_Timer_startCounter)
                  000016ac    00000018     ti_msp_dl_config.o (.text.DL_UART_enablePower)
                  000016c4    00000018     ti_msp_dl_config.o (.text.DL_UART_reset)
                  000016dc    00000016     key.o (.text.DL_GPIO_readPins)
                  000016f2    00000016     ti_msp_dl_config.o (.text.DL_UART_enable)
                  00001708    00000014     key.o (.text.DL_GPIO_clearPins)
                  0000171c    00000014     ti_msp_dl_config.o (.text.DL_GPIO_clearPins)
                  00001730    00000014     oled.o (.text.DL_I2C_getControllerStatus)
                  00001744    00000014     ti_msp_dl_config.o (.text.DL_I2C_resetControllerTransfer)
                  00001758    00000014     ti_msp_dl_config.o (.text.DL_SYSCTL_disableSYSPLL)
                  0000176c    00000014     ti_msp_dl_config.o (.text.DL_SYSCTL_enableSYSPLL)
                  00001780    00000014     ti_msp_dl_config.o (.text.DL_Timer_enableClock)
                  00001794    00000014     ti_msp_dl_config.o (.text.DL_Timer_setCCPDirection)
                  000017a8    00000014     uart.o (.text.DL_UART_receiveData)
                  000017bc    00000012     bujin.o (.text.DL_Timer_getPendingInterrupt)
                  000017ce    00000012     uart.o (.text.DL_UART_getPendingInterrupt)
                  000017e0    00000012     driverlib.a : dl_uart.o (.text.DL_UART_setClockConfig)
                  000017f2    00000012     libc.a : memcpy16.S.obj (.text:TI_memcpy_small)
                  00001804    00000012            : copy_decompress_none.c.obj (.text:decompress:none)
                  00001816    00000002     --HOLE-- [fill = 0]
                  00001818    00000010     ti_msp_dl_config.o (.text.DL_SYSCTL_disableHFXT)
                  00001828    00000010     ti_msp_dl_config.o (.text.DL_SYSCTL_isFCCDone)
                  00001838    00000010     ti_msp_dl_config.o (.text.DL_SYSCTL_startFCC)
                  00001848    00000010     driverlib.a : dl_timer.o (.text.DL_Timer_setCaptureCompareValue)
                  00001858    00000010     libc.a : copy_zero_init.c.obj (.text:decompress:ZI)
                  00001868    0000000e            : memset16.S.obj (.text:TI_memset_small)
                  00001876    00000002     --HOLE-- [fill = 0]
                  00001878    0000000c     ti_msp_dl_config.o (.text.DL_SYSCTL_getClockStatus)
                  00001884    0000000c     ti_msp_dl_config.o (.text.DL_SYSCTL_readFCC)
                  00001890    0000000c     libclang_rt.builtins.a : aeabi_memset.S.obj (.text.__aeabi_memclr)
                  0000189c    0000000a     driverlib.a : dl_common.o (.text.DL_Common_delayCycles)
                  000018a6    00000002     --HOLE-- [fill = 0]
                  000018a8    00000008     libclang_rt.builtins.a : aeabi_memcpy.S.obj (.text.__aeabi_memcpy)
                  000018b0    00000006     libc.a : exit.c.obj (.text:abort)
                  000018b6    00000004     startup_mspm0g350x_ticlang.o (.text.Default_Handler)
                  000018ba    00000004     libsysbm.a : hostexit.c.obj (.text.HOSTexit)
                  000018be    00000004     startup_mspm0g350x_ticlang.o (.text.Reset_Handler)
                  000018c2    00000004     libc.a : pre_init.c.obj (.text._system_pre_init)
                  000018c6    00000002     --HOLE-- [fill = 0]

.cinit     0    00001918    00000030     
                  00001918    0000000c     (__TI_handler_table)
                  00001924    00000008     (.cinit..bss.load) [load image, compression = zero_init]
                  0000192c    00000008     (.cinit..data.load) [load image, compression = lzss]
                  00001934    00000010     (__TI_cinit_table)
                  00001944    00000004     --HOLE-- [fill = 0]

.rodata    0    000018c8    00000050     
                  000018c8    00000028     ti_msp_dl_config.o (.rodata.gSYSPLLConfig)
                  000018f0    0000000a     ti_msp_dl_config.o (.rodata.gDCC101_v1_2Config)
                  000018fa    0000000a     ti_msp_dl_config.o (.rodata.gPRINTConfig)
                  00001904    00000008     ti_msp_dl_config.o (.rodata.gDCC_PWMConfig)
                  0000190c    00000003     ti_msp_dl_config.o (.rodata.gDCC_PWMClockConfig)
                  0000190f    00000002     ti_msp_dl_config.o (.rodata.gDCC101_v1_2ClockConfig)
                  00001911    00000002     ti_msp_dl_config.o (.rodata.gOLEDClockConfig)
                  00001913    00000002     ti_msp_dl_config.o (.rodata.gPRINTClockConfig)
                  00001915    00000003     --HOLE-- [fill = 0]

.init_array 
*          0    00000000    00000000     UNINITIALIZED

.binit     0    00000000    00000000     

.bss       0    20200000    0000053c     UNINITIALIZED
                  20200000    00000480     (.common:OLED_GRAM)
                  20200480    000000bc     (.common:gDCC_PWMBackup)

.data      0    2020053c    00000036     UNINITIALIZED
                  2020053c    00000032     main.o (.data.DCC_v1_2)
                  2020056e    00000001     bujin.o (.data.TIMA0_IRQHandler.btn_cnt)
                  2020056f    00000001     bujin.o (.data.TIMA0_IRQHandler.btn_last)
                  20200570    00000001     bujin.o (.data.TIMA0_IRQHandler.btn_stable)
                  20200571    00000001     bujin.o (.data.motor_trigger)

.stack     0    20207e00    00000200     UNINITIALIZED
                  20207e00    00000004     libc.a : boot_cortex_m.c.obj (.stack)
                  20207e04    000001fc     --HOLE--

__llvm_prf_cnts 
*          0    20200000    00000000     UNINITIALIZED

__llvm_prf_bits 
*          0    20200000    00000000     UNINITIALIZED

MODULE SUMMARY

       Module                         code   ro data   rw data
       ------                         ----   -------   -------
    .\
       ti_msp_dl_config.o             2422   77        188    
       oled.o                         848    0         1152   
       bujin.o                        350    0         4      
       key.o                          354    0         0      
       main.o                         164    0         50     
       startup_mspm0g350x_ticlang.o   8      192       0      
       uart.o                         170    0         0      
       delay.o                        28     0         0      
    +--+------------------------------+------+---------+---------+
       Total:                         4344   269       1394   
                                                              
    C:/ti/mspm0_sdk_2_10_00_04/source/ti/driverlib/lib/ticlang/m0p/mspm0g1x0x_g3x0x/driverlib.a
       dl_sysctl_mspm0g1x0x_g3x0x.o   416    0         0      
       dl_timer.o                     356    0         0      
       dl_uart.o                      138    0         0      
       dl_i2c.o                       132    0         0      
       dl_common.o                    10     0         0      
    +--+------------------------------+------+---------+---------+
       Total:                         1052   0         0      
                                                              
    C:\ti\ccs2050\ccs\tools\compiler\ti-cgt-armllvm_4.0.4.LTS\lib\armv6m-ti-none-eabi/c/libc.a
       copy_decompress_lzss.c.obj     124    0         0      
       autoinit.c.obj                 60     0         0      
       boot_cortex_m.c.obj            40     0         0      
       copy_decompress_none.c.obj     18     0         0      
       memcpy16.S.obj                 18     0         0      
       copy_zero_init.c.obj           16     0         0      
       memset16.S.obj                 14     0         0      
       exit.c.obj                     6      0         0      
       pre_init.c.obj                 4      0         0      
    +--+------------------------------+------+---------+---------+
       Total:                         300    0         0      
                                                              
    C:\ti\ccs2050\ccs\tools\compiler\ti-cgt-armllvm_4.0.4.LTS\lib\armv6m-ti-none-eabi/c/libsysbm.a
       hostexit.c.obj                 4      0         0      
    +--+------------------------------+------+---------+---------+
       Total:                         4      0         0      
                                                              
    C:\ti\ccs2050\ccs\tools\compiler\ti-cgt-armllvm_4.0.4.LTS\lib\armv6m-ti-none-eabi/libclang_rt.builtins.a
       comparedf2.c.obj               220    0         0      
       aeabi_dcmp.S.obj               98     0         0      
       aeabi_uidivmod.S.obj           64     0         0      
       floatunsidf.S.obj              36     0         0      
       aeabi_memset.S.obj             12     0         0      
       aeabi_memcpy.S.obj             8      0         0      
       aeabi_div0.c.obj               2      0         0      
    +--+------------------------------+------+---------+---------+
       Total:                         440    0         0      
                                                              
       Stack:                         0      0         512    
       Linker Generated:              0      44        0      
    +--+------------------------------+------+---------+---------+
       Grand Total:                   6140   313       1906   


LINKER GENERATED COPY TABLES

__TI_cinit_table @ 00001934 records: 2, size/record: 8, table size: 16
	.bss: load addr=00001924, load size=00000008 bytes, run addr=20200000, run size=0000053c bytes, compression=zero_init
	.data: load addr=0000192c, load size=00000008 bytes, run addr=2020053c, run size=00000036 bytes, compression=lzss


LINKER GENERATED HANDLER TABLE

__TI_handler_table @ 00001918 records: 3, size/record: 4, table size: 12
	index: 0, handler: __TI_decompress_lzss
	index: 1, handler: __TI_decompress_none
	index: 2, handler: __TI_zero_init


GLOBAL SYMBOLS: SORTED ALPHABETICALLY BY Name 

address   name                                 
-------   ----                                 
000018b7  ADC0_IRQHandler                      
000018b7  ADC1_IRQHandler                      
000018b7  AES_IRQHandler                       
000018ba  C$$EXIT                              
000018b7  CANFD0_IRQHandler                    
000018b7  DAC0_IRQHandler                      
2020053c  DCC_v1_2                             
0000189d  DL_Common_delayCycles                
00000cd9  DL_I2C_fillControllerTXFIFO          
000012f7  DL_I2C_setClockConfig                
000013fd  DL_SYSCTL_configFCC                  
000003a5  DL_SYSCTL_configSYSPLL               
00000b51  DL_SYSCTL_setHFCLKSourceHFXTParams   
00000f49  DL_SYSCTL_switchMCLKfromSYSOSCtoHSCLK
000000c1  DL_Timer_initFourCCPWMMode           
00001489  DL_Timer_setCaptCompUpdateMethod     
00001665  DL_Timer_setCaptureCompareOutCtl     
00001849  DL_Timer_setCaptureCompareValue      
000014a5  DL_Timer_setClockConfig              
00000e71  DL_UART_init                         
000017e1  DL_UART_setClockConfig               
00001155  DL_UART_transmitDataBlocking         
000018b7  DMA_IRQHandler                       
000018b7  Default_Handler                      
000018b7  GROUP0_IRQHandler                    
000018b7  GROUP1_IRQHandler                    
000018bb  HOSTexit                             
000018b7  HardFault_Handler                    
000018b7  I2C0_IRQHandler                      
000018b7  I2C1_IRQHandler                      
000018b7  NMI_Handler                          
00000c19  OLED_Clear                           
00001085  OLED_ColorTurn                       
00000eb9  OLED_DisplayTurn                     
20200000  OLED_GRAM                            
000001c5  OLED_Init                            
00000731  OLED_Refresh                         
0000091d  OLED_WR_Byte                         
000018b7  PendSV_Handler                       
000018b7  RTC_IRQHandler                       
000018bf  Reset_Handler                        
000018b7  SPI0_IRQHandler                      
000018b7  SPI1_IRQHandler                      
000018b7  SVC_Handler                          
00000f8d  SYSCFG_DL_DCC101_v1_2_init           
00000a79  SYSCFG_DL_DCC_PWM_init               
00000481  SYSCFG_DL_GPIO_init                  
00000c79  SYSCFG_DL_OLED_init                  
00000f01  SYSCFG_DL_PRINT_init                 
000002bd  SYSCFG_DL_SYSCTL_SYSPLL_init         
00000991  SYSCFG_DL_SYSCTL_init                
00001185  SYSCFG_DL_init                       
000007ad  SYSCFG_DL_initPower                  
000018b7  SysTick_Handler                      
00000699  TIMA0_IRQHandler                     
000018b7  TIMA1_IRQHandler                     
000018b7  TIMG0_IRQHandler                     
000018b7  TIMG12_IRQHandler                    
000018b7  TIMG6_IRQHandler                     
000018b7  TIMG7_IRQHandler                     
000018b7  TIMG8_IRQHandler                     
000017f3  TI_memcpy_small                      
00001869  TI_memset_small                      
000010b9  UART0_IRQHandler                     
000018b7  UART1_IRQHandler                     
000018b7  UART2_IRQHandler                     
000018b7  UART3_IRQHandler                     
000010ed  UART_send_buffer                     
000014dd  UART_send_char                       
20208000  __STACK_END                          
00000200  __STACK_SIZE                         
00000000  __TI_ATRegion0_region_sz             
00000000  __TI_ATRegion0_src_addr              
00000000  __TI_ATRegion0_trg_addr              
00000000  __TI_ATRegion1_region_sz             
00000000  __TI_ATRegion1_src_addr              
00000000  __TI_ATRegion1_trg_addr              
00000000  __TI_ATRegion2_region_sz             
00000000  __TI_ATRegion2_src_addr              
00000000  __TI_ATRegion2_trg_addr              
00001934  __TI_CINIT_Base                      
00001944  __TI_CINIT_Limit                     
00001944  __TI_CINIT_Warm                      
00001918  __TI_Handler_Table_Base              
00001924  __TI_Handler_Table_Limit             
00001049  __TI_auto_init_nobinit_nopinit       
00000829  __TI_decompress_lzss                 
00001805  __TI_decompress_none                 
ffffffff  __TI_pprof_out_hndl                  
ffffffff  __TI_prof_data_size                  
ffffffff  __TI_prof_data_start                 
00000000  __TI_static_base__                   
00001859  __TI_zero_init                       
00000bb5  __aeabi_dcmpeq                       
00000bf1  __aeabi_dcmpge                       
00000c05  __aeabi_dcmpgt                       
00000bdd  __aeabi_dcmple                       
00000bc9  __aeabi_dcmplt                       
00000c17  __aeabi_idiv0                        
00001891  __aeabi_memclr                       
00001891  __aeabi_memclr4                      
00001891  __aeabi_memclr8                      
000018a9  __aeabi_memcpy                       
000018a9  __aeabi_memcpy4                      
000018a9  __aeabi_memcpy8                      
00001341  __aeabi_ui2d                         
00000fcd  __aeabi_uidiv                        
00000fcd  __aeabi_uidivmod                     
ffffffff  __binit__                            
00000ae9  __cmpdf2                             
00000ae9  __eqdf2                              
00001341  __floatunsidf                        
00000a05  __gedf2                              
00000a05  __gtdf2                              
00000ae9  __ledf2                              
00000ae9  __ltdf2                              
UNDEFED   __mpu_init                           
00000ae9  __nedf2                              
20207e00  __stack                              
20200000  __start___llvm_prf_bits              
20200000  __start___llvm_prf_cnts              
20200000  __stop___llvm_prf_bits               
20200000  __stop___llvm_prf_cnts               
000012a9  _c_int00_noargs                      
UNDEFED   _system_post_cinit                   
000018c3  _system_pre_init                     
000018b1  abort                                
ffffffff  binit                                
000014f9  delay_ms                             
0000053d  dianji_roll                          
20200480  gDCC_PWMBackup                       
00001121  get_key_state                        
00000000  interruptVectors                     
000005f1  key6_init                            
000008a5  main                                 
20200571  motor_trigger                        


GLOBAL SYMBOLS: SORTED BY Symbol Address 

address   name                                 
-------   ----                                 
00000000  __TI_ATRegion0_region_sz             
00000000  __TI_ATRegion0_src_addr              
00000000  __TI_ATRegion0_trg_addr              
00000000  __TI_ATRegion1_region_sz             
00000000  __TI_ATRegion1_src_addr              
00000000  __TI_ATRegion1_trg_addr              
00000000  __TI_ATRegion2_region_sz             
00000000  __TI_ATRegion2_src_addr              
00000000  __TI_ATRegion2_trg_addr              
00000000  __TI_static_base__                   
00000000  interruptVectors                     
000000c1  DL_Timer_initFourCCPWMMode           
000001c5  OLED_Init                            
00000200  __STACK_SIZE                         
000002bd  SYSCFG_DL_SYSCTL_SYSPLL_init         
000003a5  DL_SYSCTL_configSYSPLL               
00000481  SYSCFG_DL_GPIO_init                  
0000053d  dianji_roll                          
000005f1  key6_init                            
00000699  TIMA0_IRQHandler                     
00000731  OLED_Refresh                         
000007ad  SYSCFG_DL_initPower                  
00000829  __TI_decompress_lzss                 
000008a5  main                                 
0000091d  OLED_WR_Byte                         
00000991  SYSCFG_DL_SYSCTL_init                
00000a05  __gedf2                              
00000a05  __gtdf2                              
00000a79  SYSCFG_DL_DCC_PWM_init               
00000ae9  __cmpdf2                             
00000ae9  __eqdf2                              
00000ae9  __ledf2                              
00000ae9  __ltdf2                              
00000ae9  __nedf2                              
00000b51  DL_SYSCTL_setHFCLKSourceHFXTParams   
00000bb5  __aeabi_dcmpeq                       
00000bc9  __aeabi_dcmplt                       
00000bdd  __aeabi_dcmple                       
00000bf1  __aeabi_dcmpge                       
00000c05  __aeabi_dcmpgt                       
00000c17  __aeabi_idiv0                        
00000c19  OLED_Clear                           
00000c79  SYSCFG_DL_OLED_init                  
00000cd9  DL_I2C_fillControllerTXFIFO          
00000e71  DL_UART_init                         
00000eb9  OLED_DisplayTurn                     
00000f01  SYSCFG_DL_PRINT_init                 
00000f49  DL_SYSCTL_switchMCLKfromSYSOSCtoHSCLK
00000f8d  SYSCFG_DL_DCC101_v1_2_init           
00000fcd  __aeabi_uidiv                        
00000fcd  __aeabi_uidivmod                     
00001049  __TI_auto_init_nobinit_nopinit       
00001085  OLED_ColorTurn                       
000010b9  UART0_IRQHandler                     
000010ed  UART_send_buffer                     
00001121  get_key_state                        
00001155  DL_UART_transmitDataBlocking         
00001185  SYSCFG_DL_init                       
000012a9  _c_int00_noargs                      
000012f7  DL_I2C_setClockConfig                
00001341  __aeabi_ui2d                         
00001341  __floatunsidf                        
000013fd  DL_SYSCTL_configFCC                  
00001489  DL_Timer_setCaptCompUpdateMethod     
000014a5  DL_Timer_setClockConfig              
000014dd  UART_send_char                       
000014f9  delay_ms                             
00001665  DL_Timer_setCaptureCompareOutCtl     
000017e1  DL_UART_setClockConfig               
000017f3  TI_memcpy_small                      
00001805  __TI_decompress_none                 
00001849  DL_Timer_setCaptureCompareValue      
00001859  __TI_zero_init                       
00001869  TI_memset_small                      
00001891  __aeabi_memclr                       
00001891  __aeabi_memclr4                      
00001891  __aeabi_memclr8                      
0000189d  DL_Common_delayCycles                
000018a9  __aeabi_memcpy                       
000018a9  __aeabi_memcpy4                      
000018a9  __aeabi_memcpy8                      
000018b1  abort                                
000018b7  ADC0_IRQHandler                      
000018b7  ADC1_IRQHandler                      
000018b7  AES_IRQHandler                       
000018b7  CANFD0_IRQHandler                    
000018b7  DAC0_IRQHandler                      
000018b7  DMA_IRQHandler                       
000018b7  Default_Handler                      
000018b7  GROUP0_IRQHandler                    
000018b7  GROUP1_IRQHandler                    
000018b7  HardFault_Handler                    
000018b7  I2C0_IRQHandler                      
000018b7  I2C1_IRQHandler                      
000018b7  NMI_Handler                          
000018b7  PendSV_Handler                       
000018b7  RTC_IRQHandler                       
000018b7  SPI0_IRQHandler                      
000018b7  SPI1_IRQHandler                      
000018b7  SVC_Handler                          
000018b7  SysTick_Handler                      
000018b7  TIMA1_IRQHandler                     
000018b7  TIMG0_IRQHandler                     
000018b7  TIMG12_IRQHandler                    
000018b7  TIMG6_IRQHandler                     
000018b7  TIMG7_IRQHandler                     
000018b7  TIMG8_IRQHandler                     
000018b7  UART1_IRQHandler                     
000018b7  UART2_IRQHandler                     
000018b7  UART3_IRQHandler                     
000018ba  C$$EXIT                              
000018bb  HOSTexit                             
000018bf  Reset_Handler                        
000018c3  _system_pre_init                     
00001918  __TI_Handler_Table_Base              
00001924  __TI_Handler_Table_Limit             
00001934  __TI_CINIT_Base                      
00001944  __TI_CINIT_Limit                     
00001944  __TI_CINIT_Warm                      
20200000  OLED_GRAM                            
20200000  __start___llvm_prf_bits              
20200000  __start___llvm_prf_cnts              
20200000  __stop___llvm_prf_bits               
20200000  __stop___llvm_prf_cnts               
20200480  gDCC_PWMBackup                       
2020053c  DCC_v1_2                             
20200571  motor_trigger                        
20207e00  __stack                              
20208000  __STACK_END                          
ffffffff  __TI_pprof_out_hndl                  
ffffffff  __TI_prof_data_size                  
ffffffff  __TI_prof_data_start                 
ffffffff  __binit__                            
ffffffff  binit                                
UNDEFED   __mpu_init                           
UNDEFED   _system_post_cinit                   

[136 symbols]
