******************************************************************************
            TI ARM Clang Linker PC v4.0.4                      
******************************************************************************
>> Linked Thu Jul 30 20:21:17 2026

OUTPUT FILE NAME:   <DCC_101_v1.out>
ENTRY POINT SYMBOL: "_c_int00_noargs"  address: 000027fd


MEMORY CONFIGURATION

         name            origin    length      used     unused   attr    fill
----------------------  --------  ---------  --------  --------  ----  --------
  FLASH                 00000000   00020000  000048e0  0001b720  R  X
  SRAM                  20200000   00008000  0000080f  000077f1  RW X
  BCR_CONFIG            41c00000   000000ff  00000000  000000ff  R   
  BSL_CONFIG            41c00100   00000080  00000000  00000080  R   


SEGMENT ALLOCATION MAP

run origin  load origin   length   init length attrs members
----------  ----------- ---------- ----------- ----- -------
00000000    00000000    000048e0   000048e0    r-x
  00000000    00000000    000000c0   000000c0    r-- .intvecs
  000000c0    000000c0    00002e30   00002e30    r-x .text
  00002ef0    00002ef0    000019c0   000019c0    r-- .rodata
  000048b0    000048b0    00000030   00000030    r-- .cinit
20200000    20200000    00000612   00000000    rw-
  20200000    20200000    000005bd   00000000    rw- .bss
  202005c0    202005c0    00000052   00000000    rw- .data
20207e00    20207e00    00000200   00000000    rw-
  20207e00    20207e00    00000200   00000000    rw- .stack


SECTION ALLOCATION MAP

 output                                  attributes/
section   page    origin      length       input sections
--------  ----  ----------  ----------   ----------------
.intvecs   0    00000000    000000c0     
                  00000000    000000c0     startup_mspm0g350x_ticlang.o (.intvecs)

.text      0    000000c0    00002e30     
                  000000c0    00000868     libc.a : _printfi.c.obj (.text:__TI_printfi_nofloat)
                  00000928    000002cc     main.o (.text.main)
                  00000bf4    00000184     bujin.o (.text.TIMA0_IRQHandler)
                  00000d78    00000158     oled.o (.text.OLED_ShowChar)
                  00000ed0    00000104     driverlib.a : dl_timer.o (.text.DL_Timer_initFourCCPWMMode)
                  00000fd4    00000100     bihuan_pid.o (.text.PID_Inc_Calc)
                  000010d4    000000f8     oled.o (.text.OLED_Init)
                  000011cc    000000f4     ti_msp_dl_config.o (.text.SYSCFG_DL_GPIO_init)
                  000012c0    000000e8     ti_msp_dl_config.o (.text.SYSCFG_DL_SYSCTL_SYSPLL_init)
                  000013a8    000000dc     driverlib.a : dl_sysctl_mspm0g1x0x_g3x0x.o (.text.DL_SYSCTL_configSYSPLL)
                  00001484    000000d8     libclang_rt.builtins.a : addsf3.S.obj (.text)
                  0000155c    000000d4     bujin.o (.text.dianji1_pulse)
                  00001630    000000ac     uart.o (.text.UART3_IRQHandler)
                  000016dc    000000a8     key.o (.text.key6_init)
                  00001784    000000a2     libclang_rt.builtins.a : udivmoddi4.S.obj (.text)
                  00001826    00000098     oled.o (.text.OLED_ShowString)
                  000018be    00000002     libclang_rt.builtins.a : aeabi_div0.c.obj (.text.__aeabi_idiv0)
                  000018c0    00000094     bujin.o (.text.dianji_set_origin)
                  00001954    0000008c     ti_msp_dl_config.o (.text.SYSCFG_DL_initPower)
                  000019e0    0000008c     libclang_rt.builtins.a : mulsf3.S.obj (.text.__mulsf3)
                  00001a6c    0000007c     oled.o (.text.OLED_Refresh)
                  00001ae8    0000007c     libc.a : copy_decompress_lzss.c.obj (.text:decompress:lzss)
                  00001b64    00000074     oled.o (.text.OLED_WR_Byte)
                  00001bd8    00000074     ti_msp_dl_config.o (.text.SYSCFG_DL_SYSCTL_init)
                  00001c4c    00000074     libclang_rt.builtins.a : comparedf2.c.obj (.text.__gedf2)
                  00001cc0    00000070     ti_msp_dl_config.o (.text.SYSCFG_DL_DCC_PWM_init)
                  00001d30    00000068     libclang_rt.builtins.a : comparedf2.c.obj (.text.__ledf2)
                  00001d98    00000064     driverlib.a : dl_sysctl_mspm0g1x0x_g3x0x.o (.text.DL_SYSCTL_setHFCLKSourceHFXTParams)
                  00001dfc    00000064     oled.o (.text.OLED_ClearPoint)
                  00001e60    00000062     libclang_rt.builtins.a : aeabi_dcmp.S.obj (.text.__aeabi_dcmp)
                  00001ec2    00000002                            : aeabi_div0.c.obj (.text.__aeabi_ldiv0)
                  00001ec4    00000062                            : aeabi_fcmp.S.obj (.text.__aeabi_fcmp)
                  00001f26    00000002     --HOLE-- [fill = 0]
                  00001f28    00000060     oled.o (.text.OLED_Clear)
                  00001f88    00000060     ti_msp_dl_config.o (.text.SYSCFG_DL_OLED_init)
                  00001fe8    0000005e     driverlib.a : dl_i2c.o (.text.DL_I2C_fillControllerTXFIFO)
                  00002046    00000002     --HOLE-- [fill = 0]
                  00002048    00000050     ti_msp_dl_config.o (.text.DL_GPIO_initPeripheralInputFunctionFeatures)
                  00002098    00000050     oled.o (.text.DL_I2C_startControllerTransfer)
                  000020e8    0000004c     ti_msp_dl_config.o (.text.DL_GPIO_initDigitalInputFeatures)
                  00002134    0000004c     ti_msp_dl_config.o (.text.DL_UART_setBaudRateDivisor)
                  00002180    0000004c     bihuan_pid.o (.text.PID_Inc_Init)
                  000021cc    00000048     driverlib.a : dl_uart.o (.text.DL_UART_init)
                  00002214    00000048     oled.o (.text.OLED_DisplayTurn)
                  0000225c    00000048     oled.o (.text.OLED_DrawPoint)
                  000022a4    00000048     ti_msp_dl_config.o (.text.SYSCFG_DL_K230_init)
                  000022ec    00000048     ti_msp_dl_config.o (.text.SYSCFG_DL_PRINT_init)
                  00002334    00000044     driverlib.a : dl_sysctl_mspm0g1x0x_g3x0x.o (.text.DL_SYSCTL_switchMCLKfromSYSOSCtoHSCLK)
                  00002378    00000040     ti_msp_dl_config.o (.text.SYSCFG_DL_DCC101_v1_2_init)
                  000023b8    00000040     libclang_rt.builtins.a : aeabi_uidivmod.S.obj (.text.__aeabi_uidivmod)
                  000023f8    00000040     libc.a : atoi.c.obj (.text.atoi)
                  00002438    0000003c     ti_msp_dl_config.o (.text.DL_Timer_setCounterControl)
                  00002474    0000003c     ti_msp_dl_config.o (.text.SYSCFG_DL_init)
                  000024b0    0000003c     libclang_rt.builtins.a : comparesf2.S.obj (.text.__gtsf2)
                  000024ec    0000003c     libc.a : autoinit.c.obj (.text:__TI_auto_init_nobinit_nopinit)
                  00002528    0000003a     libclang_rt.builtins.a : comparesf2.S.obj (.text.__eqsf2)
                  00002562    00000002     --HOLE-- [fill = 0]
                  00002564    0000003a                            : muldsi3.S.obj (.text.__muldsi3)
                  0000259e    00000002     --HOLE-- [fill = 0]
                  000025a0    00000038                            : fixsfsi.S.obj (.text.__fixsfsi)
                  000025d8    00000038     libc.a : sprintf.c.obj (.text.sprintf)
                  00002610    00000034     oled.o (.text.OLED_ColorTurn)
                  00002644    00000034     uart.o (.text.UART_send_buffer)
                  00002678    00000034     key.o (.text.get_key_state)
                  000026ac    00000030     driverlib.a : dl_uart.o (.text.DL_UART_transmitDataBlocking)
                  000026dc    0000002c     key.o (.text.__NVIC_EnableIRQ)
                  00002708    0000002c     main.o (.text.__NVIC_EnableIRQ)
                  00002734    00000028     oled.o (.text.DL_Common_updateReg)
                  0000275c    00000028     ti_msp_dl_config.o (.text.DL_Common_updateReg)
                  00002784    00000028     ti_msp_dl_config.o (.text.DL_I2C_setControllerRXFIFOThreshold)
                  000027ac    00000028     ti_msp_dl_config.o (.text.DL_I2C_setControllerTXFIFOThreshold)
                  000027d4    00000028     libclang_rt.builtins.a : floatunsisf.S.obj (.text.__floatunsisf)
                  000027fc    00000028     libc.a : boot_cortex_m.c.obj (.text:_c_int00_noargs)
                  00002824    00000026     ti_msp_dl_config.o (.text.DL_I2C_setAnalogGlitchFilterPulseWidth)
                  0000284a    00000026     driverlib.a : dl_i2c.o (.text.DL_I2C_setClockConfig)
                  00002870    00000024     ti_msp_dl_config.o (.text.DL_I2C_setDigitalGlitchFilterPulseWidth)
                  00002894    00000024     libclang_rt.builtins.a : floatunsidf.S.obj (.text.__floatunsidf)
                  000028b8    00000024                            : muldi3.S.obj (.text.__muldi3)
                  000028dc    00000022     libc.a : memccpy.c.obj (.text.memccpy)
                  000028fe    00000002     --HOLE-- [fill = 0]
                  00002900    00000020     ti_msp_dl_config.o (.text.DL_GPIO_initPeripheralInputFunction)
                  00002920    00000020     ti_msp_dl_config.o (.text.DL_SYSCTL_setFlashWaitState)
                  00002940    0000001e     ti_msp_dl_config.o (.text.DL_UART_setOversampling)
                  0000295e    00000002     --HOLE-- [fill = 0]
                  00002960    0000001e     libclang_rt.builtins.a : ashldi3.S.obj (.text.__ashldi3)
                  0000297e    00000002     --HOLE-- [fill = 0]
                  00002980    0000001c     ti_msp_dl_config.o (.text.DL_GPIO_enableHiZ)
                  0000299c    0000001c     ti_msp_dl_config.o (.text.DL_GPIO_initPeripheralOutputFunction)
                  000029b8    0000001c     driverlib.a : dl_sysctl_mspm0g1x0x_g3x0x.o (.text.DL_SYSCTL_configFCC)
                  000029d4    0000001c     ti_msp_dl_config.o (.text.DL_SYSCTL_setFCCPeriods)
                  000029f0    0000001c     ti_msp_dl_config.o (.text.DL_SYSCTL_setSYSOSCFreq)
                  00002a0c    0000001c     ti_msp_dl_config.o (.text.DL_SYSCTL_setULPCLKDivider)
                  00002a28    0000001c     ti_msp_dl_config.o (.text.DL_Timer_enableInterrupt)
                  00002a44    0000001c     driverlib.a : dl_timer.o (.text.DL_Timer_setCaptCompUpdateMethod)
                  00002a60    0000001c                 : dl_timer.o (.text.DL_Timer_setClockConfig)
                  00002a7c    0000001c     ti_msp_dl_config.o (.text.DL_UART_enableInterrupt)
                  00002a98    0000001c     uart.o (.text.UART_send_char)
                  00002ab4    0000001c     delay.o (.text.delay_ms)
                  00002ad0    00000018     ti_msp_dl_config.o (.text.DL_GPIO_enableOutput)
                  00002ae8    00000018     ti_msp_dl_config.o (.text.DL_GPIO_enablePower)
                  00002b00    00000018     ti_msp_dl_config.o (.text.DL_GPIO_initDigitalOutput)
                  00002b18    00000018     ti_msp_dl_config.o (.text.DL_GPIO_initPeripheralAnalogFunction)
                  00002b30    00000018     ti_msp_dl_config.o (.text.DL_GPIO_reset)
                  00002b48    00000018     ti_msp_dl_config.o (.text.DL_I2C_enableAnalogGlitchFilter)
                  00002b60    00000018     ti_msp_dl_config.o (.text.DL_I2C_enableController)
                  00002b78    00000018     ti_msp_dl_config.o (.text.DL_I2C_enableControllerClockStretching)
                  00002b90    00000018     ti_msp_dl_config.o (.text.DL_I2C_enablePower)
                  00002ba8    00000018     ti_msp_dl_config.o (.text.DL_I2C_reset)
                  00002bc0    00000018     ti_msp_dl_config.o (.text.DL_I2C_setTimerPeriod)
                  00002bd8    00000018     ti_msp_dl_config.o (.text.DL_SYSCTL_setBORThreshold)
                  00002bf0    00000018     ti_msp_dl_config.o (.text.DL_Timer_enablePower)
                  00002c08    00000018     ti_msp_dl_config.o (.text.DL_Timer_reset)
                  00002c20    00000018     driverlib.a : dl_timer.o (.text.DL_Timer_setCaptureCompareOutCtl)
                  00002c38    00000018     key.o (.text.DL_Timer_setLoadValue)
                  00002c50    00000018     key.o (.text.DL_Timer_startCounter)
                  00002c68    00000018     ti_msp_dl_config.o (.text.DL_UART_enablePower)
                  00002c80    00000018     ti_msp_dl_config.o (.text.DL_UART_reset)
                  00002c98    00000018     libc.a : sprintf.c.obj (.text._outs)
                  00002cb0    00000016     key.o (.text.DL_GPIO_readPins)
                  00002cc6    00000016     ti_msp_dl_config.o (.text.DL_UART_enable)
                  00002cdc    00000014     key.o (.text.DL_GPIO_clearPins)
                  00002cf0    00000014     ti_msp_dl_config.o (.text.DL_GPIO_clearPins)
                  00002d04    00000014     oled.o (.text.DL_I2C_getControllerStatus)
                  00002d18    00000014     ti_msp_dl_config.o (.text.DL_I2C_resetControllerTransfer)
                  00002d2c    00000014     ti_msp_dl_config.o (.text.DL_SYSCTL_disableSYSPLL)
                  00002d40    00000014     ti_msp_dl_config.o (.text.DL_SYSCTL_enableSYSPLL)
                  00002d54    00000014     ti_msp_dl_config.o (.text.DL_Timer_enableClock)
                  00002d68    00000014     ti_msp_dl_config.o (.text.DL_Timer_setCCPDirection)
                  00002d7c    00000014     uart.o (.text.DL_UART_receiveData)
                  00002d90    00000014     libclang_rt.builtins.a : aeabi_uldivmod.S.obj (.text.__aeabi_uldivmod)
                  00002da4    00000012     bujin.o (.text.DL_Timer_getPendingInterrupt)
                  00002db6    00000012     uart.o (.text.DL_UART_getPendingInterrupt)
                  00002dc8    00000012     driverlib.a : dl_uart.o (.text.DL_UART_setClockConfig)
                  00002dda    00000012     libc.a : memcpy16.S.obj (.text:TI_memcpy_small)
                  00002dec    00000012            : copy_decompress_none.c.obj (.text:decompress:none)
                  00002dfe    00000002     --HOLE-- [fill = 0]
                  00002e00    00000010     ti_msp_dl_config.o (.text.DL_SYSCTL_disableHFXT)
                  00002e10    00000010     ti_msp_dl_config.o (.text.DL_SYSCTL_isFCCDone)
                  00002e20    00000010     ti_msp_dl_config.o (.text.DL_SYSCTL_startFCC)
                  00002e30    00000010     driverlib.a : dl_timer.o (.text.DL_Timer_setCaptureCompareValue)
                  00002e40    00000010     libc.a : wcslen.c.obj (.text.wcslen)
                  00002e50    00000010            : copy_zero_init.c.obj (.text:decompress:ZI)
                  00002e60    0000000e     libclang_rt.builtins.a : aeabi_memset.S.obj (.text.__aeabi_memset)
                  00002e6e    0000000e     libc.a : _printfi.c.obj (.text.strlen)
                  00002e7c    0000000e            : memset16.S.obj (.text:TI_memset_small)
                  00002e8a    00000002     --HOLE-- [fill = 0]
                  00002e8c    0000000c     ti_msp_dl_config.o (.text.DL_SYSCTL_getClockStatus)
                  00002e98    0000000c     ti_msp_dl_config.o (.text.DL_SYSCTL_readFCC)
                  00002ea4    0000000c     libclang_rt.builtins.a : aeabi_memset.S.obj (.text.__aeabi_memclr)
                  00002eb0    0000000a     driverlib.a : dl_common.o (.text.DL_Common_delayCycles)
                  00002eba    0000000a     libc.a : sprintf.c.obj (.text._outc)
                  00002ec4    00000008            : aeabi_portable.c.obj (.text.__aeabi_errno_addr)
                  00002ecc    00000008     libclang_rt.builtins.a : aeabi_memcpy.S.obj (.text.__aeabi_memcpy)
                  00002ed4    00000006     libc.a : exit.c.obj (.text:abort)
                  00002eda    00000004     startup_mspm0g350x_ticlang.o (.text.Default_Handler)
                  00002ede    00000004     libsysbm.a : hostexit.c.obj (.text.HOSTexit)
                  00002ee2    00000004     startup_mspm0g350x_ticlang.o (.text.Reset_Handler)
                  00002ee6    00000004     libc.a : pre_init.c.obj (.text._system_pre_init)
                  00002eea    00000006     --HOLE-- [fill = 0]

.cinit     0    000048b0    00000030     
                  000048b0    0000000c     (__TI_handler_table)
                  000048bc    00000008     (.cinit..bss.load) [load image, compression = zero_init]
                  000048c4    00000008     (.cinit..data.load) [load image, compression = lzss]
                  000048cc    00000010     (__TI_cinit_table)
                  000048dc    00000004     --HOLE-- [fill = 0]

.rodata    0    00002ef0    000019c0     
                  00002ef0    00000d5c     oled.o (.rodata.asc2_2412)
                  00003c4c    000005f0     oled.o (.rodata.asc2_1608)
                  0000423c    00000474     oled.o (.rodata.asc2_1206)
                  000046b0    00000101     libc.a : aeabi_ctype.S.obj (.rodata:__aeabi_ctype_table_)
                  000047b1    00000003     ti_msp_dl_config.o (.rodata.gDCC_PWMClockConfig)
                  000047b4    00000028     ti_msp_dl_config.o (.rodata.gSYSPLLConfig)
                  000047dc    00000011     libc.a : _printfi.c.obj (.rodata.str1.10348868589481759720.1)
                  000047ed    00000011            : _printfi.c.obj (.rodata.str1.15363888844622738466.1)
                  000047fe    0000000d     main.o (.rodata.str1.15159059442110792349.1)
                  0000480b    0000000c     main.o (.rodata.str1.17100691992556644108.1)
                  00004817    0000000b     main.o (.rodata.str1.12180500075719773345.1)
                  00004822    0000000b     main.o (.rodata.str1.14112174005742061988.1)
                  0000482d    0000000b     main.o (.rodata.str1.16265332423659789559.1)
                  00004838    0000000b     main.o (.rodata.str1.288608917962107522.1)
                  00004843    0000000b     main.o (.rodata.str1.7702501944640899365.1)
                  0000484e    0000000a     ti_msp_dl_config.o (.rodata.gDCC101_v1_2Config)
                  00004858    0000000a     ti_msp_dl_config.o (.rodata.gK230Config)
                  00004862    0000000a     ti_msp_dl_config.o (.rodata.gPRINTConfig)
                  0000486c    0000000a     main.o (.rodata.str1.15996357275703397564.1)
                  00004876    0000000a     main.o (.rodata.str1.18227636981041470289.1)
                  00004880    0000000a     main.o (.rodata.str1.2846389346932560359.1)
                  0000488a    0000000a     main.o (.rodata.str1.8154729771448623357.1)
                  00004894    00000009     main.o (.rodata.str1.14402440632258215044.1)
                  0000489d    00000002     ti_msp_dl_config.o (.rodata.gDCC101_v1_2ClockConfig)
                  0000489f    00000001     --HOLE-- [fill = 0]
                  000048a0    00000008     ti_msp_dl_config.o (.rodata.gDCC_PWMConfig)
                  000048a8    00000002     ti_msp_dl_config.o (.rodata.gK230ClockConfig)
                  000048aa    00000002     ti_msp_dl_config.o (.rodata.gOLEDClockConfig)
                  000048ac    00000002     ti_msp_dl_config.o (.rodata.gPRINTClockConfig)
                  000048ae    00000002     --HOLE-- [fill = 0]

.init_array 
*          0    00000000    00000000     UNINITIALIZED

.binit     0    00000000    00000000     

.bss       0    20200000    000005bd     UNINITIALIZED
                  20200000    00000480     (.common:OLED_GRAM)
                  20200480    000000bc     (.common:gDCC_PWMBackup)
                  2020053c    00000030     (.common:gK230Backup)
                  2020056c    00000028     main.o (.bss.pid_x)
                  20200594    00000020     main.o (.bss.disp_buf)
                  202005b4    00000005     uart.o (.bss.rx_buf)
                  202005b9    00000001     (.common:bujin_x)
                  202005ba    00000002     (.common:pulse_x)
                  202005bc    00000001     (.common:dir_x)

.data      0    202005c0    00000052     UNINITIALIZED
                  202005c0    00000032     main.o (.data.DCC_v1_2)
                  202005f2    00000002     main.o (.data.motor_target)
                  202005f4    00000004     libc.a : aeabi_portable.c.obj (.data.__aeabi_errno)
                  202005f8    00000004     main.o (.data.motor_angle)
                  202005fc    00000004     main.o (.data.motor_pulse)
                  20200600    00000004     main.o (.data.pid_prev_out)
                  20200604    00000001     bujin.o (.data.TIMA0_IRQHandler.btn2_cnt)
                  20200605    00000001     bujin.o (.data.TIMA0_IRQHandler.btn2_stable)
                  20200606    00000001     bujin.o (.data.TIMA0_IRQHandler.btn3_cnt)
                  20200607    00000001     bujin.o (.data.TIMA0_IRQHandler.btn3_stable)
                  20200608    00000001     bujin.o (.data.TIMA0_IRQHandler.btn4_cnt)
                  20200609    00000001     bujin.o (.data.TIMA0_IRQHandler.btn4_stable)
                  2020060a    00000001     bujin.o (.data.TIMA0_IRQHandler.btn_cnt)
                  2020060b    00000001     bujin.o (.data.TIMA0_IRQHandler.btn_stable)
                  2020060c    00000001     bujin.o (.data.btn1_active)
                  2020060d    00000001     bujin.o (.data.btn2_active)
                  2020060e    00000001     bujin.o (.data.btn3_active)
                  2020060f    00000001     bujin.o (.data.btn4_active)
                  20200610    00000001     main.o (.data.main.btn1_prev)
                  20200611    00000001     uart.o (.data.rx_idx)

.stack     0    20207e00    00000200     UNINITIALIZED
                  20207e00    00000004     libc.a : boot_cortex_m.c.obj (.stack)
                  20207e04    000001fc     --HOLE--

__llvm_prf_cnts 
*          0    20200000    00000000     UNINITIALIZED

__llvm_prf_bits 
*          0    20200000    00000000     UNINITIALIZED

MODULE SUMMARY

       Module                         code    ro data   rw data
       ------                         ----    -------   -------
    .\
       oled.o                         1516    6080      1152   
       ti_msp_dl_config.o             2582    89        236    
       main.o                         760     129       141    
       bujin.o                        766     0         12     
       key.o                          354     0         0      
       bihuan_pid.o                   332     0         0      
       uart.o                         290     0         6      
       startup_mspm0g350x_ticlang.o   8       192       0      
       delay.o                        28      0         0      
    +--+------------------------------+-------+---------+---------+
       Total:                         6636    6490      1547   
                                                               
    C:/ti/mspm0_sdk_2_10_00_04/source/ti/driverlib/lib/ticlang/m0p/mspm0g1x0x_g3x0x/driverlib.a
       dl_sysctl_mspm0g1x0x_g3x0x.o   416     0         0      
       dl_timer.o                     356     0         0      
       dl_uart.o                      138     0         0      
       dl_i2c.o                       132     0         0      
       dl_common.o                    10      0         0      
    +--+------------------------------+-------+---------+---------+
       Total:                         1052    0         0      
                                                               
    C:\ti\ccs2050\ccs\tools\compiler\ti-cgt-armllvm_4.0.4.LTS\lib\armv6m-ti-none-eabi/c/libc.a
       _printfi.c.obj                 2166    34        0      
       aeabi_ctype.S.obj              0       257       0      
       copy_decompress_lzss.c.obj     124     0         0      
       sprintf.c.obj                  90      0         0      
       atoi.c.obj                     64      0         0      
       autoinit.c.obj                 60      0         0      
       boot_cortex_m.c.obj            40      0         0      
       memccpy.c.obj                  34      0         0      
       copy_decompress_none.c.obj     18      0         0      
       memcpy16.S.obj                 18      0         0      
       copy_zero_init.c.obj           16      0         0      
       wcslen.c.obj                   16      0         0      
       memset16.S.obj                 14      0         0      
       aeabi_portable.c.obj           8       0         4      
       exit.c.obj                     6       0         0      
       pre_init.c.obj                 4       0         0      
    +--+------------------------------+-------+---------+---------+
       Total:                         2678    291       4      
                                                               
    C:\ti\ccs2050\ccs\tools\compiler\ti-cgt-armllvm_4.0.4.LTS\lib\armv6m-ti-none-eabi/c/libsysbm.a
       hostexit.c.obj                 4       0         0      
    +--+------------------------------+-------+---------+---------+
       Total:                         4       0         0      
                                                               
    C:\ti\ccs2050\ccs\tools\compiler\ti-cgt-armllvm_4.0.4.LTS\lib\armv6m-ti-none-eabi/libclang_rt.builtins.a
       comparedf2.c.obj               220     0         0      
       addsf3.S.obj                   216     0         0      
       udivmoddi4.S.obj               162     0         0      
       mulsf3.S.obj                   140     0         0      
       comparesf2.S.obj               118     0         0      
       aeabi_dcmp.S.obj               98      0         0      
       aeabi_fcmp.S.obj               98      0         0      
       aeabi_uidivmod.S.obj           64      0         0      
       muldsi3.S.obj                  58      0         0      
       fixsfsi.S.obj                  56      0         0      
       floatunsisf.S.obj              40      0         0      
       floatunsidf.S.obj              36      0         0      
       muldi3.S.obj                   36      0         0      
       ashldi3.S.obj                  30      0         0      
       aeabi_memset.S.obj             26      0         0      
       aeabi_uldivmod.S.obj           20      0         0      
       aeabi_memcpy.S.obj             8       0         0      
       aeabi_div0.c.obj               4       0         0      
    +--+------------------------------+-------+---------+---------+
       Total:                         1430    0         0      
                                                               
       Stack:                         0       0         512    
       Linker Generated:              0       44        0      
    +--+------------------------------+-------+---------+---------+
       Grand Total:                   11800   6825      2063   


LINKER GENERATED COPY TABLES

__TI_cinit_table @ 000048cc records: 2, size/record: 8, table size: 16
	.bss: load addr=000048bc, load size=00000008 bytes, run addr=20200000, run size=000005bd bytes, compression=zero_init
	.data: load addr=000048c4, load size=00000008 bytes, run addr=202005c0, run size=00000052 bytes, compression=lzss


LINKER GENERATED HANDLER TABLE

__TI_handler_table @ 000048b0 records: 3, size/record: 4, table size: 12
	index: 0, handler: __TI_decompress_lzss
	index: 1, handler: __TI_decompress_none
	index: 2, handler: __TI_zero_init


GLOBAL SYMBOLS: SORTED ALPHABETICALLY BY Name 

address   name                                 
-------   ----                                 
00002edb  ADC0_IRQHandler                      
00002edb  ADC1_IRQHandler                      
00002edb  AES_IRQHandler                       
00002ede  C$$EXIT                              
00002edb  CANFD0_IRQHandler                    
00002edb  DAC0_IRQHandler                      
202005c0  DCC_v1_2                             
00002eb1  DL_Common_delayCycles                
00001fe9  DL_I2C_fillControllerTXFIFO          
0000284b  DL_I2C_setClockConfig                
000029b9  DL_SYSCTL_configFCC                  
000013a9  DL_SYSCTL_configSYSPLL               
00001d99  DL_SYSCTL_setHFCLKSourceHFXTParams   
00002335  DL_SYSCTL_switchMCLKfromSYSOSCtoHSCLK
00000ed1  DL_Timer_initFourCCPWMMode           
00002a45  DL_Timer_setCaptCompUpdateMethod     
00002c21  DL_Timer_setCaptureCompareOutCtl     
00002e31  DL_Timer_setCaptureCompareValue      
00002a61  DL_Timer_setClockConfig              
000021cd  DL_UART_init                         
00002dc9  DL_UART_setClockConfig               
000026ad  DL_UART_transmitDataBlocking         
00002edb  DMA_IRQHandler                       
00002edb  Default_Handler                      
00002edb  GROUP0_IRQHandler                    
00002edb  GROUP1_IRQHandler                    
00002edf  HOSTexit                             
00002edb  HardFault_Handler                    
00002edb  I2C0_IRQHandler                      
00002edb  I2C1_IRQHandler                      
00002edb  NMI_Handler                          
00001f29  OLED_Clear                           
00001dfd  OLED_ClearPoint                      
00002611  OLED_ColorTurn                       
00002215  OLED_DisplayTurn                     
0000225d  OLED_DrawPoint                       
20200000  OLED_GRAM                            
000010d5  OLED_Init                            
00001a6d  OLED_Refresh                         
00000d79  OLED_ShowChar                        
00001827  OLED_ShowString                      
00001b65  OLED_WR_Byte                         
00000fd5  PID_Inc_Calc                         
00002181  PID_Inc_Init                         
00002edb  PendSV_Handler                       
00002edb  RTC_IRQHandler                       
00002ee3  Reset_Handler                        
00002edb  SPI0_IRQHandler                      
00002edb  SPI1_IRQHandler                      
00002edb  SVC_Handler                          
00002379  SYSCFG_DL_DCC101_v1_2_init           
00001cc1  SYSCFG_DL_DCC_PWM_init               
000011cd  SYSCFG_DL_GPIO_init                  
000022a5  SYSCFG_DL_K230_init                  
00001f89  SYSCFG_DL_OLED_init                  
000022ed  SYSCFG_DL_PRINT_init                 
000012c1  SYSCFG_DL_SYSCTL_SYSPLL_init         
00001bd9  SYSCFG_DL_SYSCTL_init                
00002475  SYSCFG_DL_init                       
00001955  SYSCFG_DL_initPower                  
00002edb  SysTick_Handler                      
00000bf5  TIMA0_IRQHandler                     
00002edb  TIMA1_IRQHandler                     
00002edb  TIMG0_IRQHandler                     
00002edb  TIMG12_IRQHandler                    
00002edb  TIMG6_IRQHandler                     
00002edb  TIMG7_IRQHandler                     
00002edb  TIMG8_IRQHandler                     
00002ddb  TI_memcpy_small                      
00002e7d  TI_memset_small                      
00002edb  UART0_IRQHandler                     
00002edb  UART1_IRQHandler                     
00002edb  UART2_IRQHandler                     
00001631  UART3_IRQHandler                     
00002645  UART_send_buffer                     
00002a99  UART_send_char                       
20208000  __STACK_END                          
00000200  __STACK_SIZE                         
00000000  __TI_ATRegion0_region_sz             
00000000  __TI_ATRegion0_src_addr              
00000000  __TI_ATRegion0_trg_addr              
00000000  __TI_ATRegion1_region_sz             
00000000  __TI_ATRegion1_src_addr              
00000000  __TI_ATRegion1_trg_addr              
00000000  __TI_ATRegion2_region_sz             
00000000  __TI_ATRegion2_src_addr              
00000000  __TI_ATRegion2_trg_addr              
000048cc  __TI_CINIT_Base                      
000048dc  __TI_CINIT_Limit                     
000048dc  __TI_CINIT_Warm                      
000048b0  __TI_Handler_Table_Base              
000048bc  __TI_Handler_Table_Limit             
000024ed  __TI_auto_init_nobinit_nopinit       
00001ae9  __TI_decompress_lzss                 
00002ded  __TI_decompress_none                 
ffffffff  __TI_pprof_out_hndl                  
000000c1  __TI_printfi_nofloat                 
ffffffff  __TI_prof_data_size                  
ffffffff  __TI_prof_data_start                 
00000000  __TI_static_base__                   
00002e51  __TI_zero_init                       
0000148f  __addsf3                             
000046b0  __aeabi_ctype_table_                 
000046b0  __aeabi_ctype_table_C                
00001e61  __aeabi_dcmpeq                       
00001e9d  __aeabi_dcmpge                       
00001eb1  __aeabi_dcmpgt                       
00001e89  __aeabi_dcmple                       
00001e75  __aeabi_dcmplt                       
202005f4  __aeabi_errno                        
00002ec5  __aeabi_errno_addr                   
000025a1  __aeabi_f2iz                         
0000148f  __aeabi_fadd                         
00001ec5  __aeabi_fcmpeq                       
00001f01  __aeabi_fcmpge                       
00001f15  __aeabi_fcmpgt                       
00001eed  __aeabi_fcmple                       
00001ed9  __aeabi_fcmplt                       
000019e1  __aeabi_fmul                         
00001485  __aeabi_fsub                         
000018bf  __aeabi_idiv0                        
00001ec3  __aeabi_ldiv0                        
00002961  __aeabi_llsl                         
000028b9  __aeabi_lmul                         
00002ea5  __aeabi_memclr                       
00002ea5  __aeabi_memclr4                      
00002ea5  __aeabi_memclr8                      
00002ecd  __aeabi_memcpy                       
00002ecd  __aeabi_memcpy4                      
00002ecd  __aeabi_memcpy8                      
00002e61  __aeabi_memset                       
00002e61  __aeabi_memset4                      
00002e61  __aeabi_memset8                      
00002895  __aeabi_ui2d                         
000027d5  __aeabi_ui2f                         
000023b9  __aeabi_uidiv                        
000023b9  __aeabi_uidivmod                     
00002d91  __aeabi_uldivmod                     
00002961  __ashldi3                            
ffffffff  __binit__                            
00001d31  __cmpdf2                             
00002529  __cmpsf2                             
00001d31  __eqdf2                              
00002529  __eqsf2                              
000025a1  __fixsfsi                            
00002895  __floatunsidf                        
000027d5  __floatunsisf                        
00001c4d  __gedf2                              
000024b1  __gesf2                              
00001c4d  __gtdf2                              
000024b1  __gtsf2                              
00001d31  __ledf2                              
00002529  __lesf2                              
00001d31  __ltdf2                              
00002529  __ltsf2                              
UNDEFED   __mpu_init                           
000028b9  __muldi3                             
00002565  __muldsi3                            
000019e1  __mulsf3                             
00001d31  __nedf2                              
00002529  __nesf2                              
20207e00  __stack                              
20200000  __start___llvm_prf_bits              
20200000  __start___llvm_prf_cnts              
20200000  __stop___llvm_prf_bits               
20200000  __stop___llvm_prf_cnts               
00001485  __subsf3                             
00001785  __udivmoddi4                         
000027fd  _c_int00_noargs                      
UNDEFED   _system_post_cinit                   
00002ee7  _system_pre_init                     
00002ed5  abort                                
0000423c  asc2_1206                            
00003c4c  asc2_1608                            
00002ef0  asc2_2412                            
000023f9  atoi                                 
ffffffff  binit                                
2020060c  btn1_active                          
2020060d  btn2_active                          
2020060e  btn3_active                          
2020060f  btn4_active                          
202005b9  bujin_x                              
00002ab5  delay_ms                             
0000155d  dianji1_pulse                        
000018c1  dianji_set_origin                    
202005bc  dir_x                                
20200480  gDCC_PWMBackup                       
2020053c  gK230Backup                          
00002679  get_key_state                        
00000000  interruptVectors                     
000016dd  key6_init                            
00000929  main                                 
000028dd  memccpy                              
202005f8  motor_angle                          
202005fc  motor_pulse                          
202005f2  motor_target                         
202005ba  pulse_x                              
000025d9  sprintf                              
00002e41  wcslen                               


GLOBAL SYMBOLS: SORTED BY Symbol Address 

address   name                                 
-------   ----                                 
00000000  __TI_ATRegion0_region_sz             
00000000  __TI_ATRegion0_src_addr              
00000000  __TI_ATRegion0_trg_addr              
00000000  __TI_ATRegion1_region_sz             
00000000  __TI_ATRegion1_src_addr              
00000000  __TI_ATRegion1_trg_addr              
00000000  __TI_ATRegion2_region_sz             
00000000  __TI_ATRegion2_src_addr              
00000000  __TI_ATRegion2_trg_addr              
00000000  __TI_static_base__                   
00000000  interruptVectors                     
000000c1  __TI_printfi_nofloat                 
00000200  __STACK_SIZE                         
00000929  main                                 
00000bf5  TIMA0_IRQHandler                     
00000d79  OLED_ShowChar                        
00000ed1  DL_Timer_initFourCCPWMMode           
00000fd5  PID_Inc_Calc                         
000010d5  OLED_Init                            
000011cd  SYSCFG_DL_GPIO_init                  
000012c1  SYSCFG_DL_SYSCTL_SYSPLL_init         
000013a9  DL_SYSCTL_configSYSPLL               
00001485  __aeabi_fsub                         
00001485  __subsf3                             
0000148f  __addsf3                             
0000148f  __aeabi_fadd                         
0000155d  dianji1_pulse                        
00001631  UART3_IRQHandler                     
000016dd  key6_init                            
00001785  __udivmoddi4                         
00001827  OLED_ShowString                      
000018bf  __aeabi_idiv0                        
000018c1  dianji_set_origin                    
00001955  SYSCFG_DL_initPower                  
000019e1  __aeabi_fmul                         
000019e1  __mulsf3                             
00001a6d  OLED_Refresh                         
00001ae9  __TI_decompress_lzss                 
00001b65  OLED_WR_Byte                         
00001bd9  SYSCFG_DL_SYSCTL_init                
00001c4d  __gedf2                              
00001c4d  __gtdf2                              
00001cc1  SYSCFG_DL_DCC_PWM_init               
00001d31  __cmpdf2                             
00001d31  __eqdf2                              
00001d31  __ledf2                              
00001d31  __ltdf2                              
00001d31  __nedf2                              
00001d99  DL_SYSCTL_setHFCLKSourceHFXTParams   
00001dfd  OLED_ClearPoint                      
00001e61  __aeabi_dcmpeq                       
00001e75  __aeabi_dcmplt                       
00001e89  __aeabi_dcmple                       
00001e9d  __aeabi_dcmpge                       
00001eb1  __aeabi_dcmpgt                       
00001ec3  __aeabi_ldiv0                        
00001ec5  __aeabi_fcmpeq                       
00001ed9  __aeabi_fcmplt                       
00001eed  __aeabi_fcmple                       
00001f01  __aeabi_fcmpge                       
00001f15  __aeabi_fcmpgt                       
00001f29  OLED_Clear                           
00001f89  SYSCFG_DL_OLED_init                  
00001fe9  DL_I2C_fillControllerTXFIFO          
00002181  PID_Inc_Init                         
000021cd  DL_UART_init                         
00002215  OLED_DisplayTurn                     
0000225d  OLED_DrawPoint                       
000022a5  SYSCFG_DL_K230_init                  
000022ed  SYSCFG_DL_PRINT_init                 
00002335  DL_SYSCTL_switchMCLKfromSYSOSCtoHSCLK
00002379  SYSCFG_DL_DCC101_v1_2_init           
000023b9  __aeabi_uidiv                        
000023b9  __aeabi_uidivmod                     
000023f9  atoi                                 
00002475  SYSCFG_DL_init                       
000024b1  __gesf2                              
000024b1  __gtsf2                              
000024ed  __TI_auto_init_nobinit_nopinit       
00002529  __cmpsf2                             
00002529  __eqsf2                              
00002529  __lesf2                              
00002529  __ltsf2                              
00002529  __nesf2                              
00002565  __muldsi3                            
000025a1  __aeabi_f2iz                         
000025a1  __fixsfsi                            
000025d9  sprintf                              
00002611  OLED_ColorTurn                       
00002645  UART_send_buffer                     
00002679  get_key_state                        
000026ad  DL_UART_transmitDataBlocking         
000027d5  __aeabi_ui2f                         
000027d5  __floatunsisf                        
000027fd  _c_int00_noargs                      
0000284b  DL_I2C_setClockConfig                
00002895  __aeabi_ui2d                         
00002895  __floatunsidf                        
000028b9  __aeabi_lmul                         
000028b9  __muldi3                             
000028dd  memccpy                              
00002961  __aeabi_llsl                         
00002961  __ashldi3                            
000029b9  DL_SYSCTL_configFCC                  
00002a45  DL_Timer_setCaptCompUpdateMethod     
00002a61  DL_Timer_setClockConfig              
00002a99  UART_send_char                       
00002ab5  delay_ms                             
00002c21  DL_Timer_setCaptureCompareOutCtl     
00002d91  __aeabi_uldivmod                     
00002dc9  DL_UART_setClockConfig               
00002ddb  TI_memcpy_small                      
00002ded  __TI_decompress_none                 
00002e31  DL_Timer_setCaptureCompareValue      
00002e41  wcslen                               
00002e51  __TI_zero_init                       
00002e61  __aeabi_memset                       
00002e61  __aeabi_memset4                      
00002e61  __aeabi_memset8                      
00002e7d  TI_memset_small                      
00002ea5  __aeabi_memclr                       
00002ea5  __aeabi_memclr4                      
00002ea5  __aeabi_memclr8                      
00002eb1  DL_Common_delayCycles                
00002ec5  __aeabi_errno_addr                   
00002ecd  __aeabi_memcpy                       
00002ecd  __aeabi_memcpy4                      
00002ecd  __aeabi_memcpy8                      
00002ed5  abort                                
00002edb  ADC0_IRQHandler                      
00002edb  ADC1_IRQHandler                      
00002edb  AES_IRQHandler                       
00002edb  CANFD0_IRQHandler                    
00002edb  DAC0_IRQHandler                      
00002edb  DMA_IRQHandler                       
00002edb  Default_Handler                      
00002edb  GROUP0_IRQHandler                    
00002edb  GROUP1_IRQHandler                    
00002edb  HardFault_Handler                    
00002edb  I2C0_IRQHandler                      
00002edb  I2C1_IRQHandler                      
00002edb  NMI_Handler                          
00002edb  PendSV_Handler                       
00002edb  RTC_IRQHandler                       
00002edb  SPI0_IRQHandler                      
00002edb  SPI1_IRQHandler                      
00002edb  SVC_Handler                          
00002edb  SysTick_Handler                      
00002edb  TIMA1_IRQHandler                     
00002edb  TIMG0_IRQHandler                     
00002edb  TIMG12_IRQHandler                    
00002edb  TIMG6_IRQHandler                     
00002edb  TIMG7_IRQHandler                     
00002edb  TIMG8_IRQHandler                     
00002edb  UART0_IRQHandler                     
00002edb  UART1_IRQHandler                     
00002edb  UART2_IRQHandler                     
00002ede  C$$EXIT                              
00002edf  HOSTexit                             
00002ee3  Reset_Handler                        
00002ee7  _system_pre_init                     
00002ef0  asc2_2412                            
00003c4c  asc2_1608                            
0000423c  asc2_1206                            
000046b0  __aeabi_ctype_table_                 
000046b0  __aeabi_ctype_table_C                
000048b0  __TI_Handler_Table_Base              
000048bc  __TI_Handler_Table_Limit             
000048cc  __TI_CINIT_Base                      
000048dc  __TI_CINIT_Limit                     
000048dc  __TI_CINIT_Warm                      
20200000  OLED_GRAM                            
20200000  __start___llvm_prf_bits              
20200000  __start___llvm_prf_cnts              
20200000  __stop___llvm_prf_bits               
20200000  __stop___llvm_prf_cnts               
20200480  gDCC_PWMBackup                       
2020053c  gK230Backup                          
202005b9  bujin_x                              
202005ba  pulse_x                              
202005bc  dir_x                                
202005c0  DCC_v1_2                             
202005f2  motor_target                         
202005f4  __aeabi_errno                        
202005f8  motor_angle                          
202005fc  motor_pulse                          
2020060c  btn1_active                          
2020060d  btn2_active                          
2020060e  btn3_active                          
2020060f  btn4_active                          
20207e00  __stack                              
20208000  __STACK_END                          
ffffffff  __TI_pprof_out_hndl                  
ffffffff  __TI_prof_data_size                  
ffffffff  __TI_prof_data_start                 
ffffffff  __binit__                            
ffffffff  binit                                
UNDEFED   __mpu_init                           
UNDEFED   _system_post_cinit                   

[199 symbols]
