******************************************************************************
            TI ARM Clang Linker PC v4.0.4                      
******************************************************************************
>> Linked Thu Jul 23 17:53:30 2026

OUTPUT FILE NAME:   <DCC_101_v1.out>
ENTRY POINT SYMBOL: "_c_int00_noargs"  address: 0000209d


MEMORY CONFIGURATION

         name            origin    length      used     unused   attr    fill
----------------------  --------  ---------  --------  --------  ----  --------
  FLASH                 00000000   00020000  00003f60  0001c0a0  R  X
  SRAM                  20200000   00008000  0000083d  000077c3  RW X
  BCR_CONFIG            41c00000   000000ff  00000000  000000ff  R   
  BSL_CONFIG            41c00100   00000080  00000000  00000080  R   


SEGMENT ALLOCATION MAP

run origin  load origin   length   init length attrs members
----------  ----------- ---------- ----------- ----- -------
00000000    00000000    00003f60   00003f60    r-x
  00000000    00000000    000000c0   000000c0    r-- .intvecs
  000000c0    000000c0    00002628   00002628    r-x .text
  000026e8    000026e8    00001848   00001848    r-- .rodata
  00003f30    00003f30    00000030   00000030    r-- .cinit
20200000    20200000    0000063d   00000000    rw-
  20200000    20200000    000005cc   00000000    rw- .bss
  202005cc    202005cc    00000071   00000000    rw- .data
20207e00    20207e00    00000200   00000000    rw-
  20207e00    20207e00    00000200   00000000    rw- .stack


SECTION ALLOCATION MAP

 output                                  attributes/
section   page    origin      length       input sections
--------  ----  ----------  ----------   ----------------
.intvecs   0    00000000    000000c0     
                  00000000    000000c0     startup_mspm0g350x_ticlang.o (.intvecs)

.text      0    000000c0    00002628     
                  000000c0    00000224     main.o (.text.main)
                  000002e4    00000184     bujin.o (.text.TIMA0_IRQHandler)
                  00000468    00000158     oled.o (.text.OLED_ShowChar)
                  000005c0    00000104     driverlib.a : dl_timer.o (.text.DL_Timer_initFourCCPWMMode)
                  000006c4    00000104     ti_msp_dl_config.o (.text.SYSCFG_DL_GPIO_init)
                  000007c8    00000100     bihuan_pid.o (.text.PID_Inc_Calc)
                  000008c8    000000f8     oled.o (.text.OLED_Init)
                  000009c0    000000e8     ti_msp_dl_config.o (.text.SYSCFG_DL_SYSCTL_SYSPLL_init)
                  00000aa8    000000e4     bujin2.o (.text.dianji2_roll)
                  00000b8c    000000e4     bujin.o (.text.dianji_roll)
                  00000c70    000000dc     driverlib.a : dl_sysctl_mspm0g1x0x_g3x0x.o (.text.DL_SYSCTL_configSYSPLL)
                  00000d4c    000000d8     libclang_rt.builtins.a : addsf3.S.obj (.text)
                  00000e24    000000d4     bujin.o (.text.dianji1_pulse)
                  00000ef8    000000d4     bujin2.o (.text.dianji2_pulse)
                  00000fcc    000000cc     uart.o (.text.UART3_IRQHandler)
                  00001098    000000a8     key.o (.text.key6_init)
                  00001140    000000a0     ti_msp_dl_config.o (.text.SYSCFG_DL_initPower)
                  000011e0    00000098     oled.o (.text.OLED_ShowString)
                  00001278    0000008c     libclang_rt.builtins.a : mulsf3.S.obj (.text.__mulsf3)
                  00001304    0000007c     oled.o (.text.OLED_Refresh)
                  00001380    0000007c     libc.a : copy_decompress_lzss.c.obj (.text:decompress:lzss)
                  000013fc    00000074     oled.o (.text.OLED_WR_Byte)
                  00001470    00000074     ti_msp_dl_config.o (.text.SYSCFG_DL_SYSCTL_init)
                  000014e4    00000074     libclang_rt.builtins.a : comparedf2.c.obj (.text.__gedf2)
                  00001558    00000070     ti_msp_dl_config.o (.text.SYSCFG_DL_DCC_PWM_init)
                  000015c8    00000068     libclang_rt.builtins.a : comparedf2.c.obj (.text.__ledf2)
                  00001630    00000064     driverlib.a : dl_sysctl_mspm0g1x0x_g3x0x.o (.text.DL_SYSCTL_setHFCLKSourceHFXTParams)
                  00001694    00000064     oled.o (.text.OLED_ClearPoint)
                  000016f8    00000062     libclang_rt.builtins.a : aeabi_dcmp.S.obj (.text.__aeabi_dcmp)
                  0000175a    00000002                            : aeabi_div0.c.obj (.text.__aeabi_idiv0)
                  0000175c    00000062                            : aeabi_fcmp.S.obj (.text.__aeabi_fcmp)
                  000017be    00000002     --HOLE-- [fill = 0]
                  000017c0    00000060     oled.o (.text.OLED_Clear)
                  00001820    00000060     ti_msp_dl_config.o (.text.SYSCFG_DL_OLED_init)
                  00001880    0000005e     driverlib.a : dl_i2c.o (.text.DL_I2C_fillControllerTXFIFO)
                  000018de    00000002     --HOLE-- [fill = 0]
                  000018e0    00000050     ti_msp_dl_config.o (.text.DL_GPIO_initPeripheralInputFunctionFeatures)
                  00001930    00000050     oled.o (.text.DL_I2C_startControllerTransfer)
                  00001980    0000004c     ti_msp_dl_config.o (.text.DL_GPIO_initDigitalInputFeatures)
                  000019cc    0000004c     ti_msp_dl_config.o (.text.DL_UART_setBaudRateDivisor)
                  00001a18    0000004c     bihuan_pid.o (.text.PID_Inc_Init)
                  00001a64    00000048     driverlib.a : dl_uart.o (.text.DL_UART_init)
                  00001aac    00000048     oled.o (.text.OLED_DisplayTurn)
                  00001af4    00000048     oled.o (.text.OLED_DrawPoint)
                  00001b3c    00000048     ti_msp_dl_config.o (.text.SYSCFG_DL_K230_init)
                  00001b84    00000048     ti_msp_dl_config.o (.text.SYSCFG_DL_PRINT_init)
                  00001bcc    00000044     driverlib.a : dl_sysctl_mspm0g1x0x_g3x0x.o (.text.DL_SYSCTL_switchMCLKfromSYSOSCtoHSCLK)
                  00001c10    00000040     ti_msp_dl_config.o (.text.SYSCFG_DL_DCC101_v1_2_init)
                  00001c50    00000040     ti_msp_dl_config.o (.text.SYSCFG_DL_DCC101_v1_3_init)
                  00001c90    00000040     ti_msp_dl_config.o (.text.SYSCFG_DL_init)
                  00001cd0    00000040     libclang_rt.builtins.a : aeabi_uidivmod.S.obj (.text.__aeabi_uidivmod)
                  00001d10    0000003c     ti_msp_dl_config.o (.text.DL_Timer_setCounterControl)
                  00001d4c    0000003c     libclang_rt.builtins.a : floatsisf.S.obj (.text.__floatsisf)
                  00001d88    0000003c                            : comparesf2.S.obj (.text.__gtsf2)
                  00001dc4    0000003c     libc.a : autoinit.c.obj (.text:__TI_auto_init_nobinit_nopinit)
                  00001e00    0000003a     libclang_rt.builtins.a : comparesf2.S.obj (.text.__eqsf2)
                  00001e3a    00000002     --HOLE-- [fill = 0]
                  00001e3c    0000003a                            : muldsi3.S.obj (.text.__muldsi3)
                  00001e76    00000002     --HOLE-- [fill = 0]
                  00001e78    00000038                            : fixsfsi.S.obj (.text.__fixsfsi)
                  00001eb0    00000034     oled.o (.text.OLED_ColorTurn)
                  00001ee4    00000034     uart.o (.text.UART_send_buffer)
                  00001f18    00000034     key.o (.text.get_key_state)
                  00001f4c    00000030     driverlib.a : dl_uart.o (.text.DL_UART_transmitDataBlocking)
                  00001f7c    0000002c     key.o (.text.__NVIC_EnableIRQ)
                  00001fa8    0000002c     main.o (.text.__NVIC_EnableIRQ)
                  00001fd4    00000028     oled.o (.text.DL_Common_updateReg)
                  00001ffc    00000028     ti_msp_dl_config.o (.text.DL_Common_updateReg)
                  00002024    00000028     ti_msp_dl_config.o (.text.DL_I2C_setControllerRXFIFOThreshold)
                  0000204c    00000028     ti_msp_dl_config.o (.text.DL_I2C_setControllerTXFIFOThreshold)
                  00002074    00000028     libclang_rt.builtins.a : floatunsisf.S.obj (.text.__floatunsisf)
                  0000209c    00000028     libc.a : boot_cortex_m.c.obj (.text:_c_int00_noargs)
                  000020c4    00000026     ti_msp_dl_config.o (.text.DL_I2C_setAnalogGlitchFilterPulseWidth)
                  000020ea    00000026     driverlib.a : dl_i2c.o (.text.DL_I2C_setClockConfig)
                  00002110    00000024     ti_msp_dl_config.o (.text.DL_I2C_setDigitalGlitchFilterPulseWidth)
                  00002134    00000024     libclang_rt.builtins.a : floatunsidf.S.obj (.text.__floatunsidf)
                  00002158    00000020     ti_msp_dl_config.o (.text.DL_GPIO_initPeripheralInputFunction)
                  00002178    00000020     ti_msp_dl_config.o (.text.DL_SYSCTL_setFlashWaitState)
                  00002198    0000001e     ti_msp_dl_config.o (.text.DL_UART_setOversampling)
                  000021b6    00000002     --HOLE-- [fill = 0]
                  000021b8    0000001c     ti_msp_dl_config.o (.text.DL_GPIO_enableHiZ)
                  000021d4    0000001c     ti_msp_dl_config.o (.text.DL_GPIO_initPeripheralOutputFunction)
                  000021f0    0000001c     driverlib.a : dl_sysctl_mspm0g1x0x_g3x0x.o (.text.DL_SYSCTL_configFCC)
                  0000220c    0000001c     ti_msp_dl_config.o (.text.DL_SYSCTL_setFCCPeriods)
                  00002228    0000001c     ti_msp_dl_config.o (.text.DL_SYSCTL_setSYSOSCFreq)
                  00002244    0000001c     ti_msp_dl_config.o (.text.DL_SYSCTL_setULPCLKDivider)
                  00002260    0000001c     ti_msp_dl_config.o (.text.DL_Timer_enableInterrupt)
                  0000227c    0000001c     driverlib.a : dl_timer.o (.text.DL_Timer_setCaptCompUpdateMethod)
                  00002298    0000001c                 : dl_timer.o (.text.DL_Timer_setClockConfig)
                  000022b4    0000001c     ti_msp_dl_config.o (.text.DL_UART_enableInterrupt)
                  000022d0    0000001c     uart.o (.text.UART_send_char)
                  000022ec    0000001c     delay.o (.text.delay_ms)
                  00002308    00000018     ti_msp_dl_config.o (.text.DL_GPIO_enableOutput)
                  00002320    00000018     ti_msp_dl_config.o (.text.DL_GPIO_enablePower)
                  00002338    00000018     ti_msp_dl_config.o (.text.DL_GPIO_initDigitalOutput)
                  00002350    00000018     ti_msp_dl_config.o (.text.DL_GPIO_initPeripheralAnalogFunction)
                  00002368    00000018     ti_msp_dl_config.o (.text.DL_GPIO_reset)
                  00002380    00000018     ti_msp_dl_config.o (.text.DL_I2C_enableAnalogGlitchFilter)
                  00002398    00000018     ti_msp_dl_config.o (.text.DL_I2C_enableController)
                  000023b0    00000018     ti_msp_dl_config.o (.text.DL_I2C_enableControllerClockStretching)
                  000023c8    00000018     ti_msp_dl_config.o (.text.DL_I2C_enablePower)
                  000023e0    00000018     ti_msp_dl_config.o (.text.DL_I2C_reset)
                  000023f8    00000018     ti_msp_dl_config.o (.text.DL_I2C_setTimerPeriod)
                  00002410    00000018     ti_msp_dl_config.o (.text.DL_SYSCTL_setBORThreshold)
                  00002428    00000018     ti_msp_dl_config.o (.text.DL_Timer_enablePower)
                  00002440    00000018     ti_msp_dl_config.o (.text.DL_Timer_reset)
                  00002458    00000018     driverlib.a : dl_timer.o (.text.DL_Timer_setCaptureCompareOutCtl)
                  00002470    00000018     key.o (.text.DL_Timer_setLoadValue)
                  00002488    00000018     key.o (.text.DL_Timer_startCounter)
                  000024a0    00000018     ti_msp_dl_config.o (.text.DL_UART_enablePower)
                  000024b8    00000018     ti_msp_dl_config.o (.text.DL_UART_reset)
                  000024d0    00000016     key.o (.text.DL_GPIO_readPins)
                  000024e6    00000016     ti_msp_dl_config.o (.text.DL_UART_enable)
                  000024fc    00000014     key.o (.text.DL_GPIO_clearPins)
                  00002510    00000014     key2.o (.text.DL_GPIO_clearPins)
                  00002524    00000014     ti_msp_dl_config.o (.text.DL_GPIO_clearPins)
                  00002538    00000014     oled.o (.text.DL_I2C_getControllerStatus)
                  0000254c    00000014     ti_msp_dl_config.o (.text.DL_I2C_resetControllerTransfer)
                  00002560    00000014     ti_msp_dl_config.o (.text.DL_SYSCTL_disableSYSPLL)
                  00002574    00000014     ti_msp_dl_config.o (.text.DL_SYSCTL_enableSYSPLL)
                  00002588    00000014     ti_msp_dl_config.o (.text.DL_Timer_enableClock)
                  0000259c    00000014     ti_msp_dl_config.o (.text.DL_Timer_setCCPDirection)
                  000025b0    00000014     uart.o (.text.DL_UART_receiveData)
                  000025c4    00000014     key2.o (.text.key7_init)
                  000025d8    00000012     bujin.o (.text.DL_Timer_getPendingInterrupt)
                  000025ea    00000012     uart.o (.text.DL_UART_getPendingInterrupt)
                  000025fc    00000012     driverlib.a : dl_uart.o (.text.DL_UART_setClockConfig)
                  0000260e    00000012     libc.a : memcpy16.S.obj (.text:TI_memcpy_small)
                  00002620    00000012            : copy_decompress_none.c.obj (.text:decompress:none)
                  00002632    00000002     --HOLE-- [fill = 0]
                  00002634    00000010     ti_msp_dl_config.o (.text.DL_SYSCTL_disableHFXT)
                  00002644    00000010     ti_msp_dl_config.o (.text.DL_SYSCTL_isFCCDone)
                  00002654    00000010     ti_msp_dl_config.o (.text.DL_SYSCTL_startFCC)
                  00002664    00000010     driverlib.a : dl_timer.o (.text.DL_Timer_setCaptureCompareValue)
                  00002674    00000010     libc.a : copy_zero_init.c.obj (.text:decompress:ZI)
                  00002684    0000000e            : memset16.S.obj (.text:TI_memset_small)
                  00002692    00000002     --HOLE-- [fill = 0]
                  00002694    0000000c     ti_msp_dl_config.o (.text.DL_SYSCTL_getClockStatus)
                  000026a0    0000000c     ti_msp_dl_config.o (.text.DL_SYSCTL_readFCC)
                  000026ac    0000000c     libclang_rt.builtins.a : aeabi_memset.S.obj (.text.__aeabi_memclr)
                  000026b8    0000000a     driverlib.a : dl_common.o (.text.DL_Common_delayCycles)
                  000026c2    00000002     --HOLE-- [fill = 0]
                  000026c4    00000008     libclang_rt.builtins.a : aeabi_memcpy.S.obj (.text.__aeabi_memcpy)
                  000026cc    00000006     libc.a : exit.c.obj (.text:abort)
                  000026d2    00000004     startup_mspm0g350x_ticlang.o (.text.Default_Handler)
                  000026d6    00000004     libsysbm.a : hostexit.c.obj (.text.HOSTexit)
                  000026da    00000004     startup_mspm0g350x_ticlang.o (.text.Reset_Handler)
                  000026de    00000004     libc.a : pre_init.c.obj (.text._system_pre_init)
                  000026e2    00000006     --HOLE-- [fill = 0]

.cinit     0    00003f30    00000030     
                  00003f30    0000000c     (__TI_handler_table)
                  00003f3c    00000008     (.cinit..bss.load) [load image, compression = zero_init]
                  00003f44    00000008     (.cinit..data.load) [load image, compression = lzss]
                  00003f4c    00000010     (__TI_cinit_table)
                  00003f5c    00000004     --HOLE-- [fill = 0]

.rodata    0    000026e8    00001848     
                  000026e8    00000d5c     oled.o (.rodata.asc2_2412)
                  00003444    000005f0     oled.o (.rodata.asc2_1608)
                  00003a34    00000474     oled.o (.rodata.asc2_1206)
                  00003ea8    00000028     ti_msp_dl_config.o (.rodata.gSYSPLLConfig)
                  00003ed0    00000010     main.o (.rodata.str1.8154729771448623357.1)
                  00003ee0    0000000b     main.o (.rodata.str1.15159059442110792349.1)
                  00003eeb    00000001     --HOLE-- [fill = 0]
                  00003eec    0000000a     ti_msp_dl_config.o (.rodata.gDCC101_v1_2Config)
                  00003ef6    0000000a     ti_msp_dl_config.o (.rodata.gDCC101_v1_3Config)
                  00003f00    0000000a     ti_msp_dl_config.o (.rodata.gK230Config)
                  00003f0a    0000000a     ti_msp_dl_config.o (.rodata.gPRINTConfig)
                  00003f14    00000008     ti_msp_dl_config.o (.rodata.gDCC_PWMConfig)
                  00003f1c    00000003     ti_msp_dl_config.o (.rodata.gDCC_PWMClockConfig)
                  00003f1f    00000002     ti_msp_dl_config.o (.rodata.gDCC101_v1_2ClockConfig)
                  00003f21    00000002     ti_msp_dl_config.o (.rodata.gDCC101_v1_3ClockConfig)
                  00003f23    00000002     ti_msp_dl_config.o (.rodata.gK230ClockConfig)
                  00003f25    00000002     ti_msp_dl_config.o (.rodata.gOLEDClockConfig)
                  00003f27    00000002     ti_msp_dl_config.o (.rodata.gPRINTClockConfig)
                  00003f29    00000007     --HOLE-- [fill = 0]

.init_array 
*          0    00000000    00000000     UNINITIALIZED

.binit     0    00000000    00000000     

.bss       0    20200000    000005cc     UNINITIALIZED
                  20200000    00000480     (.common:OLED_GRAM)
                  20200480    000000bc     (.common:gDCC_PWMBackup)
                  2020053c    00000030     (.common:gK230Backup)
                  2020056c    00000028     main.o (.bss.pid_x)
                  20200594    00000028     main.o (.bss.pid_y)
                  202005bc    00000008     uart.o (.bss.rx_buf)
                  202005c4    00000002     (.common:pulse_x)
                  202005c6    00000002     (.common:pulse_y)
                  202005c8    00000001     (.common:bujin_x)
                  202005c9    00000001     (.common:bujin_y)
                  202005ca    00000001     (.common:dir_x)
                  202005cb    00000001     (.common:dir_y)

.data      0    202005cc    00000071     UNINITIALIZED
                  202005cc    00000032     main.o (.data.DCC_v1_2)
                  202005fe    00000032     main.o (.data.DCC_v1_3)
                  20200630    00000001     bujin.o (.data.TIMA0_IRQHandler.btn2_cnt)
                  20200631    00000001     bujin.o (.data.TIMA0_IRQHandler.btn2_stable)
                  20200632    00000001     bujin.o (.data.TIMA0_IRQHandler.btn3_cnt)
                  20200633    00000001     bujin.o (.data.TIMA0_IRQHandler.btn3_stable)
                  20200634    00000001     bujin.o (.data.TIMA0_IRQHandler.btn4_cnt)
                  20200635    00000001     bujin.o (.data.TIMA0_IRQHandler.btn4_stable)
                  20200636    00000001     bujin.o (.data.TIMA0_IRQHandler.btn_cnt)
                  20200637    00000001     bujin.o (.data.TIMA0_IRQHandler.btn_stable)
                  20200638    00000001     bujin.o (.data.motor1_forward_active)
                  20200639    00000001     bujin.o (.data.motor1_reverse_active)
                  2020063a    00000001     bujin2.o (.data.motor2_forward_active)
                  2020063b    00000001     bujin2.o (.data.motor2_reverse_active)
                  2020063c    00000001     uart.o (.data.rx_idx)

.stack     0    20207e00    00000200     UNINITIALIZED
                  20207e00    00000004     libc.a : boot_cortex_m.c.obj (.stack)
                  20207e04    000001fc     --HOLE--

__llvm_prf_cnts 
*          0    20200000    00000000     UNINITIALIZED

__llvm_prf_bits 
*          0    20200000    00000000     UNINITIALIZED

MODULE SUMMARY

       Module                         code   ro data   rw data
       ------                         ----   -------   -------
    .\
       oled.o                         1516   6080      1152   
       ti_msp_dl_config.o             2686   101       236    
       bujin.o                        846    0         10     
       main.o                         592    27        188    
       bujin2.o                       440    0         2      
       key.o                          354    0         0      
       bihuan_pid.o                   332    0         0      
       uart.o                         322    0         9      
       startup_mspm0g350x_ticlang.o   8      192       0      
       key2.o                         40     0         0      
       delay.o                        28     0         0      
    +--+------------------------------+------+---------+---------+
       Total:                         7164   6400      1597   
                                                              
    C:/ti/mspm0_sdk_2_10_00_04/source/ti/driverlib/lib/ticlang/m0p/mspm0g1x0x_g3x0x/driverlib.a
       dl_sysctl_mspm0g1x0x_g3x0x.o   416    0         0      
       dl_timer.o                     356    0         0      
       dl_uart.o                      138    0         0      
       dl_i2c.o                       132    0         0      
       dl_common.o                    10     0         0      
    +--+------------------------------+------+---------+---------+
       Total:                         1052   0         0      
                                                              
    C:\ti\ccs2050\ccs\tools\compiler\ti-cgt-armllvm_4.0.4.LTS\lib\armv6m-ti-none-eabi/c/libc.a
       copy_decompress_lzss.c.obj     124    0         0      
       autoinit.c.obj                 60     0         0      
       boot_cortex_m.c.obj            40     0         0      
       copy_decompress_none.c.obj     18     0         0      
       memcpy16.S.obj                 18     0         0      
       copy_zero_init.c.obj           16     0         0      
       memset16.S.obj                 14     0         0      
       exit.c.obj                     6      0         0      
       pre_init.c.obj                 4      0         0      
    +--+------------------------------+------+---------+---------+
       Total:                         300    0         0      
                                                              
    C:\ti\ccs2050\ccs\tools\compiler\ti-cgt-armllvm_4.0.4.LTS\lib\armv6m-ti-none-eabi/c/libsysbm.a
       hostexit.c.obj                 4      0         0      
    +--+------------------------------+------+---------+---------+
       Total:                         4      0         0      
                                                              
    C:\ti\ccs2050\ccs\tools\compiler\ti-cgt-armllvm_4.0.4.LTS\lib\armv6m-ti-none-eabi/libclang_rt.builtins.a
       comparedf2.c.obj               220    0         0      
       addsf3.S.obj                   216    0         0      
       mulsf3.S.obj                   140    0         0      
       comparesf2.S.obj               118    0         0      
       aeabi_dcmp.S.obj               98     0         0      
       aeabi_fcmp.S.obj               98     0         0      
       aeabi_uidivmod.S.obj           64     0         0      
       floatsisf.S.obj                60     0         0      
       muldsi3.S.obj                  58     0         0      
       fixsfsi.S.obj                  56     0         0      
       floatunsisf.S.obj              40     0         0      
       floatunsidf.S.obj              36     0         0      
       aeabi_memset.S.obj             12     0         0      
       aeabi_memcpy.S.obj             8      0         0      
       aeabi_div0.c.obj               2      0         0      
    +--+------------------------------+------+---------+---------+
       Total:                         1226   0         0      
                                                              
       Stack:                         0      0         512    
       Linker Generated:              0      44        0      
    +--+------------------------------+------+---------+---------+
       Grand Total:                   9746   6444      2109   


LINKER GENERATED COPY TABLES

__TI_cinit_table @ 00003f4c records: 2, size/record: 8, table size: 16
	.bss: load addr=00003f3c, load size=00000008 bytes, run addr=20200000, run size=000005cc bytes, compression=zero_init
	.data: load addr=00003f44, load size=00000008 bytes, run addr=202005cc, run size=00000071 bytes, compression=lzss


LINKER GENERATED HANDLER TABLE

__TI_handler_table @ 00003f30 records: 3, size/record: 4, table size: 12
	index: 0, handler: __TI_decompress_lzss
	index: 1, handler: __TI_decompress_none
	index: 2, handler: __TI_zero_init


GLOBAL SYMBOLS: SORTED ALPHABETICALLY BY Name 

address   name                                 
-------   ----                                 
000026d3  ADC0_IRQHandler                      
000026d3  ADC1_IRQHandler                      
000026d3  AES_IRQHandler                       
000026d6  C$$EXIT                              
000026d3  CANFD0_IRQHandler                    
000026d3  DAC0_IRQHandler                      
202005cc  DCC_v1_2                             
202005fe  DCC_v1_3                             
000026b9  DL_Common_delayCycles                
00001881  DL_I2C_fillControllerTXFIFO          
000020eb  DL_I2C_setClockConfig                
000021f1  DL_SYSCTL_configFCC                  
00000c71  DL_SYSCTL_configSYSPLL               
00001631  DL_SYSCTL_setHFCLKSourceHFXTParams   
00001bcd  DL_SYSCTL_switchMCLKfromSYSOSCtoHSCLK
000005c1  DL_Timer_initFourCCPWMMode           
0000227d  DL_Timer_setCaptCompUpdateMethod     
00002459  DL_Timer_setCaptureCompareOutCtl     
00002665  DL_Timer_setCaptureCompareValue      
00002299  DL_Timer_setClockConfig              
00001a65  DL_UART_init                         
000025fd  DL_UART_setClockConfig               
00001f4d  DL_UART_transmitDataBlocking         
000026d3  DMA_IRQHandler                       
000026d3  Default_Handler                      
000026d3  GROUP0_IRQHandler                    
000026d3  GROUP1_IRQHandler                    
000026d7  HOSTexit                             
000026d3  HardFault_Handler                    
000026d3  I2C0_IRQHandler                      
000026d3  I2C1_IRQHandler                      
000026d3  NMI_Handler                          
000017c1  OLED_Clear                           
00001695  OLED_ClearPoint                      
00001eb1  OLED_ColorTurn                       
00001aad  OLED_DisplayTurn                     
00001af5  OLED_DrawPoint                       
20200000  OLED_GRAM                            
000008c9  OLED_Init                            
00001305  OLED_Refresh                         
00000469  OLED_ShowChar                        
000011e1  OLED_ShowString                      
000013fd  OLED_WR_Byte                         
000007c9  PID_Inc_Calc                         
00001a19  PID_Inc_Init                         
000026d3  PendSV_Handler                       
000026d3  RTC_IRQHandler                       
000026db  Reset_Handler                        
000026d3  SPI0_IRQHandler                      
000026d3  SPI1_IRQHandler                      
000026d3  SVC_Handler                          
00001c11  SYSCFG_DL_DCC101_v1_2_init           
00001c51  SYSCFG_DL_DCC101_v1_3_init           
00001559  SYSCFG_DL_DCC_PWM_init               
000006c5  SYSCFG_DL_GPIO_init                  
00001b3d  SYSCFG_DL_K230_init                  
00001821  SYSCFG_DL_OLED_init                  
00001b85  SYSCFG_DL_PRINT_init                 
000009c1  SYSCFG_DL_SYSCTL_SYSPLL_init         
00001471  SYSCFG_DL_SYSCTL_init                
00001c91  SYSCFG_DL_init                       
00001141  SYSCFG_DL_initPower                  
000026d3  SysTick_Handler                      
000002e5  TIMA0_IRQHandler                     
000026d3  TIMA1_IRQHandler                     
000026d3  TIMG0_IRQHandler                     
000026d3  TIMG12_IRQHandler                    
000026d3  TIMG6_IRQHandler                     
000026d3  TIMG7_IRQHandler                     
000026d3  TIMG8_IRQHandler                     
0000260f  TI_memcpy_small                      
00002685  TI_memset_small                      
000026d3  UART0_IRQHandler                     
000026d3  UART1_IRQHandler                     
000026d3  UART2_IRQHandler                     
00000fcd  UART3_IRQHandler                     
00001ee5  UART_send_buffer                     
000022d1  UART_send_char                       
20208000  __STACK_END                          
00000200  __STACK_SIZE                         
00000000  __TI_ATRegion0_region_sz             
00000000  __TI_ATRegion0_src_addr              
00000000  __TI_ATRegion0_trg_addr              
00000000  __TI_ATRegion1_region_sz             
00000000  __TI_ATRegion1_src_addr              
00000000  __TI_ATRegion1_trg_addr              
00000000  __TI_ATRegion2_region_sz             
00000000  __TI_ATRegion2_src_addr              
00000000  __TI_ATRegion2_trg_addr              
00003f4c  __TI_CINIT_Base                      
00003f5c  __TI_CINIT_Limit                     
00003f5c  __TI_CINIT_Warm                      
00003f30  __TI_Handler_Table_Base              
00003f3c  __TI_Handler_Table_Limit             
00001dc5  __TI_auto_init_nobinit_nopinit       
00001381  __TI_decompress_lzss                 
00002621  __TI_decompress_none                 
ffffffff  __TI_pprof_out_hndl                  
ffffffff  __TI_prof_data_size                  
ffffffff  __TI_prof_data_start                 
00000000  __TI_static_base__                   
00002675  __TI_zero_init                       
00000d57  __addsf3                             
000016f9  __aeabi_dcmpeq                       
00001735  __aeabi_dcmpge                       
00001749  __aeabi_dcmpgt                       
00001721  __aeabi_dcmple                       
0000170d  __aeabi_dcmplt                       
00001e79  __aeabi_f2iz                         
00000d57  __aeabi_fadd                         
0000175d  __aeabi_fcmpeq                       
00001799  __aeabi_fcmpge                       
000017ad  __aeabi_fcmpgt                       
00001785  __aeabi_fcmple                       
00001771  __aeabi_fcmplt                       
00001279  __aeabi_fmul                         
00000d4d  __aeabi_fsub                         
00001d4d  __aeabi_i2f                          
0000175b  __aeabi_idiv0                        
000026ad  __aeabi_memclr                       
000026ad  __aeabi_memclr4                      
000026ad  __aeabi_memclr8                      
000026c5  __aeabi_memcpy                       
000026c5  __aeabi_memcpy4                      
000026c5  __aeabi_memcpy8                      
00002135  __aeabi_ui2d                         
00002075  __aeabi_ui2f                         
00001cd1  __aeabi_uidiv                        
00001cd1  __aeabi_uidivmod                     
ffffffff  __binit__                            
000015c9  __cmpdf2                             
00001e01  __cmpsf2                             
000015c9  __eqdf2                              
00001e01  __eqsf2                              
00001e79  __fixsfsi                            
00001d4d  __floatsisf                          
00002135  __floatunsidf                        
00002075  __floatunsisf                        
000014e5  __gedf2                              
00001d89  __gesf2                              
000014e5  __gtdf2                              
00001d89  __gtsf2                              
000015c9  __ledf2                              
00001e01  __lesf2                              
000015c9  __ltdf2                              
00001e01  __ltsf2                              
UNDEFED   __mpu_init                           
00001e3d  __muldsi3                            
00001279  __mulsf3                             
000015c9  __nedf2                              
00001e01  __nesf2                              
20207e00  __stack                              
20200000  __start___llvm_prf_bits              
20200000  __start___llvm_prf_cnts              
20200000  __stop___llvm_prf_bits               
20200000  __stop___llvm_prf_cnts               
00000d4d  __subsf3                             
0000209d  _c_int00_noargs                      
UNDEFED   _system_post_cinit                   
000026df  _system_pre_init                     
000026cd  abort                                
00003a34  asc2_1206                            
00003444  asc2_1608                            
000026e8  asc2_2412                            
ffffffff  binit                                
202005c8  bujin_x                              
202005c9  bujin_y                              
000022ed  delay_ms                             
00000e25  dianji1_pulse                        
00000ef9  dianji2_pulse                        
00000aa9  dianji2_roll                         
00000b8d  dianji_roll                          
202005ca  dir_x                                
202005cb  dir_y                                
20200480  gDCC_PWMBackup                       
2020053c  gK230Backup                          
00001f19  get_key_state                        
00000000  interruptVectors                     
00001099  key6_init                            
000025c5  key7_init                            
000000c1  main                                 
20200638  motor1_forward_active                
20200639  motor1_reverse_active                
2020063a  motor2_forward_active                
2020063b  motor2_reverse_active                
202005c4  pulse_x                              
202005c6  pulse_y                              


GLOBAL SYMBOLS: SORTED BY Symbol Address 

address   name                                 
-------   ----                                 
00000000  __TI_ATRegion0_region_sz             
00000000  __TI_ATRegion0_src_addr              
00000000  __TI_ATRegion0_trg_addr              
00000000  __TI_ATRegion1_region_sz             
00000000  __TI_ATRegion1_src_addr              
00000000  __TI_ATRegion1_trg_addr              
00000000  __TI_ATRegion2_region_sz             
00000000  __TI_ATRegion2_src_addr              
00000000  __TI_ATRegion2_trg_addr              
00000000  __TI_static_base__                   
00000000  interruptVectors                     
000000c1  main                                 
00000200  __STACK_SIZE                         
000002e5  TIMA0_IRQHandler                     
00000469  OLED_ShowChar                        
000005c1  DL_Timer_initFourCCPWMMode           
000006c5  SYSCFG_DL_GPIO_init                  
000007c9  PID_Inc_Calc                         
000008c9  OLED_Init                            
000009c1  SYSCFG_DL_SYSCTL_SYSPLL_init         
00000aa9  dianji2_roll                         
00000b8d  dianji_roll                          
00000c71  DL_SYSCTL_configSYSPLL               
00000d4d  __aeabi_fsub                         
00000d4d  __subsf3                             
00000d57  __addsf3                             
00000d57  __aeabi_fadd                         
00000e25  dianji1_pulse                        
00000ef9  dianji2_pulse                        
00000fcd  UART3_IRQHandler                     
00001099  key6_init                            
00001141  SYSCFG_DL_initPower                  
000011e1  OLED_ShowString                      
00001279  __aeabi_fmul                         
00001279  __mulsf3                             
00001305  OLED_Refresh                         
00001381  __TI_decompress_lzss                 
000013fd  OLED_WR_Byte                         
00001471  SYSCFG_DL_SYSCTL_init                
000014e5  __gedf2                              
000014e5  __gtdf2                              
00001559  SYSCFG_DL_DCC_PWM_init               
000015c9  __cmpdf2                             
000015c9  __eqdf2                              
000015c9  __ledf2                              
000015c9  __ltdf2                              
000015c9  __nedf2                              
00001631  DL_SYSCTL_setHFCLKSourceHFXTParams   
00001695  OLED_ClearPoint                      
000016f9  __aeabi_dcmpeq                       
0000170d  __aeabi_dcmplt                       
00001721  __aeabi_dcmple                       
00001735  __aeabi_dcmpge                       
00001749  __aeabi_dcmpgt                       
0000175b  __aeabi_idiv0                        
0000175d  __aeabi_fcmpeq                       
00001771  __aeabi_fcmplt                       
00001785  __aeabi_fcmple                       
00001799  __aeabi_fcmpge                       
000017ad  __aeabi_fcmpgt                       
000017c1  OLED_Clear                           
00001821  SYSCFG_DL_OLED_init                  
00001881  DL_I2C_fillControllerTXFIFO          
00001a19  PID_Inc_Init                         
00001a65  DL_UART_init                         
00001aad  OLED_DisplayTurn                     
00001af5  OLED_DrawPoint                       
00001b3d  SYSCFG_DL_K230_init                  
00001b85  SYSCFG_DL_PRINT_init                 
00001bcd  DL_SYSCTL_switchMCLKfromSYSOSCtoHSCLK
00001c11  SYSCFG_DL_DCC101_v1_2_init           
00001c51  SYSCFG_DL_DCC101_v1_3_init           
00001c91  SYSCFG_DL_init                       
00001cd1  __aeabi_uidiv                        
00001cd1  __aeabi_uidivmod                     
00001d4d  __aeabi_i2f                          
00001d4d  __floatsisf                          
00001d89  __gesf2                              
00001d89  __gtsf2                              
00001dc5  __TI_auto_init_nobinit_nopinit       
00001e01  __cmpsf2                             
00001e01  __eqsf2                              
00001e01  __lesf2                              
00001e01  __ltsf2                              
00001e01  __nesf2                              
00001e3d  __muldsi3                            
00001e79  __aeabi_f2iz                         
00001e79  __fixsfsi                            
00001eb1  OLED_ColorTurn                       
00001ee5  UART_send_buffer                     
00001f19  get_key_state                        
00001f4d  DL_UART_transmitDataBlocking         
00002075  __aeabi_ui2f                         
00002075  __floatunsisf                        
0000209d  _c_int00_noargs                      
000020eb  DL_I2C_setClockConfig                
00002135  __aeabi_ui2d                         
00002135  __floatunsidf                        
000021f1  DL_SYSCTL_configFCC                  
0000227d  DL_Timer_setCaptCompUpdateMethod     
00002299  DL_Timer_setClockConfig              
000022d1  UART_send_char                       
000022ed  delay_ms                             
00002459  DL_Timer_setCaptureCompareOutCtl     
000025c5  key7_init                            
000025fd  DL_UART_setClockConfig               
0000260f  TI_memcpy_small                      
00002621  __TI_decompress_none                 
00002665  DL_Timer_setCaptureCompareValue      
00002675  __TI_zero_init                       
00002685  TI_memset_small                      
000026ad  __aeabi_memclr                       
000026ad  __aeabi_memclr4                      
000026ad  __aeabi_memclr8                      
000026b9  DL_Common_delayCycles                
000026c5  __aeabi_memcpy                       
000026c5  __aeabi_memcpy4                      
000026c5  __aeabi_memcpy8                      
000026cd  abort                                
000026d3  ADC0_IRQHandler                      
000026d3  ADC1_IRQHandler                      
000026d3  AES_IRQHandler                       
000026d3  CANFD0_IRQHandler                    
000026d3  DAC0_IRQHandler                      
000026d3  DMA_IRQHandler                       
000026d3  Default_Handler                      
000026d3  GROUP0_IRQHandler                    
000026d3  GROUP1_IRQHandler                    
000026d3  HardFault_Handler                    
000026d3  I2C0_IRQHandler                      
000026d3  I2C1_IRQHandler                      
000026d3  NMI_Handler                          
000026d3  PendSV_Handler                       
000026d3  RTC_IRQHandler                       
000026d3  SPI0_IRQHandler                      
000026d3  SPI1_IRQHandler                      
000026d3  SVC_Handler                          
000026d3  SysTick_Handler                      
000026d3  TIMA1_IRQHandler                     
000026d3  TIMG0_IRQHandler                     
000026d3  TIMG12_IRQHandler                    
000026d3  TIMG6_IRQHandler                     
000026d3  TIMG7_IRQHandler                     
000026d3  TIMG8_IRQHandler                     
000026d3  UART0_IRQHandler                     
000026d3  UART1_IRQHandler                     
000026d3  UART2_IRQHandler                     
000026d6  C$$EXIT                              
000026d7  HOSTexit                             
000026db  Reset_Handler                        
000026df  _system_pre_init                     
000026e8  asc2_2412                            
00003444  asc2_1608                            
00003a34  asc2_1206                            
00003f30  __TI_Handler_Table_Base              
00003f3c  __TI_Handler_Table_Limit             
00003f4c  __TI_CINIT_Base                      
00003f5c  __TI_CINIT_Limit                     
00003f5c  __TI_CINIT_Warm                      
20200000  OLED_GRAM                            
20200000  __start___llvm_prf_bits              
20200000  __start___llvm_prf_cnts              
20200000  __stop___llvm_prf_bits               
20200000  __stop___llvm_prf_cnts               
20200480  gDCC_PWMBackup                       
2020053c  gK230Backup                          
202005c4  pulse_x                              
202005c6  pulse_y                              
202005c8  bujin_x                              
202005c9  bujin_y                              
202005ca  dir_x                                
202005cb  dir_y                                
202005cc  DCC_v1_2                             
202005fe  DCC_v1_3                             
20200638  motor1_forward_active                
20200639  motor1_reverse_active                
2020063a  motor2_forward_active                
2020063b  motor2_reverse_active                
20207e00  __stack                              
20208000  __STACK_END                          
ffffffff  __TI_pprof_out_hndl                  
ffffffff  __TI_prof_data_size                  
ffffffff  __TI_prof_data_start                 
ffffffff  __binit__                            
ffffffff  binit                                
UNDEFED   __mpu_init                           
UNDEFED   _system_post_cinit                   

[187 symbols]
