******************************************************************************
            TI ARM Clang Linker PC v4.0.4                      
******************************************************************************
>> Linked Thu Jul 30 18:39:26 2026

OUTPUT FILE NAME:   <DCC_101_v1.out>
ENTRY POINT SYMBOL: "_c_int00_noargs"  address: 0000218d


MEMORY CONFIGURATION

         name            origin    length      used     unused   attr    fill
----------------------  --------  ---------  --------  --------  ----  --------
  FLASH                 00000000   00020000  00004250  0001bdb0  R  X
  SRAM                  20200000   00008000  000007ce  00007832  RW X
  BCR_CONFIG            41c00000   000000ff  00000000  000000ff  R   
  BSL_CONFIG            41c00100   00000080  00000000  00000080  R   


SEGMENT ALLOCATION MAP

run origin  load origin   length   init length attrs members
----------  ----------- ---------- ----------- ----- -------
00000000    00000000    00004250   00004250    r-x
  00000000    00000000    000000c0   000000c0    r-- .intvecs
  000000c0    000000c0    000027a0   000027a0    r-x .text
  00002860    00002860    000019c0   000019c0    r-- .rodata
  00004220    00004220    00000030   00000030    r-- .cinit
20200000    20200000    000005d1   00000000    rw-
  20200000    20200000    000005bd   00000000    rw- .bss
  202005c0    202005c0    00000011   00000000    rw- .data
20207e00    20207e00    00000200   00000000    rw-
  20207e00    20207e00    00000200   00000000    rw- .stack


SECTION ALLOCATION MAP

 output                                  attributes/
section   page    origin      length       input sections
--------  ----  ----------  ----------   ----------------
.intvecs   0    00000000    000000c0     
                  00000000    000000c0     startup_mspm0g350x_ticlang.o (.intvecs)

.text      0    000000c0    000027a0     
                  000000c0    00000868     libc.a : _printfi.c.obj (.text:__TI_printfi_nofloat)
                  00000928    000001c8     main.o (.text.main)
                  00000af0    00000184     bujin.o (.text.TIMA0_IRQHandler)
                  00000c74    00000158     oled.o (.text.OLED_ShowChar)
                  00000dcc    00000104     driverlib.a : dl_timer.o (.text.DL_Timer_initFourCCPWMMode)
                  00000ed0    000000f8     oled.o (.text.OLED_Init)
                  00000fc8    000000f4     ti_msp_dl_config.o (.text.SYSCFG_DL_GPIO_init)
                  000010bc    000000e8     ti_msp_dl_config.o (.text.SYSCFG_DL_SYSCTL_SYSPLL_init)
                  000011a4    000000dc     driverlib.a : dl_sysctl_mspm0g1x0x_g3x0x.o (.text.DL_SYSCTL_configSYSPLL)
                  00001280    000000ac     uart.o (.text.UART3_IRQHandler)
                  0000132c    000000a8     key.o (.text.key6_init)
                  000013d4    000000a2     libclang_rt.builtins.a : udivmoddi4.S.obj (.text)
                  00001476    00000098     oled.o (.text.OLED_ShowString)
                  0000150e    00000002     libclang_rt.builtins.a : aeabi_div0.c.obj (.text.__aeabi_idiv0)
                  00001510    0000008c     ti_msp_dl_config.o (.text.SYSCFG_DL_initPower)
                  0000159c    0000007c     oled.o (.text.OLED_Refresh)
                  00001618    0000007c     libc.a : copy_decompress_lzss.c.obj (.text:decompress:lzss)
                  00001694    00000074     oled.o (.text.OLED_WR_Byte)
                  00001708    00000074     ti_msp_dl_config.o (.text.SYSCFG_DL_SYSCTL_init)
                  0000177c    00000074     libclang_rt.builtins.a : comparedf2.c.obj (.text.__gedf2)
                  000017f0    00000070     ti_msp_dl_config.o (.text.SYSCFG_DL_DCC_PWM_init)
                  00001860    00000068     libclang_rt.builtins.a : comparedf2.c.obj (.text.__ledf2)
                  000018c8    00000064     driverlib.a : dl_sysctl_mspm0g1x0x_g3x0x.o (.text.DL_SYSCTL_setHFCLKSourceHFXTParams)
                  0000192c    00000064     oled.o (.text.OLED_ClearPoint)
                  00001990    00000062     libclang_rt.builtins.a : aeabi_dcmp.S.obj (.text.__aeabi_dcmp)
                  000019f2    00000002                            : aeabi_div0.c.obj (.text.__aeabi_ldiv0)
                  000019f4    00000060     oled.o (.text.OLED_Clear)
                  00001a54    00000060     ti_msp_dl_config.o (.text.SYSCFG_DL_OLED_init)
                  00001ab4    0000005e     driverlib.a : dl_i2c.o (.text.DL_I2C_fillControllerTXFIFO)
                  00001b12    00000002     --HOLE-- [fill = 0]
                  00001b14    00000050     ti_msp_dl_config.o (.text.DL_GPIO_initPeripheralInputFunctionFeatures)
                  00001b64    00000050     oled.o (.text.DL_I2C_startControllerTransfer)
                  00001bb4    0000004c     ti_msp_dl_config.o (.text.DL_GPIO_initDigitalInputFeatures)
                  00001c00    0000004c     ti_msp_dl_config.o (.text.DL_UART_setBaudRateDivisor)
                  00001c4c    0000004c     bihuan_pid.o (.text.PID_Inc_Init)
                  00001c98    00000048     driverlib.a : dl_uart.o (.text.DL_UART_init)
                  00001ce0    00000048     oled.o (.text.OLED_DisplayTurn)
                  00001d28    00000048     oled.o (.text.OLED_DrawPoint)
                  00001d70    00000048     ti_msp_dl_config.o (.text.SYSCFG_DL_K230_init)
                  00001db8    00000048     ti_msp_dl_config.o (.text.SYSCFG_DL_PRINT_init)
                  00001e00    00000044     driverlib.a : dl_sysctl_mspm0g1x0x_g3x0x.o (.text.DL_SYSCTL_switchMCLKfromSYSOSCtoHSCLK)
                  00001e44    00000040     ti_msp_dl_config.o (.text.SYSCFG_DL_DCC101_v1_2_init)
                  00001e84    00000040     libclang_rt.builtins.a : aeabi_uidivmod.S.obj (.text.__aeabi_uidivmod)
                  00001ec4    00000040     libc.a : atoi.c.obj (.text.atoi)
                  00001f04    0000003c     ti_msp_dl_config.o (.text.DL_Timer_setCounterControl)
                  00001f40    0000003c     ti_msp_dl_config.o (.text.SYSCFG_DL_init)
                  00001f7c    0000003c     libc.a : autoinit.c.obj (.text:__TI_auto_init_nobinit_nopinit)
                  00001fb8    0000003a     libclang_rt.builtins.a : muldsi3.S.obj (.text.__muldsi3)
                  00001ff2    00000002     --HOLE-- [fill = 0]
                  00001ff4    00000038     libc.a : sprintf.c.obj (.text.sprintf)
                  0000202c    00000034     oled.o (.text.OLED_ColorTurn)
                  00002060    00000034     key.o (.text.get_key_state)
                  00002094    0000002c     key.o (.text.__NVIC_EnableIRQ)
                  000020c0    0000002c     main.o (.text.__NVIC_EnableIRQ)
                  000020ec    00000028     oled.o (.text.DL_Common_updateReg)
                  00002114    00000028     ti_msp_dl_config.o (.text.DL_Common_updateReg)
                  0000213c    00000028     ti_msp_dl_config.o (.text.DL_I2C_setControllerRXFIFOThreshold)
                  00002164    00000028     ti_msp_dl_config.o (.text.DL_I2C_setControllerTXFIFOThreshold)
                  0000218c    00000028     libc.a : boot_cortex_m.c.obj (.text:_c_int00_noargs)
                  000021b4    00000026     ti_msp_dl_config.o (.text.DL_I2C_setAnalogGlitchFilterPulseWidth)
                  000021da    00000026     driverlib.a : dl_i2c.o (.text.DL_I2C_setClockConfig)
                  00002200    00000024     ti_msp_dl_config.o (.text.DL_I2C_setDigitalGlitchFilterPulseWidth)
                  00002224    00000024     libclang_rt.builtins.a : floatunsidf.S.obj (.text.__floatunsidf)
                  00002248    00000024                            : muldi3.S.obj (.text.__muldi3)
                  0000226c    00000022     libc.a : memccpy.c.obj (.text.memccpy)
                  0000228e    00000002     --HOLE-- [fill = 0]
                  00002290    00000020     ti_msp_dl_config.o (.text.DL_GPIO_initPeripheralInputFunction)
                  000022b0    00000020     ti_msp_dl_config.o (.text.DL_SYSCTL_setFlashWaitState)
                  000022d0    0000001e     ti_msp_dl_config.o (.text.DL_UART_setOversampling)
                  000022ee    00000002     --HOLE-- [fill = 0]
                  000022f0    0000001e     libclang_rt.builtins.a : ashldi3.S.obj (.text.__ashldi3)
                  0000230e    00000002     --HOLE-- [fill = 0]
                  00002310    0000001c     ti_msp_dl_config.o (.text.DL_GPIO_enableHiZ)
                  0000232c    0000001c     ti_msp_dl_config.o (.text.DL_GPIO_initPeripheralOutputFunction)
                  00002348    0000001c     driverlib.a : dl_sysctl_mspm0g1x0x_g3x0x.o (.text.DL_SYSCTL_configFCC)
                  00002364    0000001c     ti_msp_dl_config.o (.text.DL_SYSCTL_setFCCPeriods)
                  00002380    0000001c     ti_msp_dl_config.o (.text.DL_SYSCTL_setSYSOSCFreq)
                  0000239c    0000001c     ti_msp_dl_config.o (.text.DL_SYSCTL_setULPCLKDivider)
                  000023b8    0000001c     ti_msp_dl_config.o (.text.DL_Timer_enableInterrupt)
                  000023d4    0000001c     driverlib.a : dl_timer.o (.text.DL_Timer_setCaptCompUpdateMethod)
                  000023f0    0000001c                 : dl_timer.o (.text.DL_Timer_setClockConfig)
                  0000240c    0000001c     ti_msp_dl_config.o (.text.DL_UART_enableInterrupt)
                  00002428    0000001c     delay.o (.text.delay_ms)
                  00002444    00000018     ti_msp_dl_config.o (.text.DL_GPIO_enableOutput)
                  0000245c    00000018     ti_msp_dl_config.o (.text.DL_GPIO_enablePower)
                  00002474    00000018     ti_msp_dl_config.o (.text.DL_GPIO_initDigitalOutput)
                  0000248c    00000018     ti_msp_dl_config.o (.text.DL_GPIO_initPeripheralAnalogFunction)
                  000024a4    00000018     ti_msp_dl_config.o (.text.DL_GPIO_reset)
                  000024bc    00000018     ti_msp_dl_config.o (.text.DL_I2C_enableAnalogGlitchFilter)
                  000024d4    00000018     ti_msp_dl_config.o (.text.DL_I2C_enableController)
                  000024ec    00000018     ti_msp_dl_config.o (.text.DL_I2C_enableControllerClockStretching)
                  00002504    00000018     ti_msp_dl_config.o (.text.DL_I2C_enablePower)
                  0000251c    00000018     ti_msp_dl_config.o (.text.DL_I2C_reset)
                  00002534    00000018     ti_msp_dl_config.o (.text.DL_I2C_setTimerPeriod)
                  0000254c    00000018     ti_msp_dl_config.o (.text.DL_SYSCTL_setBORThreshold)
                  00002564    00000018     ti_msp_dl_config.o (.text.DL_Timer_enablePower)
                  0000257c    00000018     ti_msp_dl_config.o (.text.DL_Timer_reset)
                  00002594    00000018     driverlib.a : dl_timer.o (.text.DL_Timer_setCaptureCompareOutCtl)
                  000025ac    00000018     key.o (.text.DL_Timer_setLoadValue)
                  000025c4    00000018     key.o (.text.DL_Timer_startCounter)
                  000025dc    00000018     ti_msp_dl_config.o (.text.DL_UART_enablePower)
                  000025f4    00000018     ti_msp_dl_config.o (.text.DL_UART_reset)
                  0000260c    00000018     libc.a : sprintf.c.obj (.text._outs)
                  00002624    00000016     key.o (.text.DL_GPIO_readPins)
                  0000263a    00000016     ti_msp_dl_config.o (.text.DL_UART_enable)
                  00002650    00000014     key.o (.text.DL_GPIO_clearPins)
                  00002664    00000014     ti_msp_dl_config.o (.text.DL_GPIO_clearPins)
                  00002678    00000014     oled.o (.text.DL_I2C_getControllerStatus)
                  0000268c    00000014     ti_msp_dl_config.o (.text.DL_I2C_resetControllerTransfer)
                  000026a0    00000014     ti_msp_dl_config.o (.text.DL_SYSCTL_disableSYSPLL)
                  000026b4    00000014     ti_msp_dl_config.o (.text.DL_SYSCTL_enableSYSPLL)
                  000026c8    00000014     ti_msp_dl_config.o (.text.DL_Timer_enableClock)
                  000026dc    00000014     ti_msp_dl_config.o (.text.DL_Timer_setCCPDirection)
                  000026f0    00000014     uart.o (.text.DL_UART_receiveData)
                  00002704    00000014     libclang_rt.builtins.a : aeabi_uldivmod.S.obj (.text.__aeabi_uldivmod)
                  00002718    00000012     bujin.o (.text.DL_Timer_getPendingInterrupt)
                  0000272a    00000012     uart.o (.text.DL_UART_getPendingInterrupt)
                  0000273c    00000012     driverlib.a : dl_uart.o (.text.DL_UART_setClockConfig)
                  0000274e    00000012     libc.a : memcpy16.S.obj (.text:TI_memcpy_small)
                  00002760    00000012            : copy_decompress_none.c.obj (.text:decompress:none)
                  00002772    00000002     --HOLE-- [fill = 0]
                  00002774    00000010     ti_msp_dl_config.o (.text.DL_SYSCTL_disableHFXT)
                  00002784    00000010     ti_msp_dl_config.o (.text.DL_SYSCTL_isFCCDone)
                  00002794    00000010     ti_msp_dl_config.o (.text.DL_SYSCTL_startFCC)
                  000027a4    00000010     driverlib.a : dl_timer.o (.text.DL_Timer_setCaptureCompareValue)
                  000027b4    00000010     libc.a : wcslen.c.obj (.text.wcslen)
                  000027c4    00000010            : copy_zero_init.c.obj (.text:decompress:ZI)
                  000027d4    0000000e     libclang_rt.builtins.a : aeabi_memset.S.obj (.text.__aeabi_memset)
                  000027e2    0000000e     libc.a : _printfi.c.obj (.text.strlen)
                  000027f0    0000000e            : memset16.S.obj (.text:TI_memset_small)
                  000027fe    00000002     --HOLE-- [fill = 0]
                  00002800    0000000c     ti_msp_dl_config.o (.text.DL_SYSCTL_getClockStatus)
                  0000280c    0000000c     ti_msp_dl_config.o (.text.DL_SYSCTL_readFCC)
                  00002818    0000000c     libclang_rt.builtins.a : aeabi_memset.S.obj (.text.__aeabi_memclr)
                  00002824    0000000a     driverlib.a : dl_common.o (.text.DL_Common_delayCycles)
                  0000282e    0000000a     libc.a : sprintf.c.obj (.text._outc)
                  00002838    00000008            : aeabi_portable.c.obj (.text.__aeabi_errno_addr)
                  00002840    00000008     libclang_rt.builtins.a : aeabi_memcpy.S.obj (.text.__aeabi_memcpy)
                  00002848    00000006     libc.a : exit.c.obj (.text:abort)
                  0000284e    00000004     startup_mspm0g350x_ticlang.o (.text.Default_Handler)
                  00002852    00000004     libsysbm.a : hostexit.c.obj (.text.HOSTexit)
                  00002856    00000004     startup_mspm0g350x_ticlang.o (.text.Reset_Handler)
                  0000285a    00000004     libc.a : pre_init.c.obj (.text._system_pre_init)
                  0000285e    00000002     --HOLE-- [fill = 0]

.cinit     0    00004220    00000030     
                  00004220    0000000c     (__TI_handler_table)
                  0000422c    00000008     (.cinit..bss.load) [load image, compression = zero_init]
                  00004234    00000007     (.cinit..data.load) [load image, compression = lzss]
                  0000423b    00000001     --HOLE-- [fill = 0]
                  0000423c    00000010     (__TI_cinit_table)
                  0000424c    00000004     --HOLE-- [fill = 0]

.rodata    0    00002860    000019c0     
                  00002860    00000d5c     oled.o (.rodata.asc2_2412)
                  000035bc    000005f0     oled.o (.rodata.asc2_1608)
                  00003bac    00000474     oled.o (.rodata.asc2_1206)
                  00004020    00000101     libc.a : aeabi_ctype.S.obj (.rodata:__aeabi_ctype_table_)
                  00004121    00000003     ti_msp_dl_config.o (.rodata.gDCC_PWMClockConfig)
                  00004124    00000028     ti_msp_dl_config.o (.rodata.gSYSPLLConfig)
                  0000414c    00000011     libc.a : _printfi.c.obj (.rodata.str1.10348868589481759720.1)
                  0000415d    00000011            : _printfi.c.obj (.rodata.str1.15363888844622738466.1)
                  0000416e    0000000e     main.o (.rodata.str1.18227636981041470289.1)
                  0000417c    0000000d     main.o (.rodata.str1.15159059442110792349.1)
                  00004189    0000000c     main.o (.rodata.str1.17100691992556644108.1)
                  00004195    0000000b     main.o (.rodata.str1.12180500075719773345.1)
                  000041a0    0000000b     main.o (.rodata.str1.14112174005742061988.1)
                  000041ab    0000000b     main.o (.rodata.str1.2846389346932560359.1)
                  000041b6    0000000b     main.o (.rodata.str1.288608917962107522.1)
                  000041c1    0000000b     main.o (.rodata.str1.7702501944640899365.1)
                  000041cc    0000000b     main.o (.rodata.str1.8154729771448623357.1)
                  000041d7    00000001     --HOLE-- [fill = 0]
                  000041d8    0000000a     ti_msp_dl_config.o (.rodata.gDCC101_v1_2Config)
                  000041e2    0000000a     ti_msp_dl_config.o (.rodata.gK230Config)
                  000041ec    0000000a     ti_msp_dl_config.o (.rodata.gPRINTConfig)
                  000041f6    0000000a     main.o (.rodata.str1.16265332423659789559.1)
                  00004200    00000009     main.o (.rodata.str1.15996357275703397564.1)
                  00004209    00000002     ti_msp_dl_config.o (.rodata.gDCC101_v1_2ClockConfig)
                  0000420b    00000001     --HOLE-- [fill = 0]
                  0000420c    00000008     ti_msp_dl_config.o (.rodata.gDCC_PWMConfig)
                  00004214    00000002     ti_msp_dl_config.o (.rodata.gK230ClockConfig)
                  00004216    00000002     ti_msp_dl_config.o (.rodata.gOLEDClockConfig)
                  00004218    00000002     ti_msp_dl_config.o (.rodata.gPRINTClockConfig)
                  0000421a    00000006     --HOLE-- [fill = 0]

.init_array 
*          0    00000000    00000000     UNINITIALIZED

.binit     0    00000000    00000000     

.bss       0    20200000    000005bd     UNINITIALIZED
                  20200000    00000480     (.common:OLED_GRAM)
                  20200480    000000bc     (.common:gDCC_PWMBackup)
                  2020053c    00000030     (.common:gK230Backup)
                  2020056c    00000028     main.o (.bss.pid_x)
                  20200594    00000020     main.o (.bss.disp_buf)
                  202005b4    00000005     uart.o (.bss.rx_buf)
                  202005b9    00000001     (.common:bujin_x)
                  202005ba    00000002     (.common:pulse_x)
                  202005bc    00000001     (.common:dir_x)

.data      0    202005c0    00000011     UNINITIALIZED
                  202005c0    00000004     libc.a : aeabi_portable.c.obj (.data.__aeabi_errno)
                  202005c4    00000001     bujin.o (.data.TIMA0_IRQHandler.btn2_cnt)
                  202005c5    00000001     bujin.o (.data.TIMA0_IRQHandler.btn2_stable)
                  202005c6    00000001     bujin.o (.data.TIMA0_IRQHandler.btn3_cnt)
                  202005c7    00000001     bujin.o (.data.TIMA0_IRQHandler.btn3_stable)
                  202005c8    00000001     bujin.o (.data.TIMA0_IRQHandler.btn4_cnt)
                  202005c9    00000001     bujin.o (.data.TIMA0_IRQHandler.btn4_stable)
                  202005ca    00000001     bujin.o (.data.TIMA0_IRQHandler.btn_cnt)
                  202005cb    00000001     bujin.o (.data.TIMA0_IRQHandler.btn_stable)
                  202005cc    00000001     bujin.o (.data.btn1_active)
                  202005cd    00000001     bujin.o (.data.btn2_active)
                  202005ce    00000001     bujin.o (.data.btn3_active)
                  202005cf    00000001     bujin.o (.data.btn4_active)
                  202005d0    00000001     uart.o (.data.rx_idx)

.stack     0    20207e00    00000200     UNINITIALIZED
                  20207e00    00000004     libc.a : boot_cortex_m.c.obj (.stack)
                  20207e04    000001fc     --HOLE--

__llvm_prf_cnts 
*          0    20200000    00000000     UNINITIALIZED

__llvm_prf_bits 
*          0    20200000    00000000     UNINITIALIZED

MODULE SUMMARY

       Module                         code    ro data   rw data
       ------                         ----    -------   -------
    .\
       oled.o                         1516    6080      1152   
       ti_msp_dl_config.o             2582    89        236    
       main.o                         500     124       76     
       bujin.o                        406     0         12     
       key.o                          354     0         0      
       uart.o                         210     0         6      
       startup_mspm0g350x_ticlang.o   8       192       0      
       bihuan_pid.o                   76      0         0      
       delay.o                        28      0         0      
    +--+------------------------------+-------+---------+---------+
       Total:                         5680    6485      1482   
                                                               
    C:/ti/mspm0_sdk_2_10_00_04/source/ti/driverlib/lib/ticlang/m0p/mspm0g1x0x_g3x0x/driverlib.a
       dl_sysctl_mspm0g1x0x_g3x0x.o   416     0         0      
       dl_timer.o                     356     0         0      
       dl_i2c.o                       132     0         0      
       dl_uart.o                      90      0         0      
       dl_common.o                    10      0         0      
    +--+------------------------------+-------+---------+---------+
       Total:                         1004    0         0      
                                                               
    C:\ti\ccs2050\ccs\tools\compiler\ti-cgt-armllvm_4.0.4.LTS\lib\armv6m-ti-none-eabi/c/libc.a
       _printfi.c.obj                 2166    34        0      
       aeabi_ctype.S.obj              0       257       0      
       copy_decompress_lzss.c.obj     124     0         0      
       sprintf.c.obj                  90      0         0      
       atoi.c.obj                     64      0         0      
       autoinit.c.obj                 60      0         0      
       boot_cortex_m.c.obj            40      0         0      
       memccpy.c.obj                  34      0         0      
       copy_decompress_none.c.obj     18      0         0      
       memcpy16.S.obj                 18      0         0      
       copy_zero_init.c.obj           16      0         0      
       wcslen.c.obj                   16      0         0      
       memset16.S.obj                 14      0         0      
       aeabi_portable.c.obj           8       0         4      
       exit.c.obj                     6       0         0      
       pre_init.c.obj                 4       0         0      
    +--+------------------------------+-------+---------+---------+
       Total:                         2678    291       4      
                                                               
    C:\ti\ccs2050\ccs\tools\compiler\ti-cgt-armllvm_4.0.4.LTS\lib\armv6m-ti-none-eabi/c/libsysbm.a
       hostexit.c.obj                 4       0         0      
    +--+------------------------------+-------+---------+---------+
       Total:                         4       0         0      
                                                               
    C:\ti\ccs2050\ccs\tools\compiler\ti-cgt-armllvm_4.0.4.LTS\lib\armv6m-ti-none-eabi/libclang_rt.builtins.a
       comparedf2.c.obj               220     0         0      
       udivmoddi4.S.obj               162     0         0      
       aeabi_dcmp.S.obj               98      0         0      
       aeabi_uidivmod.S.obj           64      0         0      
       muldsi3.S.obj                  58      0         0      
       floatunsidf.S.obj              36      0         0      
       muldi3.S.obj                   36      0         0      
       ashldi3.S.obj                  30      0         0      
       aeabi_memset.S.obj             26      0         0      
       aeabi_uldivmod.S.obj           20      0         0      
       aeabi_memcpy.S.obj             8       0         0      
       aeabi_div0.c.obj               4       0         0      
    +--+------------------------------+-------+---------+---------+
       Total:                         762     0         0      
                                                               
       Stack:                         0       0         512    
       Linker Generated:              0       43        0      
    +--+------------------------------+-------+---------+---------+
       Grand Total:                   10128   6819      1998   


LINKER GENERATED COPY TABLES

__TI_cinit_table @ 0000423c records: 2, size/record: 8, table size: 16
	.bss: load addr=0000422c, load size=00000008 bytes, run addr=20200000, run size=000005bd bytes, compression=zero_init
	.data: load addr=00004234, load size=00000007 bytes, run addr=202005c0, run size=00000011 bytes, compression=lzss


LINKER GENERATED HANDLER TABLE

__TI_handler_table @ 00004220 records: 3, size/record: 4, table size: 12
	index: 0, handler: __TI_decompress_lzss
	index: 1, handler: __TI_decompress_none
	index: 2, handler: __TI_zero_init


GLOBAL SYMBOLS: SORTED ALPHABETICALLY BY Name 

address   name                                 
-------   ----                                 
0000284f  ADC0_IRQHandler                      
0000284f  ADC1_IRQHandler                      
0000284f  AES_IRQHandler                       
00002852  C$$EXIT                              
0000284f  CANFD0_IRQHandler                    
0000284f  DAC0_IRQHandler                      
00002825  DL_Common_delayCycles                
00001ab5  DL_I2C_fillControllerTXFIFO          
000021db  DL_I2C_setClockConfig                
00002349  DL_SYSCTL_configFCC                  
000011a5  DL_SYSCTL_configSYSPLL               
000018c9  DL_SYSCTL_setHFCLKSourceHFXTParams   
00001e01  DL_SYSCTL_switchMCLKfromSYSOSCtoHSCLK
00000dcd  DL_Timer_initFourCCPWMMode           
000023d5  DL_Timer_setCaptCompUpdateMethod     
00002595  DL_Timer_setCaptureCompareOutCtl     
000027a5  DL_Timer_setCaptureCompareValue      
000023f1  DL_Timer_setClockConfig              
00001c99  DL_UART_init                         
0000273d  DL_UART_setClockConfig               
0000284f  DMA_IRQHandler                       
0000284f  Default_Handler                      
0000284f  GROUP0_IRQHandler                    
0000284f  GROUP1_IRQHandler                    
00002853  HOSTexit                             
0000284f  HardFault_Handler                    
0000284f  I2C0_IRQHandler                      
0000284f  I2C1_IRQHandler                      
0000284f  NMI_Handler                          
000019f5  OLED_Clear                           
0000192d  OLED_ClearPoint                      
0000202d  OLED_ColorTurn                       
00001ce1  OLED_DisplayTurn                     
00001d29  OLED_DrawPoint                       
20200000  OLED_GRAM                            
00000ed1  OLED_Init                            
0000159d  OLED_Refresh                         
00000c75  OLED_ShowChar                        
00001477  OLED_ShowString                      
00001695  OLED_WR_Byte                         
00001c4d  PID_Inc_Init                         
0000284f  PendSV_Handler                       
0000284f  RTC_IRQHandler                       
00002857  Reset_Handler                        
0000284f  SPI0_IRQHandler                      
0000284f  SPI1_IRQHandler                      
0000284f  SVC_Handler                          
00001e45  SYSCFG_DL_DCC101_v1_2_init           
000017f1  SYSCFG_DL_DCC_PWM_init               
00000fc9  SYSCFG_DL_GPIO_init                  
00001d71  SYSCFG_DL_K230_init                  
00001a55  SYSCFG_DL_OLED_init                  
00001db9  SYSCFG_DL_PRINT_init                 
000010bd  SYSCFG_DL_SYSCTL_SYSPLL_init         
00001709  SYSCFG_DL_SYSCTL_init                
00001f41  SYSCFG_DL_init                       
00001511  SYSCFG_DL_initPower                  
0000284f  SysTick_Handler                      
00000af1  TIMA0_IRQHandler                     
0000284f  TIMA1_IRQHandler                     
0000284f  TIMG0_IRQHandler                     
0000284f  TIMG12_IRQHandler                    
0000284f  TIMG6_IRQHandler                     
0000284f  TIMG7_IRQHandler                     
0000284f  TIMG8_IRQHandler                     
0000274f  TI_memcpy_small                      
000027f1  TI_memset_small                      
0000284f  UART0_IRQHandler                     
0000284f  UART1_IRQHandler                     
0000284f  UART2_IRQHandler                     
00001281  UART3_IRQHandler                     
20208000  __STACK_END                          
00000200  __STACK_SIZE                         
00000000  __TI_ATRegion0_region_sz             
00000000  __TI_ATRegion0_src_addr              
00000000  __TI_ATRegion0_trg_addr              
00000000  __TI_ATRegion1_region_sz             
00000000  __TI_ATRegion1_src_addr              
00000000  __TI_ATRegion1_trg_addr              
00000000  __TI_ATRegion2_region_sz             
00000000  __TI_ATRegion2_src_addr              
00000000  __TI_ATRegion2_trg_addr              
0000423c  __TI_CINIT_Base                      
0000424c  __TI_CINIT_Limit                     
0000424c  __TI_CINIT_Warm                      
00004220  __TI_Handler_Table_Base              
0000422c  __TI_Handler_Table_Limit             
00001f7d  __TI_auto_init_nobinit_nopinit       
00001619  __TI_decompress_lzss                 
00002761  __TI_decompress_none                 
ffffffff  __TI_pprof_out_hndl                  
000000c1  __TI_printfi_nofloat                 
ffffffff  __TI_prof_data_size                  
ffffffff  __TI_prof_data_start                 
00000000  __TI_static_base__                   
000027c5  __TI_zero_init                       
00004020  __aeabi_ctype_table_                 
00004020  __aeabi_ctype_table_C                
00001991  __aeabi_dcmpeq                       
000019cd  __aeabi_dcmpge                       
000019e1  __aeabi_dcmpgt                       
000019b9  __aeabi_dcmple                       
000019a5  __aeabi_dcmplt                       
202005c0  __aeabi_errno                        
00002839  __aeabi_errno_addr                   
0000150f  __aeabi_idiv0                        
000019f3  __aeabi_ldiv0                        
000022f1  __aeabi_llsl                         
00002249  __aeabi_lmul                         
00002819  __aeabi_memclr                       
00002819  __aeabi_memclr4                      
00002819  __aeabi_memclr8                      
00002841  __aeabi_memcpy                       
00002841  __aeabi_memcpy4                      
00002841  __aeabi_memcpy8                      
000027d5  __aeabi_memset                       
000027d5  __aeabi_memset4                      
000027d5  __aeabi_memset8                      
00002225  __aeabi_ui2d                         
00001e85  __aeabi_uidiv                        
00001e85  __aeabi_uidivmod                     
00002705  __aeabi_uldivmod                     
000022f1  __ashldi3                            
ffffffff  __binit__                            
00001861  __cmpdf2                             
00001861  __eqdf2                              
00002225  __floatunsidf                        
0000177d  __gedf2                              
0000177d  __gtdf2                              
00001861  __ledf2                              
00001861  __ltdf2                              
UNDEFED   __mpu_init                           
00002249  __muldi3                             
00001fb9  __muldsi3                            
00001861  __nedf2                              
20207e00  __stack                              
20200000  __start___llvm_prf_bits              
20200000  __start___llvm_prf_cnts              
20200000  __stop___llvm_prf_bits               
20200000  __stop___llvm_prf_cnts               
000013d5  __udivmoddi4                         
0000218d  _c_int00_noargs                      
UNDEFED   _system_post_cinit                   
0000285b  _system_pre_init                     
00002849  abort                                
00003bac  asc2_1206                            
000035bc  asc2_1608                            
00002860  asc2_2412                            
00001ec5  atoi                                 
ffffffff  binit                                
202005cc  btn1_active                          
202005cd  btn2_active                          
202005ce  btn3_active                          
202005cf  btn4_active                          
202005b9  bujin_x                              
00002429  delay_ms                             
202005bc  dir_x                                
20200480  gDCC_PWMBackup                       
2020053c  gK230Backup                          
00002061  get_key_state                        
00000000  interruptVectors                     
0000132d  key6_init                            
00000929  main                                 
0000226d  memccpy                              
202005ba  pulse_x                              
00001ff5  sprintf                              
000027b5  wcslen                               


GLOBAL SYMBOLS: SORTED BY Symbol Address 

address   name                                 
-------   ----                                 
00000000  __TI_ATRegion0_region_sz             
00000000  __TI_ATRegion0_src_addr              
00000000  __TI_ATRegion0_trg_addr              
00000000  __TI_ATRegion1_region_sz             
00000000  __TI_ATRegion1_src_addr              
00000000  __TI_ATRegion1_trg_addr              
00000000  __TI_ATRegion2_region_sz             
00000000  __TI_ATRegion2_src_addr              
00000000  __TI_ATRegion2_trg_addr              
00000000  __TI_static_base__                   
00000000  interruptVectors                     
000000c1  __TI_printfi_nofloat                 
00000200  __STACK_SIZE                         
00000929  main                                 
00000af1  TIMA0_IRQHandler                     
00000c75  OLED_ShowChar                        
00000dcd  DL_Timer_initFourCCPWMMode           
00000ed1  OLED_Init                            
00000fc9  SYSCFG_DL_GPIO_init                  
000010bd  SYSCFG_DL_SYSCTL_SYSPLL_init         
000011a5  DL_SYSCTL_configSYSPLL               
00001281  UART3_IRQHandler                     
0000132d  key6_init                            
000013d5  __udivmoddi4                         
00001477  OLED_ShowString                      
0000150f  __aeabi_idiv0                        
00001511  SYSCFG_DL_initPower                  
0000159d  OLED_Refresh                         
00001619  __TI_decompress_lzss                 
00001695  OLED_WR_Byte                         
00001709  SYSCFG_DL_SYSCTL_init                
0000177d  __gedf2                              
0000177d  __gtdf2                              
000017f1  SYSCFG_DL_DCC_PWM_init               
00001861  __cmpdf2                             
00001861  __eqdf2                              
00001861  __ledf2                              
00001861  __ltdf2                              
00001861  __nedf2                              
000018c9  DL_SYSCTL_setHFCLKSourceHFXTParams   
0000192d  OLED_ClearPoint                      
00001991  __aeabi_dcmpeq                       
000019a5  __aeabi_dcmplt                       
000019b9  __aeabi_dcmple                       
000019cd  __aeabi_dcmpge                       
000019e1  __aeabi_dcmpgt                       
000019f3  __aeabi_ldiv0                        
000019f5  OLED_Clear                           
00001a55  SYSCFG_DL_OLED_init                  
00001ab5  DL_I2C_fillControllerTXFIFO          
00001c4d  PID_Inc_Init                         
00001c99  DL_UART_init                         
00001ce1  OLED_DisplayTurn                     
00001d29  OLED_DrawPoint                       
00001d71  SYSCFG_DL_K230_init                  
00001db9  SYSCFG_DL_PRINT_init                 
00001e01  DL_SYSCTL_switchMCLKfromSYSOSCtoHSCLK
00001e45  SYSCFG_DL_DCC101_v1_2_init           
00001e85  __aeabi_uidiv                        
00001e85  __aeabi_uidivmod                     
00001ec5  atoi                                 
00001f41  SYSCFG_DL_init                       
00001f7d  __TI_auto_init_nobinit_nopinit       
00001fb9  __muldsi3                            
00001ff5  sprintf                              
0000202d  OLED_ColorTurn                       
00002061  get_key_state                        
0000218d  _c_int00_noargs                      
000021db  DL_I2C_setClockConfig                
00002225  __aeabi_ui2d                         
00002225  __floatunsidf                        
00002249  __aeabi_lmul                         
00002249  __muldi3                             
0000226d  memccpy                              
000022f1  __aeabi_llsl                         
000022f1  __ashldi3                            
00002349  DL_SYSCTL_configFCC                  
000023d5  DL_Timer_setCaptCompUpdateMethod     
000023f1  DL_Timer_setClockConfig              
00002429  delay_ms                             
00002595  DL_Timer_setCaptureCompareOutCtl     
00002705  __aeabi_uldivmod                     
0000273d  DL_UART_setClockConfig               
0000274f  TI_memcpy_small                      
00002761  __TI_decompress_none                 
000027a5  DL_Timer_setCaptureCompareValue      
000027b5  wcslen                               
000027c5  __TI_zero_init                       
000027d5  __aeabi_memset                       
000027d5  __aeabi_memset4                      
000027d5  __aeabi_memset8                      
000027f1  TI_memset_small                      
00002819  __aeabi_memclr                       
00002819  __aeabi_memclr4                      
00002819  __aeabi_memclr8                      
00002825  DL_Common_delayCycles                
00002839  __aeabi_errno_addr                   
00002841  __aeabi_memcpy                       
00002841  __aeabi_memcpy4                      
00002841  __aeabi_memcpy8                      
00002849  abort                                
0000284f  ADC0_IRQHandler                      
0000284f  ADC1_IRQHandler                      
0000284f  AES_IRQHandler                       
0000284f  CANFD0_IRQHandler                    
0000284f  DAC0_IRQHandler                      
0000284f  DMA_IRQHandler                       
0000284f  Default_Handler                      
0000284f  GROUP0_IRQHandler                    
0000284f  GROUP1_IRQHandler                    
0000284f  HardFault_Handler                    
0000284f  I2C0_IRQHandler                      
0000284f  I2C1_IRQHandler                      
0000284f  NMI_Handler                          
0000284f  PendSV_Handler                       
0000284f  RTC_IRQHandler                       
0000284f  SPI0_IRQHandler                      
0000284f  SPI1_IRQHandler                      
0000284f  SVC_Handler                          
0000284f  SysTick_Handler                      
0000284f  TIMA1_IRQHandler                     
0000284f  TIMG0_IRQHandler                     
0000284f  TIMG12_IRQHandler                    
0000284f  TIMG6_IRQHandler                     
0000284f  TIMG7_IRQHandler                     
0000284f  TIMG8_IRQHandler                     
0000284f  UART0_IRQHandler                     
0000284f  UART1_IRQHandler                     
0000284f  UART2_IRQHandler                     
00002852  C$$EXIT                              
00002853  HOSTexit                             
00002857  Reset_Handler                        
0000285b  _system_pre_init                     
00002860  asc2_2412                            
000035bc  asc2_1608                            
00003bac  asc2_1206                            
00004020  __aeabi_ctype_table_                 
00004020  __aeabi_ctype_table_C                
00004220  __TI_Handler_Table_Base              
0000422c  __TI_Handler_Table_Limit             
0000423c  __TI_CINIT_Base                      
0000424c  __TI_CINIT_Limit                     
0000424c  __TI_CINIT_Warm                      
20200000  OLED_GRAM                            
20200000  __start___llvm_prf_bits              
20200000  __start___llvm_prf_cnts              
20200000  __stop___llvm_prf_bits               
20200000  __stop___llvm_prf_cnts               
20200480  gDCC_PWMBackup                       
2020053c  gK230Backup                          
202005b9  bujin_x                              
202005ba  pulse_x                              
202005bc  dir_x                                
202005c0  __aeabi_errno                        
202005cc  btn1_active                          
202005cd  btn2_active                          
202005ce  btn3_active                          
202005cf  btn4_active                          
20207e00  __stack                              
20208000  __STACK_END                          
ffffffff  __TI_pprof_out_hndl                  
ffffffff  __TI_prof_data_size                  
ffffffff  __TI_prof_data_start                 
ffffffff  __binit__                            
ffffffff  binit                                
UNDEFED   __mpu_init                           
UNDEFED   _system_post_cinit                   

[167 symbols]
