******************************************************************************
            TI ARM Clang Linker PC v4.0.4                      
******************************************************************************
>> Linked Fri Jul 31 21:38:01 2026

OUTPUT FILE NAME:   <DCC_101_v1.out>
ENTRY POINT SYMBOL: "_c_int00_noargs"  address: 00003aa1


MEMORY CONFIGURATION

         name            origin    length      used     unused   attr    fill
----------------------  --------  ---------  --------  --------  ----  --------
  FLASH                 00000000   00020000  00005c58  0001a3a8  R  X
  SRAM                  20200000   00008000  0000082a  000077d6  RW X
  BCR_CONFIG            41c00000   000000ff  00000000  000000ff  R   
  BSL_CONFIG            41c00100   00000080  00000000  00000080  R   


SEGMENT ALLOCATION MAP

run origin  load origin   length   init length attrs members
----------  ----------- ---------- ----------- ----- -------
00000000    00000000    00004258   00004258    r-x
  00000000    00000000    000000c0   000000c0    r-- .intvecs
  000000c0    000000c0    00004198   00004198    r-x .text
00004260    00004260    00001a00   00001a00    r--
  00004260    00004260    000019d0   000019d0    r-- .rodata
  00005c30    00005c30    00000030   00000030    r-- .cinit
20200000    20200000    0000062c   00000000    rw-
  20200000    20200000    000005d6   00000000    rw- .bss
  202005d8    202005d8    00000054   00000000    rw- .data
20207e00    20207e00    00000200   00000000    rw-
  20207e00    20207e00    00000200   00000000    rw- .stack


SECTION ALLOCATION MAP

 output                                  attributes/
section   page    origin      length       input sections
--------  ----  ----------  ----------   ----------------
.intvecs   0    00000000    000000c0     
                  00000000    000000c0     startup_mspm0g350x_ticlang.o (.intvecs)

.text      0    000000c0    00004198     
                  000000c0    000009d0     libc.a : _printfi.c.obj (.text:__TI_printfi)
                  00000a90    0000036c     main.o (.text.main)
                  00000dfc    00000220     libc.a : _printfi.c.obj (.text._pconv_a)
                  0000101c    000001dc            : _printfi.c.obj (.text._pconv_g)
                  000011f8    000001ac     bujin.o (.text.TIMA0_IRQHandler)
                  000013a4    00000192     libclang_rt.builtins.a : adddf3.S.obj (.text.adddf3_subdf3)
                  00001536    00000002                            : aeabi_div0.c.obj (.text.__aeabi_idiv0)
                  00001538    00000160     bujin.o (.text.pid_compute)
                  00001698    00000158     oled.o (.text.OLED_ShowChar)
                  000017f0    0000013c     libc.a : _printfi.c.obj (.text.fcvt)
                  0000192c    00000120            : _printfi.c.obj (.text._pconv_e)
                  00001a4c    0000010c     libclang_rt.builtins.a : divdf3.S.obj (.text.__divdf3)
                  00001b58    00000104     driverlib.a : dl_timer.o (.text.DL_Timer_initFourCCPWMMode)
                  00001c5c    00000104     bujin.o (.text.dianji1_pulse_fast)
                  00001d60    000000f8     oled.o (.text.OLED_Init)
                  00001e58    000000f4     ti_msp_dl_config.o (.text.SYSCFG_DL_GPIO_init)
                  00001f4c    000000e8     ti_msp_dl_config.o (.text.SYSCFG_DL_SYSCTL_SYSPLL_init)
                  00002034    000000e4     libclang_rt.builtins.a : muldf3.S.obj (.text.__muldf3)
                  00002118    000000dc     driverlib.a : dl_sysctl_mspm0g1x0x_g3x0x.o (.text.DL_SYSCTL_configSYSPLL)
                  000021f4    000000d8     bihuan_pid.o (.text.PID_Pos_Calc)
                  000022cc    000000d8     libc.a : s_scalbn.c.obj (.text.scalbn)
                  000023a4    000000d8     libclang_rt.builtins.a : addsf3.S.obj (.text)
                  0000247c    000000ac     uart.o (.text.UART3_IRQHandler)
                  00002528    000000a8     key.o (.text.key6_init)
                  000025d0    000000a2     libclang_rt.builtins.a : udivmoddi4.S.obj (.text)
                  00002672    00000002                            : aeabi_div0.c.obj (.text.__aeabi_ldiv0)
                  00002674    0000009c     bujin.o (.text.dianji_set_origin)
                  00002710    00000098     oled.o (.text.OLED_ShowString)
                  000027a8    0000008c     ti_msp_dl_config.o (.text.SYSCFG_DL_initPower)
                  00002834    0000008c     libclang_rt.builtins.a : mulsf3.S.obj (.text.__mulsf3)
                  000028c0    00000082                            : divsf3.S.obj (.text.__divsf3)
                  00002942    00000002     --HOLE-- [fill = 0]
                  00002944    0000007c     oled.o (.text.OLED_Refresh)
                  000029c0    0000007c     libc.a : copy_decompress_lzss.c.obj (.text:decompress:lzss)
                  00002a3c    00000074     oled.o (.text.OLED_WR_Byte)
                  00002ab0    00000074     ti_msp_dl_config.o (.text.SYSCFG_DL_SYSCTL_init)
                  00002b24    00000074     libclang_rt.builtins.a : comparedf2.c.obj (.text.__gedf2)
                  00002b98    00000070     ti_msp_dl_config.o (.text.SYSCFG_DL_DCC_PWM_init)
                  00002c08    00000070     bujin.o (.text.pid_control_init)
                  00002c78    00000068     libclang_rt.builtins.a : comparedf2.c.obj (.text.__ledf2)
                  00002ce0    00000066     libc.a : _printfi.c.obj (.text._mcpy)
                  00002d46    00000002     --HOLE-- [fill = 0]
                  00002d48    00000064     driverlib.a : dl_sysctl_mspm0g1x0x_g3x0x.o (.text.DL_SYSCTL_setHFCLKSourceHFXTParams)
                  00002dac    00000064     oled.o (.text.OLED_ClearPoint)
                  00002e10    00000062     libclang_rt.builtins.a : aeabi_dcmp.S.obj (.text.__aeabi_dcmp)
                  00002e72    00000002     --HOLE-- [fill = 0]
                  00002e74    00000062                            : aeabi_fcmp.S.obj (.text.__aeabi_fcmp)
                  00002ed6    00000002     --HOLE-- [fill = 0]
                  00002ed8    00000060     oled.o (.text.OLED_Clear)
                  00002f38    00000060     ti_msp_dl_config.o (.text.SYSCFG_DL_OLED_init)
                  00002f98    0000005e     driverlib.a : dl_i2c.o (.text.DL_I2C_fillControllerTXFIFO)
                  00002ff6    00000002     --HOLE-- [fill = 0]
                  00002ff8    0000005c     libc.a : s_frexp.c.obj (.text.frexp)
                  00003054    00000058            : _ltoa.c.obj (.text.__TI_ltoa)
                  000030ac    00000058            : _printfi.c.obj (.text._pconv_f)
                  00003104    00000056     libclang_rt.builtins.a : aeabi_idivmod.S.obj (.text.__aeabi_idivmod)
                  0000315a    00000002     --HOLE-- [fill = 0]
                  0000315c    00000054     bujin.o (.text.pid_pos_reset_all)
                  000031b0    00000052     libc.a : _printfi.c.obj (.text._ecpy)
                  00003202    00000002     --HOLE-- [fill = 0]
                  00003204    00000050     ti_msp_dl_config.o (.text.DL_GPIO_initPeripheralInputFunctionFeatures)
                  00003254    00000050     oled.o (.text.DL_I2C_startControllerTransfer)
                  000032a4    0000004c     ti_msp_dl_config.o (.text.DL_GPIO_initDigitalInputFeatures)
                  000032f0    0000004c     ti_msp_dl_config.o (.text.DL_UART_setBaudRateDivisor)
                  0000333c    0000004a     libclang_rt.builtins.a : fixdfsi.S.obj (.text.__fixdfsi)
                  00003386    00000002     --HOLE-- [fill = 0]
                  00003388    00000048     driverlib.a : dl_uart.o (.text.DL_UART_init)
                  000033d0    00000048     oled.o (.text.OLED_DisplayTurn)
                  00003418    00000048     oled.o (.text.OLED_DrawPoint)
                  00003460    00000048     ti_msp_dl_config.o (.text.SYSCFG_DL_K230_init)
                  000034a8    00000048     ti_msp_dl_config.o (.text.SYSCFG_DL_PRINT_init)
                  000034f0    00000044     driverlib.a : dl_sysctl_mspm0g1x0x_g3x0x.o (.text.DL_SYSCTL_switchMCLKfromSYSOSCtoHSCLK)
                  00003534    00000040     ti_msp_dl_config.o (.text.SYSCFG_DL_DCC101_v1_2_init)
                  00003574    00000040     libclang_rt.builtins.a : aeabi_uidivmod.S.obj (.text.__aeabi_uidivmod)
                  000035b4    00000040                            : extendsfdf2.S.obj (.text.__extendsfdf2)
                  000035f4    00000040     libc.a : atoi.c.obj (.text.atoi)
                  00003634    0000003c     ti_msp_dl_config.o (.text.DL_Timer_setCounterControl)
                  00003670    0000003c     ti_msp_dl_config.o (.text.SYSCFG_DL_init)
                  000036ac    0000003c     libclang_rt.builtins.a : floatsisf.S.obj (.text.__floatsisf)
                  000036e8    0000003c                            : comparesf2.S.obj (.text.__gtsf2)
                  00003724    0000003c     libc.a : autoinit.c.obj (.text:__TI_auto_init_nobinit_nopinit)
                  00003760    0000003a     libclang_rt.builtins.a : comparesf2.S.obj (.text.__eqsf2)
                  0000379a    00000002     --HOLE-- [fill = 0]
                  0000379c    0000003a                            : muldsi3.S.obj (.text.__muldsi3)
                  000037d6    00000038     bihuan_pid.o (.text.PID_Pos_Init)
                  0000380e    00000002     --HOLE-- [fill = 0]
                  00003810    00000038     libclang_rt.builtins.a : fixsfsi.S.obj (.text.__fixsfsi)
                  00003848    00000038     libc.a : sprintf.c.obj (.text.sprintf)
                  00003880    00000034     oled.o (.text.OLED_ColorTurn)
                  000038b4    00000034     uart.o (.text.UART_send_buffer)
                  000038e8    00000034     key.o (.text.get_key_state)
                  0000391c    00000030     driverlib.a : dl_uart.o (.text.DL_UART_transmitDataBlocking)
                  0000394c    00000030     libc.a : _printfi.c.obj (.text._fcpy)
                  0000397c    0000002c     key.o (.text.__NVIC_EnableIRQ)
                  000039a8    0000002c     main.o (.text.__NVIC_EnableIRQ)
                  000039d4    0000002c     libclang_rt.builtins.a : floatsidf.S.obj (.text.__floatsidf)
                  00003a00    00000028     oled.o (.text.DL_Common_updateReg)
                  00003a28    00000028     ti_msp_dl_config.o (.text.DL_Common_updateReg)
                  00003a50    00000028     ti_msp_dl_config.o (.text.DL_I2C_setControllerRXFIFOThreshold)
                  00003a78    00000028     ti_msp_dl_config.o (.text.DL_I2C_setControllerTXFIFOThreshold)
                  00003aa0    00000028     libc.a : boot_cortex_m.c.obj (.text:_c_int00_noargs)
                  00003ac8    00000026     ti_msp_dl_config.o (.text.DL_I2C_setAnalogGlitchFilterPulseWidth)
                  00003aee    00000026     driverlib.a : dl_i2c.o (.text.DL_I2C_setClockConfig)
                  00003b14    00000024     ti_msp_dl_config.o (.text.DL_I2C_setDigitalGlitchFilterPulseWidth)
                  00003b38    00000024     libclang_rt.builtins.a : floatunsidf.S.obj (.text.__floatunsidf)
                  00003b5c    00000024                            : muldi3.S.obj (.text.__muldi3)
                  00003b80    00000024     bujin.o (.text.pid_get_params)
                  00003ba4    00000022     libc.a : memccpy.c.obj (.text.memccpy)
                  00003bc6    00000002     --HOLE-- [fill = 0]
                  00003bc8    00000020     ti_msp_dl_config.o (.text.DL_GPIO_initPeripheralInputFunction)
                  00003be8    00000020     ti_msp_dl_config.o (.text.DL_SYSCTL_setFlashWaitState)
                  00003c08    00000020     bujin.o (.text.pid_tune_kd)
                  00003c28    00000020     bujin.o (.text.pid_tune_ki)
                  00003c48    00000020     bujin.o (.text.pid_tune_kp)
                  00003c68    0000001e     ti_msp_dl_config.o (.text.DL_UART_setOversampling)
                  00003c86    00000002     --HOLE-- [fill = 0]
                  00003c88    0000001e     libclang_rt.builtins.a : ashldi3.S.obj (.text.__ashldi3)
                  00003ca6    00000002     --HOLE-- [fill = 0]
                  00003ca8    0000001c     ti_msp_dl_config.o (.text.DL_GPIO_enableHiZ)
                  00003cc4    0000001c     ti_msp_dl_config.o (.text.DL_GPIO_initPeripheralOutputFunction)
                  00003ce0    0000001c     driverlib.a : dl_sysctl_mspm0g1x0x_g3x0x.o (.text.DL_SYSCTL_configFCC)
                  00003cfc    0000001c     ti_msp_dl_config.o (.text.DL_SYSCTL_setFCCPeriods)
                  00003d18    0000001c     ti_msp_dl_config.o (.text.DL_SYSCTL_setSYSOSCFreq)
                  00003d34    0000001c     ti_msp_dl_config.o (.text.DL_SYSCTL_setULPCLKDivider)
                  00003d50    0000001c     ti_msp_dl_config.o (.text.DL_Timer_enableInterrupt)
                  00003d6c    0000001c     driverlib.a : dl_timer.o (.text.DL_Timer_setCaptCompUpdateMethod)
                  00003d88    0000001c                 : dl_timer.o (.text.DL_Timer_setClockConfig)
                  00003da4    0000001c     ti_msp_dl_config.o (.text.DL_UART_enableInterrupt)
                  00003dc0    0000001c     uart.o (.text.UART_send_char)
                  00003ddc    0000001c     delay.o (.text.delay_ms)
                  00003df8    00000018     ti_msp_dl_config.o (.text.DL_GPIO_enableOutput)
                  00003e10    00000018     ti_msp_dl_config.o (.text.DL_GPIO_enablePower)
                  00003e28    00000018     ti_msp_dl_config.o (.text.DL_GPIO_initDigitalOutput)
                  00003e40    00000018     ti_msp_dl_config.o (.text.DL_GPIO_initPeripheralAnalogFunction)
                  00003e58    00000018     ti_msp_dl_config.o (.text.DL_GPIO_reset)
                  00003e70    00000018     ti_msp_dl_config.o (.text.DL_I2C_enableAnalogGlitchFilter)
                  00003e88    00000018     ti_msp_dl_config.o (.text.DL_I2C_enableController)
                  00003ea0    00000018     ti_msp_dl_config.o (.text.DL_I2C_enableControllerClockStretching)
                  00003eb8    00000018     ti_msp_dl_config.o (.text.DL_I2C_enablePower)
                  00003ed0    00000018     ti_msp_dl_config.o (.text.DL_I2C_reset)
                  00003ee8    00000018     ti_msp_dl_config.o (.text.DL_I2C_setTimerPeriod)
                  00003f00    00000018     ti_msp_dl_config.o (.text.DL_SYSCTL_setBORThreshold)
                  00003f18    00000018     ti_msp_dl_config.o (.text.DL_Timer_enablePower)
                  00003f30    00000018     ti_msp_dl_config.o (.text.DL_Timer_reset)
                  00003f48    00000018     driverlib.a : dl_timer.o (.text.DL_Timer_setCaptureCompareOutCtl)
                  00003f60    00000018     key.o (.text.DL_Timer_setLoadValue)
                  00003f78    00000018     key.o (.text.DL_Timer_startCounter)
                  00003f90    00000018     ti_msp_dl_config.o (.text.DL_UART_enablePower)
                  00003fa8    00000018     ti_msp_dl_config.o (.text.DL_UART_reset)
                  00003fc0    00000018     libc.a : sprintf.c.obj (.text._outs)
                  00003fd8    00000016     key.o (.text.DL_GPIO_readPins)
                  00003fee    00000016     ti_msp_dl_config.o (.text.DL_UART_enable)
                  00004004    00000014     key.o (.text.DL_GPIO_clearPins)
                  00004018    00000014     ti_msp_dl_config.o (.text.DL_GPIO_clearPins)
                  0000402c    00000014     oled.o (.text.DL_I2C_getControllerStatus)
                  00004040    00000014     ti_msp_dl_config.o (.text.DL_I2C_resetControllerTransfer)
                  00004054    00000014     ti_msp_dl_config.o (.text.DL_SYSCTL_disableSYSPLL)
                  00004068    00000014     ti_msp_dl_config.o (.text.DL_SYSCTL_enableSYSPLL)
                  0000407c    00000014     ti_msp_dl_config.o (.text.DL_Timer_enableClock)
                  00004090    00000014     ti_msp_dl_config.o (.text.DL_Timer_setCCPDirection)
                  000040a4    00000014     uart.o (.text.DL_UART_receiveData)
                  000040b8    00000014     libclang_rt.builtins.a : aeabi_uldivmod.S.obj (.text.__aeabi_uldivmod)
                  000040cc    00000014     libc.a : _printfi.c.obj (.text.strchr)
                  000040e0    00000012     bujin.o (.text.DL_Timer_getPendingInterrupt)
                  000040f2    00000012     uart.o (.text.DL_UART_getPendingInterrupt)
                  00004104    00000012     driverlib.a : dl_uart.o (.text.DL_UART_setClockConfig)
                  00004116    00000012     libc.a : memcpy16.S.obj (.text:TI_memcpy_small)
                  00004128    00000012            : copy_decompress_none.c.obj (.text:decompress:none)
                  0000413a    00000002     --HOLE-- [fill = 0]
                  0000413c    00000010     ti_msp_dl_config.o (.text.DL_SYSCTL_disableHFXT)
                  0000414c    00000010     ti_msp_dl_config.o (.text.DL_SYSCTL_isFCCDone)
                  0000415c    00000010     ti_msp_dl_config.o (.text.DL_SYSCTL_startFCC)
                  0000416c    00000010     driverlib.a : dl_timer.o (.text.DL_Timer_setCaptureCompareValue)
                  0000417c    00000010     libc.a : wcslen.c.obj (.text.wcslen)
                  0000418c    00000010            : copy_zero_init.c.obj (.text:decompress:ZI)
                  0000419c    0000000e     libclang_rt.builtins.a : aeabi_memset.S.obj (.text.__aeabi_memset)
                  000041aa    0000000e     libc.a : _printfi.c.obj (.text.strlen)
                  000041b8    0000000e            : memset16.S.obj (.text:TI_memset_small)
                  000041c6    00000002     --HOLE-- [fill = 0]
                  000041c8    0000000c     ti_msp_dl_config.o (.text.DL_SYSCTL_getClockStatus)
                  000041d4    0000000c     ti_msp_dl_config.o (.text.DL_SYSCTL_readFCC)
                  000041e0    0000000c     libclang_rt.builtins.a : aeabi_memset.S.obj (.text.__aeabi_memclr)
                  000041ec    0000000a     driverlib.a : dl_common.o (.text.DL_Common_delayCycles)
                  000041f6    0000000a     libc.a : _printfi.c.obj (.text.OUTLINED_FUNCTION_0)
                  00004200    00000010     libclang_rt.builtins.a : adddf3.S.obj (.tramp.__aeabi_dsub.1)
                  00004210    0000000a     libc.a : _printfi.c.obj (.text.OUTLINED_FUNCTION_1)
                  0000421a    0000000a            : sprintf.c.obj (.text._outc)
                  00004224    00000008            : aeabi_portable.c.obj (.text.__aeabi_errno_addr)
                  0000422c    00000008     libclang_rt.builtins.a : aeabi_memcpy.S.obj (.text.__aeabi_memcpy)
                  00004234    00000008     bujin.o (.text.pid_reset_state)
                  0000423c    00000006     libc.a : exit.c.obj (.text:abort)
                  00004242    00000004     startup_mspm0g350x_ticlang.o (.text.Default_Handler)
                  00004246    00000004     libsysbm.a : hostexit.c.obj (.text.HOSTexit)
                  0000424a    00000004     startup_mspm0g350x_ticlang.o (.text.Reset_Handler)
                  0000424e    00000004     libc.a : pre_init.c.obj (.text._system_pre_init)
                  00004252    00000006     --HOLE-- [fill = 0]

.cinit     0    00005c30    00000030     
                  00005c30    0000000c     (__TI_handler_table)
                  00005c3c    00000008     (.cinit..bss.load) [load image, compression = zero_init]
                  00005c44    00000008     (.cinit..data.load) [load image, compression = lzss]
                  00005c4c    00000010     (__TI_cinit_table)
                  00005c5c    00000004     --HOLE-- [fill = 0]

.rodata    0    00004260    000019d0     
                  00004260    00000d5c     oled.o (.rodata.asc2_2412)
                  00004fbc    000005f0     oled.o (.rodata.asc2_1608)
                  000055ac    00000474     oled.o (.rodata.asc2_1206)
                  00005a20    00000101     libc.a : aeabi_ctype.S.obj (.rodata:__aeabi_ctype_table_)
                  00005b21    00000003     ti_msp_dl_config.o (.rodata.gDCC_PWMClockConfig)
                  00005b24    00000028     ti_msp_dl_config.o (.rodata.gSYSPLLConfig)
                  00005b4c    00000012     main.o (.rodata.str1.18227636981041470289.1)
                  00005b5e    00000011     libc.a : _printfi.c.obj (.rodata.str1.10348868589481759720.1)
                  00005b6f    00000011            : _printfi.c.obj (.rodata.str1.15363888844622738466.1)
                  00005b80    00000011     main.o (.rodata.str1.17100691992556644108.1)
                  00005b91    0000000e     main.o (.rodata.str1.16265332423659789559.1)
                  00005b9f    0000000c     main.o (.rodata.str1.8154729771448623357.1)
                  00005bab    0000000b     main.o (.rodata.str1.12180500075719773345.1)
                  00005bb6    0000000b     main.o (.rodata.str1.14112174005742061988.1)
                  00005bc1    0000000b     main.o (.rodata.str1.15159059442110792349.1)
                  00005bcc    0000000b     main.o (.rodata.str1.2846389346932560359.1)
                  00005bd7    0000000b     main.o (.rodata.str1.288608917962107522.1)
                  00005be2    0000000b     main.o (.rodata.str1.7702501944640899365.1)
                  00005bed    00000001     --HOLE-- [fill = 0]
                  00005bee    0000000a     ti_msp_dl_config.o (.rodata.gDCC101_v1_2Config)
                  00005bf8    0000000a     ti_msp_dl_config.o (.rodata.gK230Config)
                  00005c02    0000000a     ti_msp_dl_config.o (.rodata.gPRINTConfig)
                  00005c0c    00000008     ti_msp_dl_config.o (.rodata.gDCC_PWMConfig)
                  00005c14    00000005     main.o (.rodata.str1.15996357275703397564.1)
                  00005c19    00000002     ti_msp_dl_config.o (.rodata.gDCC101_v1_2ClockConfig)
                  00005c1b    00000002     ti_msp_dl_config.o (.rodata.gK230ClockConfig)
                  00005c1d    00000002     ti_msp_dl_config.o (.rodata.gOLEDClockConfig)
                  00005c1f    00000002     ti_msp_dl_config.o (.rodata.gPRINTClockConfig)
                  00005c21    0000000f     --HOLE-- [fill = 0]

.init_array 
*          0    00000000    00000000     UNINITIALIZED

.binit     0    00000000    00000000     

.bss       0    20200000    000005d6     UNINITIALIZED
                  20200000    00000480     (.common:OLED_GRAM)
                  20200480    000000bc     (.common:gDCC_PWMBackup)
                  2020053c    00000030     (.common:gK230Backup)
                  2020056c    00000020     main.o (.bss.dbuf)
                  2020058c    0000001c     bujin.o (.bss.s_pos_pid)
                  202005a8    0000001c     bujin.o (.bss.s_vel_pid)
                  202005c4    00000005     uart.o (.bss.rx_buf)
                  202005c9    00000001     bujin.o (.bss.s_has_prev_error)
                  202005ca    00000002     (.common:pulse_x)
                  202005cc    00000004     bujin.o (.bss.s_ball_velocity)
                  202005d0    00000004     bujin.o (.bss.s_prev_error)
                  202005d4    00000001     (.common:bujin_x)
                  202005d5    00000001     (.common:dir_x)

.data      0    202005d8    00000054     UNINITIALIZED
                  202005d8    00000032     main.o (.data.DCC_v1_2)
                  2020060a    00000002     main.o (.data.motor_target)
                  2020060c    00000004     libc.a : aeabi_portable.c.obj (.data.__aeabi_errno)
                  20200610    00000004     main.o (.data.motor_angle)
                  20200614    00000004     main.o (.data.motor_pulse)
                  20200618    00000001     bujin.o (.data.TIMA0_IRQHandler.btn2_cnt)
                  20200619    00000001     bujin.o (.data.TIMA0_IRQHandler.btn2_stable)
                  2020061a    00000001     bujin.o (.data.TIMA0_IRQHandler.btn3_cnt)
                  2020061b    00000001     bujin.o (.data.TIMA0_IRQHandler.btn3_stable)
                  2020061c    00000001     bujin.o (.data.TIMA0_IRQHandler.btn4_cnt)
                  2020061d    00000001     bujin.o (.data.TIMA0_IRQHandler.btn4_stable)
                  2020061e    00000001     bujin.o (.data.TIMA0_IRQHandler.btn_cnt)
                  2020061f    00000001     bujin.o (.data.TIMA0_IRQHandler.btn_stable)
                  20200620    00000001     bujin.o (.data.btn1_active)
                  20200621    00000001     bujin.o (.data.btn2_active)
                  20200622    00000001     bujin.o (.data.btn3_active)
                  20200623    00000001     bujin.o (.data.btn4_active)
                  20200624    00000001     bujin.o (.data.dcc_was_active)
                  20200625    00000001     main.o (.data.main.b1)
                  20200626    00000001     main.o (.data.main.b2)
                  20200627    00000001     main.o (.data.main.b3)
                  20200628    00000001     main.o (.data.main.b4)
                  20200629    00000001     bujin.o (.data.pid_tick_cnt)
                  2020062a    00000001     bujin.o (.data.pid_timer_tick)
                  2020062b    00000001     uart.o (.data.rx_idx)

.stack     0    20207e00    00000200     UNINITIALIZED
                  20207e00    00000004     libc.a : boot_cortex_m.c.obj (.stack)
                  20207e04    000001fc     --HOLE--

__llvm_prf_cnts 
*          0    20200000    00000000     UNINITIALIZED

__llvm_prf_bits 
*          0    20200000    00000000     UNINITIALIZED

MODULE SUMMARY

       Module                         code    ro data   rw data
       ------                         ----    -------   -------
    .\
       oled.o                         1516    6080      1152   
       ti_msp_dl_config.o             2582    89        236    
       bujin.o                        1550    0         80     
       main.o                         920     132       100    
       key.o                          354     0         0      
       uart.o                         290     0         6      
       bihuan_pid.o                   272     0         0      
       startup_mspm0g350x_ticlang.o   8       192       0      
       delay.o                        28      0         0      
    +--+------------------------------+-------+---------+---------+
       Total:                         7520    6493      1574   
                                                               
    C:/ti/mspm0_sdk_2_10_00_04/source/ti/driverlib/lib/ticlang/m0p/mspm0g1x0x_g3x0x/driverlib.a
       dl_sysctl_mspm0g1x0x_g3x0x.o   416     0         0      
       dl_timer.o                     356     0         0      
       dl_uart.o                      138     0         0      
       dl_i2c.o                       132     0         0      
       dl_common.o                    10      0         0      
    +--+------------------------------+-------+---------+---------+
       Total:                         1052    0         0      
                                                               
    C:\ti\ccs2050\ccs\tools\compiler\ti-cgt-armllvm_4.0.4.LTS\lib\armv6m-ti-none-eabi/c/libc.a
       _printfi.c.obj                 4510    34        0      
       aeabi_ctype.S.obj              0       257       0      
       s_scalbn.c.obj                 216     0         0      
       copy_decompress_lzss.c.obj     124     0         0      
       s_frexp.c.obj                  92      0         0      
       sprintf.c.obj                  90      0         0      
       _ltoa.c.obj                    88      0         0      
       atoi.c.obj                     64      0         0      
       autoinit.c.obj                 60      0         0      
       boot_cortex_m.c.obj            40      0         0      
       memccpy.c.obj                  34      0         0      
       copy_decompress_none.c.obj     18      0         0      
       memcpy16.S.obj                 18      0         0      
       copy_zero_init.c.obj           16      0         0      
       wcslen.c.obj                   16      0         0      
       memset16.S.obj                 14      0         0      
       aeabi_portable.c.obj           8       0         4      
       exit.c.obj                     6       0         0      
       pre_init.c.obj                 4       0         0      
    +--+------------------------------+-------+---------+---------+
       Total:                         5418    291       4      
                                                               
    C:\ti\ccs2050\ccs\tools\compiler\ti-cgt-armllvm_4.0.4.LTS\lib\armv6m-ti-none-eabi/c/libsysbm.a
       hostexit.c.obj                 4       0         0      
    +--+------------------------------+-------+---------+---------+
       Total:                         4       0         0      
                                                               
    C:\ti\ccs2050\ccs\tools\compiler\ti-cgt-armllvm_4.0.4.LTS\lib\armv6m-ti-none-eabi/libclang_rt.builtins.a
       adddf3.S.obj                   418     0         0      
       divdf3.S.obj                   268     0         0      
       muldf3.S.obj                   228     0         0      
       comparedf2.c.obj               220     0         0      
       addsf3.S.obj                   216     0         0      
       udivmoddi4.S.obj               162     0         0      
       mulsf3.S.obj                   140     0         0      
       divsf3.S.obj                   130     0         0      
       comparesf2.S.obj               118     0         0      
       aeabi_dcmp.S.obj               98      0         0      
       aeabi_fcmp.S.obj               98      0         0      
       aeabi_idivmod.S.obj            86      0         0      
       fixdfsi.S.obj                  74      0         0      
       aeabi_uidivmod.S.obj           64      0         0      
       extendsfdf2.S.obj              64      0         0      
       floatsisf.S.obj                60      0         0      
       muldsi3.S.obj                  58      0         0      
       fixsfsi.S.obj                  56      0         0      
       floatsidf.S.obj                44      0         0      
       floatunsidf.S.obj              36      0         0      
       muldi3.S.obj                   36      0         0      
       ashldi3.S.obj                  30      0         0      
       aeabi_memset.S.obj             26      0         0      
       aeabi_uldivmod.S.obj           20      0         0      
       aeabi_memcpy.S.obj             8       0         0      
       aeabi_div0.c.obj               4       0         0      
    +--+------------------------------+-------+---------+---------+
       Total:                         2762    0         0      
                                                               
       Stack:                         0       0         512    
       Linker Generated:              0       44        0      
    +--+------------------------------+-------+---------+---------+
       Grand Total:                   16756   6828      2090   


LINKER GENERATED COPY TABLES

__TI_cinit_table @ 00005c4c records: 2, size/record: 8, table size: 16
	.bss: load addr=00005c3c, load size=00000008 bytes, run addr=20200000, run size=000005d6 bytes, compression=zero_init
	.data: load addr=00005c44, load size=00000008 bytes, run addr=202005d8, run size=00000054 bytes, compression=lzss


LINKER GENERATED HANDLER TABLE

__TI_handler_table @ 00005c30 records: 3, size/record: 4, table size: 12
	index: 0, handler: __TI_decompress_lzss
	index: 1, handler: __TI_decompress_none
	index: 2, handler: __TI_zero_init


FAR CALL TRAMPOLINES

callee name               trampoline name
   callee addr  tramp addr   call addr  call info
--------------  -----------  ---------  ----------------
__aeabi_dsub              $Tramp$TT$L$PI$$__aeabi_dsub
   000013a5     00004200     000041fe   libc.a : _printfi.c.obj (.text.OUTLINED_FUNCTION_0)

[1 trampolines]
[1 trampoline calls]


GLOBAL SYMBOLS: SORTED ALPHABETICALLY BY Name 

address   name                                 
-------   ----                                 
00004243  ADC0_IRQHandler                      
00004243  ADC1_IRQHandler                      
00004243  AES_IRQHandler                       
00004246  C$$EXIT                              
00004243  CANFD0_IRQHandler                    
00004243  DAC0_IRQHandler                      
202005d8  DCC_v1_2                             
000041ed  DL_Common_delayCycles                
00002f99  DL_I2C_fillControllerTXFIFO          
00003aef  DL_I2C_setClockConfig                
00003ce1  DL_SYSCTL_configFCC                  
00002119  DL_SYSCTL_configSYSPLL               
00002d49  DL_SYSCTL_setHFCLKSourceHFXTParams   
000034f1  DL_SYSCTL_switchMCLKfromSYSOSCtoHSCLK
00001b59  DL_Timer_initFourCCPWMMode           
00003d6d  DL_Timer_setCaptCompUpdateMethod     
00003f49  DL_Timer_setCaptureCompareOutCtl     
0000416d  DL_Timer_setCaptureCompareValue      
00003d89  DL_Timer_setClockConfig              
00003389  DL_UART_init                         
00004105  DL_UART_setClockConfig               
0000391d  DL_UART_transmitDataBlocking         
00004243  DMA_IRQHandler                       
00004243  Default_Handler                      
00004243  GROUP0_IRQHandler                    
00004243  GROUP1_IRQHandler                    
00004247  HOSTexit                             
00004243  HardFault_Handler                    
00004243  I2C0_IRQHandler                      
00004243  I2C1_IRQHandler                      
00004243  NMI_Handler                          
00002ed9  OLED_Clear                           
00002dad  OLED_ClearPoint                      
00003881  OLED_ColorTurn                       
000033d1  OLED_DisplayTurn                     
00003419  OLED_DrawPoint                       
20200000  OLED_GRAM                            
00001d61  OLED_Init                            
00002945  OLED_Refresh                         
00001699  OLED_ShowChar                        
00002711  OLED_ShowString                      
00002a3d  OLED_WR_Byte                         
000021f5  PID_Pos_Calc                         
000037d7  PID_Pos_Init                         
00004243  PendSV_Handler                       
00004243  RTC_IRQHandler                       
0000424b  Reset_Handler                        
00004243  SPI0_IRQHandler                      
00004243  SPI1_IRQHandler                      
00004243  SVC_Handler                          
00003535  SYSCFG_DL_DCC101_v1_2_init           
00002b99  SYSCFG_DL_DCC_PWM_init               
00001e59  SYSCFG_DL_GPIO_init                  
00003461  SYSCFG_DL_K230_init                  
00002f39  SYSCFG_DL_OLED_init                  
000034a9  SYSCFG_DL_PRINT_init                 
00001f4d  SYSCFG_DL_SYSCTL_SYSPLL_init         
00002ab1  SYSCFG_DL_SYSCTL_init                
00003671  SYSCFG_DL_init                       
000027a9  SYSCFG_DL_initPower                  
00004243  SysTick_Handler                      
000011f9  TIMA0_IRQHandler                     
00004243  TIMA1_IRQHandler                     
00004243  TIMG0_IRQHandler                     
00004243  TIMG12_IRQHandler                    
00004243  TIMG6_IRQHandler                     
00004243  TIMG7_IRQHandler                     
00004243  TIMG8_IRQHandler                     
00004117  TI_memcpy_small                      
000041b9  TI_memset_small                      
00004243  UART0_IRQHandler                     
00004243  UART1_IRQHandler                     
00004243  UART2_IRQHandler                     
0000247d  UART3_IRQHandler                     
000038b5  UART_send_buffer                     
00003dc1  UART_send_char                       
20208000  __STACK_END                          
00000200  __STACK_SIZE                         
00000000  __TI_ATRegion0_region_sz             
00000000  __TI_ATRegion0_src_addr              
00000000  __TI_ATRegion0_trg_addr              
00000000  __TI_ATRegion1_region_sz             
00000000  __TI_ATRegion1_src_addr              
00000000  __TI_ATRegion1_trg_addr              
00000000  __TI_ATRegion2_region_sz             
00000000  __TI_ATRegion2_src_addr              
00000000  __TI_ATRegion2_trg_addr              
00005c4c  __TI_CINIT_Base                      
00005c5c  __TI_CINIT_Limit                     
00005c5c  __TI_CINIT_Warm                      
00005c30  __TI_Handler_Table_Base              
00005c3c  __TI_Handler_Table_Limit             
00003725  __TI_auto_init_nobinit_nopinit       
000029c1  __TI_decompress_lzss                 
00004129  __TI_decompress_none                 
00003055  __TI_ltoa                            
ffffffff  __TI_pprof_out_hndl                  
000000c1  __TI_printfi                         
ffffffff  __TI_prof_data_size                  
ffffffff  __TI_prof_data_start                 
00000000  __TI_static_base__                   
0000418d  __TI_zero_init                       
000013af  __adddf3                             
000023af  __addsf3                             
00005a20  __aeabi_ctype_table_                 
00005a20  __aeabi_ctype_table_C                
0000333d  __aeabi_d2iz                         
000013af  __aeabi_dadd                         
00002e11  __aeabi_dcmpeq                       
00002e4d  __aeabi_dcmpge                       
00002e61  __aeabi_dcmpgt                       
00002e39  __aeabi_dcmple                       
00002e25  __aeabi_dcmplt                       
00001a4d  __aeabi_ddiv                         
00002035  __aeabi_dmul                         
000013a5  __aeabi_dsub                         
2020060c  __aeabi_errno                        
00004225  __aeabi_errno_addr                   
000035b5  __aeabi_f2d                          
00003811  __aeabi_f2iz                         
000023af  __aeabi_fadd                         
00002e75  __aeabi_fcmpeq                       
00002eb1  __aeabi_fcmpge                       
00002ec5  __aeabi_fcmpgt                       
00002e9d  __aeabi_fcmple                       
00002e89  __aeabi_fcmplt                       
000028c1  __aeabi_fdiv                         
00002835  __aeabi_fmul                         
000023a5  __aeabi_fsub                         
000039d5  __aeabi_i2d                          
000036ad  __aeabi_i2f                          
00003105  __aeabi_idiv                         
00001537  __aeabi_idiv0                        
00003105  __aeabi_idivmod                      
00002673  __aeabi_ldiv0                        
00003c89  __aeabi_llsl                         
00003b5d  __aeabi_lmul                         
000041e1  __aeabi_memclr                       
000041e1  __aeabi_memclr4                      
000041e1  __aeabi_memclr8                      
0000422d  __aeabi_memcpy                       
0000422d  __aeabi_memcpy4                      
0000422d  __aeabi_memcpy8                      
0000419d  __aeabi_memset                       
0000419d  __aeabi_memset4                      
0000419d  __aeabi_memset8                      
00003b39  __aeabi_ui2d                         
00003575  __aeabi_uidiv                        
00003575  __aeabi_uidivmod                     
000040b9  __aeabi_uldivmod                     
00003c89  __ashldi3                            
ffffffff  __binit__                            
00002c79  __cmpdf2                             
00003761  __cmpsf2                             
00001a4d  __divdf3                             
000028c1  __divsf3                             
00002c79  __eqdf2                              
00003761  __eqsf2                              
000035b5  __extendsfdf2                        
0000333d  __fixdfsi                            
00003811  __fixsfsi                            
000039d5  __floatsidf                          
000036ad  __floatsisf                          
00003b39  __floatunsidf                        
00002b25  __gedf2                              
000036e9  __gesf2                              
00002b25  __gtdf2                              
000036e9  __gtsf2                              
00002c79  __ledf2                              
00003761  __lesf2                              
00002c79  __ltdf2                              
00003761  __ltsf2                              
UNDEFED   __mpu_init                           
00002035  __muldf3                             
00003b5d  __muldi3                             
0000379d  __muldsi3                            
00002835  __mulsf3                             
00002c79  __nedf2                              
00003761  __nesf2                              
20207e00  __stack                              
20200000  __start___llvm_prf_bits              
20200000  __start___llvm_prf_cnts              
20200000  __stop___llvm_prf_bits               
20200000  __stop___llvm_prf_cnts               
000013a5  __subdf3                             
000023a5  __subsf3                             
000025d1  __udivmoddi4                         
00003aa1  _c_int00_noargs                      
UNDEFED   _system_post_cinit                   
0000424f  _system_pre_init                     
0000423d  abort                                
000055ac  asc2_1206                            
00004fbc  asc2_1608                            
00004260  asc2_2412                            
000035f5  atoi                                 
ffffffff  binit                                
20200620  btn1_active                          
20200621  btn2_active                          
20200622  btn3_active                          
20200623  btn4_active                          
202005d4  bujin_x                              
00003ddd  delay_ms                             
00001c5d  dianji1_pulse_fast                   
00002675  dianji_set_origin                    
202005d5  dir_x                                
00002ff9  frexp                                
00002ff9  frexpl                               
20200480  gDCC_PWMBackup                       
2020053c  gK230Backup                          
000038e9  get_key_state                        
00000000  interruptVectors                     
00002529  key6_init                            
000022cd  ldexp                                
000022cd  ldexpl                               
00000a91  main                                 
00003ba5  memccpy                              
20200610  motor_angle                          
20200614  motor_pulse                          
2020060a  motor_target                         
00001539  pid_compute                          
00002c09  pid_control_init                     
00003b81  pid_get_params                       
00004235  pid_reset_state                      
2020062a  pid_timer_tick                       
00003c09  pid_tune_kd                          
00003c29  pid_tune_ki                          
00003c49  pid_tune_kp                          
202005ca  pulse_x                              
000022cd  scalbn                               
000022cd  scalbnl                              
00003849  sprintf                              
0000417d  wcslen                               


GLOBAL SYMBOLS: SORTED BY Symbol Address 

address   name                                 
-------   ----                                 
00000000  __TI_ATRegion0_region_sz             
00000000  __TI_ATRegion0_src_addr              
00000000  __TI_ATRegion0_trg_addr              
00000000  __TI_ATRegion1_region_sz             
00000000  __TI_ATRegion1_src_addr              
00000000  __TI_ATRegion1_trg_addr              
00000000  __TI_ATRegion2_region_sz             
00000000  __TI_ATRegion2_src_addr              
00000000  __TI_ATRegion2_trg_addr              
00000000  __TI_static_base__                   
00000000  interruptVectors                     
000000c1  __TI_printfi                         
00000200  __STACK_SIZE                         
00000a91  main                                 
000011f9  TIMA0_IRQHandler                     
000013a5  __aeabi_dsub                         
000013a5  __subdf3                             
000013af  __adddf3                             
000013af  __aeabi_dadd                         
00001537  __aeabi_idiv0                        
00001539  pid_compute                          
00001699  OLED_ShowChar                        
00001a4d  __aeabi_ddiv                         
00001a4d  __divdf3                             
00001b59  DL_Timer_initFourCCPWMMode           
00001c5d  dianji1_pulse_fast                   
00001d61  OLED_Init                            
00001e59  SYSCFG_DL_GPIO_init                  
00001f4d  SYSCFG_DL_SYSCTL_SYSPLL_init         
00002035  __aeabi_dmul                         
00002035  __muldf3                             
00002119  DL_SYSCTL_configSYSPLL               
000021f5  PID_Pos_Calc                         
000022cd  ldexp                                
000022cd  ldexpl                               
000022cd  scalbn                               
000022cd  scalbnl                              
000023a5  __aeabi_fsub                         
000023a5  __subsf3                             
000023af  __addsf3                             
000023af  __aeabi_fadd                         
0000247d  UART3_IRQHandler                     
00002529  key6_init                            
000025d1  __udivmoddi4                         
00002673  __aeabi_ldiv0                        
00002675  dianji_set_origin                    
00002711  OLED_ShowString                      
000027a9  SYSCFG_DL_initPower                  
00002835  __aeabi_fmul                         
00002835  __mulsf3                             
000028c1  __aeabi_fdiv                         
000028c1  __divsf3                             
00002945  OLED_Refresh                         
000029c1  __TI_decompress_lzss                 
00002a3d  OLED_WR_Byte                         
00002ab1  SYSCFG_DL_SYSCTL_init                
00002b25  __gedf2                              
00002b25  __gtdf2                              
00002b99  SYSCFG_DL_DCC_PWM_init               
00002c09  pid_control_init                     
00002c79  __cmpdf2                             
00002c79  __eqdf2                              
00002c79  __ledf2                              
00002c79  __ltdf2                              
00002c79  __nedf2                              
00002d49  DL_SYSCTL_setHFCLKSourceHFXTParams   
00002dad  OLED_ClearPoint                      
00002e11  __aeabi_dcmpeq                       
00002e25  __aeabi_dcmplt                       
00002e39  __aeabi_dcmple                       
00002e4d  __aeabi_dcmpge                       
00002e61  __aeabi_dcmpgt                       
00002e75  __aeabi_fcmpeq                       
00002e89  __aeabi_fcmplt                       
00002e9d  __aeabi_fcmple                       
00002eb1  __aeabi_fcmpge                       
00002ec5  __aeabi_fcmpgt                       
00002ed9  OLED_Clear                           
00002f39  SYSCFG_DL_OLED_init                  
00002f99  DL_I2C_fillControllerTXFIFO          
00002ff9  frexp                                
00002ff9  frexpl                               
00003055  __TI_ltoa                            
00003105  __aeabi_idiv                         
00003105  __aeabi_idivmod                      
0000333d  __aeabi_d2iz                         
0000333d  __fixdfsi                            
00003389  DL_UART_init                         
000033d1  OLED_DisplayTurn                     
00003419  OLED_DrawPoint                       
00003461  SYSCFG_DL_K230_init                  
000034a9  SYSCFG_DL_PRINT_init                 
000034f1  DL_SYSCTL_switchMCLKfromSYSOSCtoHSCLK
00003535  SYSCFG_DL_DCC101_v1_2_init           
00003575  __aeabi_uidiv                        
00003575  __aeabi_uidivmod                     
000035b5  __aeabi_f2d                          
000035b5  __extendsfdf2                        
000035f5  atoi                                 
00003671  SYSCFG_DL_init                       
000036ad  __aeabi_i2f                          
000036ad  __floatsisf                          
000036e9  __gesf2                              
000036e9  __gtsf2                              
00003725  __TI_auto_init_nobinit_nopinit       
00003761  __cmpsf2                             
00003761  __eqsf2                              
00003761  __lesf2                              
00003761  __ltsf2                              
00003761  __nesf2                              
0000379d  __muldsi3                            
000037d7  PID_Pos_Init                         
00003811  __aeabi_f2iz                         
00003811  __fixsfsi                            
00003849  sprintf                              
00003881  OLED_ColorTurn                       
000038b5  UART_send_buffer                     
000038e9  get_key_state                        
0000391d  DL_UART_transmitDataBlocking         
000039d5  __aeabi_i2d                          
000039d5  __floatsidf                          
00003aa1  _c_int00_noargs                      
00003aef  DL_I2C_setClockConfig                
00003b39  __aeabi_ui2d                         
00003b39  __floatunsidf                        
00003b5d  __aeabi_lmul                         
00003b5d  __muldi3                             
00003b81  pid_get_params                       
00003ba5  memccpy                              
00003c09  pid_tune_kd                          
00003c29  pid_tune_ki                          
00003c49  pid_tune_kp                          
00003c89  __aeabi_llsl                         
00003c89  __ashldi3                            
00003ce1  DL_SYSCTL_configFCC                  
00003d6d  DL_Timer_setCaptCompUpdateMethod     
00003d89  DL_Timer_setClockConfig              
00003dc1  UART_send_char                       
00003ddd  delay_ms                             
00003f49  DL_Timer_setCaptureCompareOutCtl     
000040b9  __aeabi_uldivmod                     
00004105  DL_UART_setClockConfig               
00004117  TI_memcpy_small                      
00004129  __TI_decompress_none                 
0000416d  DL_Timer_setCaptureCompareValue      
0000417d  wcslen                               
0000418d  __TI_zero_init                       
0000419d  __aeabi_memset                       
0000419d  __aeabi_memset4                      
0000419d  __aeabi_memset8                      
000041b9  TI_memset_small                      
000041e1  __aeabi_memclr                       
000041e1  __aeabi_memclr4                      
000041e1  __aeabi_memclr8                      
000041ed  DL_Common_delayCycles                
00004225  __aeabi_errno_addr                   
0000422d  __aeabi_memcpy                       
0000422d  __aeabi_memcpy4                      
0000422d  __aeabi_memcpy8                      
00004235  pid_reset_state                      
0000423d  abort                                
00004243  ADC0_IRQHandler                      
00004243  ADC1_IRQHandler                      
00004243  AES_IRQHandler                       
00004243  CANFD0_IRQHandler                    
00004243  DAC0_IRQHandler                      
00004243  DMA_IRQHandler                       
00004243  Default_Handler                      
00004243  GROUP0_IRQHandler                    
00004243  GROUP1_IRQHandler                    
00004243  HardFault_Handler                    
00004243  I2C0_IRQHandler                      
00004243  I2C1_IRQHandler                      
00004243  NMI_Handler                          
00004243  PendSV_Handler                       
00004243  RTC_IRQHandler                       
00004243  SPI0_IRQHandler                      
00004243  SPI1_IRQHandler                      
00004243  SVC_Handler                          
00004243  SysTick_Handler                      
00004243  TIMA1_IRQHandler                     
00004243  TIMG0_IRQHandler                     
00004243  TIMG12_IRQHandler                    
00004243  TIMG6_IRQHandler                     
00004243  TIMG7_IRQHandler                     
00004243  TIMG8_IRQHandler                     
00004243  UART0_IRQHandler                     
00004243  UART1_IRQHandler                     
00004243  UART2_IRQHandler                     
00004246  C$$EXIT                              
00004247  HOSTexit                             
0000424b  Reset_Handler                        
0000424f  _system_pre_init                     
00004260  asc2_2412                            
00004fbc  asc2_1608                            
000055ac  asc2_1206                            
00005a20  __aeabi_ctype_table_                 
00005a20  __aeabi_ctype_table_C                
00005c30  __TI_Handler_Table_Base              
00005c3c  __TI_Handler_Table_Limit             
00005c4c  __TI_CINIT_Base                      
00005c5c  __TI_CINIT_Limit                     
00005c5c  __TI_CINIT_Warm                      
20200000  OLED_GRAM                            
20200000  __start___llvm_prf_bits              
20200000  __start___llvm_prf_cnts              
20200000  __stop___llvm_prf_bits               
20200000  __stop___llvm_prf_cnts               
20200480  gDCC_PWMBackup                       
2020053c  gK230Backup                          
202005ca  pulse_x                              
202005d4  bujin_x                              
202005d5  dir_x                                
202005d8  DCC_v1_2                             
2020060a  motor_target                         
2020060c  __aeabi_errno                        
20200610  motor_angle                          
20200614  motor_pulse                          
20200620  btn1_active                          
20200621  btn2_active                          
20200622  btn3_active                          
20200623  btn4_active                          
2020062a  pid_timer_tick                       
20207e00  __stack                              
20208000  __STACK_END                          
ffffffff  __TI_pprof_out_hndl                  
ffffffff  __TI_prof_data_size                  
ffffffff  __TI_prof_data_start                 
ffffffff  __binit__                            
ffffffff  binit                                
UNDEFED   __mpu_init                           
UNDEFED   _system_post_cinit                   

[232 symbols]
