******************************************************************************
            TI ARM Clang Linker PC v4.0.4                      
******************************************************************************
>> Linked Mon Jul 20 19:56:20 2026

OUTPUT FILE NAME:   <DCC_101_v1.out>
ENTRY POINT SYMBOL: "_c_int00_noargs"  address: 00001d41


MEMORY CONFIGURATION

         name            origin    length      used     unused   attr    fill
----------------------  --------  ---------  --------  --------  ----  --------
  FLASH                 00000000   00020000  00002420  0001dbe0  R  X
  SRAM                  20200000   00008000  0000083d  000077c3  RW X
  BCR_CONFIG            41c00000   000000ff  00000000  000000ff  R   
  BSL_CONFIG            41c00100   00000080  00000000  00000080  R   


SEGMENT ALLOCATION MAP

run origin  load origin   length   init length attrs members
----------  ----------- ---------- ----------- ----- -------
00000000    00000000    00002420   00002420    r-x
  00000000    00000000    000000c0   000000c0    r-- .intvecs
  000000c0    000000c0    000022c8   000022c8    r-x .text
  00002388    00002388    00000068   00000068    r-- .rodata
  000023f0    000023f0    00000030   00000030    r-- .cinit
20200000    20200000    0000063d   00000000    rw-
  20200000    20200000    000005cc   00000000    rw- .bss
  202005cc    202005cc    00000071   00000000    rw- .data
20207e00    20207e00    00000200   00000000    rw-
  20207e00    20207e00    00000200   00000000    rw- .stack


SECTION ALLOCATION MAP

 output                                  attributes/
section   page    origin      length       input sections
--------  ----  ----------  ----------   ----------------
.intvecs   0    00000000    000000c0     
                  00000000    000000c0     startup_mspm0g350x_ticlang.o (.intvecs)

.text      0    000000c0    000022c8     
                  000000c0    00000200     main.o (.text.main)
                  000002c0    00000184     bujin.o (.text.TIMA0_IRQHandler)
                  00000444    00000104     driverlib.a : dl_timer.o (.text.DL_Timer_initFourCCPWMMode)
                  00000548    00000104     ti_msp_dl_config.o (.text.SYSCFG_DL_GPIO_init)
                  0000064c    00000100     bihuan_pid.o (.text.PID_Inc_Calc)
                  0000074c    000000f8     oled.o (.text.OLED_Init)
                  00000844    000000e8     ti_msp_dl_config.o (.text.SYSCFG_DL_SYSCTL_SYSPLL_init)
                  0000092c    000000dc     driverlib.a : dl_sysctl_mspm0g1x0x_g3x0x.o (.text.DL_SYSCTL_configSYSPLL)
                  00000a08    000000d8     libclang_rt.builtins.a : addsf3.S.obj (.text)
                  00000ae0    000000d4     bujin.o (.text.dianji1_pulse)
                  00000bb4    000000d4     bujin2.o (.text.dianji2_pulse)
                  00000c88    000000cc     uart.o (.text.UART3_IRQHandler)
                  00000d54    000000b4     bujin2.o (.text.dianji2_roll)
                  00000e08    000000b4     bujin.o (.text.dianji_roll)
                  00000ebc    000000a8     key.o (.text.key6_init)
                  00000f64    000000a0     ti_msp_dl_config.o (.text.SYSCFG_DL_initPower)
                  00001004    0000008c     libclang_rt.builtins.a : mulsf3.S.obj (.text.__mulsf3)
                  00001090    0000007c     oled.o (.text.OLED_Refresh)
                  0000110c    0000007c     libc.a : copy_decompress_lzss.c.obj (.text:decompress:lzss)
                  00001188    00000074     oled.o (.text.OLED_WR_Byte)
                  000011fc    00000074     ti_msp_dl_config.o (.text.SYSCFG_DL_SYSCTL_init)
                  00001270    00000074     libclang_rt.builtins.a : comparedf2.c.obj (.text.__gedf2)
                  000012e4    00000070     ti_msp_dl_config.o (.text.SYSCFG_DL_DCC_PWM_init)
                  00001354    00000068     libclang_rt.builtins.a : comparedf2.c.obj (.text.__ledf2)
                  000013bc    00000064     driverlib.a : dl_sysctl_mspm0g1x0x_g3x0x.o (.text.DL_SYSCTL_setHFCLKSourceHFXTParams)
                  00001420    00000062     libclang_rt.builtins.a : aeabi_dcmp.S.obj (.text.__aeabi_dcmp)
                  00001482    00000002                            : aeabi_div0.c.obj (.text.__aeabi_idiv0)
                  00001484    00000062                            : aeabi_fcmp.S.obj (.text.__aeabi_fcmp)
                  000014e6    00000002     --HOLE-- [fill = 0]
                  000014e8    00000060     oled.o (.text.OLED_Clear)
                  00001548    00000060     ti_msp_dl_config.o (.text.SYSCFG_DL_OLED_init)
                  000015a8    0000005e     driverlib.a : dl_i2c.o (.text.DL_I2C_fillControllerTXFIFO)
                  00001606    00000002     --HOLE-- [fill = 0]
                  00001608    00000050     ti_msp_dl_config.o (.text.DL_GPIO_initPeripheralInputFunctionFeatures)
                  00001658    00000050     oled.o (.text.DL_I2C_startControllerTransfer)
                  000016a8    0000004c     ti_msp_dl_config.o (.text.DL_GPIO_initDigitalInputFeatures)
                  000016f4    0000004c     ti_msp_dl_config.o (.text.DL_UART_setBaudRateDivisor)
                  00001740    0000004c     bihuan_pid.o (.text.PID_Inc_Init)
                  0000178c    00000048     driverlib.a : dl_uart.o (.text.DL_UART_init)
                  000017d4    00000048     oled.o (.text.OLED_DisplayTurn)
                  0000181c    00000048     ti_msp_dl_config.o (.text.SYSCFG_DL_K230_init)
                  00001864    00000048     ti_msp_dl_config.o (.text.SYSCFG_DL_PRINT_init)
                  000018ac    00000044     driverlib.a : dl_sysctl_mspm0g1x0x_g3x0x.o (.text.DL_SYSCTL_switchMCLKfromSYSOSCtoHSCLK)
                  000018f0    00000040     ti_msp_dl_config.o (.text.SYSCFG_DL_DCC101_v1_2_init)
                  00001930    00000040     ti_msp_dl_config.o (.text.SYSCFG_DL_DCC101_v1_3_init)
                  00001970    00000040     ti_msp_dl_config.o (.text.SYSCFG_DL_init)
                  000019b0    00000040     libclang_rt.builtins.a : aeabi_uidivmod.S.obj (.text.__aeabi_uidivmod)
                  000019f0    0000003c     ti_msp_dl_config.o (.text.DL_Timer_setCounterControl)
                  00001a2c    0000003c     libclang_rt.builtins.a : comparesf2.S.obj (.text.__gtsf2)
                  00001a68    0000003c     libc.a : autoinit.c.obj (.text:__TI_auto_init_nobinit_nopinit)
                  00001aa4    0000003a     libclang_rt.builtins.a : comparesf2.S.obj (.text.__eqsf2)
                  00001ade    00000002     --HOLE-- [fill = 0]
                  00001ae0    0000003a                            : muldsi3.S.obj (.text.__muldsi3)
                  00001b1a    00000002     --HOLE-- [fill = 0]
                  00001b1c    00000038                            : fixsfsi.S.obj (.text.__fixsfsi)
                  00001b54    00000034     oled.o (.text.OLED_ColorTurn)
                  00001b88    00000034     uart.o (.text.UART_send_buffer)
                  00001bbc    00000034     key.o (.text.get_key_state)
                  00001bf0    00000030     driverlib.a : dl_uart.o (.text.DL_UART_transmitDataBlocking)
                  00001c20    0000002c     key.o (.text.__NVIC_EnableIRQ)
                  00001c4c    0000002c     main.o (.text.__NVIC_EnableIRQ)
                  00001c78    00000028     oled.o (.text.DL_Common_updateReg)
                  00001ca0    00000028     ti_msp_dl_config.o (.text.DL_Common_updateReg)
                  00001cc8    00000028     ti_msp_dl_config.o (.text.DL_I2C_setControllerRXFIFOThreshold)
                  00001cf0    00000028     ti_msp_dl_config.o (.text.DL_I2C_setControllerTXFIFOThreshold)
                  00001d18    00000028     libclang_rt.builtins.a : floatunsisf.S.obj (.text.__floatunsisf)
                  00001d40    00000028     libc.a : boot_cortex_m.c.obj (.text:_c_int00_noargs)
                  00001d68    00000026     ti_msp_dl_config.o (.text.DL_I2C_setAnalogGlitchFilterPulseWidth)
                  00001d8e    00000026     driverlib.a : dl_i2c.o (.text.DL_I2C_setClockConfig)
                  00001db4    00000024     ti_msp_dl_config.o (.text.DL_I2C_setDigitalGlitchFilterPulseWidth)
                  00001dd8    00000024     libclang_rt.builtins.a : floatunsidf.S.obj (.text.__floatunsidf)
                  00001dfc    00000020     ti_msp_dl_config.o (.text.DL_GPIO_initPeripheralInputFunction)
                  00001e1c    00000020     ti_msp_dl_config.o (.text.DL_SYSCTL_setFlashWaitState)
                  00001e3c    0000001e     ti_msp_dl_config.o (.text.DL_UART_setOversampling)
                  00001e5a    00000002     --HOLE-- [fill = 0]
                  00001e5c    0000001c     ti_msp_dl_config.o (.text.DL_GPIO_enableHiZ)
                  00001e78    0000001c     ti_msp_dl_config.o (.text.DL_GPIO_initPeripheralOutputFunction)
                  00001e94    0000001c     driverlib.a : dl_sysctl_mspm0g1x0x_g3x0x.o (.text.DL_SYSCTL_configFCC)
                  00001eb0    0000001c     ti_msp_dl_config.o (.text.DL_SYSCTL_setFCCPeriods)
                  00001ecc    0000001c     ti_msp_dl_config.o (.text.DL_SYSCTL_setSYSOSCFreq)
                  00001ee8    0000001c     ti_msp_dl_config.o (.text.DL_SYSCTL_setULPCLKDivider)
                  00001f04    0000001c     ti_msp_dl_config.o (.text.DL_Timer_enableInterrupt)
                  00001f20    0000001c     driverlib.a : dl_timer.o (.text.DL_Timer_setCaptCompUpdateMethod)
                  00001f3c    0000001c                 : dl_timer.o (.text.DL_Timer_setClockConfig)
                  00001f58    0000001c     ti_msp_dl_config.o (.text.DL_UART_enableInterrupt)
                  00001f74    0000001c     uart.o (.text.UART_send_char)
                  00001f90    0000001c     delay.o (.text.delay_ms)
                  00001fac    00000018     ti_msp_dl_config.o (.text.DL_GPIO_enableOutput)
                  00001fc4    00000018     ti_msp_dl_config.o (.text.DL_GPIO_enablePower)
                  00001fdc    00000018     ti_msp_dl_config.o (.text.DL_GPIO_initDigitalOutput)
                  00001ff4    00000018     ti_msp_dl_config.o (.text.DL_GPIO_initPeripheralAnalogFunction)
                  0000200c    00000018     ti_msp_dl_config.o (.text.DL_GPIO_reset)
                  00002024    00000018     ti_msp_dl_config.o (.text.DL_I2C_enableAnalogGlitchFilter)
                  0000203c    00000018     ti_msp_dl_config.o (.text.DL_I2C_enableController)
                  00002054    00000018     ti_msp_dl_config.o (.text.DL_I2C_enableControllerClockStretching)
                  0000206c    00000018     ti_msp_dl_config.o (.text.DL_I2C_enablePower)
                  00002084    00000018     ti_msp_dl_config.o (.text.DL_I2C_reset)
                  0000209c    00000018     ti_msp_dl_config.o (.text.DL_I2C_setTimerPeriod)
                  000020b4    00000018     ti_msp_dl_config.o (.text.DL_SYSCTL_setBORThreshold)
                  000020cc    00000018     ti_msp_dl_config.o (.text.DL_Timer_enablePower)
                  000020e4    00000018     ti_msp_dl_config.o (.text.DL_Timer_reset)
                  000020fc    00000018     driverlib.a : dl_timer.o (.text.DL_Timer_setCaptureCompareOutCtl)
                  00002114    00000018     key.o (.text.DL_Timer_setLoadValue)
                  0000212c    00000018     key.o (.text.DL_Timer_startCounter)
                  00002144    00000018     ti_msp_dl_config.o (.text.DL_UART_enablePower)
                  0000215c    00000018     ti_msp_dl_config.o (.text.DL_UART_reset)
                  00002174    00000016     key.o (.text.DL_GPIO_readPins)
                  0000218a    00000016     ti_msp_dl_config.o (.text.DL_UART_enable)
                  000021a0    00000014     key.o (.text.DL_GPIO_clearPins)
                  000021b4    00000014     key2.o (.text.DL_GPIO_clearPins)
                  000021c8    00000014     ti_msp_dl_config.o (.text.DL_GPIO_clearPins)
                  000021dc    00000014     oled.o (.text.DL_I2C_getControllerStatus)
                  000021f0    00000014     ti_msp_dl_config.o (.text.DL_I2C_resetControllerTransfer)
                  00002204    00000014     ti_msp_dl_config.o (.text.DL_SYSCTL_disableSYSPLL)
                  00002218    00000014     ti_msp_dl_config.o (.text.DL_SYSCTL_enableSYSPLL)
                  0000222c    00000014     ti_msp_dl_config.o (.text.DL_Timer_enableClock)
                  00002240    00000014     ti_msp_dl_config.o (.text.DL_Timer_setCCPDirection)
                  00002254    00000014     uart.o (.text.DL_UART_receiveData)
                  00002268    00000014     key2.o (.text.key7_init)
                  0000227c    00000012     bujin.o (.text.DL_Timer_getPendingInterrupt)
                  0000228e    00000012     uart.o (.text.DL_UART_getPendingInterrupt)
                  000022a0    00000012     driverlib.a : dl_uart.o (.text.DL_UART_setClockConfig)
                  000022b2    00000012     libc.a : memcpy16.S.obj (.text:TI_memcpy_small)
                  000022c4    00000012            : copy_decompress_none.c.obj (.text:decompress:none)
                  000022d6    00000002     --HOLE-- [fill = 0]
                  000022d8    00000010     ti_msp_dl_config.o (.text.DL_SYSCTL_disableHFXT)
                  000022e8    00000010     ti_msp_dl_config.o (.text.DL_SYSCTL_isFCCDone)
                  000022f8    00000010     ti_msp_dl_config.o (.text.DL_SYSCTL_startFCC)
                  00002308    00000010     driverlib.a : dl_timer.o (.text.DL_Timer_setCaptureCompareValue)
                  00002318    00000010     libc.a : copy_zero_init.c.obj (.text:decompress:ZI)
                  00002328    0000000e            : memset16.S.obj (.text:TI_memset_small)
                  00002336    00000002     --HOLE-- [fill = 0]
                  00002338    0000000c     ti_msp_dl_config.o (.text.DL_SYSCTL_getClockStatus)
                  00002344    0000000c     ti_msp_dl_config.o (.text.DL_SYSCTL_readFCC)
                  00002350    0000000c     libclang_rt.builtins.a : aeabi_memset.S.obj (.text.__aeabi_memclr)
                  0000235c    0000000a     driverlib.a : dl_common.o (.text.DL_Common_delayCycles)
                  00002366    00000002     --HOLE-- [fill = 0]
                  00002368    00000008     libclang_rt.builtins.a : aeabi_memcpy.S.obj (.text.__aeabi_memcpy)
                  00002370    00000006     libc.a : exit.c.obj (.text:abort)
                  00002376    00000004     startup_mspm0g350x_ticlang.o (.text.Default_Handler)
                  0000237a    00000004     libsysbm.a : hostexit.c.obj (.text.HOSTexit)
                  0000237e    00000004     startup_mspm0g350x_ticlang.o (.text.Reset_Handler)
                  00002382    00000004     libc.a : pre_init.c.obj (.text._system_pre_init)
                  00002386    00000002     --HOLE-- [fill = 0]

.cinit     0    000023f0    00000030     
                  000023f0    0000000c     (__TI_handler_table)
                  000023fc    00000008     (.cinit..bss.load) [load image, compression = zero_init]
                  00002404    00000008     (.cinit..data.load) [load image, compression = lzss]
                  0000240c    00000010     (__TI_cinit_table)
                  0000241c    00000004     --HOLE-- [fill = 0]

.rodata    0    00002388    00000068     
                  00002388    00000028     ti_msp_dl_config.o (.rodata.gSYSPLLConfig)
                  000023b0    0000000a     ti_msp_dl_config.o (.rodata.gDCC101_v1_2Config)
                  000023ba    0000000a     ti_msp_dl_config.o (.rodata.gDCC101_v1_3Config)
                  000023c4    0000000a     ti_msp_dl_config.o (.rodata.gK230Config)
                  000023ce    0000000a     ti_msp_dl_config.o (.rodata.gPRINTConfig)
                  000023d8    00000008     ti_msp_dl_config.o (.rodata.gDCC_PWMConfig)
                  000023e0    00000003     ti_msp_dl_config.o (.rodata.gDCC_PWMClockConfig)
                  000023e3    00000002     ti_msp_dl_config.o (.rodata.gDCC101_v1_2ClockConfig)
                  000023e5    00000002     ti_msp_dl_config.o (.rodata.gDCC101_v1_3ClockConfig)
                  000023e7    00000002     ti_msp_dl_config.o (.rodata.gK230ClockConfig)
                  000023e9    00000002     ti_msp_dl_config.o (.rodata.gOLEDClockConfig)
                  000023eb    00000002     ti_msp_dl_config.o (.rodata.gPRINTClockConfig)
                  000023ed    00000003     --HOLE-- [fill = 0]

.init_array 
*          0    00000000    00000000     UNINITIALIZED

.binit     0    00000000    00000000     

.bss       0    20200000    000005cc     UNINITIALIZED
                  20200000    00000480     (.common:OLED_GRAM)
                  20200480    000000bc     (.common:gDCC_PWMBackup)
                  2020053c    00000030     (.common:gK230Backup)
                  2020056c    00000028     main.o (.bss.pid_x)
                  20200594    00000028     main.o (.bss.pid_y)
                  202005bc    00000008     uart.o (.bss.rx_buf)
                  202005c4    00000002     (.common:pulse_x)
                  202005c6    00000002     (.common:pulse_y)
                  202005c8    00000001     (.common:bujin_x)
                  202005c9    00000001     (.common:bujin_y)
                  202005ca    00000001     (.common:dir_x)
                  202005cb    00000001     (.common:dir_y)

.data      0    202005cc    00000071     UNINITIALIZED
                  202005cc    00000032     main.o (.data.DCC_v1_2)
                  202005fe    00000032     main.o (.data.DCC_v1_3)
                  20200630    00000001     bujin.o (.data.TIMA0_IRQHandler.btn2_cnt)
                  20200631    00000001     bujin.o (.data.TIMA0_IRQHandler.btn2_stable)
                  20200632    00000001     bujin.o (.data.TIMA0_IRQHandler.btn3_cnt)
                  20200633    00000001     bujin.o (.data.TIMA0_IRQHandler.btn3_stable)
                  20200634    00000001     bujin.o (.data.TIMA0_IRQHandler.btn4_cnt)
                  20200635    00000001     bujin.o (.data.TIMA0_IRQHandler.btn4_stable)
                  20200636    00000001     bujin.o (.data.TIMA0_IRQHandler.btn_cnt)
                  20200637    00000001     bujin.o (.data.TIMA0_IRQHandler.btn_stable)
                  20200638    00000001     bujin.o (.data.motor1_forward_active)
                  20200639    00000001     bujin.o (.data.motor1_reverse_active)
                  2020063a    00000001     bujin2.o (.data.motor2_forward_active)
                  2020063b    00000001     bujin2.o (.data.motor2_reverse_active)
                  2020063c    00000001     uart.o (.data.rx_idx)

.stack     0    20207e00    00000200     UNINITIALIZED
                  20207e00    00000004     libc.a : boot_cortex_m.c.obj (.stack)
                  20207e04    000001fc     --HOLE--

__llvm_prf_cnts 
*          0    20200000    00000000     UNINITIALIZED

__llvm_prf_bits 
*          0    20200000    00000000     UNINITIALIZED

MODULE SUMMARY

       Module                         code   ro data   rw data
       ------                         ----   -------   -------
    .\
       ti_msp_dl_config.o             2686   101       236    
       oled.o                         848    0         1152   
       bujin.o                        798    0         10     
       main.o                         556    0         188    
       bujin2.o                       392    0         2      
       key.o                          354    0         0      
       bihuan_pid.o                   332    0         0      
       uart.o                         322    0         9      
       startup_mspm0g350x_ticlang.o   8      192       0      
       key2.o                         40     0         0      
       delay.o                        28     0         0      
    +--+------------------------------+------+---------+---------+
       Total:                         6364   293       1597   
                                                              
    C:/ti/mspm0_sdk_2_10_00_04/source/ti/driverlib/lib/ticlang/m0p/mspm0g1x0x_g3x0x/driverlib.a
       dl_sysctl_mspm0g1x0x_g3x0x.o   416    0         0      
       dl_timer.o                     356    0         0      
       dl_uart.o                      138    0         0      
       dl_i2c.o                       132    0         0      
       dl_common.o                    10     0         0      
    +--+------------------------------+------+---------+---------+
       Total:                         1052   0         0      
                                                              
    C:\ti\ccs2050\ccs\tools\compiler\ti-cgt-armllvm_4.0.4.LTS\lib\armv6m-ti-none-eabi/c/libc.a
       copy_decompress_lzss.c.obj     124    0         0      
       autoinit.c.obj                 60     0         0      
       boot_cortex_m.c.obj            40     0         0      
       copy_decompress_none.c.obj     18     0         0      
       memcpy16.S.obj                 18     0         0      
       copy_zero_init.c.obj           16     0         0      
       memset16.S.obj                 14     0         0      
       exit.c.obj                     6      0         0      
       pre_init.c.obj                 4      0         0      
    +--+------------------------------+------+---------+---------+
       Total:                         300    0         0      
                                                              
    C:\ti\ccs2050\ccs\tools\compiler\ti-cgt-armllvm_4.0.4.LTS\lib\armv6m-ti-none-eabi/c/libsysbm.a
       hostexit.c.obj                 4      0         0      
    +--+------------------------------+------+---------+---------+
       Total:                         4      0         0      
                                                              
    C:\ti\ccs2050\ccs\tools\compiler\ti-cgt-armllvm_4.0.4.LTS\lib\armv6m-ti-none-eabi/libclang_rt.builtins.a
       comparedf2.c.obj               220    0         0      
       addsf3.S.obj                   216    0         0      
       mulsf3.S.obj                   140    0         0      
       comparesf2.S.obj               118    0         0      
       aeabi_dcmp.S.obj               98     0         0      
       aeabi_fcmp.S.obj               98     0         0      
       aeabi_uidivmod.S.obj           64     0         0      
       muldsi3.S.obj                  58     0         0      
       fixsfsi.S.obj                  56     0         0      
       floatunsisf.S.obj              40     0         0      
       floatunsidf.S.obj              36     0         0      
       aeabi_memset.S.obj             12     0         0      
       aeabi_memcpy.S.obj             8      0         0      
       aeabi_div0.c.obj               2      0         0      
    +--+------------------------------+------+---------+---------+
       Total:                         1166   0         0      
                                                              
       Stack:                         0      0         512    
       Linker Generated:              0      44        0      
    +--+------------------------------+------+---------+---------+
       Grand Total:                   8886   337       2109   


LINKER GENERATED COPY TABLES

__TI_cinit_table @ 0000240c records: 2, size/record: 8, table size: 16
	.bss: load addr=000023fc, load size=00000008 bytes, run addr=20200000, run size=000005cc bytes, compression=zero_init
	.data: load addr=00002404, load size=00000008 bytes, run addr=202005cc, run size=00000071 bytes, compression=lzss


LINKER GENERATED HANDLER TABLE

__TI_handler_table @ 000023f0 records: 3, size/record: 4, table size: 12
	index: 0, handler: __TI_decompress_lzss
	index: 1, handler: __TI_decompress_none
	index: 2, handler: __TI_zero_init


GLOBAL SYMBOLS: SORTED ALPHABETICALLY BY Name 

address   name                                 
-------   ----                                 
00002377  ADC0_IRQHandler                      
00002377  ADC1_IRQHandler                      
00002377  AES_IRQHandler                       
0000237a  C$$EXIT                              
00002377  CANFD0_IRQHandler                    
00002377  DAC0_IRQHandler                      
202005cc  DCC_v1_2                             
202005fe  DCC_v1_3                             
0000235d  DL_Common_delayCycles                
000015a9  DL_I2C_fillControllerTXFIFO          
00001d8f  DL_I2C_setClockConfig                
00001e95  DL_SYSCTL_configFCC                  
0000092d  DL_SYSCTL_configSYSPLL               
000013bd  DL_SYSCTL_setHFCLKSourceHFXTParams   
000018ad  DL_SYSCTL_switchMCLKfromSYSOSCtoHSCLK
00000445  DL_Timer_initFourCCPWMMode           
00001f21  DL_Timer_setCaptCompUpdateMethod     
000020fd  DL_Timer_setCaptureCompareOutCtl     
00002309  DL_Timer_setCaptureCompareValue      
00001f3d  DL_Timer_setClockConfig              
0000178d  DL_UART_init                         
000022a1  DL_UART_setClockConfig               
00001bf1  DL_UART_transmitDataBlocking         
00002377  DMA_IRQHandler                       
00002377  Default_Handler                      
00002377  GROUP0_IRQHandler                    
00002377  GROUP1_IRQHandler                    
0000237b  HOSTexit                             
00002377  HardFault_Handler                    
00002377  I2C0_IRQHandler                      
00002377  I2C1_IRQHandler                      
00002377  NMI_Handler                          
000014e9  OLED_Clear                           
00001b55  OLED_ColorTurn                       
000017d5  OLED_DisplayTurn                     
20200000  OLED_GRAM                            
0000074d  OLED_Init                            
00001091  OLED_Refresh                         
00001189  OLED_WR_Byte                         
0000064d  PID_Inc_Calc                         
00001741  PID_Inc_Init                         
00002377  PendSV_Handler                       
00002377  RTC_IRQHandler                       
0000237f  Reset_Handler                        
00002377  SPI0_IRQHandler                      
00002377  SPI1_IRQHandler                      
00002377  SVC_Handler                          
000018f1  SYSCFG_DL_DCC101_v1_2_init           
00001931  SYSCFG_DL_DCC101_v1_3_init           
000012e5  SYSCFG_DL_DCC_PWM_init               
00000549  SYSCFG_DL_GPIO_init                  
0000181d  SYSCFG_DL_K230_init                  
00001549  SYSCFG_DL_OLED_init                  
00001865  SYSCFG_DL_PRINT_init                 
00000845  SYSCFG_DL_SYSCTL_SYSPLL_init         
000011fd  SYSCFG_DL_SYSCTL_init                
00001971  SYSCFG_DL_init                       
00000f65  SYSCFG_DL_initPower                  
00002377  SysTick_Handler                      
000002c1  TIMA0_IRQHandler                     
00002377  TIMA1_IRQHandler                     
00002377  TIMG0_IRQHandler                     
00002377  TIMG12_IRQHandler                    
00002377  TIMG6_IRQHandler                     
00002377  TIMG7_IRQHandler                     
00002377  TIMG8_IRQHandler                     
000022b3  TI_memcpy_small                      
00002329  TI_memset_small                      
00002377  UART0_IRQHandler                     
00002377  UART1_IRQHandler                     
00002377  UART2_IRQHandler                     
00000c89  UART3_IRQHandler                     
00001b89  UART_send_buffer                     
00001f75  UART_send_char                       
20208000  __STACK_END                          
00000200  __STACK_SIZE                         
00000000  __TI_ATRegion0_region_sz             
00000000  __TI_ATRegion0_src_addr              
00000000  __TI_ATRegion0_trg_addr              
00000000  __TI_ATRegion1_region_sz             
00000000  __TI_ATRegion1_src_addr              
00000000  __TI_ATRegion1_trg_addr              
00000000  __TI_ATRegion2_region_sz             
00000000  __TI_ATRegion2_src_addr              
00000000  __TI_ATRegion2_trg_addr              
0000240c  __TI_CINIT_Base                      
0000241c  __TI_CINIT_Limit                     
0000241c  __TI_CINIT_Warm                      
000023f0  __TI_Handler_Table_Base              
000023fc  __TI_Handler_Table_Limit             
00001a69  __TI_auto_init_nobinit_nopinit       
0000110d  __TI_decompress_lzss                 
000022c5  __TI_decompress_none                 
ffffffff  __TI_pprof_out_hndl                  
ffffffff  __TI_prof_data_size                  
ffffffff  __TI_prof_data_start                 
00000000  __TI_static_base__                   
00002319  __TI_zero_init                       
00000a13  __addsf3                             
00001421  __aeabi_dcmpeq                       
0000145d  __aeabi_dcmpge                       
00001471  __aeabi_dcmpgt                       
00001449  __aeabi_dcmple                       
00001435  __aeabi_dcmplt                       
00001b1d  __aeabi_f2iz                         
00000a13  __aeabi_fadd                         
00001485  __aeabi_fcmpeq                       
000014c1  __aeabi_fcmpge                       
000014d5  __aeabi_fcmpgt                       
000014ad  __aeabi_fcmple                       
00001499  __aeabi_fcmplt                       
00001005  __aeabi_fmul                         
00000a09  __aeabi_fsub                         
00001483  __aeabi_idiv0                        
00002351  __aeabi_memclr                       
00002351  __aeabi_memclr4                      
00002351  __aeabi_memclr8                      
00002369  __aeabi_memcpy                       
00002369  __aeabi_memcpy4                      
00002369  __aeabi_memcpy8                      
00001dd9  __aeabi_ui2d                         
00001d19  __aeabi_ui2f                         
000019b1  __aeabi_uidiv                        
000019b1  __aeabi_uidivmod                     
ffffffff  __binit__                            
00001355  __cmpdf2                             
00001aa5  __cmpsf2                             
00001355  __eqdf2                              
00001aa5  __eqsf2                              
00001b1d  __fixsfsi                            
00001dd9  __floatunsidf                        
00001d19  __floatunsisf                        
00001271  __gedf2                              
00001a2d  __gesf2                              
00001271  __gtdf2                              
00001a2d  __gtsf2                              
00001355  __ledf2                              
00001aa5  __lesf2                              
00001355  __ltdf2                              
00001aa5  __ltsf2                              
UNDEFED   __mpu_init                           
00001ae1  __muldsi3                            
00001005  __mulsf3                             
00001355  __nedf2                              
00001aa5  __nesf2                              
20207e00  __stack                              
20200000  __start___llvm_prf_bits              
20200000  __start___llvm_prf_cnts              
20200000  __stop___llvm_prf_bits               
20200000  __stop___llvm_prf_cnts               
00000a09  __subsf3                             
00001d41  _c_int00_noargs                      
UNDEFED   _system_post_cinit                   
00002383  _system_pre_init                     
00002371  abort                                
ffffffff  binit                                
202005c8  bujin_x                              
202005c9  bujin_y                              
00001f91  delay_ms                             
00000ae1  dianji1_pulse                        
00000bb5  dianji2_pulse                        
00000d55  dianji2_roll                         
00000e09  dianji_roll                          
202005ca  dir_x                                
202005cb  dir_y                                
20200480  gDCC_PWMBackup                       
2020053c  gK230Backup                          
00001bbd  get_key_state                        
00000000  interruptVectors                     
00000ebd  key6_init                            
00002269  key7_init                            
000000c1  main                                 
20200638  motor1_forward_active                
20200639  motor1_reverse_active                
2020063a  motor2_forward_active                
2020063b  motor2_reverse_active                
202005c4  pulse_x                              
202005c6  pulse_y                              


GLOBAL SYMBOLS: SORTED BY Symbol Address 

address   name                                 
-------   ----                                 
00000000  __TI_ATRegion0_region_sz             
00000000  __TI_ATRegion0_src_addr              
00000000  __TI_ATRegion0_trg_addr              
00000000  __TI_ATRegion1_region_sz             
00000000  __TI_ATRegion1_src_addr              
00000000  __TI_ATRegion1_trg_addr              
00000000  __TI_ATRegion2_region_sz             
00000000  __TI_ATRegion2_src_addr              
00000000  __TI_ATRegion2_trg_addr              
00000000  __TI_static_base__                   
00000000  interruptVectors                     
000000c1  main                                 
00000200  __STACK_SIZE                         
000002c1  TIMA0_IRQHandler                     
00000445  DL_Timer_initFourCCPWMMode           
00000549  SYSCFG_DL_GPIO_init                  
0000064d  PID_Inc_Calc                         
0000074d  OLED_Init                            
00000845  SYSCFG_DL_SYSCTL_SYSPLL_init         
0000092d  DL_SYSCTL_configSYSPLL               
00000a09  __aeabi_fsub                         
00000a09  __subsf3                             
00000a13  __addsf3                             
00000a13  __aeabi_fadd                         
00000ae1  dianji1_pulse                        
00000bb5  dianji2_pulse                        
00000c89  UART3_IRQHandler                     
00000d55  dianji2_roll                         
00000e09  dianji_roll                          
00000ebd  key6_init                            
00000f65  SYSCFG_DL_initPower                  
00001005  __aeabi_fmul                         
00001005  __mulsf3                             
00001091  OLED_Refresh                         
0000110d  __TI_decompress_lzss                 
00001189  OLED_WR_Byte                         
000011fd  SYSCFG_DL_SYSCTL_init                
00001271  __gedf2                              
00001271  __gtdf2                              
000012e5  SYSCFG_DL_DCC_PWM_init               
00001355  __cmpdf2                             
00001355  __eqdf2                              
00001355  __ledf2                              
00001355  __ltdf2                              
00001355  __nedf2                              
000013bd  DL_SYSCTL_setHFCLKSourceHFXTParams   
00001421  __aeabi_dcmpeq                       
00001435  __aeabi_dcmplt                       
00001449  __aeabi_dcmple                       
0000145d  __aeabi_dcmpge                       
00001471  __aeabi_dcmpgt                       
00001483  __aeabi_idiv0                        
00001485  __aeabi_fcmpeq                       
00001499  __aeabi_fcmplt                       
000014ad  __aeabi_fcmple                       
000014c1  __aeabi_fcmpge                       
000014d5  __aeabi_fcmpgt                       
000014e9  OLED_Clear                           
00001549  SYSCFG_DL_OLED_init                  
000015a9  DL_I2C_fillControllerTXFIFO          
00001741  PID_Inc_Init                         
0000178d  DL_UART_init                         
000017d5  OLED_DisplayTurn                     
0000181d  SYSCFG_DL_K230_init                  
00001865  SYSCFG_DL_PRINT_init                 
000018ad  DL_SYSCTL_switchMCLKfromSYSOSCtoHSCLK
000018f1  SYSCFG_DL_DCC101_v1_2_init           
00001931  SYSCFG_DL_DCC101_v1_3_init           
00001971  SYSCFG_DL_init                       
000019b1  __aeabi_uidiv                        
000019b1  __aeabi_uidivmod                     
00001a2d  __gesf2                              
00001a2d  __gtsf2                              
00001a69  __TI_auto_init_nobinit_nopinit       
00001aa5  __cmpsf2                             
00001aa5  __eqsf2                              
00001aa5  __lesf2                              
00001aa5  __ltsf2                              
00001aa5  __nesf2                              
00001ae1  __muldsi3                            
00001b1d  __aeabi_f2iz                         
00001b1d  __fixsfsi                            
00001b55  OLED_ColorTurn                       
00001b89  UART_send_buffer                     
00001bbd  get_key_state                        
00001bf1  DL_UART_transmitDataBlocking         
00001d19  __aeabi_ui2f                         
00001d19  __floatunsisf                        
00001d41  _c_int00_noargs                      
00001d8f  DL_I2C_setClockConfig                
00001dd9  __aeabi_ui2d                         
00001dd9  __floatunsidf                        
00001e95  DL_SYSCTL_configFCC                  
00001f21  DL_Timer_setCaptCompUpdateMethod     
00001f3d  DL_Timer_setClockConfig              
00001f75  UART_send_char                       
00001f91  delay_ms                             
000020fd  DL_Timer_setCaptureCompareOutCtl     
00002269  key7_init                            
000022a1  DL_UART_setClockConfig               
000022b3  TI_memcpy_small                      
000022c5  __TI_decompress_none                 
00002309  DL_Timer_setCaptureCompareValue      
00002319  __TI_zero_init                       
00002329  TI_memset_small                      
00002351  __aeabi_memclr                       
00002351  __aeabi_memclr4                      
00002351  __aeabi_memclr8                      
0000235d  DL_Common_delayCycles                
00002369  __aeabi_memcpy                       
00002369  __aeabi_memcpy4                      
00002369  __aeabi_memcpy8                      
00002371  abort                                
00002377  ADC0_IRQHandler                      
00002377  ADC1_IRQHandler                      
00002377  AES_IRQHandler                       
00002377  CANFD0_IRQHandler                    
00002377  DAC0_IRQHandler                      
00002377  DMA_IRQHandler                       
00002377  Default_Handler                      
00002377  GROUP0_IRQHandler                    
00002377  GROUP1_IRQHandler                    
00002377  HardFault_Handler                    
00002377  I2C0_IRQHandler                      
00002377  I2C1_IRQHandler                      
00002377  NMI_Handler                          
00002377  PendSV_Handler                       
00002377  RTC_IRQHandler                       
00002377  SPI0_IRQHandler                      
00002377  SPI1_IRQHandler                      
00002377  SVC_Handler                          
00002377  SysTick_Handler                      
00002377  TIMA1_IRQHandler                     
00002377  TIMG0_IRQHandler                     
00002377  TIMG12_IRQHandler                    
00002377  TIMG6_IRQHandler                     
00002377  TIMG7_IRQHandler                     
00002377  TIMG8_IRQHandler                     
00002377  UART0_IRQHandler                     
00002377  UART1_IRQHandler                     
00002377  UART2_IRQHandler                     
0000237a  C$$EXIT                              
0000237b  HOSTexit                             
0000237f  Reset_Handler                        
00002383  _system_pre_init                     
000023f0  __TI_Handler_Table_Base              
000023fc  __TI_Handler_Table_Limit             
0000240c  __TI_CINIT_Base                      
0000241c  __TI_CINIT_Limit                     
0000241c  __TI_CINIT_Warm                      
20200000  OLED_GRAM                            
20200000  __start___llvm_prf_bits              
20200000  __start___llvm_prf_cnts              
20200000  __stop___llvm_prf_bits               
20200000  __stop___llvm_prf_cnts               
20200480  gDCC_PWMBackup                       
2020053c  gK230Backup                          
202005c4  pulse_x                              
202005c6  pulse_y                              
202005c8  bujin_x                              
202005c9  bujin_y                              
202005ca  dir_x                                
202005cb  dir_y                                
202005cc  DCC_v1_2                             
202005fe  DCC_v1_3                             
20200638  motor1_forward_active                
20200639  motor1_reverse_active                
2020063a  motor2_forward_active                
2020063b  motor2_reverse_active                
20207e00  __stack                              
20208000  __STACK_END                          
ffffffff  __TI_pprof_out_hndl                  
ffffffff  __TI_prof_data_size                  
ffffffff  __TI_prof_data_start                 
ffffffff  __binit__                            
ffffffff  binit                                
UNDEFED   __mpu_init                           
UNDEFED   _system_post_cinit                   

[178 symbols]
