******************************************************************************
            TI ARM Clang Linker PC v4.0.4                      
******************************************************************************
>> Linked Wed Jul 29 21:45:48 2026

OUTPUT FILE NAME:   <DCC_101_v1.out>
ENTRY POINT SYMBOL: "_c_int00_noargs"  address: 00002ad5


MEMORY CONFIGURATION

         name            origin    length      used     unused   attr    fill
----------------------  --------  ---------  --------  --------  ----  --------
  FLASH                 00000000   00020000  00004c08  0001b3f8  R  X
  SRAM                  20200000   00008000  00000809  000077f7  RW X
  BCR_CONFIG            41c00000   000000ff  00000000  000000ff  R   
  BSL_CONFIG            41c00100   00000080  00000000  00000080  R   


SEGMENT ALLOCATION MAP

run origin  load origin   length   init length attrs members
----------  ----------- ---------- ----------- ----- -------
00000000    00000000    000031c8   000031c8    r-x
  00000000    00000000    000000c0   000000c0    r-- .intvecs
  000000c0    000000c0    00003108   00003108    r-x .text
000031d0    000031d0    00001a40   00001a40    r--
  000031d0    000031d0    00001a10   00001a10    r-- .rodata
  00004be0    00004be0    00000030   00000030    r-- .cinit
20200000    20200000    0000060c   00000000    rw-
  20200000    20200000    000005bd   00000000    rw- .bss
  202005c0    202005c0    0000004c   00000000    rw- .data
20207e00    20207e00    00000200   00000000    rw-
  20207e00    20207e00    00000200   00000000    rw- .stack


SECTION ALLOCATION MAP

 output                                  attributes/
section   page    origin      length       input sections
--------  ----  ----------  ----------   ----------------
.intvecs   0    00000000    000000c0     
                  00000000    000000c0     startup_mspm0g350x_ticlang.o (.intvecs)

.text      0    000000c0    00003108     
                  000000c0    00000868     libc.a : _printfi.c.obj (.text:__TI_printfi_nofloat)
                  00000928    0000037c     main.o (.text.main)
                  00000ca4    00000194     bujin.o (.text.dianji_rotate_to)
                  00000e38    00000184     bujin.o (.text.TIMA0_IRQHandler)
                  00000fbc    00000158     oled.o (.text.OLED_ShowChar)
                  00001114    00000104     driverlib.a : dl_timer.o (.text.DL_Timer_initFourCCPWMMode)
                  00001218    00000100     bihuan_pid.o (.text.PID_Inc_Calc)
                  00001318    000000f8     oled.o (.text.OLED_Init)
                  00001410    000000f4     ti_msp_dl_config.o (.text.SYSCFG_DL_GPIO_init)
                  00001504    000000e8     ti_msp_dl_config.o (.text.SYSCFG_DL_SYSCTL_SYSPLL_init)
                  000015ec    000000dc     driverlib.a : dl_sysctl_mspm0g1x0x_g3x0x.o (.text.DL_SYSCTL_configSYSPLL)
                  000016c8    000000d8     libclang_rt.builtins.a : addsf3.S.obj (.text)
                  000017a0    000000d4     bujin.o (.text.dianji1_pulse)
                  00001874    000000ac     uart.o (.text.UART3_IRQHandler)
                  00001920    000000a8     key.o (.text.key6_init)
                  000019c8    000000a2     libclang_rt.builtins.a : udivmoddi4.S.obj (.text)
                  00001a6a    00000098     oled.o (.text.OLED_ShowString)
                  00001b02    00000002     libclang_rt.builtins.a : aeabi_div0.c.obj (.text.__aeabi_idiv0)
                  00001b04    00000094     bujin.o (.text.dianji_set_origin)
                  00001b98    0000008c     ti_msp_dl_config.o (.text.SYSCFG_DL_initPower)
                  00001c24    0000008c     libclang_rt.builtins.a : mulsf3.S.obj (.text.__mulsf3)
                  00001cb0    0000007c     oled.o (.text.OLED_Refresh)
                  00001d2c    0000007c     libc.a : copy_decompress_lzss.c.obj (.text:decompress:lzss)
                  00001da8    00000074     oled.o (.text.OLED_WR_Byte)
                  00001e1c    00000074     ti_msp_dl_config.o (.text.SYSCFG_DL_SYSCTL_init)
                  00001e90    00000074     libclang_rt.builtins.a : comparedf2.c.obj (.text.__gedf2)
                  00001f04    00000070     ti_msp_dl_config.o (.text.SYSCFG_DL_DCC_PWM_init)
                  00001f74    00000068     libclang_rt.builtins.a : comparedf2.c.obj (.text.__ledf2)
                  00001fdc    00000064     driverlib.a : dl_sysctl_mspm0g1x0x_g3x0x.o (.text.DL_SYSCTL_setHFCLKSourceHFXTParams)
                  00002040    00000064     oled.o (.text.OLED_ClearPoint)
                  000020a4    00000062     libclang_rt.builtins.a : aeabi_dcmp.S.obj (.text.__aeabi_dcmp)
                  00002106    00000002                            : aeabi_div0.c.obj (.text.__aeabi_ldiv0)
                  00002108    00000062                            : aeabi_fcmp.S.obj (.text.__aeabi_fcmp)
                  0000216a    00000002     --HOLE-- [fill = 0]
                  0000216c    00000060     oled.o (.text.OLED_Clear)
                  000021cc    00000060     ti_msp_dl_config.o (.text.SYSCFG_DL_OLED_init)
                  0000222c    0000005e     driverlib.a : dl_i2c.o (.text.DL_I2C_fillControllerTXFIFO)
                  0000228a    00000002     --HOLE-- [fill = 0]
                  0000228c    00000056     libclang_rt.builtins.a : aeabi_idivmod.S.obj (.text.__aeabi_idivmod)
                  000022e2    00000002     --HOLE-- [fill = 0]
                  000022e4    00000050     ti_msp_dl_config.o (.text.DL_GPIO_initPeripheralInputFunctionFeatures)
                  00002334    00000050     oled.o (.text.DL_I2C_startControllerTransfer)
                  00002384    0000004c     ti_msp_dl_config.o (.text.DL_GPIO_initDigitalInputFeatures)
                  000023d0    0000004c     ti_msp_dl_config.o (.text.DL_UART_setBaudRateDivisor)
                  0000241c    0000004c     bihuan_pid.o (.text.PID_Inc_Init)
                  00002468    00000048     driverlib.a : dl_uart.o (.text.DL_UART_init)
                  000024b0    00000048     oled.o (.text.OLED_DisplayTurn)
                  000024f8    00000048     oled.o (.text.OLED_DrawPoint)
                  00002540    00000048     ti_msp_dl_config.o (.text.SYSCFG_DL_K230_init)
                  00002588    00000048     ti_msp_dl_config.o (.text.SYSCFG_DL_PRINT_init)
                  000025d0    00000044     driverlib.a : dl_sysctl_mspm0g1x0x_g3x0x.o (.text.DL_SYSCTL_switchMCLKfromSYSOSCtoHSCLK)
                  00002614    00000040     ti_msp_dl_config.o (.text.SYSCFG_DL_DCC101_v1_2_init)
                  00002654    00000040     libclang_rt.builtins.a : aeabi_uidivmod.S.obj (.text.__aeabi_uidivmod)
                  00002694    00000040     libc.a : atoi.c.obj (.text.atoi)
                  000026d4    0000003c     ti_msp_dl_config.o (.text.DL_Timer_setCounterControl)
                  00002710    0000003c     ti_msp_dl_config.o (.text.SYSCFG_DL_init)
                  0000274c    0000003c     libclang_rt.builtins.a : floatsisf.S.obj (.text.__floatsisf)
                  00002788    0000003c                            : comparesf2.S.obj (.text.__gtsf2)
                  000027c4    0000003c     libc.a : autoinit.c.obj (.text:__TI_auto_init_nobinit_nopinit)
                  00002800    0000003a     libclang_rt.builtins.a : comparesf2.S.obj (.text.__eqsf2)
                  0000283a    00000002     --HOLE-- [fill = 0]
                  0000283c    0000003a                            : muldsi3.S.obj (.text.__muldsi3)
                  00002876    00000002     --HOLE-- [fill = 0]
                  00002878    00000038                            : fixsfsi.S.obj (.text.__fixsfsi)
                  000028b0    00000038     libc.a : sprintf.c.obj (.text.sprintf)
                  000028e8    00000034     oled.o (.text.OLED_ColorTurn)
                  0000291c    00000034     uart.o (.text.UART_send_buffer)
                  00002950    00000034     key.o (.text.get_key_state)
                  00002984    00000030     driverlib.a : dl_uart.o (.text.DL_UART_transmitDataBlocking)
                  000029b4    0000002c     key.o (.text.__NVIC_EnableIRQ)
                  000029e0    0000002c     main.o (.text.__NVIC_EnableIRQ)
                  00002a0c    00000028     oled.o (.text.DL_Common_updateReg)
                  00002a34    00000028     ti_msp_dl_config.o (.text.DL_Common_updateReg)
                  00002a5c    00000028     ti_msp_dl_config.o (.text.DL_I2C_setControllerRXFIFOThreshold)
                  00002a84    00000028     ti_msp_dl_config.o (.text.DL_I2C_setControllerTXFIFOThreshold)
                  00002aac    00000028     libclang_rt.builtins.a : floatunsisf.S.obj (.text.__floatunsisf)
                  00002ad4    00000028     libc.a : boot_cortex_m.c.obj (.text:_c_int00_noargs)
                  00002afc    00000026     ti_msp_dl_config.o (.text.DL_I2C_setAnalogGlitchFilterPulseWidth)
                  00002b22    00000026     driverlib.a : dl_i2c.o (.text.DL_I2C_setClockConfig)
                  00002b48    00000024     ti_msp_dl_config.o (.text.DL_I2C_setDigitalGlitchFilterPulseWidth)
                  00002b6c    00000024     libclang_rt.builtins.a : floatunsidf.S.obj (.text.__floatunsidf)
                  00002b90    00000024                            : muldi3.S.obj (.text.__muldi3)
                  00002bb4    00000022     libc.a : memccpy.c.obj (.text.memccpy)
                  00002bd6    00000002     --HOLE-- [fill = 0]
                  00002bd8    00000020     ti_msp_dl_config.o (.text.DL_GPIO_initPeripheralInputFunction)
                  00002bf8    00000020     ti_msp_dl_config.o (.text.DL_SYSCTL_setFlashWaitState)
                  00002c18    0000001e     ti_msp_dl_config.o (.text.DL_UART_setOversampling)
                  00002c36    00000002     --HOLE-- [fill = 0]
                  00002c38    0000001e     libclang_rt.builtins.a : ashldi3.S.obj (.text.__ashldi3)
                  00002c56    00000002     --HOLE-- [fill = 0]
                  00002c58    0000001c     ti_msp_dl_config.o (.text.DL_GPIO_enableHiZ)
                  00002c74    0000001c     ti_msp_dl_config.o (.text.DL_GPIO_initPeripheralOutputFunction)
                  00002c90    0000001c     driverlib.a : dl_sysctl_mspm0g1x0x_g3x0x.o (.text.DL_SYSCTL_configFCC)
                  00002cac    0000001c     ti_msp_dl_config.o (.text.DL_SYSCTL_setFCCPeriods)
                  00002cc8    0000001c     ti_msp_dl_config.o (.text.DL_SYSCTL_setSYSOSCFreq)
                  00002ce4    0000001c     ti_msp_dl_config.o (.text.DL_SYSCTL_setULPCLKDivider)
                  00002d00    0000001c     ti_msp_dl_config.o (.text.DL_Timer_enableInterrupt)
                  00002d1c    0000001c     driverlib.a : dl_timer.o (.text.DL_Timer_setCaptCompUpdateMethod)
                  00002d38    0000001c                 : dl_timer.o (.text.DL_Timer_setClockConfig)
                  00002d54    0000001c     ti_msp_dl_config.o (.text.DL_UART_enableInterrupt)
                  00002d70    0000001c     uart.o (.text.UART_send_char)
                  00002d8c    0000001c     delay.o (.text.delay_ms)
                  00002da8    00000018     ti_msp_dl_config.o (.text.DL_GPIO_enableOutput)
                  00002dc0    00000018     ti_msp_dl_config.o (.text.DL_GPIO_enablePower)
                  00002dd8    00000018     ti_msp_dl_config.o (.text.DL_GPIO_initDigitalOutput)
                  00002df0    00000018     ti_msp_dl_config.o (.text.DL_GPIO_initPeripheralAnalogFunction)
                  00002e08    00000018     ti_msp_dl_config.o (.text.DL_GPIO_reset)
                  00002e20    00000018     ti_msp_dl_config.o (.text.DL_I2C_enableAnalogGlitchFilter)
                  00002e38    00000018     ti_msp_dl_config.o (.text.DL_I2C_enableController)
                  00002e50    00000018     ti_msp_dl_config.o (.text.DL_I2C_enableControllerClockStretching)
                  00002e68    00000018     ti_msp_dl_config.o (.text.DL_I2C_enablePower)
                  00002e80    00000018     ti_msp_dl_config.o (.text.DL_I2C_reset)
                  00002e98    00000018     ti_msp_dl_config.o (.text.DL_I2C_setTimerPeriod)
                  00002eb0    00000018     ti_msp_dl_config.o (.text.DL_SYSCTL_setBORThreshold)
                  00002ec8    00000018     ti_msp_dl_config.o (.text.DL_Timer_enablePower)
                  00002ee0    00000018     ti_msp_dl_config.o (.text.DL_Timer_reset)
                  00002ef8    00000018     driverlib.a : dl_timer.o (.text.DL_Timer_setCaptureCompareOutCtl)
                  00002f10    00000018     key.o (.text.DL_Timer_setLoadValue)
                  00002f28    00000018     key.o (.text.DL_Timer_startCounter)
                  00002f40    00000018     ti_msp_dl_config.o (.text.DL_UART_enablePower)
                  00002f58    00000018     ti_msp_dl_config.o (.text.DL_UART_reset)
                  00002f70    00000018     libc.a : sprintf.c.obj (.text._outs)
                  00002f88    00000016     key.o (.text.DL_GPIO_readPins)
                  00002f9e    00000016     ti_msp_dl_config.o (.text.DL_UART_enable)
                  00002fb4    00000014     key.o (.text.DL_GPIO_clearPins)
                  00002fc8    00000014     ti_msp_dl_config.o (.text.DL_GPIO_clearPins)
                  00002fdc    00000014     oled.o (.text.DL_I2C_getControllerStatus)
                  00002ff0    00000014     ti_msp_dl_config.o (.text.DL_I2C_resetControllerTransfer)
                  00003004    00000014     ti_msp_dl_config.o (.text.DL_SYSCTL_disableSYSPLL)
                  00003018    00000014     ti_msp_dl_config.o (.text.DL_SYSCTL_enableSYSPLL)
                  0000302c    00000014     ti_msp_dl_config.o (.text.DL_Timer_enableClock)
                  00003040    00000014     ti_msp_dl_config.o (.text.DL_Timer_setCCPDirection)
                  00003054    00000014     uart.o (.text.DL_UART_receiveData)
                  00003068    00000014     libclang_rt.builtins.a : aeabi_uldivmod.S.obj (.text.__aeabi_uldivmod)
                  0000307c    00000012     bujin.o (.text.DL_Timer_getPendingInterrupt)
                  0000308e    00000012     uart.o (.text.DL_UART_getPendingInterrupt)
                  000030a0    00000012     driverlib.a : dl_uart.o (.text.DL_UART_setClockConfig)
                  000030b2    00000012     libc.a : memcpy16.S.obj (.text:TI_memcpy_small)
                  000030c4    00000012            : copy_decompress_none.c.obj (.text:decompress:none)
                  000030d6    00000002     --HOLE-- [fill = 0]
                  000030d8    00000010     ti_msp_dl_config.o (.text.DL_SYSCTL_disableHFXT)
                  000030e8    00000010     ti_msp_dl_config.o (.text.DL_SYSCTL_isFCCDone)
                  000030f8    00000010     ti_msp_dl_config.o (.text.DL_SYSCTL_startFCC)
                  00003108    00000010     driverlib.a : dl_timer.o (.text.DL_Timer_setCaptureCompareValue)
                  00003118    00000010     libc.a : wcslen.c.obj (.text.wcslen)
                  00003128    00000010            : copy_zero_init.c.obj (.text:decompress:ZI)
                  00003138    0000000e     libclang_rt.builtins.a : aeabi_memset.S.obj (.text.__aeabi_memset)
                  00003146    0000000e     libc.a : _printfi.c.obj (.text.strlen)
                  00003154    0000000e            : memset16.S.obj (.text:TI_memset_small)
                  00003162    00000002     --HOLE-- [fill = 0]
                  00003164    0000000c     ti_msp_dl_config.o (.text.DL_SYSCTL_getClockStatus)
                  00003170    0000000c     ti_msp_dl_config.o (.text.DL_SYSCTL_readFCC)
                  0000317c    0000000c     libclang_rt.builtins.a : aeabi_memset.S.obj (.text.__aeabi_memclr)
                  00003188    0000000a     driverlib.a : dl_common.o (.text.DL_Common_delayCycles)
                  00003192    0000000a     libc.a : sprintf.c.obj (.text._outc)
                  0000319c    00000008            : aeabi_portable.c.obj (.text.__aeabi_errno_addr)
                  000031a4    00000008     libclang_rt.builtins.a : aeabi_memcpy.S.obj (.text.__aeabi_memcpy)
                  000031ac    00000006     libc.a : exit.c.obj (.text:abort)
                  000031b2    00000004     startup_mspm0g350x_ticlang.o (.text.Default_Handler)
                  000031b6    00000004     libsysbm.a : hostexit.c.obj (.text.HOSTexit)
                  000031ba    00000004     startup_mspm0g350x_ticlang.o (.text.Reset_Handler)
                  000031be    00000004     libc.a : pre_init.c.obj (.text._system_pre_init)
                  000031c2    00000006     --HOLE-- [fill = 0]

.cinit     0    00004be0    00000030     
                  00004be0    0000000c     (__TI_handler_table)
                  00004bec    00000008     (.cinit..bss.load) [load image, compression = zero_init]
                  00004bf4    00000008     (.cinit..data.load) [load image, compression = lzss]
                  00004bfc    00000010     (__TI_cinit_table)
                  00004c0c    00000004     --HOLE-- [fill = 0]

.rodata    0    000031d0    00001a10     
                  000031d0    00000d5c     oled.o (.rodata.asc2_2412)
                  00003f2c    000005f0     oled.o (.rodata.asc2_1608)
                  0000451c    00000474     oled.o (.rodata.asc2_1206)
                  00004990    00000101     libc.a : aeabi_ctype.S.obj (.rodata:__aeabi_ctype_table_)
                  00004a91    00000003     ti_msp_dl_config.o (.rodata.gDCC_PWMClockConfig)
                  00004a94    00000028     ti_msp_dl_config.o (.rodata.gSYSPLLConfig)
                  00004abc    00000011     libc.a : _printfi.c.obj (.rodata.str1.10348868589481759720.1)
                  00004acd    00000011            : _printfi.c.obj (.rodata.str1.15363888844622738466.1)
                  00004ade    0000000d     main.o (.rodata.str1.12180500075719773345.1)
                  00004aeb    0000000d     main.o (.rodata.str1.14112174005742061988.1)
                  00004af8    0000000d     main.o (.rodata.str1.15159059442110792349.1)
                  00004b05    0000000d     main.o (.rodata.str1.17100691992556644108.1)
                  00004b12    0000000d     main.o (.rodata.str1.18227636981041470289.1)
                  00004b1f    0000000d     main.o (.rodata.str1.2846389346932560359.1)
                  00004b2c    0000000d     main.o (.rodata.str1.288608917962107522.1)
                  00004b39    0000000d     main.o (.rodata.str1.8154729771448623357.1)
                  00004b46    0000000b     main.o (.rodata.str1.11870794119293528247.1)
                  00004b51    0000000b     main.o (.rodata.str1.14402440632258215044.1)
                  00004b5c    0000000b     main.o (.rodata.str1.2123964117280943167.1)
                  00004b67    0000000b     main.o (.rodata.str1.8108965883388295311.1)
                  00004b72    0000000b     main.o (.rodata.str1.9059077390166914652.1)
                  00004b7d    00000001     --HOLE-- [fill = 0]
                  00004b7e    0000000a     ti_msp_dl_config.o (.rodata.gDCC101_v1_2Config)
                  00004b88    0000000a     ti_msp_dl_config.o (.rodata.gK230Config)
                  00004b92    0000000a     ti_msp_dl_config.o (.rodata.gPRINTConfig)
                  00004b9c    0000000a     main.o (.rodata.str1.8076846746581808073.1)
                  00004ba6    00000009     main.o (.rodata.str1.14079361385603432444.1)
                  00004baf    00000009     main.o (.rodata.str1.15996357275703397564.1)
                  00004bb8    00000009     main.o (.rodata.str1.16265332423659789559.1)
                  00004bc1    00000002     ti_msp_dl_config.o (.rodata.gDCC101_v1_2ClockConfig)
                  00004bc3    00000001     --HOLE-- [fill = 0]
                  00004bc4    00000008     ti_msp_dl_config.o (.rodata.gDCC_PWMConfig)
                  00004bcc    00000008     main.o (.rodata.str1.7702501944640899365.1)
                  00004bd4    00000002     ti_msp_dl_config.o (.rodata.gK230ClockConfig)
                  00004bd6    00000002     ti_msp_dl_config.o (.rodata.gOLEDClockConfig)
                  00004bd8    00000002     ti_msp_dl_config.o (.rodata.gPRINTClockConfig)
                  00004bda    00000006     --HOLE-- [fill = 0]

.init_array 
*          0    00000000    00000000     UNINITIALIZED

.binit     0    00000000    00000000     

.bss       0    20200000    000005bd     UNINITIALIZED
                  20200000    00000480     (.common:OLED_GRAM)
                  20200480    000000bc     (.common:gDCC_PWMBackup)
                  2020053c    00000030     (.common:gK230Backup)
                  2020056c    00000028     main.o (.bss.pid_x)
                  20200594    00000020     main.o (.bss.disp_buf)
                  202005b4    00000005     uart.o (.bss.rx_buf)
                  202005b9    00000001     (.common:bujin_x)
                  202005ba    00000002     (.common:pulse_x)
                  202005bc    00000001     (.common:dir_x)

.data      0    202005c0    0000004c     UNINITIALIZED
                  202005c0    00000032     main.o (.data.DCC_v1_2)
                  202005f2    00000001     bujin.o (.data.TIMA0_IRQHandler.btn2_cnt)
                  202005f3    00000001     bujin.o (.data.TIMA0_IRQHandler.btn2_stable)
                  202005f4    00000004     libc.a : aeabi_portable.c.obj (.data.__aeabi_errno)
                  202005f8    00000004     main.o (.data.motor_angle)
                  202005fc    00000004     main.o (.data.motor_pulse)
                  20200600    00000001     bujin.o (.data.TIMA0_IRQHandler.btn3_cnt)
                  20200601    00000001     bujin.o (.data.TIMA0_IRQHandler.btn3_stable)
                  20200602    00000001     bujin.o (.data.TIMA0_IRQHandler.btn4_cnt)
                  20200603    00000001     bujin.o (.data.TIMA0_IRQHandler.btn4_stable)
                  20200604    00000001     bujin.o (.data.TIMA0_IRQHandler.btn_cnt)
                  20200605    00000001     bujin.o (.data.TIMA0_IRQHandler.btn_stable)
                  20200606    00000001     bujin.o (.data.btn1_active)
                  20200607    00000001     bujin.o (.data.btn2_active)
                  20200608    00000001     bujin.o (.data.btn3_active)
                  20200609    00000001     bujin.o (.data.btn4_active)
                  2020060a    00000001     main.o (.data.main.btn1_prev)
                  2020060b    00000001     uart.o (.data.rx_idx)

.stack     0    20207e00    00000200     UNINITIALIZED
                  20207e00    00000004     libc.a : boot_cortex_m.c.obj (.stack)
                  20207e04    000001fc     --HOLE--

__llvm_prf_cnts 
*          0    20200000    00000000     UNINITIALIZED

__llvm_prf_bits 
*          0    20200000    00000000     UNINITIALIZED

MODULE SUMMARY

       Module                         code    ro data   rw data
       ------                         ----    -------   -------
    .\
       oled.o                         1516    6080      1152   
       ti_msp_dl_config.o             2582    89        236    
       main.o                         936     204       135    
       bujin.o                        1170    0         12     
       key.o                          354     0         0      
       bihuan_pid.o                   332     0         0      
       uart.o                         290     0         6      
       startup_mspm0g350x_ticlang.o   8       192       0      
       delay.o                        28      0         0      
    +--+------------------------------+-------+---------+---------+
       Total:                         7216    6565      1541   
                                                               
    C:/ti/mspm0_sdk_2_10_00_04/source/ti/driverlib/lib/ticlang/m0p/mspm0g1x0x_g3x0x/driverlib.a
       dl_sysctl_mspm0g1x0x_g3x0x.o   416     0         0      
       dl_timer.o                     356     0         0      
       dl_uart.o                      138     0         0      
       dl_i2c.o                       132     0         0      
       dl_common.o                    10      0         0      
    +--+------------------------------+-------+---------+---------+
       Total:                         1052    0         0      
                                                               
    C:\ti\ccs2050\ccs\tools\compiler\ti-cgt-armllvm_4.0.4.LTS\lib\armv6m-ti-none-eabi/c/libc.a
       _printfi.c.obj                 2166    34        0      
       aeabi_ctype.S.obj              0       257       0      
       copy_decompress_lzss.c.obj     124     0         0      
       sprintf.c.obj                  90      0         0      
       atoi.c.obj                     64      0         0      
       autoinit.c.obj                 60      0         0      
       boot_cortex_m.c.obj            40      0         0      
       memccpy.c.obj                  34      0         0      
       copy_decompress_none.c.obj     18      0         0      
       memcpy16.S.obj                 18      0         0      
       copy_zero_init.c.obj           16      0         0      
       wcslen.c.obj                   16      0         0      
       memset16.S.obj                 14      0         0      
       aeabi_portable.c.obj           8       0         4      
       exit.c.obj                     6       0         0      
       pre_init.c.obj                 4       0         0      
    +--+------------------------------+-------+---------+---------+
       Total:                         2678    291       4      
                                                               
    C:\ti\ccs2050\ccs\tools\compiler\ti-cgt-armllvm_4.0.4.LTS\lib\armv6m-ti-none-eabi/c/libsysbm.a
       hostexit.c.obj                 4       0         0      
    +--+------------------------------+-------+---------+---------+
       Total:                         4       0         0      
                                                               
    C:\ti\ccs2050\ccs\tools\compiler\ti-cgt-armllvm_4.0.4.LTS\lib\armv6m-ti-none-eabi/libclang_rt.builtins.a
       comparedf2.c.obj               220     0         0      
       addsf3.S.obj                   216     0         0      
       udivmoddi4.S.obj               162     0         0      
       mulsf3.S.obj                   140     0         0      
       comparesf2.S.obj               118     0         0      
       aeabi_dcmp.S.obj               98      0         0      
       aeabi_fcmp.S.obj               98      0         0      
       aeabi_idivmod.S.obj            86      0         0      
       aeabi_uidivmod.S.obj           64      0         0      
       floatsisf.S.obj                60      0         0      
       muldsi3.S.obj                  58      0         0      
       fixsfsi.S.obj                  56      0         0      
       floatunsisf.S.obj              40      0         0      
       floatunsidf.S.obj              36      0         0      
       muldi3.S.obj                   36      0         0      
       ashldi3.S.obj                  30      0         0      
       aeabi_memset.S.obj             26      0         0      
       aeabi_uldivmod.S.obj           20      0         0      
       aeabi_memcpy.S.obj             8       0         0      
       aeabi_div0.c.obj               4       0         0      
    +--+------------------------------+-------+---------+---------+
       Total:                         1576    0         0      
                                                               
       Stack:                         0       0         512    
       Linker Generated:              0       44        0      
    +--+------------------------------+-------+---------+---------+
       Grand Total:                   12526   6900      2057   


LINKER GENERATED COPY TABLES

__TI_cinit_table @ 00004bfc records: 2, size/record: 8, table size: 16
	.bss: load addr=00004bec, load size=00000008 bytes, run addr=20200000, run size=000005bd bytes, compression=zero_init
	.data: load addr=00004bf4, load size=00000008 bytes, run addr=202005c0, run size=0000004c bytes, compression=lzss


LINKER GENERATED HANDLER TABLE

__TI_handler_table @ 00004be0 records: 3, size/record: 4, table size: 12
	index: 0, handler: __TI_decompress_lzss
	index: 1, handler: __TI_decompress_none
	index: 2, handler: __TI_zero_init


GLOBAL SYMBOLS: SORTED ALPHABETICALLY BY Name 

address   name                                 
-------   ----                                 
000031b3  ADC0_IRQHandler                      
000031b3  ADC1_IRQHandler                      
000031b3  AES_IRQHandler                       
000031b6  C$$EXIT                              
000031b3  CANFD0_IRQHandler                    
000031b3  DAC0_IRQHandler                      
202005c0  DCC_v1_2                             
00003189  DL_Common_delayCycles                
0000222d  DL_I2C_fillControllerTXFIFO          
00002b23  DL_I2C_setClockConfig                
00002c91  DL_SYSCTL_configFCC                  
000015ed  DL_SYSCTL_configSYSPLL               
00001fdd  DL_SYSCTL_setHFCLKSourceHFXTParams   
000025d1  DL_SYSCTL_switchMCLKfromSYSOSCtoHSCLK
00001115  DL_Timer_initFourCCPWMMode           
00002d1d  DL_Timer_setCaptCompUpdateMethod     
00002ef9  DL_Timer_setCaptureCompareOutCtl     
00003109  DL_Timer_setCaptureCompareValue      
00002d39  DL_Timer_setClockConfig              
00002469  DL_UART_init                         
000030a1  DL_UART_setClockConfig               
00002985  DL_UART_transmitDataBlocking         
000031b3  DMA_IRQHandler                       
000031b3  Default_Handler                      
000031b3  GROUP0_IRQHandler                    
000031b3  GROUP1_IRQHandler                    
000031b7  HOSTexit                             
000031b3  HardFault_Handler                    
000031b3  I2C0_IRQHandler                      
000031b3  I2C1_IRQHandler                      
000031b3  NMI_Handler                          
0000216d  OLED_Clear                           
00002041  OLED_ClearPoint                      
000028e9  OLED_ColorTurn                       
000024b1  OLED_DisplayTurn                     
000024f9  OLED_DrawPoint                       
20200000  OLED_GRAM                            
00001319  OLED_Init                            
00001cb1  OLED_Refresh                         
00000fbd  OLED_ShowChar                        
00001a6b  OLED_ShowString                      
00001da9  OLED_WR_Byte                         
00001219  PID_Inc_Calc                         
0000241d  PID_Inc_Init                         
000031b3  PendSV_Handler                       
000031b3  RTC_IRQHandler                       
000031bb  Reset_Handler                        
000031b3  SPI0_IRQHandler                      
000031b3  SPI1_IRQHandler                      
000031b3  SVC_Handler                          
00002615  SYSCFG_DL_DCC101_v1_2_init           
00001f05  SYSCFG_DL_DCC_PWM_init               
00001411  SYSCFG_DL_GPIO_init                  
00002541  SYSCFG_DL_K230_init                  
000021cd  SYSCFG_DL_OLED_init                  
00002589  SYSCFG_DL_PRINT_init                 
00001505  SYSCFG_DL_SYSCTL_SYSPLL_init         
00001e1d  SYSCFG_DL_SYSCTL_init                
00002711  SYSCFG_DL_init                       
00001b99  SYSCFG_DL_initPower                  
000031b3  SysTick_Handler                      
00000e39  TIMA0_IRQHandler                     
000031b3  TIMA1_IRQHandler                     
000031b3  TIMG0_IRQHandler                     
000031b3  TIMG12_IRQHandler                    
000031b3  TIMG6_IRQHandler                     
000031b3  TIMG7_IRQHandler                     
000031b3  TIMG8_IRQHandler                     
000030b3  TI_memcpy_small                      
00003155  TI_memset_small                      
000031b3  UART0_IRQHandler                     
000031b3  UART1_IRQHandler                     
000031b3  UART2_IRQHandler                     
00001875  UART3_IRQHandler                     
0000291d  UART_send_buffer                     
00002d71  UART_send_char                       
20208000  __STACK_END                          
00000200  __STACK_SIZE                         
00000000  __TI_ATRegion0_region_sz             
00000000  __TI_ATRegion0_src_addr              
00000000  __TI_ATRegion0_trg_addr              
00000000  __TI_ATRegion1_region_sz             
00000000  __TI_ATRegion1_src_addr              
00000000  __TI_ATRegion1_trg_addr              
00000000  __TI_ATRegion2_region_sz             
00000000  __TI_ATRegion2_src_addr              
00000000  __TI_ATRegion2_trg_addr              
00004bfc  __TI_CINIT_Base                      
00004c0c  __TI_CINIT_Limit                     
00004c0c  __TI_CINIT_Warm                      
00004be0  __TI_Handler_Table_Base              
00004bec  __TI_Handler_Table_Limit             
000027c5  __TI_auto_init_nobinit_nopinit       
00001d2d  __TI_decompress_lzss                 
000030c5  __TI_decompress_none                 
ffffffff  __TI_pprof_out_hndl                  
000000c1  __TI_printfi_nofloat                 
ffffffff  __TI_prof_data_size                  
ffffffff  __TI_prof_data_start                 
00000000  __TI_static_base__                   
00003129  __TI_zero_init                       
000016d3  __addsf3                             
00004990  __aeabi_ctype_table_                 
00004990  __aeabi_ctype_table_C                
000020a5  __aeabi_dcmpeq                       
000020e1  __aeabi_dcmpge                       
000020f5  __aeabi_dcmpgt                       
000020cd  __aeabi_dcmple                       
000020b9  __aeabi_dcmplt                       
202005f4  __aeabi_errno                        
0000319d  __aeabi_errno_addr                   
00002879  __aeabi_f2iz                         
000016d3  __aeabi_fadd                         
00002109  __aeabi_fcmpeq                       
00002145  __aeabi_fcmpge                       
00002159  __aeabi_fcmpgt                       
00002131  __aeabi_fcmple                       
0000211d  __aeabi_fcmplt                       
00001c25  __aeabi_fmul                         
000016c9  __aeabi_fsub                         
0000274d  __aeabi_i2f                          
0000228d  __aeabi_idiv                         
00001b03  __aeabi_idiv0                        
0000228d  __aeabi_idivmod                      
00002107  __aeabi_ldiv0                        
00002c39  __aeabi_llsl                         
00002b91  __aeabi_lmul                         
0000317d  __aeabi_memclr                       
0000317d  __aeabi_memclr4                      
0000317d  __aeabi_memclr8                      
000031a5  __aeabi_memcpy                       
000031a5  __aeabi_memcpy4                      
000031a5  __aeabi_memcpy8                      
00003139  __aeabi_memset                       
00003139  __aeabi_memset4                      
00003139  __aeabi_memset8                      
00002b6d  __aeabi_ui2d                         
00002aad  __aeabi_ui2f                         
00002655  __aeabi_uidiv                        
00002655  __aeabi_uidivmod                     
00003069  __aeabi_uldivmod                     
00002c39  __ashldi3                            
ffffffff  __binit__                            
00001f75  __cmpdf2                             
00002801  __cmpsf2                             
00001f75  __eqdf2                              
00002801  __eqsf2                              
00002879  __fixsfsi                            
0000274d  __floatsisf                          
00002b6d  __floatunsidf                        
00002aad  __floatunsisf                        
00001e91  __gedf2                              
00002789  __gesf2                              
00001e91  __gtdf2                              
00002789  __gtsf2                              
00001f75  __ledf2                              
00002801  __lesf2                              
00001f75  __ltdf2                              
00002801  __ltsf2                              
UNDEFED   __mpu_init                           
00002b91  __muldi3                             
0000283d  __muldsi3                            
00001c25  __mulsf3                             
00001f75  __nedf2                              
00002801  __nesf2                              
20207e00  __stack                              
20200000  __start___llvm_prf_bits              
20200000  __start___llvm_prf_cnts              
20200000  __stop___llvm_prf_bits               
20200000  __stop___llvm_prf_cnts               
000016c9  __subsf3                             
000019c9  __udivmoddi4                         
00002ad5  _c_int00_noargs                      
UNDEFED   _system_post_cinit                   
000031bf  _system_pre_init                     
000031ad  abort                                
0000451c  asc2_1206                            
00003f2c  asc2_1608                            
000031d0  asc2_2412                            
00002695  atoi                                 
ffffffff  binit                                
20200606  btn1_active                          
20200607  btn2_active                          
20200608  btn3_active                          
20200609  btn4_active                          
202005b9  bujin_x                              
00002d8d  delay_ms                             
000017a1  dianji1_pulse                        
00000ca5  dianji_rotate_to                     
00001b05  dianji_set_origin                    
202005bc  dir_x                                
20200480  gDCC_PWMBackup                       
2020053c  gK230Backup                          
00002951  get_key_state                        
00000000  interruptVectors                     
00001921  key6_init                            
00000929  main                                 
00002bb5  memccpy                              
202005f8  motor_angle                          
202005fc  motor_pulse                          
202005ba  pulse_x                              
000028b1  sprintf                              
00003119  wcslen                               


GLOBAL SYMBOLS: SORTED BY Symbol Address 

address   name                                 
-------   ----                                 
00000000  __TI_ATRegion0_region_sz             
00000000  __TI_ATRegion0_src_addr              
00000000  __TI_ATRegion0_trg_addr              
00000000  __TI_ATRegion1_region_sz             
00000000  __TI_ATRegion1_src_addr              
00000000  __TI_ATRegion1_trg_addr              
00000000  __TI_ATRegion2_region_sz             
00000000  __TI_ATRegion2_src_addr              
00000000  __TI_ATRegion2_trg_addr              
00000000  __TI_static_base__                   
00000000  interruptVectors                     
000000c1  __TI_printfi_nofloat                 
00000200  __STACK_SIZE                         
00000929  main                                 
00000ca5  dianji_rotate_to                     
00000e39  TIMA0_IRQHandler                     
00000fbd  OLED_ShowChar                        
00001115  DL_Timer_initFourCCPWMMode           
00001219  PID_Inc_Calc                         
00001319  OLED_Init                            
00001411  SYSCFG_DL_GPIO_init                  
00001505  SYSCFG_DL_SYSCTL_SYSPLL_init         
000015ed  DL_SYSCTL_configSYSPLL               
000016c9  __aeabi_fsub                         
000016c9  __subsf3                             
000016d3  __addsf3                             
000016d3  __aeabi_fadd                         
000017a1  dianji1_pulse                        
00001875  UART3_IRQHandler                     
00001921  key6_init                            
000019c9  __udivmoddi4                         
00001a6b  OLED_ShowString                      
00001b03  __aeabi_idiv0                        
00001b05  dianji_set_origin                    
00001b99  SYSCFG_DL_initPower                  
00001c25  __aeabi_fmul                         
00001c25  __mulsf3                             
00001cb1  OLED_Refresh                         
00001d2d  __TI_decompress_lzss                 
00001da9  OLED_WR_Byte                         
00001e1d  SYSCFG_DL_SYSCTL_init                
00001e91  __gedf2                              
00001e91  __gtdf2                              
00001f05  SYSCFG_DL_DCC_PWM_init               
00001f75  __cmpdf2                             
00001f75  __eqdf2                              
00001f75  __ledf2                              
00001f75  __ltdf2                              
00001f75  __nedf2                              
00001fdd  DL_SYSCTL_setHFCLKSourceHFXTParams   
00002041  OLED_ClearPoint                      
000020a5  __aeabi_dcmpeq                       
000020b9  __aeabi_dcmplt                       
000020cd  __aeabi_dcmple                       
000020e1  __aeabi_dcmpge                       
000020f5  __aeabi_dcmpgt                       
00002107  __aeabi_ldiv0                        
00002109  __aeabi_fcmpeq                       
0000211d  __aeabi_fcmplt                       
00002131  __aeabi_fcmple                       
00002145  __aeabi_fcmpge                       
00002159  __aeabi_fcmpgt                       
0000216d  OLED_Clear                           
000021cd  SYSCFG_DL_OLED_init                  
0000222d  DL_I2C_fillControllerTXFIFO          
0000228d  __aeabi_idiv                         
0000228d  __aeabi_idivmod                      
0000241d  PID_Inc_Init                         
00002469  DL_UART_init                         
000024b1  OLED_DisplayTurn                     
000024f9  OLED_DrawPoint                       
00002541  SYSCFG_DL_K230_init                  
00002589  SYSCFG_DL_PRINT_init                 
000025d1  DL_SYSCTL_switchMCLKfromSYSOSCtoHSCLK
00002615  SYSCFG_DL_DCC101_v1_2_init           
00002655  __aeabi_uidiv                        
00002655  __aeabi_uidivmod                     
00002695  atoi                                 
00002711  SYSCFG_DL_init                       
0000274d  __aeabi_i2f                          
0000274d  __floatsisf                          
00002789  __gesf2                              
00002789  __gtsf2                              
000027c5  __TI_auto_init_nobinit_nopinit       
00002801  __cmpsf2                             
00002801  __eqsf2                              
00002801  __lesf2                              
00002801  __ltsf2                              
00002801  __nesf2                              
0000283d  __muldsi3                            
00002879  __aeabi_f2iz                         
00002879  __fixsfsi                            
000028b1  sprintf                              
000028e9  OLED_ColorTurn                       
0000291d  UART_send_buffer                     
00002951  get_key_state                        
00002985  DL_UART_transmitDataBlocking         
00002aad  __aeabi_ui2f                         
00002aad  __floatunsisf                        
00002ad5  _c_int00_noargs                      
00002b23  DL_I2C_setClockConfig                
00002b6d  __aeabi_ui2d                         
00002b6d  __floatunsidf                        
00002b91  __aeabi_lmul                         
00002b91  __muldi3                             
00002bb5  memccpy                              
00002c39  __aeabi_llsl                         
00002c39  __ashldi3                            
00002c91  DL_SYSCTL_configFCC                  
00002d1d  DL_Timer_setCaptCompUpdateMethod     
00002d39  DL_Timer_setClockConfig              
00002d71  UART_send_char                       
00002d8d  delay_ms                             
00002ef9  DL_Timer_setCaptureCompareOutCtl     
00003069  __aeabi_uldivmod                     
000030a1  DL_UART_setClockConfig               
000030b3  TI_memcpy_small                      
000030c5  __TI_decompress_none                 
00003109  DL_Timer_setCaptureCompareValue      
00003119  wcslen                               
00003129  __TI_zero_init                       
00003139  __aeabi_memset                       
00003139  __aeabi_memset4                      
00003139  __aeabi_memset8                      
00003155  TI_memset_small                      
0000317d  __aeabi_memclr                       
0000317d  __aeabi_memclr4                      
0000317d  __aeabi_memclr8                      
00003189  DL_Common_delayCycles                
0000319d  __aeabi_errno_addr                   
000031a5  __aeabi_memcpy                       
000031a5  __aeabi_memcpy4                      
000031a5  __aeabi_memcpy8                      
000031ad  abort                                
000031b3  ADC0_IRQHandler                      
000031b3  ADC1_IRQHandler                      
000031b3  AES_IRQHandler                       
000031b3  CANFD0_IRQHandler                    
000031b3  DAC0_IRQHandler                      
000031b3  DMA_IRQHandler                       
000031b3  Default_Handler                      
000031b3  GROUP0_IRQHandler                    
000031b3  GROUP1_IRQHandler                    
000031b3  HardFault_Handler                    
000031b3  I2C0_IRQHandler                      
000031b3  I2C1_IRQHandler                      
000031b3  NMI_Handler                          
000031b3  PendSV_Handler                       
000031b3  RTC_IRQHandler                       
000031b3  SPI0_IRQHandler                      
000031b3  SPI1_IRQHandler                      
000031b3  SVC_Handler                          
000031b3  SysTick_Handler                      
000031b3  TIMA1_IRQHandler                     
000031b3  TIMG0_IRQHandler                     
000031b3  TIMG12_IRQHandler                    
000031b3  TIMG6_IRQHandler                     
000031b3  TIMG7_IRQHandler                     
000031b3  TIMG8_IRQHandler                     
000031b3  UART0_IRQHandler                     
000031b3  UART1_IRQHandler                     
000031b3  UART2_IRQHandler                     
000031b6  C$$EXIT                              
000031b7  HOSTexit                             
000031bb  Reset_Handler                        
000031bf  _system_pre_init                     
000031d0  asc2_2412                            
00003f2c  asc2_1608                            
0000451c  asc2_1206                            
00004990  __aeabi_ctype_table_                 
00004990  __aeabi_ctype_table_C                
00004be0  __TI_Handler_Table_Base              
00004bec  __TI_Handler_Table_Limit             
00004bfc  __TI_CINIT_Base                      
00004c0c  __TI_CINIT_Limit                     
00004c0c  __TI_CINIT_Warm                      
20200000  OLED_GRAM                            
20200000  __start___llvm_prf_bits              
20200000  __start___llvm_prf_cnts              
20200000  __stop___llvm_prf_bits               
20200000  __stop___llvm_prf_cnts               
20200480  gDCC_PWMBackup                       
2020053c  gK230Backup                          
202005b9  bujin_x                              
202005ba  pulse_x                              
202005bc  dir_x                                
202005c0  DCC_v1_2                             
202005f4  __aeabi_errno                        
202005f8  motor_angle                          
202005fc  motor_pulse                          
20200606  btn1_active                          
20200607  btn2_active                          
20200608  btn3_active                          
20200609  btn4_active                          
20207e00  __stack                              
20208000  __STACK_END                          
ffffffff  __TI_pprof_out_hndl                  
ffffffff  __TI_prof_data_size                  
ffffffff  __TI_prof_data_start                 
ffffffff  __binit__                            
ffffffff  binit                                
UNDEFED   __mpu_init                           
UNDEFED   _system_post_cinit                   

[203 symbols]
