******************************************************************************
            TI ARM Clang Linker PC v4.0.4                      
******************************************************************************
>> Linked Wed Jul 15 17:01:12 2026

OUTPUT FILE NAME:   <DCC_101_v1.out>
ENTRY POINT SYMBOL: "_c_int00_noargs"  address: 00001489


MEMORY CONFIGURATION

         name            origin    length      used     unused   attr    fill
----------------------  --------  ---------  --------  --------  ----  --------
  FLASH                 00000000   00020000  00001b60  0001e4a0  R  X
  SRAM                  20200000   00008000  000007a8  00007858  RW X
  BCR_CONFIG            41c00000   000000ff  00000000  000000ff  R   
  BSL_CONFIG            41c00100   00000080  00000000  00000080  R   


SEGMENT ALLOCATION MAP

run origin  load origin   length   init length attrs members
----------  ----------- ---------- ----------- ----- -------
00000000    00000000    00001b60   00001b60    r-x
  00000000    00000000    000000c0   000000c0    r-- .intvecs
  000000c0    000000c0    00001a10   00001a10    r-x .text
  00001ad0    00001ad0    00000060   00000060    r-- .rodata
  00001b30    00001b30    00000030   00000030    r-- .cinit
20200000    20200000    000005a8   00000000    rw-
  20200000    20200000    0000053c   00000000    rw- .bss
  2020053c    2020053c    0000006c   00000000    rw- .data
20207e00    20207e00    00000200   00000000    rw-
  20207e00    20207e00    00000200   00000000    rw- .stack


SECTION ALLOCATION MAP

 output                                  attributes/
section   page    origin      length       input sections
--------  ----  ----------  ----------   ----------------
.intvecs   0    00000000    000000c0     
                  00000000    000000c0     startup_mspm0g350x_ticlang.o (.intvecs)

.text      0    000000c0    00001a10     
                  000000c0    00000114     bujin.o (.text.TIMA0_IRQHandler)
                  000001d4    00000104     driverlib.a : dl_timer.o (.text.DL_Timer_initFourCCPWMMode)
                  000002d8    000000f8     oled.o (.text.OLED_Init)
                  000003d0    000000e8     ti_msp_dl_config.o (.text.SYSCFG_DL_SYSCTL_SYSPLL_init)
                  000004b8    000000dc     driverlib.a : dl_sysctl_mspm0g1x0x_g3x0x.o (.text.DL_SYSCTL_configSYSPLL)
                  00000594    000000dc     ti_msp_dl_config.o (.text.SYSCFG_DL_GPIO_init)
                  00000670    000000b4     bujin2.o (.text.dianji2_roll)
                  00000724    000000b4     bujin.o (.text.dianji_roll)
                  000007d8    000000b4     main.o (.text.main)
                  0000088c    000000a8     key.o (.text.key6_init)
                  00000934    0000008c     ti_msp_dl_config.o (.text.SYSCFG_DL_initPower)
                  000009c0    0000007c     oled.o (.text.OLED_Refresh)
                  00000a3c    0000007c     libc.a : copy_decompress_lzss.c.obj (.text:decompress:lzss)
                  00000ab8    00000074     oled.o (.text.OLED_WR_Byte)
                  00000b2c    00000074     ti_msp_dl_config.o (.text.SYSCFG_DL_SYSCTL_init)
                  00000ba0    00000074     libclang_rt.builtins.a : comparedf2.c.obj (.text.__gedf2)
                  00000c14    00000070     ti_msp_dl_config.o (.text.SYSCFG_DL_DCC_PWM_init)
                  00000c84    00000068     libclang_rt.builtins.a : comparedf2.c.obj (.text.__ledf2)
                  00000cec    00000064     driverlib.a : dl_sysctl_mspm0g1x0x_g3x0x.o (.text.DL_SYSCTL_setHFCLKSourceHFXTParams)
                  00000d50    00000062     libclang_rt.builtins.a : aeabi_dcmp.S.obj (.text.__aeabi_dcmp)
                  00000db2    00000002                            : aeabi_div0.c.obj (.text.__aeabi_idiv0)
                  00000db4    00000060     oled.o (.text.OLED_Clear)
                  00000e14    00000060     ti_msp_dl_config.o (.text.SYSCFG_DL_OLED_init)
                  00000e74    0000005e     driverlib.a : dl_i2c.o (.text.DL_I2C_fillControllerTXFIFO)
                  00000ed2    00000002     --HOLE-- [fill = 0]
                  00000ed4    00000050     ti_msp_dl_config.o (.text.DL_GPIO_initPeripheralInputFunctionFeatures)
                  00000f24    00000050     oled.o (.text.DL_I2C_startControllerTransfer)
                  00000f74    0000004c     ti_msp_dl_config.o (.text.DL_GPIO_initDigitalInputFeatures)
                  00000fc0    0000004c     ti_msp_dl_config.o (.text.DL_UART_setBaudRateDivisor)
                  0000100c    00000048     driverlib.a : dl_uart.o (.text.DL_UART_init)
                  00001054    00000048     oled.o (.text.OLED_DisplayTurn)
                  0000109c    00000048     ti_msp_dl_config.o (.text.SYSCFG_DL_PRINT_init)
                  000010e4    00000044     driverlib.a : dl_sysctl_mspm0g1x0x_g3x0x.o (.text.DL_SYSCTL_switchMCLKfromSYSOSCtoHSCLK)
                  00001128    00000040     ti_msp_dl_config.o (.text.SYSCFG_DL_DCC101_v1_2_init)
                  00001168    00000040     ti_msp_dl_config.o (.text.SYSCFG_DL_DCC101_v1_3_init)
                  000011a8    00000040     libclang_rt.builtins.a : aeabi_uidivmod.S.obj (.text.__aeabi_uidivmod)
                  000011e8    0000003c     ti_msp_dl_config.o (.text.DL_Timer_setCounterControl)
                  00001224    0000003c     libc.a : autoinit.c.obj (.text:__TI_auto_init_nobinit_nopinit)
                  00001260    00000034     oled.o (.text.OLED_ColorTurn)
                  00001294    00000034     uart.o (.text.UART0_IRQHandler)
                  000012c8    00000034     uart.o (.text.UART_send_buffer)
                  000012fc    00000034     key.o (.text.get_key_state)
                  00001330    00000030     driverlib.a : dl_uart.o (.text.DL_UART_transmitDataBlocking)
                  00001360    00000030     ti_msp_dl_config.o (.text.SYSCFG_DL_init)
                  00001390    0000002c     key.o (.text.__NVIC_EnableIRQ)
                  000013bc    0000002c     main.o (.text.__NVIC_EnableIRQ)
                  000013e8    00000028     oled.o (.text.DL_Common_updateReg)
                  00001410    00000028     ti_msp_dl_config.o (.text.DL_Common_updateReg)
                  00001438    00000028     ti_msp_dl_config.o (.text.DL_I2C_setControllerRXFIFOThreshold)
                  00001460    00000028     ti_msp_dl_config.o (.text.DL_I2C_setControllerTXFIFOThreshold)
                  00001488    00000028     libc.a : boot_cortex_m.c.obj (.text:_c_int00_noargs)
                  000014b0    00000026     ti_msp_dl_config.o (.text.DL_I2C_setAnalogGlitchFilterPulseWidth)
                  000014d6    00000026     driverlib.a : dl_i2c.o (.text.DL_I2C_setClockConfig)
                  000014fc    00000024     ti_msp_dl_config.o (.text.DL_I2C_setDigitalGlitchFilterPulseWidth)
                  00001520    00000024     libclang_rt.builtins.a : floatunsidf.S.obj (.text.__floatunsidf)
                  00001544    00000020     ti_msp_dl_config.o (.text.DL_GPIO_initPeripheralInputFunction)
                  00001564    00000020     ti_msp_dl_config.o (.text.DL_SYSCTL_setFlashWaitState)
                  00001584    0000001e     ti_msp_dl_config.o (.text.DL_UART_setOversampling)
                  000015a2    00000002     --HOLE-- [fill = 0]
                  000015a4    0000001c     ti_msp_dl_config.o (.text.DL_GPIO_enableHiZ)
                  000015c0    0000001c     ti_msp_dl_config.o (.text.DL_GPIO_initPeripheralOutputFunction)
                  000015dc    0000001c     driverlib.a : dl_sysctl_mspm0g1x0x_g3x0x.o (.text.DL_SYSCTL_configFCC)
                  000015f8    0000001c     ti_msp_dl_config.o (.text.DL_SYSCTL_setFCCPeriods)
                  00001614    0000001c     ti_msp_dl_config.o (.text.DL_SYSCTL_setSYSOSCFreq)
                  00001630    0000001c     ti_msp_dl_config.o (.text.DL_SYSCTL_setULPCLKDivider)
                  0000164c    0000001c     ti_msp_dl_config.o (.text.DL_Timer_enableInterrupt)
                  00001668    0000001c     driverlib.a : dl_timer.o (.text.DL_Timer_setCaptCompUpdateMethod)
                  00001684    0000001c                 : dl_timer.o (.text.DL_Timer_setClockConfig)
                  000016a0    0000001c     ti_msp_dl_config.o (.text.DL_UART_enableInterrupt)
                  000016bc    0000001c     uart.o (.text.UART_send_char)
                  000016d8    0000001c     delay.o (.text.delay_ms)
                  000016f4    00000018     ti_msp_dl_config.o (.text.DL_GPIO_enableOutput)
                  0000170c    00000018     ti_msp_dl_config.o (.text.DL_GPIO_enablePower)
                  00001724    00000018     ti_msp_dl_config.o (.text.DL_GPIO_initDigitalOutput)
                  0000173c    00000018     ti_msp_dl_config.o (.text.DL_GPIO_initPeripheralAnalogFunction)
                  00001754    00000018     ti_msp_dl_config.o (.text.DL_GPIO_reset)
                  0000176c    00000018     ti_msp_dl_config.o (.text.DL_I2C_enableAnalogGlitchFilter)
                  00001784    00000018     ti_msp_dl_config.o (.text.DL_I2C_enableController)
                  0000179c    00000018     ti_msp_dl_config.o (.text.DL_I2C_enableControllerClockStretching)
                  000017b4    00000018     ti_msp_dl_config.o (.text.DL_I2C_enablePower)
                  000017cc    00000018     ti_msp_dl_config.o (.text.DL_I2C_reset)
                  000017e4    00000018     ti_msp_dl_config.o (.text.DL_I2C_setTimerPeriod)
                  000017fc    00000018     ti_msp_dl_config.o (.text.DL_SYSCTL_setBORThreshold)
                  00001814    00000018     ti_msp_dl_config.o (.text.DL_Timer_enablePower)
                  0000182c    00000018     ti_msp_dl_config.o (.text.DL_Timer_reset)
                  00001844    00000018     driverlib.a : dl_timer.o (.text.DL_Timer_setCaptureCompareOutCtl)
                  0000185c    00000018     key.o (.text.DL_Timer_setLoadValue)
                  00001874    00000018     key.o (.text.DL_Timer_startCounter)
                  0000188c    00000018     ti_msp_dl_config.o (.text.DL_UART_enablePower)
                  000018a4    00000018     ti_msp_dl_config.o (.text.DL_UART_reset)
                  000018bc    00000016     key.o (.text.DL_GPIO_readPins)
                  000018d2    00000016     ti_msp_dl_config.o (.text.DL_UART_enable)
                  000018e8    00000014     key.o (.text.DL_GPIO_clearPins)
                  000018fc    00000014     key2.o (.text.DL_GPIO_clearPins)
                  00001910    00000014     ti_msp_dl_config.o (.text.DL_GPIO_clearPins)
                  00001924    00000014     oled.o (.text.DL_I2C_getControllerStatus)
                  00001938    00000014     ti_msp_dl_config.o (.text.DL_I2C_resetControllerTransfer)
                  0000194c    00000014     ti_msp_dl_config.o (.text.DL_SYSCTL_disableSYSPLL)
                  00001960    00000014     ti_msp_dl_config.o (.text.DL_SYSCTL_enableSYSPLL)
                  00001974    00000014     ti_msp_dl_config.o (.text.DL_Timer_enableClock)
                  00001988    00000014     ti_msp_dl_config.o (.text.DL_Timer_setCCPDirection)
                  0000199c    00000014     uart.o (.text.DL_UART_receiveData)
                  000019b0    00000014     key2.o (.text.key7_init)
                  000019c4    00000012     bujin.o (.text.DL_Timer_getPendingInterrupt)
                  000019d6    00000012     uart.o (.text.DL_UART_getPendingInterrupt)
                  000019e8    00000012     driverlib.a : dl_uart.o (.text.DL_UART_setClockConfig)
                  000019fa    00000012     libc.a : memcpy16.S.obj (.text:TI_memcpy_small)
                  00001a0c    00000012            : copy_decompress_none.c.obj (.text:decompress:none)
                  00001a1e    00000002     --HOLE-- [fill = 0]
                  00001a20    00000010     ti_msp_dl_config.o (.text.DL_SYSCTL_disableHFXT)
                  00001a30    00000010     ti_msp_dl_config.o (.text.DL_SYSCTL_isFCCDone)
                  00001a40    00000010     ti_msp_dl_config.o (.text.DL_SYSCTL_startFCC)
                  00001a50    00000010     driverlib.a : dl_timer.o (.text.DL_Timer_setCaptureCompareValue)
                  00001a60    00000010     libc.a : copy_zero_init.c.obj (.text:decompress:ZI)
                  00001a70    0000000e            : memset16.S.obj (.text:TI_memset_small)
                  00001a7e    00000002     --HOLE-- [fill = 0]
                  00001a80    0000000c     ti_msp_dl_config.o (.text.DL_SYSCTL_getClockStatus)
                  00001a8c    0000000c     ti_msp_dl_config.o (.text.DL_SYSCTL_readFCC)
                  00001a98    0000000c     libclang_rt.builtins.a : aeabi_memset.S.obj (.text.__aeabi_memclr)
                  00001aa4    0000000a     driverlib.a : dl_common.o (.text.DL_Common_delayCycles)
                  00001aae    00000002     --HOLE-- [fill = 0]
                  00001ab0    00000008     libclang_rt.builtins.a : aeabi_memcpy.S.obj (.text.__aeabi_memcpy)
                  00001ab8    00000006     libc.a : exit.c.obj (.text:abort)
                  00001abe    00000004     startup_mspm0g350x_ticlang.o (.text.Default_Handler)
                  00001ac2    00000004     libsysbm.a : hostexit.c.obj (.text.HOSTexit)
                  00001ac6    00000004     startup_mspm0g350x_ticlang.o (.text.Reset_Handler)
                  00001aca    00000004     libc.a : pre_init.c.obj (.text._system_pre_init)
                  00001ace    00000002     --HOLE-- [fill = 0]

.cinit     0    00001b30    00000030     
                  00001b30    0000000c     (__TI_handler_table)
                  00001b3c    00000008     (.cinit..bss.load) [load image, compression = zero_init]
                  00001b44    00000008     (.cinit..data.load) [load image, compression = lzss]
                  00001b4c    00000010     (__TI_cinit_table)
                  00001b5c    00000004     --HOLE-- [fill = 0]

.rodata    0    00001ad0    00000060     
                  00001ad0    00000028     ti_msp_dl_config.o (.rodata.gSYSPLLConfig)
                  00001af8    0000000a     ti_msp_dl_config.o (.rodata.gDCC101_v1_2Config)
                  00001b02    0000000a     ti_msp_dl_config.o (.rodata.gDCC101_v1_3Config)
                  00001b0c    0000000a     ti_msp_dl_config.o (.rodata.gPRINTConfig)
                  00001b16    00000002     ti_msp_dl_config.o (.rodata.gDCC101_v1_2ClockConfig)
                  00001b18    00000008     ti_msp_dl_config.o (.rodata.gDCC_PWMConfig)
                  00001b20    00000003     ti_msp_dl_config.o (.rodata.gDCC_PWMClockConfig)
                  00001b23    00000002     ti_msp_dl_config.o (.rodata.gDCC101_v1_3ClockConfig)
                  00001b25    00000002     ti_msp_dl_config.o (.rodata.gOLEDClockConfig)
                  00001b27    00000002     ti_msp_dl_config.o (.rodata.gPRINTClockConfig)
                  00001b29    00000007     --HOLE-- [fill = 0]

.init_array 
*          0    00000000    00000000     UNINITIALIZED

.binit     0    00000000    00000000     

.bss       0    20200000    0000053c     UNINITIALIZED
                  20200000    00000480     (.common:OLED_GRAM)
                  20200480    000000bc     (.common:gDCC_PWMBackup)

.data      0    2020053c    0000006c     UNINITIALIZED
                  2020053c    00000032     main.o (.data.DCC_v1_2)
                  2020056e    00000032     main.o (.data.DCC_v1_3)
                  202005a0    00000001     bujin.o (.data.TIMA0_IRQHandler.btn2_cnt)
                  202005a1    00000001     bujin.o (.data.TIMA0_IRQHandler.btn2_last)
                  202005a2    00000001     bujin.o (.data.TIMA0_IRQHandler.btn2_stable)
                  202005a3    00000001     bujin.o (.data.TIMA0_IRQHandler.btn_cnt)
                  202005a4    00000001     bujin.o (.data.TIMA0_IRQHandler.btn_last)
                  202005a5    00000001     bujin.o (.data.TIMA0_IRQHandler.btn_stable)
                  202005a6    00000001     bujin2.o (.data.motor2_trigger)
                  202005a7    00000001     bujin.o (.data.motor_trigger)

.stack     0    20207e00    00000200     UNINITIALIZED
                  20207e00    00000004     libc.a : boot_cortex_m.c.obj (.stack)
                  20207e04    000001fc     --HOLE--

__llvm_prf_cnts 
*          0    20200000    00000000     UNINITIALIZED

__llvm_prf_bits 
*          0    20200000    00000000     UNINITIALIZED

MODULE SUMMARY

       Module                         code   ro data   rw data
       ------                         ----   -------   -------
    .\
       ti_msp_dl_config.o             2538   89        188    
       oled.o                         848    0         1152   
       bujin.o                        474    0         7      
       key.o                          354    0         0      
       main.o                         224    0         100    
       startup_mspm0g350x_ticlang.o   8      192       0      
       bujin2.o                       180    0         1      
       uart.o                         170    0         0      
       key2.o                         40     0         0      
       delay.o                        28     0         0      
    +--+------------------------------+------+---------+---------+
       Total:                         4864   281       1448   
                                                              
    C:/ti/mspm0_sdk_2_10_00_04/source/ti/driverlib/lib/ticlang/m0p/mspm0g1x0x_g3x0x/driverlib.a
       dl_sysctl_mspm0g1x0x_g3x0x.o   416    0         0      
       dl_timer.o                     356    0         0      
       dl_uart.o                      138    0         0      
       dl_i2c.o                       132    0         0      
       dl_common.o                    10     0         0      
    +--+------------------------------+------+---------+---------+
       Total:                         1052   0         0      
                                                              
    C:\ti\ccs2050\ccs\tools\compiler\ti-cgt-armllvm_4.0.4.LTS\lib\armv6m-ti-none-eabi/c/libc.a
       copy_decompress_lzss.c.obj     124    0         0      
       autoinit.c.obj                 60     0         0      
       boot_cortex_m.c.obj            40     0         0      
       copy_decompress_none.c.obj     18     0         0      
       memcpy16.S.obj                 18     0         0      
       copy_zero_init.c.obj           16     0         0      
       memset16.S.obj                 14     0         0      
       exit.c.obj                     6      0         0      
       pre_init.c.obj                 4      0         0      
    +--+------------------------------+------+---------+---------+
       Total:                         300    0         0      
                                                              
    C:\ti\ccs2050\ccs\tools\compiler\ti-cgt-armllvm_4.0.4.LTS\lib\armv6m-ti-none-eabi/c/libsysbm.a
       hostexit.c.obj                 4      0         0      
    +--+------------------------------+------+---------+---------+
       Total:                         4      0         0      
                                                              
    C:\ti\ccs2050\ccs\tools\compiler\ti-cgt-armllvm_4.0.4.LTS\lib\armv6m-ti-none-eabi/libclang_rt.builtins.a
       comparedf2.c.obj               220    0         0      
       aeabi_dcmp.S.obj               98     0         0      
       aeabi_uidivmod.S.obj           64     0         0      
       floatunsidf.S.obj              36     0         0      
       aeabi_memset.S.obj             12     0         0      
       aeabi_memcpy.S.obj             8      0         0      
       aeabi_div0.c.obj               2      0         0      
    +--+------------------------------+------+---------+---------+
       Total:                         440    0         0      
                                                              
       Stack:                         0      0         512    
       Linker Generated:              0      44        0      
    +--+------------------------------+------+---------+---------+
       Grand Total:                   6660   325       1960   


LINKER GENERATED COPY TABLES

__TI_cinit_table @ 00001b4c records: 2, size/record: 8, table size: 16
	.bss: load addr=00001b3c, load size=00000008 bytes, run addr=20200000, run size=0000053c bytes, compression=zero_init
	.data: load addr=00001b44, load size=00000008 bytes, run addr=2020053c, run size=0000006c bytes, compression=lzss


LINKER GENERATED HANDLER TABLE

__TI_handler_table @ 00001b30 records: 3, size/record: 4, table size: 12
	index: 0, handler: __TI_decompress_lzss
	index: 1, handler: __TI_decompress_none
	index: 2, handler: __TI_zero_init


GLOBAL SYMBOLS: SORTED ALPHABETICALLY BY Name 

address   name                                 
-------   ----                                 
00001abf  ADC0_IRQHandler                      
00001abf  ADC1_IRQHandler                      
00001abf  AES_IRQHandler                       
00001ac2  C$$EXIT                              
00001abf  CANFD0_IRQHandler                    
00001abf  DAC0_IRQHandler                      
2020053c  DCC_v1_2                             
2020056e  DCC_v1_3                             
00001aa5  DL_Common_delayCycles                
00000e75  DL_I2C_fillControllerTXFIFO          
000014d7  DL_I2C_setClockConfig                
000015dd  DL_SYSCTL_configFCC                  
000004b9  DL_SYSCTL_configSYSPLL               
00000ced  DL_SYSCTL_setHFCLKSourceHFXTParams   
000010e5  DL_SYSCTL_switchMCLKfromSYSOSCtoHSCLK
000001d5  DL_Timer_initFourCCPWMMode           
00001669  DL_Timer_setCaptCompUpdateMethod     
00001845  DL_Timer_setCaptureCompareOutCtl     
00001a51  DL_Timer_setCaptureCompareValue      
00001685  DL_Timer_setClockConfig              
0000100d  DL_UART_init                         
000019e9  DL_UART_setClockConfig               
00001331  DL_UART_transmitDataBlocking         
00001abf  DMA_IRQHandler                       
00001abf  Default_Handler                      
00001abf  GROUP0_IRQHandler                    
00001abf  GROUP1_IRQHandler                    
00001ac3  HOSTexit                             
00001abf  HardFault_Handler                    
00001abf  I2C0_IRQHandler                      
00001abf  I2C1_IRQHandler                      
00001abf  NMI_Handler                          
00000db5  OLED_Clear                           
00001261  OLED_ColorTurn                       
00001055  OLED_DisplayTurn                     
20200000  OLED_GRAM                            
000002d9  OLED_Init                            
000009c1  OLED_Refresh                         
00000ab9  OLED_WR_Byte                         
00001abf  PendSV_Handler                       
00001abf  RTC_IRQHandler                       
00001ac7  Reset_Handler                        
00001abf  SPI0_IRQHandler                      
00001abf  SPI1_IRQHandler                      
00001abf  SVC_Handler                          
00001129  SYSCFG_DL_DCC101_v1_2_init           
00001169  SYSCFG_DL_DCC101_v1_3_init           
00000c15  SYSCFG_DL_DCC_PWM_init               
00000595  SYSCFG_DL_GPIO_init                  
00000e15  SYSCFG_DL_OLED_init                  
0000109d  SYSCFG_DL_PRINT_init                 
000003d1  SYSCFG_DL_SYSCTL_SYSPLL_init         
00000b2d  SYSCFG_DL_SYSCTL_init                
00001361  SYSCFG_DL_init                       
00000935  SYSCFG_DL_initPower                  
00001abf  SysTick_Handler                      
000000c1  TIMA0_IRQHandler                     
00001abf  TIMA1_IRQHandler                     
00001abf  TIMG0_IRQHandler                     
00001abf  TIMG12_IRQHandler                    
00001abf  TIMG6_IRQHandler                     
00001abf  TIMG7_IRQHandler                     
00001abf  TIMG8_IRQHandler                     
000019fb  TI_memcpy_small                      
00001a71  TI_memset_small                      
00001295  UART0_IRQHandler                     
00001abf  UART1_IRQHandler                     
00001abf  UART2_IRQHandler                     
00001abf  UART3_IRQHandler                     
000012c9  UART_send_buffer                     
000016bd  UART_send_char                       
20208000  __STACK_END                          
00000200  __STACK_SIZE                         
00000000  __TI_ATRegion0_region_sz             
00000000  __TI_ATRegion0_src_addr              
00000000  __TI_ATRegion0_trg_addr              
00000000  __TI_ATRegion1_region_sz             
00000000  __TI_ATRegion1_src_addr              
00000000  __TI_ATRegion1_trg_addr              
00000000  __TI_ATRegion2_region_sz             
00000000  __TI_ATRegion2_src_addr              
00000000  __TI_ATRegion2_trg_addr              
00001b4c  __TI_CINIT_Base                      
00001b5c  __TI_CINIT_Limit                     
00001b5c  __TI_CINIT_Warm                      
00001b30  __TI_Handler_Table_Base              
00001b3c  __TI_Handler_Table_Limit             
00001225  __TI_auto_init_nobinit_nopinit       
00000a3d  __TI_decompress_lzss                 
00001a0d  __TI_decompress_none                 
ffffffff  __TI_pprof_out_hndl                  
ffffffff  __TI_prof_data_size                  
ffffffff  __TI_prof_data_start                 
00000000  __TI_static_base__                   
00001a61  __TI_zero_init                       
00000d51  __aeabi_dcmpeq                       
00000d8d  __aeabi_dcmpge                       
00000da1  __aeabi_dcmpgt                       
00000d79  __aeabi_dcmple                       
00000d65  __aeabi_dcmplt                       
00000db3  __aeabi_idiv0                        
00001a99  __aeabi_memclr                       
00001a99  __aeabi_memclr4                      
00001a99  __aeabi_memclr8                      
00001ab1  __aeabi_memcpy                       
00001ab1  __aeabi_memcpy4                      
00001ab1  __aeabi_memcpy8                      
00001521  __aeabi_ui2d                         
000011a9  __aeabi_uidiv                        
000011a9  __aeabi_uidivmod                     
ffffffff  __binit__                            
00000c85  __cmpdf2                             
00000c85  __eqdf2                              
00001521  __floatunsidf                        
00000ba1  __gedf2                              
00000ba1  __gtdf2                              
00000c85  __ledf2                              
00000c85  __ltdf2                              
UNDEFED   __mpu_init                           
00000c85  __nedf2                              
20207e00  __stack                              
20200000  __start___llvm_prf_bits              
20200000  __start___llvm_prf_cnts              
20200000  __stop___llvm_prf_bits               
20200000  __stop___llvm_prf_cnts               
00001489  _c_int00_noargs                      
UNDEFED   _system_post_cinit                   
00001acb  _system_pre_init                     
00001ab9  abort                                
ffffffff  binit                                
000016d9  delay_ms                             
00000671  dianji2_roll                         
00000725  dianji_roll                          
20200480  gDCC_PWMBackup                       
000012fd  get_key_state                        
00000000  interruptVectors                     
0000088d  key6_init                            
000019b1  key7_init                            
000007d9  main                                 
202005a6  motor2_trigger                       
202005a7  motor_trigger                        


GLOBAL SYMBOLS: SORTED BY Symbol Address 

address   name                                 
-------   ----                                 
00000000  __TI_ATRegion0_region_sz             
00000000  __TI_ATRegion0_src_addr              
00000000  __TI_ATRegion0_trg_addr              
00000000  __TI_ATRegion1_region_sz             
00000000  __TI_ATRegion1_src_addr              
00000000  __TI_ATRegion1_trg_addr              
00000000  __TI_ATRegion2_region_sz             
00000000  __TI_ATRegion2_src_addr              
00000000  __TI_ATRegion2_trg_addr              
00000000  __TI_static_base__                   
00000000  interruptVectors                     
000000c1  TIMA0_IRQHandler                     
000001d5  DL_Timer_initFourCCPWMMode           
00000200  __STACK_SIZE                         
000002d9  OLED_Init                            
000003d1  SYSCFG_DL_SYSCTL_SYSPLL_init         
000004b9  DL_SYSCTL_configSYSPLL               
00000595  SYSCFG_DL_GPIO_init                  
00000671  dianji2_roll                         
00000725  dianji_roll                          
000007d9  main                                 
0000088d  key6_init                            
00000935  SYSCFG_DL_initPower                  
000009c1  OLED_Refresh                         
00000a3d  __TI_decompress_lzss                 
00000ab9  OLED_WR_Byte                         
00000b2d  SYSCFG_DL_SYSCTL_init                
00000ba1  __gedf2                              
00000ba1  __gtdf2                              
00000c15  SYSCFG_DL_DCC_PWM_init               
00000c85  __cmpdf2                             
00000c85  __eqdf2                              
00000c85  __ledf2                              
00000c85  __ltdf2                              
00000c85  __nedf2                              
00000ced  DL_SYSCTL_setHFCLKSourceHFXTParams   
00000d51  __aeabi_dcmpeq                       
00000d65  __aeabi_dcmplt                       
00000d79  __aeabi_dcmple                       
00000d8d  __aeabi_dcmpge                       
00000da1  __aeabi_dcmpgt                       
00000db3  __aeabi_idiv0                        
00000db5  OLED_Clear                           
00000e15  SYSCFG_DL_OLED_init                  
00000e75  DL_I2C_fillControllerTXFIFO          
0000100d  DL_UART_init                         
00001055  OLED_DisplayTurn                     
0000109d  SYSCFG_DL_PRINT_init                 
000010e5  DL_SYSCTL_switchMCLKfromSYSOSCtoHSCLK
00001129  SYSCFG_DL_DCC101_v1_2_init           
00001169  SYSCFG_DL_DCC101_v1_3_init           
000011a9  __aeabi_uidiv                        
000011a9  __aeabi_uidivmod                     
00001225  __TI_auto_init_nobinit_nopinit       
00001261  OLED_ColorTurn                       
00001295  UART0_IRQHandler                     
000012c9  UART_send_buffer                     
000012fd  get_key_state                        
00001331  DL_UART_transmitDataBlocking         
00001361  SYSCFG_DL_init                       
00001489  _c_int00_noargs                      
000014d7  DL_I2C_setClockConfig                
00001521  __aeabi_ui2d                         
00001521  __floatunsidf                        
000015dd  DL_SYSCTL_configFCC                  
00001669  DL_Timer_setCaptCompUpdateMethod     
00001685  DL_Timer_setClockConfig              
000016bd  UART_send_char                       
000016d9  delay_ms                             
00001845  DL_Timer_setCaptureCompareOutCtl     
000019b1  key7_init                            
000019e9  DL_UART_setClockConfig               
000019fb  TI_memcpy_small                      
00001a0d  __TI_decompress_none                 
00001a51  DL_Timer_setCaptureCompareValue      
00001a61  __TI_zero_init                       
00001a71  TI_memset_small                      
00001a99  __aeabi_memclr                       
00001a99  __aeabi_memclr4                      
00001a99  __aeabi_memclr8                      
00001aa5  DL_Common_delayCycles                
00001ab1  __aeabi_memcpy                       
00001ab1  __aeabi_memcpy4                      
00001ab1  __aeabi_memcpy8                      
00001ab9  abort                                
00001abf  ADC0_IRQHandler                      
00001abf  ADC1_IRQHandler                      
00001abf  AES_IRQHandler                       
00001abf  CANFD0_IRQHandler                    
00001abf  DAC0_IRQHandler                      
00001abf  DMA_IRQHandler                       
00001abf  Default_Handler                      
00001abf  GROUP0_IRQHandler                    
00001abf  GROUP1_IRQHandler                    
00001abf  HardFault_Handler                    
00001abf  I2C0_IRQHandler                      
00001abf  I2C1_IRQHandler                      
00001abf  NMI_Handler                          
00001abf  PendSV_Handler                       
00001abf  RTC_IRQHandler                       
00001abf  SPI0_IRQHandler                      
00001abf  SPI1_IRQHandler                      
00001abf  SVC_Handler                          
00001abf  SysTick_Handler                      
00001abf  TIMA1_IRQHandler                     
00001abf  TIMG0_IRQHandler                     
00001abf  TIMG12_IRQHandler                    
00001abf  TIMG6_IRQHandler                     
00001abf  TIMG7_IRQHandler                     
00001abf  TIMG8_IRQHandler                     
00001abf  UART1_IRQHandler                     
00001abf  UART2_IRQHandler                     
00001abf  UART3_IRQHandler                     
00001ac2  C$$EXIT                              
00001ac3  HOSTexit                             
00001ac7  Reset_Handler                        
00001acb  _system_pre_init                     
00001b30  __TI_Handler_Table_Base              
00001b3c  __TI_Handler_Table_Limit             
00001b4c  __TI_CINIT_Base                      
00001b5c  __TI_CINIT_Limit                     
00001b5c  __TI_CINIT_Warm                      
20200000  OLED_GRAM                            
20200000  __start___llvm_prf_bits              
20200000  __start___llvm_prf_cnts              
20200000  __stop___llvm_prf_bits               
20200000  __stop___llvm_prf_cnts               
20200480  gDCC_PWMBackup                       
2020053c  DCC_v1_2                             
2020056e  DCC_v1_3                             
202005a6  motor2_trigger                       
202005a7  motor_trigger                        
20207e00  __stack                              
20208000  __STACK_END                          
ffffffff  __TI_pprof_out_hndl                  
ffffffff  __TI_prof_data_size                  
ffffffff  __TI_prof_data_start                 
ffffffff  __binit__                            
ffffffff  binit                                
UNDEFED   __mpu_init                           
UNDEFED   _system_post_cinit                   

[141 symbols]
