******************************************************************************
            TI ARM Clang Linker PC v4.0.4                      
******************************************************************************
>> Linked Thu Jul 16 21:29:03 2026

OUTPUT FILE NAME:   <DCC_101_v1.out>
ENTRY POINT SYMBOL: "_c_int00_noargs"  address: 000016ed


MEMORY CONFIGURATION

         name            origin    length      used     unused   attr    fill
----------------------  --------  ---------  --------  --------  ----  --------
  FLASH                 00000000   00020000  00001dd0  0001e230  R  X
  SRAM                  20200000   00008000  000007ed  00007813  RW X
  BCR_CONFIG            41c00000   000000ff  00000000  000000ff  R   
  BSL_CONFIG            41c00100   00000080  00000000  00000080  R   


SEGMENT ALLOCATION MAP

run origin  load origin   length   init length attrs members
----------  ----------- ---------- ----------- ----- -------
00000000    00000000    00001dd0   00001dd0    r-x
  00000000    00000000    000000c0   000000c0    r-- .intvecs
  000000c0    000000c0    00001c78   00001c78    r-x .text
  00001d38    00001d38    00000068   00000068    r-- .rodata
  00001da0    00001da0    00000030   00000030    r-- .cinit
20200000    20200000    000005ed   00000000    rw-
  20200000    20200000    0000057c   00000000    rw- .bss
  2020057c    2020057c    00000071   00000000    rw- .data
20207e00    20207e00    00000200   00000000    rw-
  20207e00    20207e00    00000200   00000000    rw- .stack


SECTION ALLOCATION MAP

 output                                  attributes/
section   page    origin      length       input sections
--------  ----  ----------  ----------   ----------------
.intvecs   0    00000000    000000c0     
                  00000000    000000c0     startup_mspm0g350x_ticlang.o (.intvecs)

.text      0    000000c0    00001c78     
                  000000c0    00000184     bujin.o (.text.TIMA0_IRQHandler)
                  00000244    0000017c     main.o (.text.main)
                  000003c0    00000104     driverlib.a : dl_timer.o (.text.DL_Timer_initFourCCPWMMode)
                  000004c4    00000104     ti_msp_dl_config.o (.text.SYSCFG_DL_GPIO_init)
                  000005c8    000000f8     oled.o (.text.OLED_Init)
                  000006c0    000000e8     ti_msp_dl_config.o (.text.SYSCFG_DL_SYSCTL_SYSPLL_init)
                  000007a8    000000dc     driverlib.a : dl_sysctl_mspm0g1x0x_g3x0x.o (.text.DL_SYSCTL_configSYSPLL)
                  00000884    000000cc     uart.o (.text.UART3_IRQHandler)
                  00000950    000000b4     bujin2.o (.text.dianji2_roll)
                  00000a04    000000b4     bujin.o (.text.dianji_roll)
                  00000ab8    000000a8     key.o (.text.key6_init)
                  00000b60    000000a0     ti_msp_dl_config.o (.text.SYSCFG_DL_initPower)
                  00000c00    0000007c     oled.o (.text.OLED_Refresh)
                  00000c7c    0000007c     libc.a : copy_decompress_lzss.c.obj (.text:decompress:lzss)
                  00000cf8    00000074     oled.o (.text.OLED_WR_Byte)
                  00000d6c    00000074     ti_msp_dl_config.o (.text.SYSCFG_DL_SYSCTL_init)
                  00000de0    00000074     libclang_rt.builtins.a : comparedf2.c.obj (.text.__gedf2)
                  00000e54    00000070     ti_msp_dl_config.o (.text.SYSCFG_DL_DCC_PWM_init)
                  00000ec4    00000068     libclang_rt.builtins.a : comparedf2.c.obj (.text.__ledf2)
                  00000f2c    00000064     driverlib.a : dl_sysctl_mspm0g1x0x_g3x0x.o (.text.DL_SYSCTL_setHFCLKSourceHFXTParams)
                  00000f90    00000062     libclang_rt.builtins.a : aeabi_dcmp.S.obj (.text.__aeabi_dcmp)
                  00000ff2    00000002                            : aeabi_div0.c.obj (.text.__aeabi_idiv0)
                  00000ff4    00000060     oled.o (.text.OLED_Clear)
                  00001054    00000060     ti_msp_dl_config.o (.text.SYSCFG_DL_OLED_init)
                  000010b4    0000005e     driverlib.a : dl_i2c.o (.text.DL_I2C_fillControllerTXFIFO)
                  00001112    00000002     --HOLE-- [fill = 0]
                  00001114    00000050     ti_msp_dl_config.o (.text.DL_GPIO_initPeripheralInputFunctionFeatures)
                  00001164    00000050     oled.o (.text.DL_I2C_startControllerTransfer)
                  000011b4    0000004c     ti_msp_dl_config.o (.text.DL_GPIO_initDigitalInputFeatures)
                  00001200    0000004c     ti_msp_dl_config.o (.text.DL_UART_setBaudRateDivisor)
                  0000124c    00000048     driverlib.a : dl_uart.o (.text.DL_UART_init)
                  00001294    00000048     oled.o (.text.OLED_DisplayTurn)
                  000012dc    00000048     ti_msp_dl_config.o (.text.SYSCFG_DL_K230_init)
                  00001324    00000048     ti_msp_dl_config.o (.text.SYSCFG_DL_PRINT_init)
                  0000136c    00000044     driverlib.a : dl_sysctl_mspm0g1x0x_g3x0x.o (.text.DL_SYSCTL_switchMCLKfromSYSOSCtoHSCLK)
                  000013b0    00000040     ti_msp_dl_config.o (.text.SYSCFG_DL_DCC101_v1_2_init)
                  000013f0    00000040     ti_msp_dl_config.o (.text.SYSCFG_DL_DCC101_v1_3_init)
                  00001430    00000040     ti_msp_dl_config.o (.text.SYSCFG_DL_init)
                  00001470    00000040     libclang_rt.builtins.a : aeabi_uidivmod.S.obj (.text.__aeabi_uidivmod)
                  000014b0    0000003c     ti_msp_dl_config.o (.text.DL_Timer_setCounterControl)
                  000014ec    0000003c     libc.a : autoinit.c.obj (.text:__TI_auto_init_nobinit_nopinit)
                  00001528    00000034     oled.o (.text.OLED_ColorTurn)
                  0000155c    00000034     uart.o (.text.UART_send_buffer)
                  00001590    00000034     key.o (.text.get_key_state)
                  000015c4    00000030     driverlib.a : dl_uart.o (.text.DL_UART_transmitDataBlocking)
                  000015f4    0000002c     key.o (.text.__NVIC_EnableIRQ)
                  00001620    0000002c     main.o (.text.__NVIC_EnableIRQ)
                  0000164c    00000028     oled.o (.text.DL_Common_updateReg)
                  00001674    00000028     ti_msp_dl_config.o (.text.DL_Common_updateReg)
                  0000169c    00000028     ti_msp_dl_config.o (.text.DL_I2C_setControllerRXFIFOThreshold)
                  000016c4    00000028     ti_msp_dl_config.o (.text.DL_I2C_setControllerTXFIFOThreshold)
                  000016ec    00000028     libc.a : boot_cortex_m.c.obj (.text:_c_int00_noargs)
                  00001714    00000026     ti_msp_dl_config.o (.text.DL_I2C_setAnalogGlitchFilterPulseWidth)
                  0000173a    00000026     driverlib.a : dl_i2c.o (.text.DL_I2C_setClockConfig)
                  00001760    00000024     ti_msp_dl_config.o (.text.DL_I2C_setDigitalGlitchFilterPulseWidth)
                  00001784    00000024     libclang_rt.builtins.a : floatunsidf.S.obj (.text.__floatunsidf)
                  000017a8    00000020     ti_msp_dl_config.o (.text.DL_GPIO_initPeripheralInputFunction)
                  000017c8    00000020     ti_msp_dl_config.o (.text.DL_SYSCTL_setFlashWaitState)
                  000017e8    0000001e     ti_msp_dl_config.o (.text.DL_UART_setOversampling)
                  00001806    00000002     --HOLE-- [fill = 0]
                  00001808    0000001c     ti_msp_dl_config.o (.text.DL_GPIO_enableHiZ)
                  00001824    0000001c     ti_msp_dl_config.o (.text.DL_GPIO_initPeripheralOutputFunction)
                  00001840    0000001c     driverlib.a : dl_sysctl_mspm0g1x0x_g3x0x.o (.text.DL_SYSCTL_configFCC)
                  0000185c    0000001c     ti_msp_dl_config.o (.text.DL_SYSCTL_setFCCPeriods)
                  00001878    0000001c     ti_msp_dl_config.o (.text.DL_SYSCTL_setSYSOSCFreq)
                  00001894    0000001c     ti_msp_dl_config.o (.text.DL_SYSCTL_setULPCLKDivider)
                  000018b0    0000001c     ti_msp_dl_config.o (.text.DL_Timer_enableInterrupt)
                  000018cc    0000001c     driverlib.a : dl_timer.o (.text.DL_Timer_setCaptCompUpdateMethod)
                  000018e8    0000001c                 : dl_timer.o (.text.DL_Timer_setClockConfig)
                  00001904    0000001c     ti_msp_dl_config.o (.text.DL_UART_enableInterrupt)
                  00001920    0000001c     uart.o (.text.UART_send_char)
                  0000193c    0000001c     delay.o (.text.delay_ms)
                  00001958    00000018     ti_msp_dl_config.o (.text.DL_GPIO_enableOutput)
                  00001970    00000018     ti_msp_dl_config.o (.text.DL_GPIO_enablePower)
                  00001988    00000018     ti_msp_dl_config.o (.text.DL_GPIO_initDigitalOutput)
                  000019a0    00000018     ti_msp_dl_config.o (.text.DL_GPIO_initPeripheralAnalogFunction)
                  000019b8    00000018     ti_msp_dl_config.o (.text.DL_GPIO_reset)
                  000019d0    00000018     ti_msp_dl_config.o (.text.DL_I2C_enableAnalogGlitchFilter)
                  000019e8    00000018     ti_msp_dl_config.o (.text.DL_I2C_enableController)
                  00001a00    00000018     ti_msp_dl_config.o (.text.DL_I2C_enableControllerClockStretching)
                  00001a18    00000018     ti_msp_dl_config.o (.text.DL_I2C_enablePower)
                  00001a30    00000018     ti_msp_dl_config.o (.text.DL_I2C_reset)
                  00001a48    00000018     ti_msp_dl_config.o (.text.DL_I2C_setTimerPeriod)
                  00001a60    00000018     ti_msp_dl_config.o (.text.DL_SYSCTL_setBORThreshold)
                  00001a78    00000018     ti_msp_dl_config.o (.text.DL_Timer_enablePower)
                  00001a90    00000018     ti_msp_dl_config.o (.text.DL_Timer_reset)
                  00001aa8    00000018     driverlib.a : dl_timer.o (.text.DL_Timer_setCaptureCompareOutCtl)
                  00001ac0    00000018     key.o (.text.DL_Timer_setLoadValue)
                  00001ad8    00000018     key.o (.text.DL_Timer_startCounter)
                  00001af0    00000018     ti_msp_dl_config.o (.text.DL_UART_enablePower)
                  00001b08    00000018     ti_msp_dl_config.o (.text.DL_UART_reset)
                  00001b20    00000016     key.o (.text.DL_GPIO_readPins)
                  00001b36    00000016     ti_msp_dl_config.o (.text.DL_UART_enable)
                  00001b4c    00000014     key.o (.text.DL_GPIO_clearPins)
                  00001b60    00000014     key2.o (.text.DL_GPIO_clearPins)
                  00001b74    00000014     ti_msp_dl_config.o (.text.DL_GPIO_clearPins)
                  00001b88    00000014     oled.o (.text.DL_I2C_getControllerStatus)
                  00001b9c    00000014     ti_msp_dl_config.o (.text.DL_I2C_resetControllerTransfer)
                  00001bb0    00000014     ti_msp_dl_config.o (.text.DL_SYSCTL_disableSYSPLL)
                  00001bc4    00000014     ti_msp_dl_config.o (.text.DL_SYSCTL_enableSYSPLL)
                  00001bd8    00000014     ti_msp_dl_config.o (.text.DL_Timer_enableClock)
                  00001bec    00000014     ti_msp_dl_config.o (.text.DL_Timer_setCCPDirection)
                  00001c00    00000014     uart.o (.text.DL_UART_receiveData)
                  00001c14    00000014     key2.o (.text.key7_init)
                  00001c28    00000012     bujin.o (.text.DL_Timer_getPendingInterrupt)
                  00001c3a    00000012     uart.o (.text.DL_UART_getPendingInterrupt)
                  00001c4c    00000012     driverlib.a : dl_uart.o (.text.DL_UART_setClockConfig)
                  00001c5e    00000012     libc.a : memcpy16.S.obj (.text:TI_memcpy_small)
                  00001c70    00000012            : copy_decompress_none.c.obj (.text:decompress:none)
                  00001c82    00000002     --HOLE-- [fill = 0]
                  00001c84    00000010     ti_msp_dl_config.o (.text.DL_SYSCTL_disableHFXT)
                  00001c94    00000010     ti_msp_dl_config.o (.text.DL_SYSCTL_isFCCDone)
                  00001ca4    00000010     ti_msp_dl_config.o (.text.DL_SYSCTL_startFCC)
                  00001cb4    00000010     driverlib.a : dl_timer.o (.text.DL_Timer_setCaptureCompareValue)
                  00001cc4    00000010     libc.a : copy_zero_init.c.obj (.text:decompress:ZI)
                  00001cd4    0000000e            : memset16.S.obj (.text:TI_memset_small)
                  00001ce2    00000002     --HOLE-- [fill = 0]
                  00001ce4    0000000c     ti_msp_dl_config.o (.text.DL_SYSCTL_getClockStatus)
                  00001cf0    0000000c     ti_msp_dl_config.o (.text.DL_SYSCTL_readFCC)
                  00001cfc    0000000c     libclang_rt.builtins.a : aeabi_memset.S.obj (.text.__aeabi_memclr)
                  00001d08    0000000a     driverlib.a : dl_common.o (.text.DL_Common_delayCycles)
                  00001d12    00000002     --HOLE-- [fill = 0]
                  00001d14    00000008     libclang_rt.builtins.a : aeabi_memcpy.S.obj (.text.__aeabi_memcpy)
                  00001d1c    00000006     libc.a : exit.c.obj (.text:abort)
                  00001d22    00000004     startup_mspm0g350x_ticlang.o (.text.Default_Handler)
                  00001d26    00000004     libsysbm.a : hostexit.c.obj (.text.HOSTexit)
                  00001d2a    00000004     startup_mspm0g350x_ticlang.o (.text.Reset_Handler)
                  00001d2e    00000004     libc.a : pre_init.c.obj (.text._system_pre_init)
                  00001d32    00000006     --HOLE-- [fill = 0]

.cinit     0    00001da0    00000030     
                  00001da0    0000000c     (__TI_handler_table)
                  00001dac    00000008     (.cinit..bss.load) [load image, compression = zero_init]
                  00001db4    00000008     (.cinit..data.load) [load image, compression = lzss]
                  00001dbc    00000010     (__TI_cinit_table)
                  00001dcc    00000004     --HOLE-- [fill = 0]

.rodata    0    00001d38    00000068     
                  00001d38    00000028     ti_msp_dl_config.o (.rodata.gSYSPLLConfig)
                  00001d60    0000000a     ti_msp_dl_config.o (.rodata.gDCC101_v1_2Config)
                  00001d6a    0000000a     ti_msp_dl_config.o (.rodata.gDCC101_v1_3Config)
                  00001d74    0000000a     ti_msp_dl_config.o (.rodata.gK230Config)
                  00001d7e    0000000a     ti_msp_dl_config.o (.rodata.gPRINTConfig)
                  00001d88    00000008     ti_msp_dl_config.o (.rodata.gDCC_PWMConfig)
                  00001d90    00000003     ti_msp_dl_config.o (.rodata.gDCC_PWMClockConfig)
                  00001d93    00000002     ti_msp_dl_config.o (.rodata.gDCC101_v1_2ClockConfig)
                  00001d95    00000002     ti_msp_dl_config.o (.rodata.gDCC101_v1_3ClockConfig)
                  00001d97    00000002     ti_msp_dl_config.o (.rodata.gK230ClockConfig)
                  00001d99    00000002     ti_msp_dl_config.o (.rodata.gOLEDClockConfig)
                  00001d9b    00000002     ti_msp_dl_config.o (.rodata.gPRINTClockConfig)
                  00001d9d    00000003     --HOLE-- [fill = 0]

.init_array 
*          0    00000000    00000000     UNINITIALIZED

.binit     0    00000000    00000000     

.bss       0    20200000    0000057c     UNINITIALIZED
                  20200000    00000480     (.common:OLED_GRAM)
                  20200480    000000bc     (.common:gDCC_PWMBackup)
                  2020053c    00000030     (.common:gK230Backup)
                  2020056c    00000008     uart.o (.bss.rx_buf)
                  20200574    00000002     (.common:pulse_x)
                  20200576    00000002     (.common:pulse_y)
                  20200578    00000001     (.common:bujin_x)
                  20200579    00000001     (.common:bujin_y)
                  2020057a    00000001     (.common:dir_x)
                  2020057b    00000001     (.common:dir_y)

.data      0    2020057c    00000071     UNINITIALIZED
                  2020057c    00000032     main.o (.data.DCC_v1_2)
                  202005ae    00000032     main.o (.data.DCC_v1_3)
                  202005e0    00000001     bujin.o (.data.TIMA0_IRQHandler.btn2_cnt)
                  202005e1    00000001     bujin.o (.data.TIMA0_IRQHandler.btn2_stable)
                  202005e2    00000001     bujin.o (.data.TIMA0_IRQHandler.btn3_cnt)
                  202005e3    00000001     bujin.o (.data.TIMA0_IRQHandler.btn3_stable)
                  202005e4    00000001     bujin.o (.data.TIMA0_IRQHandler.btn4_cnt)
                  202005e5    00000001     bujin.o (.data.TIMA0_IRQHandler.btn4_stable)
                  202005e6    00000001     bujin.o (.data.TIMA0_IRQHandler.btn_cnt)
                  202005e7    00000001     bujin.o (.data.TIMA0_IRQHandler.btn_stable)
                  202005e8    00000001     bujin.o (.data.motor1_forward_active)
                  202005e9    00000001     bujin.o (.data.motor1_reverse_active)
                  202005ea    00000001     bujin2.o (.data.motor2_forward_active)
                  202005eb    00000001     bujin2.o (.data.motor2_reverse_active)
                  202005ec    00000001     uart.o (.data.rx_idx)

.stack     0    20207e00    00000200     UNINITIALIZED
                  20207e00    00000004     libc.a : boot_cortex_m.c.obj (.stack)
                  20207e04    000001fc     --HOLE--

__llvm_prf_cnts 
*          0    20200000    00000000     UNINITIALIZED

__llvm_prf_bits 
*          0    20200000    00000000     UNINITIALIZED

MODULE SUMMARY

       Module                         code   ro data   rw data
       ------                         ----   -------   -------
    .\
       ti_msp_dl_config.o             2686   101       236    
       oled.o                         848    0         1152   
       bujin.o                        586    0         10     
       main.o                         424    0         108    
       key.o                          354    0         0      
       uart.o                         322    0         9      
       startup_mspm0g350x_ticlang.o   8      192       0      
       bujin2.o                       180    0         2      
       key2.o                         40     0         0      
       delay.o                        28     0         0      
    +--+------------------------------+------+---------+---------+
       Total:                         5476   293       1517   
                                                              
    C:/ti/mspm0_sdk_2_10_00_04/source/ti/driverlib/lib/ticlang/m0p/mspm0g1x0x_g3x0x/driverlib.a
       dl_sysctl_mspm0g1x0x_g3x0x.o   416    0         0      
       dl_timer.o                     356    0         0      
       dl_uart.o                      138    0         0      
       dl_i2c.o                       132    0         0      
       dl_common.o                    10     0         0      
    +--+------------------------------+------+---------+---------+
       Total:                         1052   0         0      
                                                              
    C:\ti\ccs2050\ccs\tools\compiler\ti-cgt-armllvm_4.0.4.LTS\lib\armv6m-ti-none-eabi/c/libc.a
       copy_decompress_lzss.c.obj     124    0         0      
       autoinit.c.obj                 60     0         0      
       boot_cortex_m.c.obj            40     0         0      
       copy_decompress_none.c.obj     18     0         0      
       memcpy16.S.obj                 18     0         0      
       copy_zero_init.c.obj           16     0         0      
       memset16.S.obj                 14     0         0      
       exit.c.obj                     6      0         0      
       pre_init.c.obj                 4      0         0      
    +--+------------------------------+------+---------+---------+
       Total:                         300    0         0      
                                                              
    C:\ti\ccs2050\ccs\tools\compiler\ti-cgt-armllvm_4.0.4.LTS\lib\armv6m-ti-none-eabi/c/libsysbm.a
       hostexit.c.obj                 4      0         0      
    +--+------------------------------+------+---------+---------+
       Total:                         4      0         0      
                                                              
    C:\ti\ccs2050\ccs\tools\compiler\ti-cgt-armllvm_4.0.4.LTS\lib\armv6m-ti-none-eabi/libclang_rt.builtins.a
       comparedf2.c.obj               220    0         0      
       aeabi_dcmp.S.obj               98     0         0      
       aeabi_uidivmod.S.obj           64     0         0      
       floatunsidf.S.obj              36     0         0      
       aeabi_memset.S.obj             12     0         0      
       aeabi_memcpy.S.obj             8      0         0      
       aeabi_div0.c.obj               2      0         0      
    +--+------------------------------+------+---------+---------+
       Total:                         440    0         0      
                                                              
       Stack:                         0      0         512    
       Linker Generated:              0      44        0      
    +--+------------------------------+------+---------+---------+
       Grand Total:                   7272   337       2029   


LINKER GENERATED COPY TABLES

__TI_cinit_table @ 00001dbc records: 2, size/record: 8, table size: 16
	.bss: load addr=00001dac, load size=00000008 bytes, run addr=20200000, run size=0000057c bytes, compression=zero_init
	.data: load addr=00001db4, load size=00000008 bytes, run addr=2020057c, run size=00000071 bytes, compression=lzss


LINKER GENERATED HANDLER TABLE

__TI_handler_table @ 00001da0 records: 3, size/record: 4, table size: 12
	index: 0, handler: __TI_decompress_lzss
	index: 1, handler: __TI_decompress_none
	index: 2, handler: __TI_zero_init


GLOBAL SYMBOLS: SORTED ALPHABETICALLY BY Name 

address   name                                 
-------   ----                                 
00001d23  ADC0_IRQHandler                      
00001d23  ADC1_IRQHandler                      
00001d23  AES_IRQHandler                       
00001d26  C$$EXIT                              
00001d23  CANFD0_IRQHandler                    
00001d23  DAC0_IRQHandler                      
2020057c  DCC_v1_2                             
202005ae  DCC_v1_3                             
00001d09  DL_Common_delayCycles                
000010b5  DL_I2C_fillControllerTXFIFO          
0000173b  DL_I2C_setClockConfig                
00001841  DL_SYSCTL_configFCC                  
000007a9  DL_SYSCTL_configSYSPLL               
00000f2d  DL_SYSCTL_setHFCLKSourceHFXTParams   
0000136d  DL_SYSCTL_switchMCLKfromSYSOSCtoHSCLK
000003c1  DL_Timer_initFourCCPWMMode           
000018cd  DL_Timer_setCaptCompUpdateMethod     
00001aa9  DL_Timer_setCaptureCompareOutCtl     
00001cb5  DL_Timer_setCaptureCompareValue      
000018e9  DL_Timer_setClockConfig              
0000124d  DL_UART_init                         
00001c4d  DL_UART_setClockConfig               
000015c5  DL_UART_transmitDataBlocking         
00001d23  DMA_IRQHandler                       
00001d23  Default_Handler                      
00001d23  GROUP0_IRQHandler                    
00001d23  GROUP1_IRQHandler                    
00001d27  HOSTexit                             
00001d23  HardFault_Handler                    
00001d23  I2C0_IRQHandler                      
00001d23  I2C1_IRQHandler                      
00001d23  NMI_Handler                          
00000ff5  OLED_Clear                           
00001529  OLED_ColorTurn                       
00001295  OLED_DisplayTurn                     
20200000  OLED_GRAM                            
000005c9  OLED_Init                            
00000c01  OLED_Refresh                         
00000cf9  OLED_WR_Byte                         
00001d23  PendSV_Handler                       
00001d23  RTC_IRQHandler                       
00001d2b  Reset_Handler                        
00001d23  SPI0_IRQHandler                      
00001d23  SPI1_IRQHandler                      
00001d23  SVC_Handler                          
000013b1  SYSCFG_DL_DCC101_v1_2_init           
000013f1  SYSCFG_DL_DCC101_v1_3_init           
00000e55  SYSCFG_DL_DCC_PWM_init               
000004c5  SYSCFG_DL_GPIO_init                  
000012dd  SYSCFG_DL_K230_init                  
00001055  SYSCFG_DL_OLED_init                  
00001325  SYSCFG_DL_PRINT_init                 
000006c1  SYSCFG_DL_SYSCTL_SYSPLL_init         
00000d6d  SYSCFG_DL_SYSCTL_init                
00001431  SYSCFG_DL_init                       
00000b61  SYSCFG_DL_initPower                  
00001d23  SysTick_Handler                      
000000c1  TIMA0_IRQHandler                     
00001d23  TIMA1_IRQHandler                     
00001d23  TIMG0_IRQHandler                     
00001d23  TIMG12_IRQHandler                    
00001d23  TIMG6_IRQHandler                     
00001d23  TIMG7_IRQHandler                     
00001d23  TIMG8_IRQHandler                     
00001c5f  TI_memcpy_small                      
00001cd5  TI_memset_small                      
00001d23  UART0_IRQHandler                     
00001d23  UART1_IRQHandler                     
00001d23  UART2_IRQHandler                     
00000885  UART3_IRQHandler                     
0000155d  UART_send_buffer                     
00001921  UART_send_char                       
20208000  __STACK_END                          
00000200  __STACK_SIZE                         
00000000  __TI_ATRegion0_region_sz             
00000000  __TI_ATRegion0_src_addr              
00000000  __TI_ATRegion0_trg_addr              
00000000  __TI_ATRegion1_region_sz             
00000000  __TI_ATRegion1_src_addr              
00000000  __TI_ATRegion1_trg_addr              
00000000  __TI_ATRegion2_region_sz             
00000000  __TI_ATRegion2_src_addr              
00000000  __TI_ATRegion2_trg_addr              
00001dbc  __TI_CINIT_Base                      
00001dcc  __TI_CINIT_Limit                     
00001dcc  __TI_CINIT_Warm                      
00001da0  __TI_Handler_Table_Base              
00001dac  __TI_Handler_Table_Limit             
000014ed  __TI_auto_init_nobinit_nopinit       
00000c7d  __TI_decompress_lzss                 
00001c71  __TI_decompress_none                 
ffffffff  __TI_pprof_out_hndl                  
ffffffff  __TI_prof_data_size                  
ffffffff  __TI_prof_data_start                 
00000000  __TI_static_base__                   
00001cc5  __TI_zero_init                       
00000f91  __aeabi_dcmpeq                       
00000fcd  __aeabi_dcmpge                       
00000fe1  __aeabi_dcmpgt                       
00000fb9  __aeabi_dcmple                       
00000fa5  __aeabi_dcmplt                       
00000ff3  __aeabi_idiv0                        
00001cfd  __aeabi_memclr                       
00001cfd  __aeabi_memclr4                      
00001cfd  __aeabi_memclr8                      
00001d15  __aeabi_memcpy                       
00001d15  __aeabi_memcpy4                      
00001d15  __aeabi_memcpy8                      
00001785  __aeabi_ui2d                         
00001471  __aeabi_uidiv                        
00001471  __aeabi_uidivmod                     
ffffffff  __binit__                            
00000ec5  __cmpdf2                             
00000ec5  __eqdf2                              
00001785  __floatunsidf                        
00000de1  __gedf2                              
00000de1  __gtdf2                              
00000ec5  __ledf2                              
00000ec5  __ltdf2                              
UNDEFED   __mpu_init                           
00000ec5  __nedf2                              
20207e00  __stack                              
20200000  __start___llvm_prf_bits              
20200000  __start___llvm_prf_cnts              
20200000  __stop___llvm_prf_bits               
20200000  __stop___llvm_prf_cnts               
000016ed  _c_int00_noargs                      
UNDEFED   _system_post_cinit                   
00001d2f  _system_pre_init                     
00001d1d  abort                                
ffffffff  binit                                
20200578  bujin_x                              
20200579  bujin_y                              
0000193d  delay_ms                             
00000951  dianji2_roll                         
00000a05  dianji_roll                          
2020057a  dir_x                                
2020057b  dir_y                                
20200480  gDCC_PWMBackup                       
2020053c  gK230Backup                          
00001591  get_key_state                        
00000000  interruptVectors                     
00000ab9  key6_init                            
00001c15  key7_init                            
00000245  main                                 
202005e8  motor1_forward_active                
202005e9  motor1_reverse_active                
202005ea  motor2_forward_active                
202005eb  motor2_reverse_active                
20200574  pulse_x                              
20200576  pulse_y                              


GLOBAL SYMBOLS: SORTED BY Symbol Address 

address   name                                 
-------   ----                                 
00000000  __TI_ATRegion0_region_sz             
00000000  __TI_ATRegion0_src_addr              
00000000  __TI_ATRegion0_trg_addr              
00000000  __TI_ATRegion1_region_sz             
00000000  __TI_ATRegion1_src_addr              
00000000  __TI_ATRegion1_trg_addr              
00000000  __TI_ATRegion2_region_sz             
00000000  __TI_ATRegion2_src_addr              
00000000  __TI_ATRegion2_trg_addr              
00000000  __TI_static_base__                   
00000000  interruptVectors                     
000000c1  TIMA0_IRQHandler                     
00000200  __STACK_SIZE                         
00000245  main                                 
000003c1  DL_Timer_initFourCCPWMMode           
000004c5  SYSCFG_DL_GPIO_init                  
000005c9  OLED_Init                            
000006c1  SYSCFG_DL_SYSCTL_SYSPLL_init         
000007a9  DL_SYSCTL_configSYSPLL               
00000885  UART3_IRQHandler                     
00000951  dianji2_roll                         
00000a05  dianji_roll                          
00000ab9  key6_init                            
00000b61  SYSCFG_DL_initPower                  
00000c01  OLED_Refresh                         
00000c7d  __TI_decompress_lzss                 
00000cf9  OLED_WR_Byte                         
00000d6d  SYSCFG_DL_SYSCTL_init                
00000de1  __gedf2                              
00000de1  __gtdf2                              
00000e55  SYSCFG_DL_DCC_PWM_init               
00000ec5  __cmpdf2                             
00000ec5  __eqdf2                              
00000ec5  __ledf2                              
00000ec5  __ltdf2                              
00000ec5  __nedf2                              
00000f2d  DL_SYSCTL_setHFCLKSourceHFXTParams   
00000f91  __aeabi_dcmpeq                       
00000fa5  __aeabi_dcmplt                       
00000fb9  __aeabi_dcmple                       
00000fcd  __aeabi_dcmpge                       
00000fe1  __aeabi_dcmpgt                       
00000ff3  __aeabi_idiv0                        
00000ff5  OLED_Clear                           
00001055  SYSCFG_DL_OLED_init                  
000010b5  DL_I2C_fillControllerTXFIFO          
0000124d  DL_UART_init                         
00001295  OLED_DisplayTurn                     
000012dd  SYSCFG_DL_K230_init                  
00001325  SYSCFG_DL_PRINT_init                 
0000136d  DL_SYSCTL_switchMCLKfromSYSOSCtoHSCLK
000013b1  SYSCFG_DL_DCC101_v1_2_init           
000013f1  SYSCFG_DL_DCC101_v1_3_init           
00001431  SYSCFG_DL_init                       
00001471  __aeabi_uidiv                        
00001471  __aeabi_uidivmod                     
000014ed  __TI_auto_init_nobinit_nopinit       
00001529  OLED_ColorTurn                       
0000155d  UART_send_buffer                     
00001591  get_key_state                        
000015c5  DL_UART_transmitDataBlocking         
000016ed  _c_int00_noargs                      
0000173b  DL_I2C_setClockConfig                
00001785  __aeabi_ui2d                         
00001785  __floatunsidf                        
00001841  DL_SYSCTL_configFCC                  
000018cd  DL_Timer_setCaptCompUpdateMethod     
000018e9  DL_Timer_setClockConfig              
00001921  UART_send_char                       
0000193d  delay_ms                             
00001aa9  DL_Timer_setCaptureCompareOutCtl     
00001c15  key7_init                            
00001c4d  DL_UART_setClockConfig               
00001c5f  TI_memcpy_small                      
00001c71  __TI_decompress_none                 
00001cb5  DL_Timer_setCaptureCompareValue      
00001cc5  __TI_zero_init                       
00001cd5  TI_memset_small                      
00001cfd  __aeabi_memclr                       
00001cfd  __aeabi_memclr4                      
00001cfd  __aeabi_memclr8                      
00001d09  DL_Common_delayCycles                
00001d15  __aeabi_memcpy                       
00001d15  __aeabi_memcpy4                      
00001d15  __aeabi_memcpy8                      
00001d1d  abort                                
00001d23  ADC0_IRQHandler                      
00001d23  ADC1_IRQHandler                      
00001d23  AES_IRQHandler                       
00001d23  CANFD0_IRQHandler                    
00001d23  DAC0_IRQHandler                      
00001d23  DMA_IRQHandler                       
00001d23  Default_Handler                      
00001d23  GROUP0_IRQHandler                    
00001d23  GROUP1_IRQHandler                    
00001d23  HardFault_Handler                    
00001d23  I2C0_IRQHandler                      
00001d23  I2C1_IRQHandler                      
00001d23  NMI_Handler                          
00001d23  PendSV_Handler                       
00001d23  RTC_IRQHandler                       
00001d23  SPI0_IRQHandler                      
00001d23  SPI1_IRQHandler                      
00001d23  SVC_Handler                          
00001d23  SysTick_Handler                      
00001d23  TIMA1_IRQHandler                     
00001d23  TIMG0_IRQHandler                     
00001d23  TIMG12_IRQHandler                    
00001d23  TIMG6_IRQHandler                     
00001d23  TIMG7_IRQHandler                     
00001d23  TIMG8_IRQHandler                     
00001d23  UART0_IRQHandler                     
00001d23  UART1_IRQHandler                     
00001d23  UART2_IRQHandler                     
00001d26  C$$EXIT                              
00001d27  HOSTexit                             
00001d2b  Reset_Handler                        
00001d2f  _system_pre_init                     
00001da0  __TI_Handler_Table_Base              
00001dac  __TI_Handler_Table_Limit             
00001dbc  __TI_CINIT_Base                      
00001dcc  __TI_CINIT_Limit                     
00001dcc  __TI_CINIT_Warm                      
20200000  OLED_GRAM                            
20200000  __start___llvm_prf_bits              
20200000  __start___llvm_prf_cnts              
20200000  __stop___llvm_prf_bits               
20200000  __stop___llvm_prf_cnts               
20200480  gDCC_PWMBackup                       
2020053c  gK230Backup                          
20200574  pulse_x                              
20200576  pulse_y                              
20200578  bujin_x                              
20200579  bujin_y                              
2020057a  dir_x                                
2020057b  dir_y                                
2020057c  DCC_v1_2                             
202005ae  DCC_v1_3                             
202005e8  motor1_forward_active                
202005e9  motor1_reverse_active                
202005ea  motor2_forward_active                
202005eb  motor2_reverse_active                
20207e00  __stack                              
20208000  __STACK_END                          
ffffffff  __TI_pprof_out_hndl                  
ffffffff  __TI_prof_data_size                  
ffffffff  __TI_prof_data_start                 
ffffffff  __binit__                            
ffffffff  binit                                
UNDEFED   __mpu_init                           
UNDEFED   _system_post_cinit                   

[151 symbols]
