******************************************************************************
            TI ARM Clang Linker PC v4.0.4                      
******************************************************************************
>> Linked Fri Jul 31 19:46:44 2026

OUTPUT FILE NAME:   <DCC_101_v1.out>
ENTRY POINT SYMBOL: "_c_int00_noargs"  address: 00003b2d


MEMORY CONFIGURATION

         name            origin    length      used     unused   attr    fill
----------------------  --------  ---------  --------  --------  ----  --------
  FLASH                 00000000   00020000  00005ce0  0001a320  R  X
  SRAM                  20200000   00008000  0000082a  000077d6  RW X
  BCR_CONFIG            41c00000   000000ff  00000000  000000ff  R   
  BSL_CONFIG            41c00100   00000080  00000000  00000080  R   


SEGMENT ALLOCATION MAP

run origin  load origin   length   init length attrs members
----------  ----------- ---------- ----------- ----- -------
00000000    00000000    00005ce0   00005ce0    r-x
  00000000    00000000    000000c0   000000c0    r-- .intvecs
  000000c0    000000c0    00004220   00004220    r-x .text
  000042e0    000042e0    000019d0   000019d0    r-- .rodata
  00005cb0    00005cb0    00000030   00000030    r-- .cinit
20200000    20200000    0000062c   00000000    rw-
  20200000    20200000    000005d6   00000000    rw- .bss
  202005d8    202005d8    00000054   00000000    rw- .data
20207e00    20207e00    00000200   00000000    rw-
  20207e00    20207e00    00000200   00000000    rw- .stack


SECTION ALLOCATION MAP

 output                                  attributes/
section   page    origin      length       input sections
--------  ----  ----------  ----------   ----------------
.intvecs   0    00000000    000000c0     
                  00000000    000000c0     startup_mspm0g350x_ticlang.o (.intvecs)

.text      0    000000c0    00004220     
                  000000c0    000009d0     libc.a : _printfi.c.obj (.text:__TI_printfi)
                  00000a90    000003c8     main.o (.text.main)
                  00000e58    00000220     libc.a : _printfi.c.obj (.text._pconv_a)
                  00001078    000001dc            : _printfi.c.obj (.text._pconv_g)
                  00001254    000001ac     bujin.o (.text.TIMA0_IRQHandler)
                  00001400    00000192     libclang_rt.builtins.a : adddf3.S.obj (.text.adddf3_subdf3)
                  00001592    00000002                            : aeabi_div0.c.obj (.text.__aeabi_idiv0)
                  00001594    00000160     bujin.o (.text.pid_compute)
                  000016f4    00000158     oled.o (.text.OLED_ShowChar)
                  0000184c    0000013c     libc.a : _printfi.c.obj (.text.fcvt)
                  00001988    00000120            : _printfi.c.obj (.text._pconv_e)
                  00001aa8    0000010c     libclang_rt.builtins.a : divdf3.S.obj (.text.__divdf3)
                  00001bb4    00000104     driverlib.a : dl_timer.o (.text.DL_Timer_initFourCCPWMMode)
                  00001cb8    00000104     bujin.o (.text.dianji1_pulse_fast)
                  00001dbc    000000f8     oled.o (.text.OLED_Init)
                  00001eb4    000000f4     ti_msp_dl_config.o (.text.SYSCFG_DL_GPIO_init)
                  00001fa8    000000e8     ti_msp_dl_config.o (.text.SYSCFG_DL_SYSCTL_SYSPLL_init)
                  00002090    000000e4     libclang_rt.builtins.a : muldf3.S.obj (.text.__muldf3)
                  00002174    000000dc     driverlib.a : dl_sysctl_mspm0g1x0x_g3x0x.o (.text.DL_SYSCTL_configSYSPLL)
                  00002250    000000d8     bihuan_pid.o (.text.PID_Pos_Calc)
                  00002328    000000d8     libc.a : s_scalbn.c.obj (.text.scalbn)
                  00002400    000000d8     libclang_rt.builtins.a : addsf3.S.obj (.text)
                  000024d8    000000ac     uart.o (.text.UART3_IRQHandler)
                  00002584    000000a8     key.o (.text.key6_init)
                  0000262c    000000a2     libclang_rt.builtins.a : udivmoddi4.S.obj (.text)
                  000026ce    00000002                            : aeabi_div0.c.obj (.text.__aeabi_ldiv0)
                  000026d0    0000009c     bujin.o (.text.dianji_set_origin)
                  0000276c    00000098     oled.o (.text.OLED_ShowString)
                  00002804    0000008c     ti_msp_dl_config.o (.text.SYSCFG_DL_initPower)
                  00002890    0000008c     libclang_rt.builtins.a : mulsf3.S.obj (.text.__mulsf3)
                  0000291c    00000082                            : divsf3.S.obj (.text.__divsf3)
                  0000299e    00000002     --HOLE-- [fill = 0]
                  000029a0    0000007c     oled.o (.text.OLED_Refresh)
                  00002a1c    0000007c     libc.a : copy_decompress_lzss.c.obj (.text:decompress:lzss)
                  00002a98    00000078     bujin.o (.text.pid_control_init)
                  00002b10    00000074     oled.o (.text.OLED_WR_Byte)
                  00002b84    00000074     ti_msp_dl_config.o (.text.SYSCFG_DL_SYSCTL_init)
                  00002bf8    00000074     libclang_rt.builtins.a : comparedf2.c.obj (.text.__gedf2)
                  00002c6c    00000070     ti_msp_dl_config.o (.text.SYSCFG_DL_DCC_PWM_init)
                  00002cdc    00000068     libclang_rt.builtins.a : comparedf2.c.obj (.text.__ledf2)
                  00002d44    00000066     libc.a : _printfi.c.obj (.text._mcpy)
                  00002daa    00000002     --HOLE-- [fill = 0]
                  00002dac    00000064     driverlib.a : dl_sysctl_mspm0g1x0x_g3x0x.o (.text.DL_SYSCTL_setHFCLKSourceHFXTParams)
                  00002e10    00000064     oled.o (.text.OLED_ClearPoint)
                  00002e74    00000062     libclang_rt.builtins.a : aeabi_dcmp.S.obj (.text.__aeabi_dcmp)
                  00002ed6    00000002     --HOLE-- [fill = 0]
                  00002ed8    00000062                            : aeabi_fcmp.S.obj (.text.__aeabi_fcmp)
                  00002f3a    00000002     --HOLE-- [fill = 0]
                  00002f3c    00000060     oled.o (.text.OLED_Clear)
                  00002f9c    00000060     ti_msp_dl_config.o (.text.SYSCFG_DL_OLED_init)
                  00002ffc    0000005e     driverlib.a : dl_i2c.o (.text.DL_I2C_fillControllerTXFIFO)
                  0000305a    00000002     --HOLE-- [fill = 0]
                  0000305c    0000005c     libc.a : s_frexp.c.obj (.text.frexp)
                  000030b8    00000058            : _ltoa.c.obj (.text.__TI_ltoa)
                  00003110    00000058            : _printfi.c.obj (.text._pconv_f)
                  00003168    00000056     libclang_rt.builtins.a : aeabi_idivmod.S.obj (.text.__aeabi_idivmod)
                  000031be    00000002     --HOLE-- [fill = 0]
                  000031c0    00000054     bujin.o (.text.pid_pos_reset_all)
                  00003214    00000052     libc.a : _printfi.c.obj (.text._ecpy)
                  00003266    00000002     --HOLE-- [fill = 0]
                  00003268    00000050     ti_msp_dl_config.o (.text.DL_GPIO_initPeripheralInputFunctionFeatures)
                  000032b8    00000050     oled.o (.text.DL_I2C_startControllerTransfer)
                  00003308    0000004c     ti_msp_dl_config.o (.text.DL_GPIO_initDigitalInputFeatures)
                  00003354    0000004c     ti_msp_dl_config.o (.text.DL_UART_setBaudRateDivisor)
                  000033a0    0000004a     libclang_rt.builtins.a : fixdfsi.S.obj (.text.__fixdfsi)
                  000033ea    00000002     --HOLE-- [fill = 0]
                  000033ec    00000048     driverlib.a : dl_uart.o (.text.DL_UART_init)
                  00003434    00000048     oled.o (.text.OLED_DisplayTurn)
                  0000347c    00000048     oled.o (.text.OLED_DrawPoint)
                  000034c4    00000048     ti_msp_dl_config.o (.text.SYSCFG_DL_K230_init)
                  0000350c    00000048     ti_msp_dl_config.o (.text.SYSCFG_DL_PRINT_init)
                  00003554    00000044     driverlib.a : dl_sysctl_mspm0g1x0x_g3x0x.o (.text.DL_SYSCTL_switchMCLKfromSYSOSCtoHSCLK)
                  00003598    00000040     ti_msp_dl_config.o (.text.SYSCFG_DL_DCC101_v1_2_init)
                  000035d8    00000040     libclang_rt.builtins.a : aeabi_uidivmod.S.obj (.text.__aeabi_uidivmod)
                  00003618    00000040                            : extendsfdf2.S.obj (.text.__extendsfdf2)
                  00003658    00000040     libc.a : atoi.c.obj (.text.atoi)
                  00003698    0000003c     ti_msp_dl_config.o (.text.DL_Timer_setCounterControl)
                  000036d4    0000003c     ti_msp_dl_config.o (.text.SYSCFG_DL_init)
                  00003710    0000003c     libclang_rt.builtins.a : floatsisf.S.obj (.text.__floatsisf)
                  0000374c    0000003c                            : comparesf2.S.obj (.text.__gtsf2)
                  00003788    0000003c     libc.a : autoinit.c.obj (.text:__TI_auto_init_nobinit_nopinit)
                  000037c4    0000003a     libclang_rt.builtins.a : comparesf2.S.obj (.text.__eqsf2)
                  000037fe    00000002     --HOLE-- [fill = 0]
                  00003800    0000003a                            : muldsi3.S.obj (.text.__muldsi3)
                  0000383a    00000038     bihuan_pid.o (.text.PID_Pos_Init)
                  00003872    00000002     --HOLE-- [fill = 0]
                  00003874    00000038     libclang_rt.builtins.a : fixsfsi.S.obj (.text.__fixsfsi)
                  000038ac    00000038     libc.a : sprintf.c.obj (.text.sprintf)
                  000038e4    00000034     oled.o (.text.OLED_ColorTurn)
                  00003918    00000034     uart.o (.text.UART_send_buffer)
                  0000394c    00000034     key.o (.text.get_key_state)
                  00003980    00000030     driverlib.a : dl_uart.o (.text.DL_UART_transmitDataBlocking)
                  000039b0    00000030     libc.a : _printfi.c.obj (.text._fcpy)
                  000039e0    0000002c     key.o (.text.__NVIC_EnableIRQ)
                  00003a0c    0000002c     main.o (.text.__NVIC_EnableIRQ)
                  00003a38    0000002c     libclang_rt.builtins.a : floatsidf.S.obj (.text.__floatsidf)
                  00003a64    00000028     oled.o (.text.DL_Common_updateReg)
                  00003a8c    00000028     ti_msp_dl_config.o (.text.DL_Common_updateReg)
                  00003ab4    00000028     ti_msp_dl_config.o (.text.DL_I2C_setControllerRXFIFOThreshold)
                  00003adc    00000028     ti_msp_dl_config.o (.text.DL_I2C_setControllerTXFIFOThreshold)
                  00003b04    00000028     libclang_rt.builtins.a : floatunsisf.S.obj (.text.__floatunsisf)
                  00003b2c    00000028     libc.a : boot_cortex_m.c.obj (.text:_c_int00_noargs)
                  00003b54    00000026     ti_msp_dl_config.o (.text.DL_I2C_setAnalogGlitchFilterPulseWidth)
                  00003b7a    00000026     driverlib.a : dl_i2c.o (.text.DL_I2C_setClockConfig)
                  00003ba0    00000024     ti_msp_dl_config.o (.text.DL_I2C_setDigitalGlitchFilterPulseWidth)
                  00003bc4    00000024     libclang_rt.builtins.a : floatunsidf.S.obj (.text.__floatunsidf)
                  00003be8    00000024                            : muldi3.S.obj (.text.__muldi3)
                  00003c0c    00000024     bujin.o (.text.pid_get_params)
                  00003c30    00000022     libc.a : memccpy.c.obj (.text.memccpy)
                  00003c52    00000002     --HOLE-- [fill = 0]
                  00003c54    00000020     ti_msp_dl_config.o (.text.DL_GPIO_initPeripheralInputFunction)
                  00003c74    00000020     ti_msp_dl_config.o (.text.DL_SYSCTL_setFlashWaitState)
                  00003c94    00000020     bujin.o (.text.pid_tune_kd)
                  00003cb4    00000020     bujin.o (.text.pid_tune_ki)
                  00003cd4    00000020     bujin.o (.text.pid_tune_kp)
                  00003cf4    0000001e     ti_msp_dl_config.o (.text.DL_UART_setOversampling)
                  00003d12    00000002     --HOLE-- [fill = 0]
                  00003d14    0000001e     libclang_rt.builtins.a : ashldi3.S.obj (.text.__ashldi3)
                  00003d32    00000002     --HOLE-- [fill = 0]
                  00003d34    0000001c     ti_msp_dl_config.o (.text.DL_GPIO_enableHiZ)
                  00003d50    0000001c     ti_msp_dl_config.o (.text.DL_GPIO_initPeripheralOutputFunction)
                  00003d6c    0000001c     driverlib.a : dl_sysctl_mspm0g1x0x_g3x0x.o (.text.DL_SYSCTL_configFCC)
                  00003d88    0000001c     ti_msp_dl_config.o (.text.DL_SYSCTL_setFCCPeriods)
                  00003da4    0000001c     ti_msp_dl_config.o (.text.DL_SYSCTL_setSYSOSCFreq)
                  00003dc0    0000001c     ti_msp_dl_config.o (.text.DL_SYSCTL_setULPCLKDivider)
                  00003ddc    0000001c     ti_msp_dl_config.o (.text.DL_Timer_enableInterrupt)
                  00003df8    0000001c     driverlib.a : dl_timer.o (.text.DL_Timer_setCaptCompUpdateMethod)
                  00003e14    0000001c                 : dl_timer.o (.text.DL_Timer_setClockConfig)
                  00003e30    0000001c     ti_msp_dl_config.o (.text.DL_UART_enableInterrupt)
                  00003e4c    0000001c     uart.o (.text.UART_send_char)
                  00003e68    0000001c     delay.o (.text.delay_ms)
                  00003e84    00000018     ti_msp_dl_config.o (.text.DL_GPIO_enableOutput)
                  00003e9c    00000018     ti_msp_dl_config.o (.text.DL_GPIO_enablePower)
                  00003eb4    00000018     ti_msp_dl_config.o (.text.DL_GPIO_initDigitalOutput)
                  00003ecc    00000018     ti_msp_dl_config.o (.text.DL_GPIO_initPeripheralAnalogFunction)
                  00003ee4    00000018     ti_msp_dl_config.o (.text.DL_GPIO_reset)
                  00003efc    00000018     ti_msp_dl_config.o (.text.DL_I2C_enableAnalogGlitchFilter)
                  00003f14    00000018     ti_msp_dl_config.o (.text.DL_I2C_enableController)
                  00003f2c    00000018     ti_msp_dl_config.o (.text.DL_I2C_enableControllerClockStretching)
                  00003f44    00000018     ti_msp_dl_config.o (.text.DL_I2C_enablePower)
                  00003f5c    00000018     ti_msp_dl_config.o (.text.DL_I2C_reset)
                  00003f74    00000018     ti_msp_dl_config.o (.text.DL_I2C_setTimerPeriod)
                  00003f8c    00000018     ti_msp_dl_config.o (.text.DL_SYSCTL_setBORThreshold)
                  00003fa4    00000018     ti_msp_dl_config.o (.text.DL_Timer_enablePower)
                  00003fbc    00000018     ti_msp_dl_config.o (.text.DL_Timer_reset)
                  00003fd4    00000018     driverlib.a : dl_timer.o (.text.DL_Timer_setCaptureCompareOutCtl)
                  00003fec    00000018     key.o (.text.DL_Timer_setLoadValue)
                  00004004    00000018     key.o (.text.DL_Timer_startCounter)
                  0000401c    00000018     ti_msp_dl_config.o (.text.DL_UART_enablePower)
                  00004034    00000018     ti_msp_dl_config.o (.text.DL_UART_reset)
                  0000404c    00000018     libc.a : sprintf.c.obj (.text._outs)
                  00004064    00000016     key.o (.text.DL_GPIO_readPins)
                  0000407a    00000016     ti_msp_dl_config.o (.text.DL_UART_enable)
                  00004090    00000014     key.o (.text.DL_GPIO_clearPins)
                  000040a4    00000014     ti_msp_dl_config.o (.text.DL_GPIO_clearPins)
                  000040b8    00000014     oled.o (.text.DL_I2C_getControllerStatus)
                  000040cc    00000014     ti_msp_dl_config.o (.text.DL_I2C_resetControllerTransfer)
                  000040e0    00000014     ti_msp_dl_config.o (.text.DL_SYSCTL_disableSYSPLL)
                  000040f4    00000014     ti_msp_dl_config.o (.text.DL_SYSCTL_enableSYSPLL)
                  00004108    00000014     ti_msp_dl_config.o (.text.DL_Timer_enableClock)
                  0000411c    00000014     ti_msp_dl_config.o (.text.DL_Timer_setCCPDirection)
                  00004130    00000014     uart.o (.text.DL_UART_receiveData)
                  00004144    00000014     libclang_rt.builtins.a : aeabi_uldivmod.S.obj (.text.__aeabi_uldivmod)
                  00004158    00000014     libc.a : _printfi.c.obj (.text.strchr)
                  0000416c    00000012     bujin.o (.text.DL_Timer_getPendingInterrupt)
                  0000417e    00000012     uart.o (.text.DL_UART_getPendingInterrupt)
                  00004190    00000012     driverlib.a : dl_uart.o (.text.DL_UART_setClockConfig)
                  000041a2    00000012     libc.a : memcpy16.S.obj (.text:TI_memcpy_small)
                  000041b4    00000012            : copy_decompress_none.c.obj (.text:decompress:none)
                  000041c6    00000002     --HOLE-- [fill = 0]
                  000041c8    00000010     ti_msp_dl_config.o (.text.DL_SYSCTL_disableHFXT)
                  000041d8    00000010     ti_msp_dl_config.o (.text.DL_SYSCTL_isFCCDone)
                  000041e8    00000010     ti_msp_dl_config.o (.text.DL_SYSCTL_startFCC)
                  000041f8    00000010     driverlib.a : dl_timer.o (.text.DL_Timer_setCaptureCompareValue)
                  00004208    00000010     libc.a : wcslen.c.obj (.text.wcslen)
                  00004218    00000010            : copy_zero_init.c.obj (.text:decompress:ZI)
                  00004228    0000000e     libclang_rt.builtins.a : aeabi_memset.S.obj (.text.__aeabi_memset)
                  00004236    0000000e     libc.a : _printfi.c.obj (.text.strlen)
                  00004244    0000000e            : memset16.S.obj (.text:TI_memset_small)
                  00004252    00000002     --HOLE-- [fill = 0]
                  00004254    0000000c     ti_msp_dl_config.o (.text.DL_SYSCTL_getClockStatus)
                  00004260    0000000c     ti_msp_dl_config.o (.text.DL_SYSCTL_readFCC)
                  0000426c    0000000c     libclang_rt.builtins.a : aeabi_memset.S.obj (.text.__aeabi_memclr)
                  00004278    0000000a     driverlib.a : dl_common.o (.text.DL_Common_delayCycles)
                  00004282    0000000a     libc.a : _printfi.c.obj (.text.OUTLINED_FUNCTION_0)
                  0000428c    00000010     libclang_rt.builtins.a : adddf3.S.obj (.tramp.__aeabi_dsub.1)
                  0000429c    0000000a     libc.a : _printfi.c.obj (.text.OUTLINED_FUNCTION_1)
                  000042a6    0000000a            : sprintf.c.obj (.text._outc)
                  000042b0    00000008            : aeabi_portable.c.obj (.text.__aeabi_errno_addr)
                  000042b8    00000008     libclang_rt.builtins.a : aeabi_memcpy.S.obj (.text.__aeabi_memcpy)
                  000042c0    00000008     bujin.o (.text.pid_reset_state)
                  000042c8    00000006     libc.a : exit.c.obj (.text:abort)
                  000042ce    00000004     startup_mspm0g350x_ticlang.o (.text.Default_Handler)
                  000042d2    00000004     libsysbm.a : hostexit.c.obj (.text.HOSTexit)
                  000042d6    00000004     startup_mspm0g350x_ticlang.o (.text.Reset_Handler)
                  000042da    00000004     libc.a : pre_init.c.obj (.text._system_pre_init)
                  000042de    00000002     --HOLE-- [fill = 0]

.cinit     0    00005cb0    00000030     
                  00005cb0    0000000c     (__TI_handler_table)
                  00005cbc    00000008     (.cinit..bss.load) [load image, compression = zero_init]
                  00005cc4    00000008     (.cinit..data.load) [load image, compression = lzss]
                  00005ccc    00000010     (__TI_cinit_table)
                  00005cdc    00000004     --HOLE-- [fill = 0]

.rodata    0    000042e0    000019d0     
                  000042e0    00000d5c     oled.o (.rodata.asc2_2412)
                  0000503c    000005f0     oled.o (.rodata.asc2_1608)
                  0000562c    00000474     oled.o (.rodata.asc2_1206)
                  00005aa0    00000101     libc.a : aeabi_ctype.S.obj (.rodata:__aeabi_ctype_table_)
                  00005ba1    00000003     ti_msp_dl_config.o (.rodata.gDCC_PWMClockConfig)
                  00005ba4    00000028     ti_msp_dl_config.o (.rodata.gSYSPLLConfig)
                  00005bcc    00000012     main.o (.rodata.str1.18227636981041470289.1)
                  00005bde    00000011     libc.a : _printfi.c.obj (.rodata.str1.10348868589481759720.1)
                  00005bef    00000011            : _printfi.c.obj (.rodata.str1.15363888844622738466.1)
                  00005c00    00000011     main.o (.rodata.str1.17100691992556644108.1)
                  00005c11    0000000e     main.o (.rodata.str1.16265332423659789559.1)
                  00005c1f    0000000c     main.o (.rodata.str1.8154729771448623357.1)
                  00005c2b    0000000b     main.o (.rodata.str1.12180500075719773345.1)
                  00005c36    0000000b     main.o (.rodata.str1.14112174005742061988.1)
                  00005c41    0000000b     main.o (.rodata.str1.15159059442110792349.1)
                  00005c4c    0000000b     main.o (.rodata.str1.2846389346932560359.1)
                  00005c57    0000000b     main.o (.rodata.str1.288608917962107522.1)
                  00005c62    0000000b     main.o (.rodata.str1.7702501944640899365.1)
                  00005c6d    00000001     --HOLE-- [fill = 0]
                  00005c6e    0000000a     ti_msp_dl_config.o (.rodata.gDCC101_v1_2Config)
                  00005c78    0000000a     ti_msp_dl_config.o (.rodata.gK230Config)
                  00005c82    0000000a     ti_msp_dl_config.o (.rodata.gPRINTConfig)
                  00005c8c    00000008     ti_msp_dl_config.o (.rodata.gDCC_PWMConfig)
                  00005c94    00000005     main.o (.rodata.str1.15996357275703397564.1)
                  00005c99    00000002     ti_msp_dl_config.o (.rodata.gDCC101_v1_2ClockConfig)
                  00005c9b    00000002     ti_msp_dl_config.o (.rodata.gK230ClockConfig)
                  00005c9d    00000002     ti_msp_dl_config.o (.rodata.gOLEDClockConfig)
                  00005c9f    00000002     ti_msp_dl_config.o (.rodata.gPRINTClockConfig)
                  00005ca1    0000000f     --HOLE-- [fill = 0]

.init_array 
*          0    00000000    00000000     UNINITIALIZED

.binit     0    00000000    00000000     

.bss       0    20200000    000005d6     UNINITIALIZED
                  20200000    00000480     (.common:OLED_GRAM)
                  20200480    000000bc     (.common:gDCC_PWMBackup)
                  2020053c    00000030     (.common:gK230Backup)
                  2020056c    00000020     main.o (.bss.dbuf)
                  2020058c    0000001c     bujin.o (.bss.s_pos_pid)
                  202005a8    0000001c     bujin.o (.bss.s_vel_pid)
                  202005c4    00000005     uart.o (.bss.rx_buf)
                  202005c9    00000001     bujin.o (.bss.s_has_prev_error)
                  202005ca    00000002     (.common:pulse_x)
                  202005cc    00000004     bujin.o (.bss.s_ball_velocity)
                  202005d0    00000004     bujin.o (.bss.s_prev_error)
                  202005d4    00000001     (.common:bujin_x)
                  202005d5    00000001     (.common:dir_x)

.data      0    202005d8    00000054     UNINITIALIZED
                  202005d8    00000032     main.o (.data.DCC_v1_2)
                  2020060a    00000002     main.o (.data.motor_target)
                  2020060c    00000004     libc.a : aeabi_portable.c.obj (.data.__aeabi_errno)
                  20200610    00000004     main.o (.data.motor_angle)
                  20200614    00000004     main.o (.data.motor_pulse)
                  20200618    00000001     bujin.o (.data.TIMA0_IRQHandler.btn2_cnt)
                  20200619    00000001     bujin.o (.data.TIMA0_IRQHandler.btn2_stable)
                  2020061a    00000001     bujin.o (.data.TIMA0_IRQHandler.btn3_cnt)
                  2020061b    00000001     bujin.o (.data.TIMA0_IRQHandler.btn3_stable)
                  2020061c    00000001     bujin.o (.data.TIMA0_IRQHandler.btn4_cnt)
                  2020061d    00000001     bujin.o (.data.TIMA0_IRQHandler.btn4_stable)
                  2020061e    00000001     bujin.o (.data.TIMA0_IRQHandler.btn_cnt)
                  2020061f    00000001     bujin.o (.data.TIMA0_IRQHandler.btn_stable)
                  20200620    00000001     bujin.o (.data.btn1_active)
                  20200621    00000001     bujin.o (.data.btn2_active)
                  20200622    00000001     bujin.o (.data.btn3_active)
                  20200623    00000001     bujin.o (.data.btn4_active)
                  20200624    00000001     bujin.o (.data.dcc_was_active)
                  20200625    00000001     main.o (.data.main.b1)
                  20200626    00000001     main.o (.data.main.b2)
                  20200627    00000001     main.o (.data.main.b3)
                  20200628    00000001     main.o (.data.main.b4)
                  20200629    00000001     bujin.o (.data.pid_tick_cnt)
                  2020062a    00000001     bujin.o (.data.pid_timer_tick)
                  2020062b    00000001     uart.o (.data.rx_idx)

.stack     0    20207e00    00000200     UNINITIALIZED
                  20207e00    00000004     libc.a : boot_cortex_m.c.obj (.stack)
                  20207e04    000001fc     --HOLE--

__llvm_prf_cnts 
*          0    20200000    00000000     UNINITIALIZED

__llvm_prf_bits 
*          0    20200000    00000000     UNINITIALIZED

MODULE SUMMARY

       Module                         code    ro data   rw data
       ------                         ----    -------   -------
    .\
       oled.o                         1516    6080      1152   
       ti_msp_dl_config.o             2582    89        236    
       bujin.o                        1558    0         80     
       main.o                         1012    132       100    
       key.o                          354     0         0      
       uart.o                         290     0         6      
       bihuan_pid.o                   272     0         0      
       startup_mspm0g350x_ticlang.o   8       192       0      
       delay.o                        28      0         0      
    +--+------------------------------+-------+---------+---------+
       Total:                         7620    6493      1574   
                                                               
    C:/ti/mspm0_sdk_2_10_00_04/source/ti/driverlib/lib/ticlang/m0p/mspm0g1x0x_g3x0x/driverlib.a
       dl_sysctl_mspm0g1x0x_g3x0x.o   416     0         0      
       dl_timer.o                     356     0         0      
       dl_uart.o                      138     0         0      
       dl_i2c.o                       132     0         0      
       dl_common.o                    10      0         0      
    +--+------------------------------+-------+---------+---------+
       Total:                         1052    0         0      
                                                               
    C:\ti\ccs2050\ccs\tools\compiler\ti-cgt-armllvm_4.0.4.LTS\lib\armv6m-ti-none-eabi/c/libc.a
       _printfi.c.obj                 4510    34        0      
       aeabi_ctype.S.obj              0       257       0      
       s_scalbn.c.obj                 216     0         0      
       copy_decompress_lzss.c.obj     124     0         0      
       s_frexp.c.obj                  92      0         0      
       sprintf.c.obj                  90      0         0      
       _ltoa.c.obj                    88      0         0      
       atoi.c.obj                     64      0         0      
       autoinit.c.obj                 60      0         0      
       boot_cortex_m.c.obj            40      0         0      
       memccpy.c.obj                  34      0         0      
       copy_decompress_none.c.obj     18      0         0      
       memcpy16.S.obj                 18      0         0      
       copy_zero_init.c.obj           16      0         0      
       wcslen.c.obj                   16      0         0      
       memset16.S.obj                 14      0         0      
       aeabi_portable.c.obj           8       0         4      
       exit.c.obj                     6       0         0      
       pre_init.c.obj                 4       0         0      
    +--+------------------------------+-------+---------+---------+
       Total:                         5418    291       4      
                                                               
    C:\ti\ccs2050\ccs\tools\compiler\ti-cgt-armllvm_4.0.4.LTS\lib\armv6m-ti-none-eabi/c/libsysbm.a
       hostexit.c.obj                 4       0         0      
    +--+------------------------------+-------+---------+---------+
       Total:                         4       0         0      
                                                               
    C:\ti\ccs2050\ccs\tools\compiler\ti-cgt-armllvm_4.0.4.LTS\lib\armv6m-ti-none-eabi/libclang_rt.builtins.a
       adddf3.S.obj                   418     0         0      
       divdf3.S.obj                   268     0         0      
       muldf3.S.obj                   228     0         0      
       comparedf2.c.obj               220     0         0      
       addsf3.S.obj                   216     0         0      
       udivmoddi4.S.obj               162     0         0      
       mulsf3.S.obj                   140     0         0      
       divsf3.S.obj                   130     0         0      
       comparesf2.S.obj               118     0         0      
       aeabi_dcmp.S.obj               98      0         0      
       aeabi_fcmp.S.obj               98      0         0      
       aeabi_idivmod.S.obj            86      0         0      
       fixdfsi.S.obj                  74      0         0      
       aeabi_uidivmod.S.obj           64      0         0      
       extendsfdf2.S.obj              64      0         0      
       floatsisf.S.obj                60      0         0      
       muldsi3.S.obj                  58      0         0      
       fixsfsi.S.obj                  56      0         0      
       floatsidf.S.obj                44      0         0      
       floatunsisf.S.obj              40      0         0      
       floatunsidf.S.obj              36      0         0      
       muldi3.S.obj                   36      0         0      
       ashldi3.S.obj                  30      0         0      
       aeabi_memset.S.obj             26      0         0      
       aeabi_uldivmod.S.obj           20      0         0      
       aeabi_memcpy.S.obj             8       0         0      
       aeabi_div0.c.obj               4       0         0      
    +--+------------------------------+-------+---------+---------+
       Total:                         2802    0         0      
                                                               
       Stack:                         0       0         512    
       Linker Generated:              0       44        0      
    +--+------------------------------+-------+---------+---------+
       Grand Total:                   16896   6828      2090   


LINKER GENERATED COPY TABLES

__TI_cinit_table @ 00005ccc records: 2, size/record: 8, table size: 16
	.bss: load addr=00005cbc, load size=00000008 bytes, run addr=20200000, run size=000005d6 bytes, compression=zero_init
	.data: load addr=00005cc4, load size=00000008 bytes, run addr=202005d8, run size=00000054 bytes, compression=lzss


LINKER GENERATED HANDLER TABLE

__TI_handler_table @ 00005cb0 records: 3, size/record: 4, table size: 12
	index: 0, handler: __TI_decompress_lzss
	index: 1, handler: __TI_decompress_none
	index: 2, handler: __TI_zero_init


FAR CALL TRAMPOLINES

callee name               trampoline name
   callee addr  tramp addr   call addr  call info
--------------  -----------  ---------  ----------------
__aeabi_dsub              $Tramp$TT$L$PI$$__aeabi_dsub
   00001401     0000428c     0000428a   libc.a : _printfi.c.obj (.text.OUTLINED_FUNCTION_0)

[1 trampolines]
[1 trampoline calls]


GLOBAL SYMBOLS: SORTED ALPHABETICALLY BY Name 

address   name                                 
-------   ----                                 
000042cf  ADC0_IRQHandler                      
000042cf  ADC1_IRQHandler                      
000042cf  AES_IRQHandler                       
000042d2  C$$EXIT                              
000042cf  CANFD0_IRQHandler                    
000042cf  DAC0_IRQHandler                      
202005d8  DCC_v1_2                             
00004279  DL_Common_delayCycles                
00002ffd  DL_I2C_fillControllerTXFIFO          
00003b7b  DL_I2C_setClockConfig                
00003d6d  DL_SYSCTL_configFCC                  
00002175  DL_SYSCTL_configSYSPLL               
00002dad  DL_SYSCTL_setHFCLKSourceHFXTParams   
00003555  DL_SYSCTL_switchMCLKfromSYSOSCtoHSCLK
00001bb5  DL_Timer_initFourCCPWMMode           
00003df9  DL_Timer_setCaptCompUpdateMethod     
00003fd5  DL_Timer_setCaptureCompareOutCtl     
000041f9  DL_Timer_setCaptureCompareValue      
00003e15  DL_Timer_setClockConfig              
000033ed  DL_UART_init                         
00004191  DL_UART_setClockConfig               
00003981  DL_UART_transmitDataBlocking         
000042cf  DMA_IRQHandler                       
000042cf  Default_Handler                      
000042cf  GROUP0_IRQHandler                    
000042cf  GROUP1_IRQHandler                    
000042d3  HOSTexit                             
000042cf  HardFault_Handler                    
000042cf  I2C0_IRQHandler                      
000042cf  I2C1_IRQHandler                      
000042cf  NMI_Handler                          
00002f3d  OLED_Clear                           
00002e11  OLED_ClearPoint                      
000038e5  OLED_ColorTurn                       
00003435  OLED_DisplayTurn                     
0000347d  OLED_DrawPoint                       
20200000  OLED_GRAM                            
00001dbd  OLED_Init                            
000029a1  OLED_Refresh                         
000016f5  OLED_ShowChar                        
0000276d  OLED_ShowString                      
00002b11  OLED_WR_Byte                         
00002251  PID_Pos_Calc                         
0000383b  PID_Pos_Init                         
000042cf  PendSV_Handler                       
000042cf  RTC_IRQHandler                       
000042d7  Reset_Handler                        
000042cf  SPI0_IRQHandler                      
000042cf  SPI1_IRQHandler                      
000042cf  SVC_Handler                          
00003599  SYSCFG_DL_DCC101_v1_2_init           
00002c6d  SYSCFG_DL_DCC_PWM_init               
00001eb5  SYSCFG_DL_GPIO_init                  
000034c5  SYSCFG_DL_K230_init                  
00002f9d  SYSCFG_DL_OLED_init                  
0000350d  SYSCFG_DL_PRINT_init                 
00001fa9  SYSCFG_DL_SYSCTL_SYSPLL_init         
00002b85  SYSCFG_DL_SYSCTL_init                
000036d5  SYSCFG_DL_init                       
00002805  SYSCFG_DL_initPower                  
000042cf  SysTick_Handler                      
00001255  TIMA0_IRQHandler                     
000042cf  TIMA1_IRQHandler                     
000042cf  TIMG0_IRQHandler                     
000042cf  TIMG12_IRQHandler                    
000042cf  TIMG6_IRQHandler                     
000042cf  TIMG7_IRQHandler                     
000042cf  TIMG8_IRQHandler                     
000041a3  TI_memcpy_small                      
00004245  TI_memset_small                      
000042cf  UART0_IRQHandler                     
000042cf  UART1_IRQHandler                     
000042cf  UART2_IRQHandler                     
000024d9  UART3_IRQHandler                     
00003919  UART_send_buffer                     
00003e4d  UART_send_char                       
20208000  __STACK_END                          
00000200  __STACK_SIZE                         
00000000  __TI_ATRegion0_region_sz             
00000000  __TI_ATRegion0_src_addr              
00000000  __TI_ATRegion0_trg_addr              
00000000  __TI_ATRegion1_region_sz             
00000000  __TI_ATRegion1_src_addr              
00000000  __TI_ATRegion1_trg_addr              
00000000  __TI_ATRegion2_region_sz             
00000000  __TI_ATRegion2_src_addr              
00000000  __TI_ATRegion2_trg_addr              
00005ccc  __TI_CINIT_Base                      
00005cdc  __TI_CINIT_Limit                     
00005cdc  __TI_CINIT_Warm                      
00005cb0  __TI_Handler_Table_Base              
00005cbc  __TI_Handler_Table_Limit             
00003789  __TI_auto_init_nobinit_nopinit       
00002a1d  __TI_decompress_lzss                 
000041b5  __TI_decompress_none                 
000030b9  __TI_ltoa                            
ffffffff  __TI_pprof_out_hndl                  
000000c1  __TI_printfi                         
ffffffff  __TI_prof_data_size                  
ffffffff  __TI_prof_data_start                 
00000000  __TI_static_base__                   
00004219  __TI_zero_init                       
0000140b  __adddf3                             
0000240b  __addsf3                             
00005aa0  __aeabi_ctype_table_                 
00005aa0  __aeabi_ctype_table_C                
000033a1  __aeabi_d2iz                         
0000140b  __aeabi_dadd                         
00002e75  __aeabi_dcmpeq                       
00002eb1  __aeabi_dcmpge                       
00002ec5  __aeabi_dcmpgt                       
00002e9d  __aeabi_dcmple                       
00002e89  __aeabi_dcmplt                       
00001aa9  __aeabi_ddiv                         
00002091  __aeabi_dmul                         
00001401  __aeabi_dsub                         
2020060c  __aeabi_errno                        
000042b1  __aeabi_errno_addr                   
00003619  __aeabi_f2d                          
00003875  __aeabi_f2iz                         
0000240b  __aeabi_fadd                         
00002ed9  __aeabi_fcmpeq                       
00002f15  __aeabi_fcmpge                       
00002f29  __aeabi_fcmpgt                       
00002f01  __aeabi_fcmple                       
00002eed  __aeabi_fcmplt                       
0000291d  __aeabi_fdiv                         
00002891  __aeabi_fmul                         
00002401  __aeabi_fsub                         
00003a39  __aeabi_i2d                          
00003711  __aeabi_i2f                          
00003169  __aeabi_idiv                         
00001593  __aeabi_idiv0                        
00003169  __aeabi_idivmod                      
000026cf  __aeabi_ldiv0                        
00003d15  __aeabi_llsl                         
00003be9  __aeabi_lmul                         
0000426d  __aeabi_memclr                       
0000426d  __aeabi_memclr4                      
0000426d  __aeabi_memclr8                      
000042b9  __aeabi_memcpy                       
000042b9  __aeabi_memcpy4                      
000042b9  __aeabi_memcpy8                      
00004229  __aeabi_memset                       
00004229  __aeabi_memset4                      
00004229  __aeabi_memset8                      
00003bc5  __aeabi_ui2d                         
00003b05  __aeabi_ui2f                         
000035d9  __aeabi_uidiv                        
000035d9  __aeabi_uidivmod                     
00004145  __aeabi_uldivmod                     
00003d15  __ashldi3                            
ffffffff  __binit__                            
00002cdd  __cmpdf2                             
000037c5  __cmpsf2                             
00001aa9  __divdf3                             
0000291d  __divsf3                             
00002cdd  __eqdf2                              
000037c5  __eqsf2                              
00003619  __extendsfdf2                        
000033a1  __fixdfsi                            
00003875  __fixsfsi                            
00003a39  __floatsidf                          
00003711  __floatsisf                          
00003bc5  __floatunsidf                        
00003b05  __floatunsisf                        
00002bf9  __gedf2                              
0000374d  __gesf2                              
00002bf9  __gtdf2                              
0000374d  __gtsf2                              
00002cdd  __ledf2                              
000037c5  __lesf2                              
00002cdd  __ltdf2                              
000037c5  __ltsf2                              
UNDEFED   __mpu_init                           
00002091  __muldf3                             
00003be9  __muldi3                             
00003801  __muldsi3                            
00002891  __mulsf3                             
00002cdd  __nedf2                              
000037c5  __nesf2                              
20207e00  __stack                              
20200000  __start___llvm_prf_bits              
20200000  __start___llvm_prf_cnts              
20200000  __stop___llvm_prf_bits               
20200000  __stop___llvm_prf_cnts               
00001401  __subdf3                             
00002401  __subsf3                             
0000262d  __udivmoddi4                         
00003b2d  _c_int00_noargs                      
UNDEFED   _system_post_cinit                   
000042db  _system_pre_init                     
000042c9  abort                                
0000562c  asc2_1206                            
0000503c  asc2_1608                            
000042e0  asc2_2412                            
00003659  atoi                                 
ffffffff  binit                                
20200620  btn1_active                          
20200621  btn2_active                          
20200622  btn3_active                          
20200623  btn4_active                          
202005d4  bujin_x                              
00003e69  delay_ms                             
00001cb9  dianji1_pulse_fast                   
000026d1  dianji_set_origin                    
202005d5  dir_x                                
0000305d  frexp                                
0000305d  frexpl                               
20200480  gDCC_PWMBackup                       
2020053c  gK230Backup                          
0000394d  get_key_state                        
00000000  interruptVectors                     
00002585  key6_init                            
00002329  ldexp                                
00002329  ldexpl                               
00000a91  main                                 
00003c31  memccpy                              
20200610  motor_angle                          
20200614  motor_pulse                          
2020060a  motor_target                         
00001595  pid_compute                          
00002a99  pid_control_init                     
00003c0d  pid_get_params                       
000042c1  pid_reset_state                      
2020062a  pid_timer_tick                       
00003c95  pid_tune_kd                          
00003cb5  pid_tune_ki                          
00003cd5  pid_tune_kp                          
202005ca  pulse_x                              
00002329  scalbn                               
00002329  scalbnl                              
000038ad  sprintf                              
00004209  wcslen                               


GLOBAL SYMBOLS: SORTED BY Symbol Address 

address   name                                 
-------   ----                                 
00000000  __TI_ATRegion0_region_sz             
00000000  __TI_ATRegion0_src_addr              
00000000  __TI_ATRegion0_trg_addr              
00000000  __TI_ATRegion1_region_sz             
00000000  __TI_ATRegion1_src_addr              
00000000  __TI_ATRegion1_trg_addr              
00000000  __TI_ATRegion2_region_sz             
00000000  __TI_ATRegion2_src_addr              
00000000  __TI_ATRegion2_trg_addr              
00000000  __TI_static_base__                   
00000000  interruptVectors                     
000000c1  __TI_printfi                         
00000200  __STACK_SIZE                         
00000a91  main                                 
00001255  TIMA0_IRQHandler                     
00001401  __aeabi_dsub                         
00001401  __subdf3                             
0000140b  __adddf3                             
0000140b  __aeabi_dadd                         
00001593  __aeabi_idiv0                        
00001595  pid_compute                          
000016f5  OLED_ShowChar                        
00001aa9  __aeabi_ddiv                         
00001aa9  __divdf3                             
00001bb5  DL_Timer_initFourCCPWMMode           
00001cb9  dianji1_pulse_fast                   
00001dbd  OLED_Init                            
00001eb5  SYSCFG_DL_GPIO_init                  
00001fa9  SYSCFG_DL_SYSCTL_SYSPLL_init         
00002091  __aeabi_dmul                         
00002091  __muldf3                             
00002175  DL_SYSCTL_configSYSPLL               
00002251  PID_Pos_Calc                         
00002329  ldexp                                
00002329  ldexpl                               
00002329  scalbn                               
00002329  scalbnl                              
00002401  __aeabi_fsub                         
00002401  __subsf3                             
0000240b  __addsf3                             
0000240b  __aeabi_fadd                         
000024d9  UART3_IRQHandler                     
00002585  key6_init                            
0000262d  __udivmoddi4                         
000026cf  __aeabi_ldiv0                        
000026d1  dianji_set_origin                    
0000276d  OLED_ShowString                      
00002805  SYSCFG_DL_initPower                  
00002891  __aeabi_fmul                         
00002891  __mulsf3                             
0000291d  __aeabi_fdiv                         
0000291d  __divsf3                             
000029a1  OLED_Refresh                         
00002a1d  __TI_decompress_lzss                 
00002a99  pid_control_init                     
00002b11  OLED_WR_Byte                         
00002b85  SYSCFG_DL_SYSCTL_init                
00002bf9  __gedf2                              
00002bf9  __gtdf2                              
00002c6d  SYSCFG_DL_DCC_PWM_init               
00002cdd  __cmpdf2                             
00002cdd  __eqdf2                              
00002cdd  __ledf2                              
00002cdd  __ltdf2                              
00002cdd  __nedf2                              
00002dad  DL_SYSCTL_setHFCLKSourceHFXTParams   
00002e11  OLED_ClearPoint                      
00002e75  __aeabi_dcmpeq                       
00002e89  __aeabi_dcmplt                       
00002e9d  __aeabi_dcmple                       
00002eb1  __aeabi_dcmpge                       
00002ec5  __aeabi_dcmpgt                       
00002ed9  __aeabi_fcmpeq                       
00002eed  __aeabi_fcmplt                       
00002f01  __aeabi_fcmple                       
00002f15  __aeabi_fcmpge                       
00002f29  __aeabi_fcmpgt                       
00002f3d  OLED_Clear                           
00002f9d  SYSCFG_DL_OLED_init                  
00002ffd  DL_I2C_fillControllerTXFIFO          
0000305d  frexp                                
0000305d  frexpl                               
000030b9  __TI_ltoa                            
00003169  __aeabi_idiv                         
00003169  __aeabi_idivmod                      
000033a1  __aeabi_d2iz                         
000033a1  __fixdfsi                            
000033ed  DL_UART_init                         
00003435  OLED_DisplayTurn                     
0000347d  OLED_DrawPoint                       
000034c5  SYSCFG_DL_K230_init                  
0000350d  SYSCFG_DL_PRINT_init                 
00003555  DL_SYSCTL_switchMCLKfromSYSOSCtoHSCLK
00003599  SYSCFG_DL_DCC101_v1_2_init           
000035d9  __aeabi_uidiv                        
000035d9  __aeabi_uidivmod                     
00003619  __aeabi_f2d                          
00003619  __extendsfdf2                        
00003659  atoi                                 
000036d5  SYSCFG_DL_init                       
00003711  __aeabi_i2f                          
00003711  __floatsisf                          
0000374d  __gesf2                              
0000374d  __gtsf2                              
00003789  __TI_auto_init_nobinit_nopinit       
000037c5  __cmpsf2                             
000037c5  __eqsf2                              
000037c5  __lesf2                              
000037c5  __ltsf2                              
000037c5  __nesf2                              
00003801  __muldsi3                            
0000383b  PID_Pos_Init                         
00003875  __aeabi_f2iz                         
00003875  __fixsfsi                            
000038ad  sprintf                              
000038e5  OLED_ColorTurn                       
00003919  UART_send_buffer                     
0000394d  get_key_state                        
00003981  DL_UART_transmitDataBlocking         
00003a39  __aeabi_i2d                          
00003a39  __floatsidf                          
00003b05  __aeabi_ui2f                         
00003b05  __floatunsisf                        
00003b2d  _c_int00_noargs                      
00003b7b  DL_I2C_setClockConfig                
00003bc5  __aeabi_ui2d                         
00003bc5  __floatunsidf                        
00003be9  __aeabi_lmul                         
00003be9  __muldi3                             
00003c0d  pid_get_params                       
00003c31  memccpy                              
00003c95  pid_tune_kd                          
00003cb5  pid_tune_ki                          
00003cd5  pid_tune_kp                          
00003d15  __aeabi_llsl                         
00003d15  __ashldi3                            
00003d6d  DL_SYSCTL_configFCC                  
00003df9  DL_Timer_setCaptCompUpdateMethod     
00003e15  DL_Timer_setClockConfig              
00003e4d  UART_send_char                       
00003e69  delay_ms                             
00003fd5  DL_Timer_setCaptureCompareOutCtl     
00004145  __aeabi_uldivmod                     
00004191  DL_UART_setClockConfig               
000041a3  TI_memcpy_small                      
000041b5  __TI_decompress_none                 
000041f9  DL_Timer_setCaptureCompareValue      
00004209  wcslen                               
00004219  __TI_zero_init                       
00004229  __aeabi_memset                       
00004229  __aeabi_memset4                      
00004229  __aeabi_memset8                      
00004245  TI_memset_small                      
0000426d  __aeabi_memclr                       
0000426d  __aeabi_memclr4                      
0000426d  __aeabi_memclr8                      
00004279  DL_Common_delayCycles                
000042b1  __aeabi_errno_addr                   
000042b9  __aeabi_memcpy                       
000042b9  __aeabi_memcpy4                      
000042b9  __aeabi_memcpy8                      
000042c1  pid_reset_state                      
000042c9  abort                                
000042cf  ADC0_IRQHandler                      
000042cf  ADC1_IRQHandler                      
000042cf  AES_IRQHandler                       
000042cf  CANFD0_IRQHandler                    
000042cf  DAC0_IRQHandler                      
000042cf  DMA_IRQHandler                       
000042cf  Default_Handler                      
000042cf  GROUP0_IRQHandler                    
000042cf  GROUP1_IRQHandler                    
000042cf  HardFault_Handler                    
000042cf  I2C0_IRQHandler                      
000042cf  I2C1_IRQHandler                      
000042cf  NMI_Handler                          
000042cf  PendSV_Handler                       
000042cf  RTC_IRQHandler                       
000042cf  SPI0_IRQHandler                      
000042cf  SPI1_IRQHandler                      
000042cf  SVC_Handler                          
000042cf  SysTick_Handler                      
000042cf  TIMA1_IRQHandler                     
000042cf  TIMG0_IRQHandler                     
000042cf  TIMG12_IRQHandler                    
000042cf  TIMG6_IRQHandler                     
000042cf  TIMG7_IRQHandler                     
000042cf  TIMG8_IRQHandler                     
000042cf  UART0_IRQHandler                     
000042cf  UART1_IRQHandler                     
000042cf  UART2_IRQHandler                     
000042d2  C$$EXIT                              
000042d3  HOSTexit                             
000042d7  Reset_Handler                        
000042db  _system_pre_init                     
000042e0  asc2_2412                            
0000503c  asc2_1608                            
0000562c  asc2_1206                            
00005aa0  __aeabi_ctype_table_                 
00005aa0  __aeabi_ctype_table_C                
00005cb0  __TI_Handler_Table_Base              
00005cbc  __TI_Handler_Table_Limit             
00005ccc  __TI_CINIT_Base                      
00005cdc  __TI_CINIT_Limit                     
00005cdc  __TI_CINIT_Warm                      
20200000  OLED_GRAM                            
20200000  __start___llvm_prf_bits              
20200000  __start___llvm_prf_cnts              
20200000  __stop___llvm_prf_bits               
20200000  __stop___llvm_prf_cnts               
20200480  gDCC_PWMBackup                       
2020053c  gK230Backup                          
202005ca  pulse_x                              
202005d4  bujin_x                              
202005d5  dir_x                                
202005d8  DCC_v1_2                             
2020060a  motor_target                         
2020060c  __aeabi_errno                        
20200610  motor_angle                          
20200614  motor_pulse                          
20200620  btn1_active                          
20200621  btn2_active                          
20200622  btn3_active                          
20200623  btn4_active                          
2020062a  pid_timer_tick                       
20207e00  __stack                              
20208000  __STACK_END                          
ffffffff  __TI_pprof_out_hndl                  
ffffffff  __TI_prof_data_size                  
ffffffff  __TI_prof_data_start                 
ffffffff  __binit__                            
ffffffff  binit                                
UNDEFED   __mpu_init                           
UNDEFED   _system_post_cinit                   

[234 symbols]
