******************************************************************************
            TI ARM Clang Linker PC v4.0.4                      
******************************************************************************
>> Linked Thu Jul 30 20:14:12 2026

OUTPUT FILE NAME:   <DCC_101_v1.out>
ENTRY POINT SYMBOL: "_c_int00_noargs"  address: 000029f5


MEMORY CONFIGURATION

         name            origin    length      used     unused   attr    fill
----------------------  --------  ---------  --------  --------  ----  --------
  FLASH                 00000000   00020000  00004ad8  0001b528  R  X
  SRAM                  20200000   00008000  0000080b  000077f5  RW X
  BCR_CONFIG            41c00000   000000ff  00000000  000000ff  R   
  BSL_CONFIG            41c00100   00000080  00000000  00000080  R   


SEGMENT ALLOCATION MAP

run origin  load origin   length   init length attrs members
----------  ----------- ---------- ----------- ----- -------
00000000    00000000    000030e8   000030e8    r-x
  00000000    00000000    000000c0   000000c0    r-- .intvecs
  000000c0    000000c0    00003028   00003028    r-x .text
000030f0    000030f0    000019f0   000019f0    r--
  000030f0    000030f0    000019c0   000019c0    r-- .rodata
  00004ab0    00004ab0    00000030   00000030    r-- .cinit
20200000    20200000    0000060e   00000000    rw-
  20200000    20200000    000005bd   00000000    rw- .bss
  202005c0    202005c0    0000004e   00000000    rw- .data
20207e00    20207e00    00000200   00000000    rw-
  20207e00    20207e00    00000200   00000000    rw- .stack


SECTION ALLOCATION MAP

 output                                  attributes/
section   page    origin      length       input sections
--------  ----  ----------  ----------   ----------------
.intvecs   0    00000000    000000c0     
                  00000000    000000c0     startup_mspm0g350x_ticlang.o (.intvecs)

.text      0    000000c0    00003028     
                  000000c0    00000868     libc.a : _printfi.c.obj (.text:__TI_printfi_nofloat)
                  00000928    000002bc     main.o (.text.main)
                  00000be4    000001c4     bujin.o (.text.dianji_rotate_to)
                  00000da8    00000184     bujin.o (.text.TIMA0_IRQHandler)
                  00000f2c    00000158     oled.o (.text.OLED_ShowChar)
                  00001084    00000104     driverlib.a : dl_timer.o (.text.DL_Timer_initFourCCPWMMode)
                  00001188    00000100     bihuan_pid.o (.text.PID_Inc_Calc)
                  00001288    000000f8     oled.o (.text.OLED_Init)
                  00001380    000000f4     ti_msp_dl_config.o (.text.SYSCFG_DL_GPIO_init)
                  00001474    000000e8     ti_msp_dl_config.o (.text.SYSCFG_DL_SYSCTL_SYSPLL_init)
                  0000155c    000000dc     driverlib.a : dl_sysctl_mspm0g1x0x_g3x0x.o (.text.DL_SYSCTL_configSYSPLL)
                  00001638    000000d8     libclang_rt.builtins.a : addsf3.S.obj (.text)
                  00001710    000000ac     uart.o (.text.UART3_IRQHandler)
                  000017bc    000000a8     key.o (.text.key6_init)
                  00001864    000000a2     libclang_rt.builtins.a : udivmoddi4.S.obj (.text)
                  00001906    00000098     oled.o (.text.OLED_ShowString)
                  0000199e    00000002     libclang_rt.builtins.a : aeabi_div0.c.obj (.text.__aeabi_idiv0)
                  000019a0    00000094     bujin.o (.text.dianji_set_origin)
                  00001a34    0000008c     ti_msp_dl_config.o (.text.SYSCFG_DL_initPower)
                  00001ac0    0000008c     libclang_rt.builtins.a : mulsf3.S.obj (.text.__mulsf3)
                  00001b4c    00000082                            : divsf3.S.obj (.text.__divsf3)
                  00001bce    00000002                            : aeabi_div0.c.obj (.text.__aeabi_ldiv0)
                  00001bd0    0000007c     oled.o (.text.OLED_Refresh)
                  00001c4c    0000007c     libc.a : copy_decompress_lzss.c.obj (.text:decompress:lzss)
                  00001cc8    00000074     oled.o (.text.OLED_WR_Byte)
                  00001d3c    00000074     ti_msp_dl_config.o (.text.SYSCFG_DL_SYSCTL_init)
                  00001db0    00000074     libclang_rt.builtins.a : comparedf2.c.obj (.text.__gedf2)
                  00001e24    00000070     ti_msp_dl_config.o (.text.SYSCFG_DL_DCC_PWM_init)
                  00001e94    00000068     libclang_rt.builtins.a : comparedf2.c.obj (.text.__ledf2)
                  00001efc    00000064     driverlib.a : dl_sysctl_mspm0g1x0x_g3x0x.o (.text.DL_SYSCTL_setHFCLKSourceHFXTParams)
                  00001f60    00000064     oled.o (.text.OLED_ClearPoint)
                  00001fc4    00000062     libclang_rt.builtins.a : aeabi_dcmp.S.obj (.text.__aeabi_dcmp)
                  00002026    00000002     --HOLE-- [fill = 0]
                  00002028    00000062                            : aeabi_fcmp.S.obj (.text.__aeabi_fcmp)
                  0000208a    00000002     --HOLE-- [fill = 0]
                  0000208c    00000060     oled.o (.text.OLED_Clear)
                  000020ec    00000060     ti_msp_dl_config.o (.text.SYSCFG_DL_OLED_init)
                  0000214c    0000005e     driverlib.a : dl_i2c.o (.text.DL_I2C_fillControllerTXFIFO)
                  000021aa    00000002     --HOLE-- [fill = 0]
                  000021ac    00000056     libclang_rt.builtins.a : aeabi_idivmod.S.obj (.text.__aeabi_idivmod)
                  00002202    00000002     --HOLE-- [fill = 0]
                  00002204    00000050     ti_msp_dl_config.o (.text.DL_GPIO_initPeripheralInputFunctionFeatures)
                  00002254    00000050     oled.o (.text.DL_I2C_startControllerTransfer)
                  000022a4    0000004c     ti_msp_dl_config.o (.text.DL_GPIO_initDigitalInputFeatures)
                  000022f0    0000004c     ti_msp_dl_config.o (.text.DL_UART_setBaudRateDivisor)
                  0000233c    0000004c     bihuan_pid.o (.text.PID_Inc_Init)
                  00002388    00000048     driverlib.a : dl_uart.o (.text.DL_UART_init)
                  000023d0    00000048     oled.o (.text.OLED_DisplayTurn)
                  00002418    00000048     oled.o (.text.OLED_DrawPoint)
                  00002460    00000048     ti_msp_dl_config.o (.text.SYSCFG_DL_K230_init)
                  000024a8    00000048     ti_msp_dl_config.o (.text.SYSCFG_DL_PRINT_init)
                  000024f0    00000044     driverlib.a : dl_sysctl_mspm0g1x0x_g3x0x.o (.text.DL_SYSCTL_switchMCLKfromSYSOSCtoHSCLK)
                  00002534    00000040     ti_msp_dl_config.o (.text.SYSCFG_DL_DCC101_v1_2_init)
                  00002574    00000040     libclang_rt.builtins.a : aeabi_uidivmod.S.obj (.text.__aeabi_uidivmod)
                  000025b4    00000040     libc.a : atoi.c.obj (.text.atoi)
                  000025f4    0000003c     ti_msp_dl_config.o (.text.DL_Timer_setCounterControl)
                  00002630    0000003c     ti_msp_dl_config.o (.text.SYSCFG_DL_init)
                  0000266c    0000003c     libclang_rt.builtins.a : floatsisf.S.obj (.text.__floatsisf)
                  000026a8    0000003c                            : comparesf2.S.obj (.text.__gtsf2)
                  000026e4    0000003c     libc.a : autoinit.c.obj (.text:__TI_auto_init_nobinit_nopinit)
                  00002720    0000003a     libclang_rt.builtins.a : comparesf2.S.obj (.text.__eqsf2)
                  0000275a    00000002     --HOLE-- [fill = 0]
                  0000275c    0000003a                            : muldsi3.S.obj (.text.__muldsi3)
                  00002796    00000002     --HOLE-- [fill = 0]
                  00002798    00000038                            : fixsfsi.S.obj (.text.__fixsfsi)
                  000027d0    00000038     libc.a : sprintf.c.obj (.text.sprintf)
                  00002808    00000034     oled.o (.text.OLED_ColorTurn)
                  0000283c    00000034     uart.o (.text.UART_send_buffer)
                  00002870    00000034     key.o (.text.get_key_state)
                  000028a4    00000030     driverlib.a : dl_uart.o (.text.DL_UART_transmitDataBlocking)
                  000028d4    0000002c     key.o (.text.__NVIC_EnableIRQ)
                  00002900    0000002c     main.o (.text.__NVIC_EnableIRQ)
                  0000292c    00000028     oled.o (.text.DL_Common_updateReg)
                  00002954    00000028     ti_msp_dl_config.o (.text.DL_Common_updateReg)
                  0000297c    00000028     ti_msp_dl_config.o (.text.DL_I2C_setControllerRXFIFOThreshold)
                  000029a4    00000028     ti_msp_dl_config.o (.text.DL_I2C_setControllerTXFIFOThreshold)
                  000029cc    00000028     libclang_rt.builtins.a : floatunsisf.S.obj (.text.__floatunsisf)
                  000029f4    00000028     libc.a : boot_cortex_m.c.obj (.text:_c_int00_noargs)
                  00002a1c    00000026     ti_msp_dl_config.o (.text.DL_I2C_setAnalogGlitchFilterPulseWidth)
                  00002a42    00000026     driverlib.a : dl_i2c.o (.text.DL_I2C_setClockConfig)
                  00002a68    00000024     ti_msp_dl_config.o (.text.DL_I2C_setDigitalGlitchFilterPulseWidth)
                  00002a8c    00000024     libclang_rt.builtins.a : floatunsidf.S.obj (.text.__floatunsidf)
                  00002ab0    00000024                            : muldi3.S.obj (.text.__muldi3)
                  00002ad4    00000022     libc.a : memccpy.c.obj (.text.memccpy)
                  00002af6    00000002     --HOLE-- [fill = 0]
                  00002af8    00000020     ti_msp_dl_config.o (.text.DL_GPIO_initPeripheralInputFunction)
                  00002b18    00000020     ti_msp_dl_config.o (.text.DL_SYSCTL_setFlashWaitState)
                  00002b38    0000001e     ti_msp_dl_config.o (.text.DL_UART_setOversampling)
                  00002b56    00000002     --HOLE-- [fill = 0]
                  00002b58    0000001e     libclang_rt.builtins.a : ashldi3.S.obj (.text.__ashldi3)
                  00002b76    00000002     --HOLE-- [fill = 0]
                  00002b78    0000001c     ti_msp_dl_config.o (.text.DL_GPIO_enableHiZ)
                  00002b94    0000001c     ti_msp_dl_config.o (.text.DL_GPIO_initPeripheralOutputFunction)
                  00002bb0    0000001c     driverlib.a : dl_sysctl_mspm0g1x0x_g3x0x.o (.text.DL_SYSCTL_configFCC)
                  00002bcc    0000001c     ti_msp_dl_config.o (.text.DL_SYSCTL_setFCCPeriods)
                  00002be8    0000001c     ti_msp_dl_config.o (.text.DL_SYSCTL_setSYSOSCFreq)
                  00002c04    0000001c     ti_msp_dl_config.o (.text.DL_SYSCTL_setULPCLKDivider)
                  00002c20    0000001c     ti_msp_dl_config.o (.text.DL_Timer_enableInterrupt)
                  00002c3c    0000001c     driverlib.a : dl_timer.o (.text.DL_Timer_setCaptCompUpdateMethod)
                  00002c58    0000001c                 : dl_timer.o (.text.DL_Timer_setClockConfig)
                  00002c74    0000001c     ti_msp_dl_config.o (.text.DL_UART_enableInterrupt)
                  00002c90    0000001c     uart.o (.text.UART_send_char)
                  00002cac    0000001c     delay.o (.text.delay_ms)
                  00002cc8    00000018     ti_msp_dl_config.o (.text.DL_GPIO_enableOutput)
                  00002ce0    00000018     ti_msp_dl_config.o (.text.DL_GPIO_enablePower)
                  00002cf8    00000018     ti_msp_dl_config.o (.text.DL_GPIO_initDigitalOutput)
                  00002d10    00000018     ti_msp_dl_config.o (.text.DL_GPIO_initPeripheralAnalogFunction)
                  00002d28    00000018     ti_msp_dl_config.o (.text.DL_GPIO_reset)
                  00002d40    00000018     ti_msp_dl_config.o (.text.DL_I2C_enableAnalogGlitchFilter)
                  00002d58    00000018     ti_msp_dl_config.o (.text.DL_I2C_enableController)
                  00002d70    00000018     ti_msp_dl_config.o (.text.DL_I2C_enableControllerClockStretching)
                  00002d88    00000018     ti_msp_dl_config.o (.text.DL_I2C_enablePower)
                  00002da0    00000018     ti_msp_dl_config.o (.text.DL_I2C_reset)
                  00002db8    00000018     ti_msp_dl_config.o (.text.DL_I2C_setTimerPeriod)
                  00002dd0    00000018     ti_msp_dl_config.o (.text.DL_SYSCTL_setBORThreshold)
                  00002de8    00000018     ti_msp_dl_config.o (.text.DL_Timer_enablePower)
                  00002e00    00000018     ti_msp_dl_config.o (.text.DL_Timer_reset)
                  00002e18    00000018     driverlib.a : dl_timer.o (.text.DL_Timer_setCaptureCompareOutCtl)
                  00002e30    00000018     key.o (.text.DL_Timer_setLoadValue)
                  00002e48    00000018     key.o (.text.DL_Timer_startCounter)
                  00002e60    00000018     ti_msp_dl_config.o (.text.DL_UART_enablePower)
                  00002e78    00000018     ti_msp_dl_config.o (.text.DL_UART_reset)
                  00002e90    00000018     libc.a : sprintf.c.obj (.text._outs)
                  00002ea8    00000016     key.o (.text.DL_GPIO_readPins)
                  00002ebe    00000016     ti_msp_dl_config.o (.text.DL_UART_enable)
                  00002ed4    00000014     key.o (.text.DL_GPIO_clearPins)
                  00002ee8    00000014     ti_msp_dl_config.o (.text.DL_GPIO_clearPins)
                  00002efc    00000014     oled.o (.text.DL_I2C_getControllerStatus)
                  00002f10    00000014     ti_msp_dl_config.o (.text.DL_I2C_resetControllerTransfer)
                  00002f24    00000014     ti_msp_dl_config.o (.text.DL_SYSCTL_disableSYSPLL)
                  00002f38    00000014     ti_msp_dl_config.o (.text.DL_SYSCTL_enableSYSPLL)
                  00002f4c    00000014     ti_msp_dl_config.o (.text.DL_Timer_enableClock)
                  00002f60    00000014     ti_msp_dl_config.o (.text.DL_Timer_setCCPDirection)
                  00002f74    00000014     uart.o (.text.DL_UART_receiveData)
                  00002f88    00000014     libclang_rt.builtins.a : aeabi_uldivmod.S.obj (.text.__aeabi_uldivmod)
                  00002f9c    00000012     bujin.o (.text.DL_Timer_getPendingInterrupt)
                  00002fae    00000012     uart.o (.text.DL_UART_getPendingInterrupt)
                  00002fc0    00000012     driverlib.a : dl_uart.o (.text.DL_UART_setClockConfig)
                  00002fd2    00000012     libc.a : memcpy16.S.obj (.text:TI_memcpy_small)
                  00002fe4    00000012            : copy_decompress_none.c.obj (.text:decompress:none)
                  00002ff6    00000002     --HOLE-- [fill = 0]
                  00002ff8    00000010     ti_msp_dl_config.o (.text.DL_SYSCTL_disableHFXT)
                  00003008    00000010     ti_msp_dl_config.o (.text.DL_SYSCTL_isFCCDone)
                  00003018    00000010     ti_msp_dl_config.o (.text.DL_SYSCTL_startFCC)
                  00003028    00000010     driverlib.a : dl_timer.o (.text.DL_Timer_setCaptureCompareValue)
                  00003038    00000010     libc.a : wcslen.c.obj (.text.wcslen)
                  00003048    00000010            : copy_zero_init.c.obj (.text:decompress:ZI)
                  00003058    0000000e     libclang_rt.builtins.a : aeabi_memset.S.obj (.text.__aeabi_memset)
                  00003066    0000000e     libc.a : _printfi.c.obj (.text.strlen)
                  00003074    0000000e            : memset16.S.obj (.text:TI_memset_small)
                  00003082    00000002     --HOLE-- [fill = 0]
                  00003084    0000000c     ti_msp_dl_config.o (.text.DL_SYSCTL_getClockStatus)
                  00003090    0000000c     ti_msp_dl_config.o (.text.DL_SYSCTL_readFCC)
                  0000309c    0000000c     libclang_rt.builtins.a : aeabi_memset.S.obj (.text.__aeabi_memclr)
                  000030a8    0000000a     driverlib.a : dl_common.o (.text.DL_Common_delayCycles)
                  000030b2    0000000a     libc.a : sprintf.c.obj (.text._outc)
                  000030bc    00000008            : aeabi_portable.c.obj (.text.__aeabi_errno_addr)
                  000030c4    00000008     libclang_rt.builtins.a : aeabi_memcpy.S.obj (.text.__aeabi_memcpy)
                  000030cc    00000006     libc.a : exit.c.obj (.text:abort)
                  000030d2    00000004     startup_mspm0g350x_ticlang.o (.text.Default_Handler)
                  000030d6    00000004     libsysbm.a : hostexit.c.obj (.text.HOSTexit)
                  000030da    00000004     startup_mspm0g350x_ticlang.o (.text.Reset_Handler)
                  000030de    00000004     libc.a : pre_init.c.obj (.text._system_pre_init)
                  000030e2    00000006     --HOLE-- [fill = 0]

.cinit     0    00004ab0    00000030     
                  00004ab0    0000000c     (__TI_handler_table)
                  00004abc    00000008     (.cinit..bss.load) [load image, compression = zero_init]
                  00004ac4    00000008     (.cinit..data.load) [load image, compression = lzss]
                  00004acc    00000010     (__TI_cinit_table)
                  00004adc    00000004     --HOLE-- [fill = 0]

.rodata    0    000030f0    000019c0     
                  000030f0    00000d5c     oled.o (.rodata.asc2_2412)
                  00003e4c    000005f0     oled.o (.rodata.asc2_1608)
                  0000443c    00000474     oled.o (.rodata.asc2_1206)
                  000048b0    00000101     libc.a : aeabi_ctype.S.obj (.rodata:__aeabi_ctype_table_)
                  000049b1    00000003     ti_msp_dl_config.o (.rodata.gDCC_PWMClockConfig)
                  000049b4    00000028     ti_msp_dl_config.o (.rodata.gSYSPLLConfig)
                  000049dc    00000011     libc.a : _printfi.c.obj (.rodata.str1.10348868589481759720.1)
                  000049ed    00000011            : _printfi.c.obj (.rodata.str1.15363888844622738466.1)
                  000049fe    0000000d     main.o (.rodata.str1.15159059442110792349.1)
                  00004a0b    0000000c     main.o (.rodata.str1.17100691992556644108.1)
                  00004a17    0000000b     main.o (.rodata.str1.12180500075719773345.1)
                  00004a22    0000000b     main.o (.rodata.str1.14112174005742061988.1)
                  00004a2d    0000000b     main.o (.rodata.str1.16265332423659789559.1)
                  00004a38    0000000b     main.o (.rodata.str1.288608917962107522.1)
                  00004a43    0000000b     main.o (.rodata.str1.7702501944640899365.1)
                  00004a4e    0000000a     ti_msp_dl_config.o (.rodata.gDCC101_v1_2Config)
                  00004a58    0000000a     ti_msp_dl_config.o (.rodata.gK230Config)
                  00004a62    0000000a     ti_msp_dl_config.o (.rodata.gPRINTConfig)
                  00004a6c    0000000a     main.o (.rodata.str1.15996357275703397564.1)
                  00004a76    0000000a     main.o (.rodata.str1.18227636981041470289.1)
                  00004a80    0000000a     main.o (.rodata.str1.2846389346932560359.1)
                  00004a8a    0000000a     main.o (.rodata.str1.8154729771448623357.1)
                  00004a94    00000009     main.o (.rodata.str1.14402440632258215044.1)
                  00004a9d    00000002     ti_msp_dl_config.o (.rodata.gDCC101_v1_2ClockConfig)
                  00004a9f    00000001     --HOLE-- [fill = 0]
                  00004aa0    00000008     ti_msp_dl_config.o (.rodata.gDCC_PWMConfig)
                  00004aa8    00000002     ti_msp_dl_config.o (.rodata.gK230ClockConfig)
                  00004aaa    00000002     ti_msp_dl_config.o (.rodata.gOLEDClockConfig)
                  00004aac    00000002     ti_msp_dl_config.o (.rodata.gPRINTClockConfig)
                  00004aae    00000002     --HOLE-- [fill = 0]

.init_array 
*          0    00000000    00000000     UNINITIALIZED

.binit     0    00000000    00000000     

.bss       0    20200000    000005bd     UNINITIALIZED
                  20200000    00000480     (.common:OLED_GRAM)
                  20200480    000000bc     (.common:gDCC_PWMBackup)
                  2020053c    00000030     (.common:gK230Backup)
                  2020056c    00000028     main.o (.bss.pid_x)
                  20200594    00000020     main.o (.bss.disp_buf)
                  202005b4    00000005     uart.o (.bss.rx_buf)
                  202005b9    00000001     (.common:bujin_x)
                  202005ba    00000002     (.common:pulse_x)
                  202005bc    00000001     (.common:dir_x)

.data      0    202005c0    0000004e     UNINITIALIZED
                  202005c0    00000032     main.o (.data.DCC_v1_2)
                  202005f2    00000002     main.o (.data.motor_target)
                  202005f4    00000004     libc.a : aeabi_portable.c.obj (.data.__aeabi_errno)
                  202005f8    00000004     main.o (.data.motor_angle)
                  202005fc    00000004     main.o (.data.motor_pulse)
                  20200600    00000001     bujin.o (.data.TIMA0_IRQHandler.btn2_cnt)
                  20200601    00000001     bujin.o (.data.TIMA0_IRQHandler.btn2_stable)
                  20200602    00000001     bujin.o (.data.TIMA0_IRQHandler.btn3_cnt)
                  20200603    00000001     bujin.o (.data.TIMA0_IRQHandler.btn3_stable)
                  20200604    00000001     bujin.o (.data.TIMA0_IRQHandler.btn4_cnt)
                  20200605    00000001     bujin.o (.data.TIMA0_IRQHandler.btn4_stable)
                  20200606    00000001     bujin.o (.data.TIMA0_IRQHandler.btn_cnt)
                  20200607    00000001     bujin.o (.data.TIMA0_IRQHandler.btn_stable)
                  20200608    00000001     bujin.o (.data.btn1_active)
                  20200609    00000001     bujin.o (.data.btn2_active)
                  2020060a    00000001     bujin.o (.data.btn3_active)
                  2020060b    00000001     bujin.o (.data.btn4_active)
                  2020060c    00000001     main.o (.data.main.btn1_prev)
                  2020060d    00000001     uart.o (.data.rx_idx)

.stack     0    20207e00    00000200     UNINITIALIZED
                  20207e00    00000004     libc.a : boot_cortex_m.c.obj (.stack)
                  20207e04    000001fc     --HOLE--

__llvm_prf_cnts 
*          0    20200000    00000000     UNINITIALIZED

__llvm_prf_bits 
*          0    20200000    00000000     UNINITIALIZED

MODULE SUMMARY

       Module                         code    ro data   rw data
       ------                         ----    -------   -------
    .\
       oled.o                         1516    6080      1152   
       ti_msp_dl_config.o             2582    89        236    
       bujin.o                        1006    0         12     
       main.o                         744     129       137    
       key.o                          354     0         0      
       bihuan_pid.o                   332     0         0      
       uart.o                         290     0         6      
       startup_mspm0g350x_ticlang.o   8       192       0      
       delay.o                        28      0         0      
    +--+------------------------------+-------+---------+---------+
       Total:                         6860    6490      1543   
                                                               
    C:/ti/mspm0_sdk_2_10_00_04/source/ti/driverlib/lib/ticlang/m0p/mspm0g1x0x_g3x0x/driverlib.a
       dl_sysctl_mspm0g1x0x_g3x0x.o   416     0         0      
       dl_timer.o                     356     0         0      
       dl_uart.o                      138     0         0      
       dl_i2c.o                       132     0         0      
       dl_common.o                    10      0         0      
    +--+------------------------------+-------+---------+---------+
       Total:                         1052    0         0      
                                                               
    C:\ti\ccs2050\ccs\tools\compiler\ti-cgt-armllvm_4.0.4.LTS\lib\armv6m-ti-none-eabi/c/libc.a
       _printfi.c.obj                 2166    34        0      
       aeabi_ctype.S.obj              0       257       0      
       copy_decompress_lzss.c.obj     124     0         0      
       sprintf.c.obj                  90      0         0      
       atoi.c.obj                     64      0         0      
       autoinit.c.obj                 60      0         0      
       boot_cortex_m.c.obj            40      0         0      
       memccpy.c.obj                  34      0         0      
       copy_decompress_none.c.obj     18      0         0      
       memcpy16.S.obj                 18      0         0      
       copy_zero_init.c.obj           16      0         0      
       wcslen.c.obj                   16      0         0      
       memset16.S.obj                 14      0         0      
       aeabi_portable.c.obj           8       0         4      
       exit.c.obj                     6       0         0      
       pre_init.c.obj                 4       0         0      
    +--+------------------------------+-------+---------+---------+
       Total:                         2678    291       4      
                                                               
    C:\ti\ccs2050\ccs\tools\compiler\ti-cgt-armllvm_4.0.4.LTS\lib\armv6m-ti-none-eabi/c/libsysbm.a
       hostexit.c.obj                 4       0         0      
    +--+------------------------------+-------+---------+---------+
       Total:                         4       0         0      
                                                               
    C:\ti\ccs2050\ccs\tools\compiler\ti-cgt-armllvm_4.0.4.LTS\lib\armv6m-ti-none-eabi/libclang_rt.builtins.a
       comparedf2.c.obj               220     0         0      
       addsf3.S.obj                   216     0         0      
       udivmoddi4.S.obj               162     0         0      
       mulsf3.S.obj                   140     0         0      
       divsf3.S.obj                   130     0         0      
       comparesf2.S.obj               118     0         0      
       aeabi_dcmp.S.obj               98      0         0      
       aeabi_fcmp.S.obj               98      0         0      
       aeabi_idivmod.S.obj            86      0         0      
       aeabi_uidivmod.S.obj           64      0         0      
       floatsisf.S.obj                60      0         0      
       muldsi3.S.obj                  58      0         0      
       fixsfsi.S.obj                  56      0         0      
       floatunsisf.S.obj              40      0         0      
       floatunsidf.S.obj              36      0         0      
       muldi3.S.obj                   36      0         0      
       ashldi3.S.obj                  30      0         0      
       aeabi_memset.S.obj             26      0         0      
       aeabi_uldivmod.S.obj           20      0         0      
       aeabi_memcpy.S.obj             8       0         0      
       aeabi_div0.c.obj               4       0         0      
    +--+------------------------------+-------+---------+---------+
       Total:                         1706    0         0      
                                                               
       Stack:                         0       0         512    
       Linker Generated:              0       44        0      
    +--+------------------------------+-------+---------+---------+
       Grand Total:                   12300   6825      2059   


LINKER GENERATED COPY TABLES

__TI_cinit_table @ 00004acc records: 2, size/record: 8, table size: 16
	.bss: load addr=00004abc, load size=00000008 bytes, run addr=20200000, run size=000005bd bytes, compression=zero_init
	.data: load addr=00004ac4, load size=00000008 bytes, run addr=202005c0, run size=0000004e bytes, compression=lzss


LINKER GENERATED HANDLER TABLE

__TI_handler_table @ 00004ab0 records: 3, size/record: 4, table size: 12
	index: 0, handler: __TI_decompress_lzss
	index: 1, handler: __TI_decompress_none
	index: 2, handler: __TI_zero_init


GLOBAL SYMBOLS: SORTED ALPHABETICALLY BY Name 

address   name                                 
-------   ----                                 
000030d3  ADC0_IRQHandler                      
000030d3  ADC1_IRQHandler                      
000030d3  AES_IRQHandler                       
000030d6  C$$EXIT                              
000030d3  CANFD0_IRQHandler                    
000030d3  DAC0_IRQHandler                      
202005c0  DCC_v1_2                             
000030a9  DL_Common_delayCycles                
0000214d  DL_I2C_fillControllerTXFIFO          
00002a43  DL_I2C_setClockConfig                
00002bb1  DL_SYSCTL_configFCC                  
0000155d  DL_SYSCTL_configSYSPLL               
00001efd  DL_SYSCTL_setHFCLKSourceHFXTParams   
000024f1  DL_SYSCTL_switchMCLKfromSYSOSCtoHSCLK
00001085  DL_Timer_initFourCCPWMMode           
00002c3d  DL_Timer_setCaptCompUpdateMethod     
00002e19  DL_Timer_setCaptureCompareOutCtl     
00003029  DL_Timer_setCaptureCompareValue      
00002c59  DL_Timer_setClockConfig              
00002389  DL_UART_init                         
00002fc1  DL_UART_setClockConfig               
000028a5  DL_UART_transmitDataBlocking         
000030d3  DMA_IRQHandler                       
000030d3  Default_Handler                      
000030d3  GROUP0_IRQHandler                    
000030d3  GROUP1_IRQHandler                    
000030d7  HOSTexit                             
000030d3  HardFault_Handler                    
000030d3  I2C0_IRQHandler                      
000030d3  I2C1_IRQHandler                      
000030d3  NMI_Handler                          
0000208d  OLED_Clear                           
00001f61  OLED_ClearPoint                      
00002809  OLED_ColorTurn                       
000023d1  OLED_DisplayTurn                     
00002419  OLED_DrawPoint                       
20200000  OLED_GRAM                            
00001289  OLED_Init                            
00001bd1  OLED_Refresh                         
00000f2d  OLED_ShowChar                        
00001907  OLED_ShowString                      
00001cc9  OLED_WR_Byte                         
00001189  PID_Inc_Calc                         
0000233d  PID_Inc_Init                         
000030d3  PendSV_Handler                       
000030d3  RTC_IRQHandler                       
000030db  Reset_Handler                        
000030d3  SPI0_IRQHandler                      
000030d3  SPI1_IRQHandler                      
000030d3  SVC_Handler                          
00002535  SYSCFG_DL_DCC101_v1_2_init           
00001e25  SYSCFG_DL_DCC_PWM_init               
00001381  SYSCFG_DL_GPIO_init                  
00002461  SYSCFG_DL_K230_init                  
000020ed  SYSCFG_DL_OLED_init                  
000024a9  SYSCFG_DL_PRINT_init                 
00001475  SYSCFG_DL_SYSCTL_SYSPLL_init         
00001d3d  SYSCFG_DL_SYSCTL_init                
00002631  SYSCFG_DL_init                       
00001a35  SYSCFG_DL_initPower                  
000030d3  SysTick_Handler                      
00000da9  TIMA0_IRQHandler                     
000030d3  TIMA1_IRQHandler                     
000030d3  TIMG0_IRQHandler                     
000030d3  TIMG12_IRQHandler                    
000030d3  TIMG6_IRQHandler                     
000030d3  TIMG7_IRQHandler                     
000030d3  TIMG8_IRQHandler                     
00002fd3  TI_memcpy_small                      
00003075  TI_memset_small                      
000030d3  UART0_IRQHandler                     
000030d3  UART1_IRQHandler                     
000030d3  UART2_IRQHandler                     
00001711  UART3_IRQHandler                     
0000283d  UART_send_buffer                     
00002c91  UART_send_char                       
20208000  __STACK_END                          
00000200  __STACK_SIZE                         
00000000  __TI_ATRegion0_region_sz             
00000000  __TI_ATRegion0_src_addr              
00000000  __TI_ATRegion0_trg_addr              
00000000  __TI_ATRegion1_region_sz             
00000000  __TI_ATRegion1_src_addr              
00000000  __TI_ATRegion1_trg_addr              
00000000  __TI_ATRegion2_region_sz             
00000000  __TI_ATRegion2_src_addr              
00000000  __TI_ATRegion2_trg_addr              
00004acc  __TI_CINIT_Base                      
00004adc  __TI_CINIT_Limit                     
00004adc  __TI_CINIT_Warm                      
00004ab0  __TI_Handler_Table_Base              
00004abc  __TI_Handler_Table_Limit             
000026e5  __TI_auto_init_nobinit_nopinit       
00001c4d  __TI_decompress_lzss                 
00002fe5  __TI_decompress_none                 
ffffffff  __TI_pprof_out_hndl                  
000000c1  __TI_printfi_nofloat                 
ffffffff  __TI_prof_data_size                  
ffffffff  __TI_prof_data_start                 
00000000  __TI_static_base__                   
00003049  __TI_zero_init                       
00001643  __addsf3                             
000048b0  __aeabi_ctype_table_                 
000048b0  __aeabi_ctype_table_C                
00001fc5  __aeabi_dcmpeq                       
00002001  __aeabi_dcmpge                       
00002015  __aeabi_dcmpgt                       
00001fed  __aeabi_dcmple                       
00001fd9  __aeabi_dcmplt                       
202005f4  __aeabi_errno                        
000030bd  __aeabi_errno_addr                   
00002799  __aeabi_f2iz                         
00001643  __aeabi_fadd                         
00002029  __aeabi_fcmpeq                       
00002065  __aeabi_fcmpge                       
00002079  __aeabi_fcmpgt                       
00002051  __aeabi_fcmple                       
0000203d  __aeabi_fcmplt                       
00001b4d  __aeabi_fdiv                         
00001ac1  __aeabi_fmul                         
00001639  __aeabi_fsub                         
0000266d  __aeabi_i2f                          
000021ad  __aeabi_idiv                         
0000199f  __aeabi_idiv0                        
000021ad  __aeabi_idivmod                      
00001bcf  __aeabi_ldiv0                        
00002b59  __aeabi_llsl                         
00002ab1  __aeabi_lmul                         
0000309d  __aeabi_memclr                       
0000309d  __aeabi_memclr4                      
0000309d  __aeabi_memclr8                      
000030c5  __aeabi_memcpy                       
000030c5  __aeabi_memcpy4                      
000030c5  __aeabi_memcpy8                      
00003059  __aeabi_memset                       
00003059  __aeabi_memset4                      
00003059  __aeabi_memset8                      
00002a8d  __aeabi_ui2d                         
000029cd  __aeabi_ui2f                         
00002575  __aeabi_uidiv                        
00002575  __aeabi_uidivmod                     
00002f89  __aeabi_uldivmod                     
00002b59  __ashldi3                            
ffffffff  __binit__                            
00001e95  __cmpdf2                             
00002721  __cmpsf2                             
00001b4d  __divsf3                             
00001e95  __eqdf2                              
00002721  __eqsf2                              
00002799  __fixsfsi                            
0000266d  __floatsisf                          
00002a8d  __floatunsidf                        
000029cd  __floatunsisf                        
00001db1  __gedf2                              
000026a9  __gesf2                              
00001db1  __gtdf2                              
000026a9  __gtsf2                              
00001e95  __ledf2                              
00002721  __lesf2                              
00001e95  __ltdf2                              
00002721  __ltsf2                              
UNDEFED   __mpu_init                           
00002ab1  __muldi3                             
0000275d  __muldsi3                            
00001ac1  __mulsf3                             
00001e95  __nedf2                              
00002721  __nesf2                              
20207e00  __stack                              
20200000  __start___llvm_prf_bits              
20200000  __start___llvm_prf_cnts              
20200000  __stop___llvm_prf_bits               
20200000  __stop___llvm_prf_cnts               
00001639  __subsf3                             
00001865  __udivmoddi4                         
000029f5  _c_int00_noargs                      
UNDEFED   _system_post_cinit                   
000030df  _system_pre_init                     
000030cd  abort                                
0000443c  asc2_1206                            
00003e4c  asc2_1608                            
000030f0  asc2_2412                            
000025b5  atoi                                 
ffffffff  binit                                
20200608  btn1_active                          
20200609  btn2_active                          
2020060a  btn3_active                          
2020060b  btn4_active                          
202005b9  bujin_x                              
00002cad  delay_ms                             
00000be5  dianji_rotate_to                     
000019a1  dianji_set_origin                    
202005bc  dir_x                                
20200480  gDCC_PWMBackup                       
2020053c  gK230Backup                          
00002871  get_key_state                        
00000000  interruptVectors                     
000017bd  key6_init                            
00000929  main                                 
00002ad5  memccpy                              
202005f8  motor_angle                          
202005fc  motor_pulse                          
202005f2  motor_target                         
202005ba  pulse_x                              
000027d1  sprintf                              
00003039  wcslen                               


GLOBAL SYMBOLS: SORTED BY Symbol Address 

address   name                                 
-------   ----                                 
00000000  __TI_ATRegion0_region_sz             
00000000  __TI_ATRegion0_src_addr              
00000000  __TI_ATRegion0_trg_addr              
00000000  __TI_ATRegion1_region_sz             
00000000  __TI_ATRegion1_src_addr              
00000000  __TI_ATRegion1_trg_addr              
00000000  __TI_ATRegion2_region_sz             
00000000  __TI_ATRegion2_src_addr              
00000000  __TI_ATRegion2_trg_addr              
00000000  __TI_static_base__                   
00000000  interruptVectors                     
000000c1  __TI_printfi_nofloat                 
00000200  __STACK_SIZE                         
00000929  main                                 
00000be5  dianji_rotate_to                     
00000da9  TIMA0_IRQHandler                     
00000f2d  OLED_ShowChar                        
00001085  DL_Timer_initFourCCPWMMode           
00001189  PID_Inc_Calc                         
00001289  OLED_Init                            
00001381  SYSCFG_DL_GPIO_init                  
00001475  SYSCFG_DL_SYSCTL_SYSPLL_init         
0000155d  DL_SYSCTL_configSYSPLL               
00001639  __aeabi_fsub                         
00001639  __subsf3                             
00001643  __addsf3                             
00001643  __aeabi_fadd                         
00001711  UART3_IRQHandler                     
000017bd  key6_init                            
00001865  __udivmoddi4                         
00001907  OLED_ShowString                      
0000199f  __aeabi_idiv0                        
000019a1  dianji_set_origin                    
00001a35  SYSCFG_DL_initPower                  
00001ac1  __aeabi_fmul                         
00001ac1  __mulsf3                             
00001b4d  __aeabi_fdiv                         
00001b4d  __divsf3                             
00001bcf  __aeabi_ldiv0                        
00001bd1  OLED_Refresh                         
00001c4d  __TI_decompress_lzss                 
00001cc9  OLED_WR_Byte                         
00001d3d  SYSCFG_DL_SYSCTL_init                
00001db1  __gedf2                              
00001db1  __gtdf2                              
00001e25  SYSCFG_DL_DCC_PWM_init               
00001e95  __cmpdf2                             
00001e95  __eqdf2                              
00001e95  __ledf2                              
00001e95  __ltdf2                              
00001e95  __nedf2                              
00001efd  DL_SYSCTL_setHFCLKSourceHFXTParams   
00001f61  OLED_ClearPoint                      
00001fc5  __aeabi_dcmpeq                       
00001fd9  __aeabi_dcmplt                       
00001fed  __aeabi_dcmple                       
00002001  __aeabi_dcmpge                       
00002015  __aeabi_dcmpgt                       
00002029  __aeabi_fcmpeq                       
0000203d  __aeabi_fcmplt                       
00002051  __aeabi_fcmple                       
00002065  __aeabi_fcmpge                       
00002079  __aeabi_fcmpgt                       
0000208d  OLED_Clear                           
000020ed  SYSCFG_DL_OLED_init                  
0000214d  DL_I2C_fillControllerTXFIFO          
000021ad  __aeabi_idiv                         
000021ad  __aeabi_idivmod                      
0000233d  PID_Inc_Init                         
00002389  DL_UART_init                         
000023d1  OLED_DisplayTurn                     
00002419  OLED_DrawPoint                       
00002461  SYSCFG_DL_K230_init                  
000024a9  SYSCFG_DL_PRINT_init                 
000024f1  DL_SYSCTL_switchMCLKfromSYSOSCtoHSCLK
00002535  SYSCFG_DL_DCC101_v1_2_init           
00002575  __aeabi_uidiv                        
00002575  __aeabi_uidivmod                     
000025b5  atoi                                 
00002631  SYSCFG_DL_init                       
0000266d  __aeabi_i2f                          
0000266d  __floatsisf                          
000026a9  __gesf2                              
000026a9  __gtsf2                              
000026e5  __TI_auto_init_nobinit_nopinit       
00002721  __cmpsf2                             
00002721  __eqsf2                              
00002721  __lesf2                              
00002721  __ltsf2                              
00002721  __nesf2                              
0000275d  __muldsi3                            
00002799  __aeabi_f2iz                         
00002799  __fixsfsi                            
000027d1  sprintf                              
00002809  OLED_ColorTurn                       
0000283d  UART_send_buffer                     
00002871  get_key_state                        
000028a5  DL_UART_transmitDataBlocking         
000029cd  __aeabi_ui2f                         
000029cd  __floatunsisf                        
000029f5  _c_int00_noargs                      
00002a43  DL_I2C_setClockConfig                
00002a8d  __aeabi_ui2d                         
00002a8d  __floatunsidf                        
00002ab1  __aeabi_lmul                         
00002ab1  __muldi3                             
00002ad5  memccpy                              
00002b59  __aeabi_llsl                         
00002b59  __ashldi3                            
00002bb1  DL_SYSCTL_configFCC                  
00002c3d  DL_Timer_setCaptCompUpdateMethod     
00002c59  DL_Timer_setClockConfig              
00002c91  UART_send_char                       
00002cad  delay_ms                             
00002e19  DL_Timer_setCaptureCompareOutCtl     
00002f89  __aeabi_uldivmod                     
00002fc1  DL_UART_setClockConfig               
00002fd3  TI_memcpy_small                      
00002fe5  __TI_decompress_none                 
00003029  DL_Timer_setCaptureCompareValue      
00003039  wcslen                               
00003049  __TI_zero_init                       
00003059  __aeabi_memset                       
00003059  __aeabi_memset4                      
00003059  __aeabi_memset8                      
00003075  TI_memset_small                      
0000309d  __aeabi_memclr                       
0000309d  __aeabi_memclr4                      
0000309d  __aeabi_memclr8                      
000030a9  DL_Common_delayCycles                
000030bd  __aeabi_errno_addr                   
000030c5  __aeabi_memcpy                       
000030c5  __aeabi_memcpy4                      
000030c5  __aeabi_memcpy8                      
000030cd  abort                                
000030d3  ADC0_IRQHandler                      
000030d3  ADC1_IRQHandler                      
000030d3  AES_IRQHandler                       
000030d3  CANFD0_IRQHandler                    
000030d3  DAC0_IRQHandler                      
000030d3  DMA_IRQHandler                       
000030d3  Default_Handler                      
000030d3  GROUP0_IRQHandler                    
000030d3  GROUP1_IRQHandler                    
000030d3  HardFault_Handler                    
000030d3  I2C0_IRQHandler                      
000030d3  I2C1_IRQHandler                      
000030d3  NMI_Handler                          
000030d3  PendSV_Handler                       
000030d3  RTC_IRQHandler                       
000030d3  SPI0_IRQHandler                      
000030d3  SPI1_IRQHandler                      
000030d3  SVC_Handler                          
000030d3  SysTick_Handler                      
000030d3  TIMA1_IRQHandler                     
000030d3  TIMG0_IRQHandler                     
000030d3  TIMG12_IRQHandler                    
000030d3  TIMG6_IRQHandler                     
000030d3  TIMG7_IRQHandler                     
000030d3  TIMG8_IRQHandler                     
000030d3  UART0_IRQHandler                     
000030d3  UART1_IRQHandler                     
000030d3  UART2_IRQHandler                     
000030d6  C$$EXIT                              
000030d7  HOSTexit                             
000030db  Reset_Handler                        
000030df  _system_pre_init                     
000030f0  asc2_2412                            
00003e4c  asc2_1608                            
0000443c  asc2_1206                            
000048b0  __aeabi_ctype_table_                 
000048b0  __aeabi_ctype_table_C                
00004ab0  __TI_Handler_Table_Base              
00004abc  __TI_Handler_Table_Limit             
00004acc  __TI_CINIT_Base                      
00004adc  __TI_CINIT_Limit                     
00004adc  __TI_CINIT_Warm                      
20200000  OLED_GRAM                            
20200000  __start___llvm_prf_bits              
20200000  __start___llvm_prf_cnts              
20200000  __stop___llvm_prf_bits               
20200000  __stop___llvm_prf_cnts               
20200480  gDCC_PWMBackup                       
2020053c  gK230Backup                          
202005b9  bujin_x                              
202005ba  pulse_x                              
202005bc  dir_x                                
202005c0  DCC_v1_2                             
202005f2  motor_target                         
202005f4  __aeabi_errno                        
202005f8  motor_angle                          
202005fc  motor_pulse                          
20200608  btn1_active                          
20200609  btn2_active                          
2020060a  btn3_active                          
2020060b  btn4_active                          
20207e00  __stack                              
20208000  __STACK_END                          
ffffffff  __TI_pprof_out_hndl                  
ffffffff  __TI_prof_data_size                  
ffffffff  __TI_prof_data_start                 
ffffffff  __binit__                            
ffffffff  binit                                
UNDEFED   __mpu_init                           
UNDEFED   _system_post_cinit                   

[205 symbols]
