******************************************************************************
            TI ARM Clang Linker PC v4.0.4                      
******************************************************************************
>> Linked Wed Jul 15 17:36:08 2026

OUTPUT FILE NAME:   <DCC_101_v1.out>
ENTRY POINT SYMBOL: "_c_int00_noargs"  address: 00001541


MEMORY CONFIGURATION

         name            origin    length      used     unused   attr    fill
----------------------  --------  ---------  --------  --------  ----  --------
  FLASH                 00000000   00020000  00001c18  0001e3e8  R  X
  SRAM                  20200000   00008000  000007ac  00007854  RW X
  BCR_CONFIG            41c00000   000000ff  00000000  000000ff  R   
  BSL_CONFIG            41c00100   00000080  00000000  00000080  R   


SEGMENT ALLOCATION MAP

run origin  load origin   length   init length attrs members
----------  ----------- ---------- ----------- ----- -------
00000000    00000000    00001c18   00001c18    r-x
  00000000    00000000    000000c0   000000c0    r-- .intvecs
  000000c0    000000c0    00001ac8   00001ac8    r-x .text
  00001b88    00001b88    00000060   00000060    r-- .rodata
  00001be8    00001be8    00000030   00000030    r-- .cinit
20200000    20200000    000005ac   00000000    rw-
  20200000    20200000    0000053c   00000000    rw- .bss
  2020053c    2020053c    00000070   00000000    rw- .data
20207e00    20207e00    00000200   00000000    rw-
  20207e00    20207e00    00000200   00000000    rw- .stack


SECTION ALLOCATION MAP

 output                                  attributes/
section   page    origin      length       input sections
--------  ----  ----------  ----------   ----------------
.intvecs   0    00000000    000000c0     
                  00000000    000000c0     startup_mspm0g350x_ticlang.o (.intvecs)

.text      0    000000c0    00001ac8     
                  000000c0    00000184     bujin.o (.text.TIMA0_IRQHandler)
                  00000244    00000104     driverlib.a : dl_timer.o (.text.DL_Timer_initFourCCPWMMode)
                  00000348    000000f8     oled.o (.text.OLED_Init)
                  00000440    000000f4     ti_msp_dl_config.o (.text.SYSCFG_DL_GPIO_init)
                  00000534    000000e8     ti_msp_dl_config.o (.text.SYSCFG_DL_SYSCTL_SYSPLL_init)
                  0000061c    000000e4     main.o (.text.main)
                  00000700    000000dc     driverlib.a : dl_sysctl_mspm0g1x0x_g3x0x.o (.text.DL_SYSCTL_configSYSPLL)
                  000007dc    000000b4     bujin2.o (.text.dianji2_roll)
                  00000890    000000b4     bujin.o (.text.dianji_roll)
                  00000944    000000a8     key.o (.text.key6_init)
                  000009ec    0000008c     ti_msp_dl_config.o (.text.SYSCFG_DL_initPower)
                  00000a78    0000007c     oled.o (.text.OLED_Refresh)
                  00000af4    0000007c     libc.a : copy_decompress_lzss.c.obj (.text:decompress:lzss)
                  00000b70    00000074     oled.o (.text.OLED_WR_Byte)
                  00000be4    00000074     ti_msp_dl_config.o (.text.SYSCFG_DL_SYSCTL_init)
                  00000c58    00000074     libclang_rt.builtins.a : comparedf2.c.obj (.text.__gedf2)
                  00000ccc    00000070     ti_msp_dl_config.o (.text.SYSCFG_DL_DCC_PWM_init)
                  00000d3c    00000068     libclang_rt.builtins.a : comparedf2.c.obj (.text.__ledf2)
                  00000da4    00000064     driverlib.a : dl_sysctl_mspm0g1x0x_g3x0x.o (.text.DL_SYSCTL_setHFCLKSourceHFXTParams)
                  00000e08    00000062     libclang_rt.builtins.a : aeabi_dcmp.S.obj (.text.__aeabi_dcmp)
                  00000e6a    00000002                            : aeabi_div0.c.obj (.text.__aeabi_idiv0)
                  00000e6c    00000060     oled.o (.text.OLED_Clear)
                  00000ecc    00000060     ti_msp_dl_config.o (.text.SYSCFG_DL_OLED_init)
                  00000f2c    0000005e     driverlib.a : dl_i2c.o (.text.DL_I2C_fillControllerTXFIFO)
                  00000f8a    00000002     --HOLE-- [fill = 0]
                  00000f8c    00000050     ti_msp_dl_config.o (.text.DL_GPIO_initPeripheralInputFunctionFeatures)
                  00000fdc    00000050     oled.o (.text.DL_I2C_startControllerTransfer)
                  0000102c    0000004c     ti_msp_dl_config.o (.text.DL_GPIO_initDigitalInputFeatures)
                  00001078    0000004c     ti_msp_dl_config.o (.text.DL_UART_setBaudRateDivisor)
                  000010c4    00000048     driverlib.a : dl_uart.o (.text.DL_UART_init)
                  0000110c    00000048     oled.o (.text.OLED_DisplayTurn)
                  00001154    00000048     ti_msp_dl_config.o (.text.SYSCFG_DL_PRINT_init)
                  0000119c    00000044     driverlib.a : dl_sysctl_mspm0g1x0x_g3x0x.o (.text.DL_SYSCTL_switchMCLKfromSYSOSCtoHSCLK)
                  000011e0    00000040     ti_msp_dl_config.o (.text.SYSCFG_DL_DCC101_v1_2_init)
                  00001220    00000040     ti_msp_dl_config.o (.text.SYSCFG_DL_DCC101_v1_3_init)
                  00001260    00000040     libclang_rt.builtins.a : aeabi_uidivmod.S.obj (.text.__aeabi_uidivmod)
                  000012a0    0000003c     ti_msp_dl_config.o (.text.DL_Timer_setCounterControl)
                  000012dc    0000003c     libc.a : autoinit.c.obj (.text:__TI_auto_init_nobinit_nopinit)
                  00001318    00000034     oled.o (.text.OLED_ColorTurn)
                  0000134c    00000034     uart.o (.text.UART0_IRQHandler)
                  00001380    00000034     uart.o (.text.UART_send_buffer)
                  000013b4    00000034     key.o (.text.get_key_state)
                  000013e8    00000030     driverlib.a : dl_uart.o (.text.DL_UART_transmitDataBlocking)
                  00001418    00000030     ti_msp_dl_config.o (.text.SYSCFG_DL_init)
                  00001448    0000002c     key.o (.text.__NVIC_EnableIRQ)
                  00001474    0000002c     main.o (.text.__NVIC_EnableIRQ)
                  000014a0    00000028     oled.o (.text.DL_Common_updateReg)
                  000014c8    00000028     ti_msp_dl_config.o (.text.DL_Common_updateReg)
                  000014f0    00000028     ti_msp_dl_config.o (.text.DL_I2C_setControllerRXFIFOThreshold)
                  00001518    00000028     ti_msp_dl_config.o (.text.DL_I2C_setControllerTXFIFOThreshold)
                  00001540    00000028     libc.a : boot_cortex_m.c.obj (.text:_c_int00_noargs)
                  00001568    00000026     ti_msp_dl_config.o (.text.DL_I2C_setAnalogGlitchFilterPulseWidth)
                  0000158e    00000026     driverlib.a : dl_i2c.o (.text.DL_I2C_setClockConfig)
                  000015b4    00000024     ti_msp_dl_config.o (.text.DL_I2C_setDigitalGlitchFilterPulseWidth)
                  000015d8    00000024     libclang_rt.builtins.a : floatunsidf.S.obj (.text.__floatunsidf)
                  000015fc    00000020     ti_msp_dl_config.o (.text.DL_GPIO_initPeripheralInputFunction)
                  0000161c    00000020     ti_msp_dl_config.o (.text.DL_SYSCTL_setFlashWaitState)
                  0000163c    0000001e     ti_msp_dl_config.o (.text.DL_UART_setOversampling)
                  0000165a    00000002     --HOLE-- [fill = 0]
                  0000165c    0000001c     ti_msp_dl_config.o (.text.DL_GPIO_enableHiZ)
                  00001678    0000001c     ti_msp_dl_config.o (.text.DL_GPIO_initPeripheralOutputFunction)
                  00001694    0000001c     driverlib.a : dl_sysctl_mspm0g1x0x_g3x0x.o (.text.DL_SYSCTL_configFCC)
                  000016b0    0000001c     ti_msp_dl_config.o (.text.DL_SYSCTL_setFCCPeriods)
                  000016cc    0000001c     ti_msp_dl_config.o (.text.DL_SYSCTL_setSYSOSCFreq)
                  000016e8    0000001c     ti_msp_dl_config.o (.text.DL_SYSCTL_setULPCLKDivider)
                  00001704    0000001c     ti_msp_dl_config.o (.text.DL_Timer_enableInterrupt)
                  00001720    0000001c     driverlib.a : dl_timer.o (.text.DL_Timer_setCaptCompUpdateMethod)
                  0000173c    0000001c                 : dl_timer.o (.text.DL_Timer_setClockConfig)
                  00001758    0000001c     ti_msp_dl_config.o (.text.DL_UART_enableInterrupt)
                  00001774    0000001c     uart.o (.text.UART_send_char)
                  00001790    0000001c     delay.o (.text.delay_ms)
                  000017ac    00000018     ti_msp_dl_config.o (.text.DL_GPIO_enableOutput)
                  000017c4    00000018     ti_msp_dl_config.o (.text.DL_GPIO_enablePower)
                  000017dc    00000018     ti_msp_dl_config.o (.text.DL_GPIO_initDigitalOutput)
                  000017f4    00000018     ti_msp_dl_config.o (.text.DL_GPIO_initPeripheralAnalogFunction)
                  0000180c    00000018     ti_msp_dl_config.o (.text.DL_GPIO_reset)
                  00001824    00000018     ti_msp_dl_config.o (.text.DL_I2C_enableAnalogGlitchFilter)
                  0000183c    00000018     ti_msp_dl_config.o (.text.DL_I2C_enableController)
                  00001854    00000018     ti_msp_dl_config.o (.text.DL_I2C_enableControllerClockStretching)
                  0000186c    00000018     ti_msp_dl_config.o (.text.DL_I2C_enablePower)
                  00001884    00000018     ti_msp_dl_config.o (.text.DL_I2C_reset)
                  0000189c    00000018     ti_msp_dl_config.o (.text.DL_I2C_setTimerPeriod)
                  000018b4    00000018     ti_msp_dl_config.o (.text.DL_SYSCTL_setBORThreshold)
                  000018cc    00000018     ti_msp_dl_config.o (.text.DL_Timer_enablePower)
                  000018e4    00000018     ti_msp_dl_config.o (.text.DL_Timer_reset)
                  000018fc    00000018     driverlib.a : dl_timer.o (.text.DL_Timer_setCaptureCompareOutCtl)
                  00001914    00000018     key.o (.text.DL_Timer_setLoadValue)
                  0000192c    00000018     key.o (.text.DL_Timer_startCounter)
                  00001944    00000018     ti_msp_dl_config.o (.text.DL_UART_enablePower)
                  0000195c    00000018     ti_msp_dl_config.o (.text.DL_UART_reset)
                  00001974    00000016     key.o (.text.DL_GPIO_readPins)
                  0000198a    00000016     ti_msp_dl_config.o (.text.DL_UART_enable)
                  000019a0    00000014     key.o (.text.DL_GPIO_clearPins)
                  000019b4    00000014     key2.o (.text.DL_GPIO_clearPins)
                  000019c8    00000014     ti_msp_dl_config.o (.text.DL_GPIO_clearPins)
                  000019dc    00000014     oled.o (.text.DL_I2C_getControllerStatus)
                  000019f0    00000014     ti_msp_dl_config.o (.text.DL_I2C_resetControllerTransfer)
                  00001a04    00000014     ti_msp_dl_config.o (.text.DL_SYSCTL_disableSYSPLL)
                  00001a18    00000014     ti_msp_dl_config.o (.text.DL_SYSCTL_enableSYSPLL)
                  00001a2c    00000014     ti_msp_dl_config.o (.text.DL_Timer_enableClock)
                  00001a40    00000014     ti_msp_dl_config.o (.text.DL_Timer_setCCPDirection)
                  00001a54    00000014     uart.o (.text.DL_UART_receiveData)
                  00001a68    00000014     key2.o (.text.key7_init)
                  00001a7c    00000012     bujin.o (.text.DL_Timer_getPendingInterrupt)
                  00001a8e    00000012     uart.o (.text.DL_UART_getPendingInterrupt)
                  00001aa0    00000012     driverlib.a : dl_uart.o (.text.DL_UART_setClockConfig)
                  00001ab2    00000012     libc.a : memcpy16.S.obj (.text:TI_memcpy_small)
                  00001ac4    00000012            : copy_decompress_none.c.obj (.text:decompress:none)
                  00001ad6    00000002     --HOLE-- [fill = 0]
                  00001ad8    00000010     ti_msp_dl_config.o (.text.DL_SYSCTL_disableHFXT)
                  00001ae8    00000010     ti_msp_dl_config.o (.text.DL_SYSCTL_isFCCDone)
                  00001af8    00000010     ti_msp_dl_config.o (.text.DL_SYSCTL_startFCC)
                  00001b08    00000010     driverlib.a : dl_timer.o (.text.DL_Timer_setCaptureCompareValue)
                  00001b18    00000010     libc.a : copy_zero_init.c.obj (.text:decompress:ZI)
                  00001b28    0000000e            : memset16.S.obj (.text:TI_memset_small)
                  00001b36    00000002     --HOLE-- [fill = 0]
                  00001b38    0000000c     ti_msp_dl_config.o (.text.DL_SYSCTL_getClockStatus)
                  00001b44    0000000c     ti_msp_dl_config.o (.text.DL_SYSCTL_readFCC)
                  00001b50    0000000c     libclang_rt.builtins.a : aeabi_memset.S.obj (.text.__aeabi_memclr)
                  00001b5c    0000000a     driverlib.a : dl_common.o (.text.DL_Common_delayCycles)
                  00001b66    00000002     --HOLE-- [fill = 0]
                  00001b68    00000008     libclang_rt.builtins.a : aeabi_memcpy.S.obj (.text.__aeabi_memcpy)
                  00001b70    00000006     libc.a : exit.c.obj (.text:abort)
                  00001b76    00000004     startup_mspm0g350x_ticlang.o (.text.Default_Handler)
                  00001b7a    00000004     libsysbm.a : hostexit.c.obj (.text.HOSTexit)
                  00001b7e    00000004     startup_mspm0g350x_ticlang.o (.text.Reset_Handler)
                  00001b82    00000004     libc.a : pre_init.c.obj (.text._system_pre_init)
                  00001b86    00000002     --HOLE-- [fill = 0]

.cinit     0    00001be8    00000030     
                  00001be8    0000000c     (__TI_handler_table)
                  00001bf4    00000008     (.cinit..bss.load) [load image, compression = zero_init]
                  00001bfc    00000008     (.cinit..data.load) [load image, compression = lzss]
                  00001c04    00000010     (__TI_cinit_table)
                  00001c14    00000004     --HOLE-- [fill = 0]

.rodata    0    00001b88    00000060     
                  00001b88    00000028     ti_msp_dl_config.o (.rodata.gSYSPLLConfig)
                  00001bb0    0000000a     ti_msp_dl_config.o (.rodata.gDCC101_v1_2Config)
                  00001bba    0000000a     ti_msp_dl_config.o (.rodata.gDCC101_v1_3Config)
                  00001bc4    0000000a     ti_msp_dl_config.o (.rodata.gPRINTConfig)
                  00001bce    00000002     ti_msp_dl_config.o (.rodata.gDCC101_v1_2ClockConfig)
                  00001bd0    00000008     ti_msp_dl_config.o (.rodata.gDCC_PWMConfig)
                  00001bd8    00000003     ti_msp_dl_config.o (.rodata.gDCC_PWMClockConfig)
                  00001bdb    00000002     ti_msp_dl_config.o (.rodata.gDCC101_v1_3ClockConfig)
                  00001bdd    00000002     ti_msp_dl_config.o (.rodata.gOLEDClockConfig)
                  00001bdf    00000002     ti_msp_dl_config.o (.rodata.gPRINTClockConfig)
                  00001be1    00000007     --HOLE-- [fill = 0]

.init_array 
*          0    00000000    00000000     UNINITIALIZED

.binit     0    00000000    00000000     

.bss       0    20200000    0000053c     UNINITIALIZED
                  20200000    00000480     (.common:OLED_GRAM)
                  20200480    000000bc     (.common:gDCC_PWMBackup)

.data      0    2020053c    00000070     UNINITIALIZED
                  2020053c    00000032     main.o (.data.DCC_v1_2)
                  2020056e    00000032     main.o (.data.DCC_v1_3)
                  202005a0    00000001     bujin.o (.data.TIMA0_IRQHandler.btn2_cnt)
                  202005a1    00000001     bujin.o (.data.TIMA0_IRQHandler.btn2_stable)
                  202005a2    00000001     bujin.o (.data.TIMA0_IRQHandler.btn3_cnt)
                  202005a3    00000001     bujin.o (.data.TIMA0_IRQHandler.btn3_stable)
                  202005a4    00000001     bujin.o (.data.TIMA0_IRQHandler.btn4_cnt)
                  202005a5    00000001     bujin.o (.data.TIMA0_IRQHandler.btn4_stable)
                  202005a6    00000001     bujin.o (.data.TIMA0_IRQHandler.btn_cnt)
                  202005a7    00000001     bujin.o (.data.TIMA0_IRQHandler.btn_stable)
                  202005a8    00000001     bujin.o (.data.motor1_forward_active)
                  202005a9    00000001     bujin.o (.data.motor1_reverse_active)
                  202005aa    00000001     bujin2.o (.data.motor2_forward_active)
                  202005ab    00000001     bujin2.o (.data.motor2_reverse_active)

.stack     0    20207e00    00000200     UNINITIALIZED
                  20207e00    00000004     libc.a : boot_cortex_m.c.obj (.stack)
                  20207e04    000001fc     --HOLE--

__llvm_prf_cnts 
*          0    20200000    00000000     UNINITIALIZED

__llvm_prf_bits 
*          0    20200000    00000000     UNINITIALIZED

MODULE SUMMARY

       Module                         code   ro data   rw data
       ------                         ----   -------   -------
    .\
       ti_msp_dl_config.o             2562   89        188    
       oled.o                         848    0         1152   
       bujin.o                        586    0         10     
       main.o                         272    0         100    
       key.o                          354    0         0      
       startup_mspm0g350x_ticlang.o   8      192       0      
       bujin2.o                       180    0         2      
       uart.o                         170    0         0      
       key2.o                         40     0         0      
       delay.o                        28     0         0      
    +--+------------------------------+------+---------+---------+
       Total:                         5048   281       1452   
                                                              
    C:/ti/mspm0_sdk_2_10_00_04/source/ti/driverlib/lib/ticlang/m0p/mspm0g1x0x_g3x0x/driverlib.a
       dl_sysctl_mspm0g1x0x_g3x0x.o   416    0         0      
       dl_timer.o                     356    0         0      
       dl_uart.o                      138    0         0      
       dl_i2c.o                       132    0         0      
       dl_common.o                    10     0         0      
    +--+------------------------------+------+---------+---------+
       Total:                         1052   0         0      
                                                              
    C:\ti\ccs2050\ccs\tools\compiler\ti-cgt-armllvm_4.0.4.LTS\lib\armv6m-ti-none-eabi/c/libc.a
       copy_decompress_lzss.c.obj     124    0         0      
       autoinit.c.obj                 60     0         0      
       boot_cortex_m.c.obj            40     0         0      
       copy_decompress_none.c.obj     18     0         0      
       memcpy16.S.obj                 18     0         0      
       copy_zero_init.c.obj           16     0         0      
       memset16.S.obj                 14     0         0      
       exit.c.obj                     6      0         0      
       pre_init.c.obj                 4      0         0      
    +--+------------------------------+------+---------+---------+
       Total:                         300    0         0      
                                                              
    C:\ti\ccs2050\ccs\tools\compiler\ti-cgt-armllvm_4.0.4.LTS\lib\armv6m-ti-none-eabi/c/libsysbm.a
       hostexit.c.obj                 4      0         0      
    +--+------------------------------+------+---------+---------+
       Total:                         4      0         0      
                                                              
    C:\ti\ccs2050\ccs\tools\compiler\ti-cgt-armllvm_4.0.4.LTS\lib\armv6m-ti-none-eabi/libclang_rt.builtins.a
       comparedf2.c.obj               220    0         0      
       aeabi_dcmp.S.obj               98     0         0      
       aeabi_uidivmod.S.obj           64     0         0      
       floatunsidf.S.obj              36     0         0      
       aeabi_memset.S.obj             12     0         0      
       aeabi_memcpy.S.obj             8      0         0      
       aeabi_div0.c.obj               2      0         0      
    +--+------------------------------+------+---------+---------+
       Total:                         440    0         0      
                                                              
       Stack:                         0      0         512    
       Linker Generated:              0      44        0      
    +--+------------------------------+------+---------+---------+
       Grand Total:                   6844   325       1964   


LINKER GENERATED COPY TABLES

__TI_cinit_table @ 00001c04 records: 2, size/record: 8, table size: 16
	.bss: load addr=00001bf4, load size=00000008 bytes, run addr=20200000, run size=0000053c bytes, compression=zero_init
	.data: load addr=00001bfc, load size=00000008 bytes, run addr=2020053c, run size=00000070 bytes, compression=lzss


LINKER GENERATED HANDLER TABLE

__TI_handler_table @ 00001be8 records: 3, size/record: 4, table size: 12
	index: 0, handler: __TI_decompress_lzss
	index: 1, handler: __TI_decompress_none
	index: 2, handler: __TI_zero_init


GLOBAL SYMBOLS: SORTED ALPHABETICALLY BY Name 

address   name                                 
-------   ----                                 
00001b77  ADC0_IRQHandler                      
00001b77  ADC1_IRQHandler                      
00001b77  AES_IRQHandler                       
00001b7a  C$$EXIT                              
00001b77  CANFD0_IRQHandler                    
00001b77  DAC0_IRQHandler                      
2020053c  DCC_v1_2                             
2020056e  DCC_v1_3                             
00001b5d  DL_Common_delayCycles                
00000f2d  DL_I2C_fillControllerTXFIFO          
0000158f  DL_I2C_setClockConfig                
00001695  DL_SYSCTL_configFCC                  
00000701  DL_SYSCTL_configSYSPLL               
00000da5  DL_SYSCTL_setHFCLKSourceHFXTParams   
0000119d  DL_SYSCTL_switchMCLKfromSYSOSCtoHSCLK
00000245  DL_Timer_initFourCCPWMMode           
00001721  DL_Timer_setCaptCompUpdateMethod     
000018fd  DL_Timer_setCaptureCompareOutCtl     
00001b09  DL_Timer_setCaptureCompareValue      
0000173d  DL_Timer_setClockConfig              
000010c5  DL_UART_init                         
00001aa1  DL_UART_setClockConfig               
000013e9  DL_UART_transmitDataBlocking         
00001b77  DMA_IRQHandler                       
00001b77  Default_Handler                      
00001b77  GROUP0_IRQHandler                    
00001b77  GROUP1_IRQHandler                    
00001b7b  HOSTexit                             
00001b77  HardFault_Handler                    
00001b77  I2C0_IRQHandler                      
00001b77  I2C1_IRQHandler                      
00001b77  NMI_Handler                          
00000e6d  OLED_Clear                           
00001319  OLED_ColorTurn                       
0000110d  OLED_DisplayTurn                     
20200000  OLED_GRAM                            
00000349  OLED_Init                            
00000a79  OLED_Refresh                         
00000b71  OLED_WR_Byte                         
00001b77  PendSV_Handler                       
00001b77  RTC_IRQHandler                       
00001b7f  Reset_Handler                        
00001b77  SPI0_IRQHandler                      
00001b77  SPI1_IRQHandler                      
00001b77  SVC_Handler                          
000011e1  SYSCFG_DL_DCC101_v1_2_init           
00001221  SYSCFG_DL_DCC101_v1_3_init           
00000ccd  SYSCFG_DL_DCC_PWM_init               
00000441  SYSCFG_DL_GPIO_init                  
00000ecd  SYSCFG_DL_OLED_init                  
00001155  SYSCFG_DL_PRINT_init                 
00000535  SYSCFG_DL_SYSCTL_SYSPLL_init         
00000be5  SYSCFG_DL_SYSCTL_init                
00001419  SYSCFG_DL_init                       
000009ed  SYSCFG_DL_initPower                  
00001b77  SysTick_Handler                      
000000c1  TIMA0_IRQHandler                     
00001b77  TIMA1_IRQHandler                     
00001b77  TIMG0_IRQHandler                     
00001b77  TIMG12_IRQHandler                    
00001b77  TIMG6_IRQHandler                     
00001b77  TIMG7_IRQHandler                     
00001b77  TIMG8_IRQHandler                     
00001ab3  TI_memcpy_small                      
00001b29  TI_memset_small                      
0000134d  UART0_IRQHandler                     
00001b77  UART1_IRQHandler                     
00001b77  UART2_IRQHandler                     
00001b77  UART3_IRQHandler                     
00001381  UART_send_buffer                     
00001775  UART_send_char                       
20208000  __STACK_END                          
00000200  __STACK_SIZE                         
00000000  __TI_ATRegion0_region_sz             
00000000  __TI_ATRegion0_src_addr              
00000000  __TI_ATRegion0_trg_addr              
00000000  __TI_ATRegion1_region_sz             
00000000  __TI_ATRegion1_src_addr              
00000000  __TI_ATRegion1_trg_addr              
00000000  __TI_ATRegion2_region_sz             
00000000  __TI_ATRegion2_src_addr              
00000000  __TI_ATRegion2_trg_addr              
00001c04  __TI_CINIT_Base                      
00001c14  __TI_CINIT_Limit                     
00001c14  __TI_CINIT_Warm                      
00001be8  __TI_Handler_Table_Base              
00001bf4  __TI_Handler_Table_Limit             
000012dd  __TI_auto_init_nobinit_nopinit       
00000af5  __TI_decompress_lzss                 
00001ac5  __TI_decompress_none                 
ffffffff  __TI_pprof_out_hndl                  
ffffffff  __TI_prof_data_size                  
ffffffff  __TI_prof_data_start                 
00000000  __TI_static_base__                   
00001b19  __TI_zero_init                       
00000e09  __aeabi_dcmpeq                       
00000e45  __aeabi_dcmpge                       
00000e59  __aeabi_dcmpgt                       
00000e31  __aeabi_dcmple                       
00000e1d  __aeabi_dcmplt                       
00000e6b  __aeabi_idiv0                        
00001b51  __aeabi_memclr                       
00001b51  __aeabi_memclr4                      
00001b51  __aeabi_memclr8                      
00001b69  __aeabi_memcpy                       
00001b69  __aeabi_memcpy4                      
00001b69  __aeabi_memcpy8                      
000015d9  __aeabi_ui2d                         
00001261  __aeabi_uidiv                        
00001261  __aeabi_uidivmod                     
ffffffff  __binit__                            
00000d3d  __cmpdf2                             
00000d3d  __eqdf2                              
000015d9  __floatunsidf                        
00000c59  __gedf2                              
00000c59  __gtdf2                              
00000d3d  __ledf2                              
00000d3d  __ltdf2                              
UNDEFED   __mpu_init                           
00000d3d  __nedf2                              
20207e00  __stack                              
20200000  __start___llvm_prf_bits              
20200000  __start___llvm_prf_cnts              
20200000  __stop___llvm_prf_bits               
20200000  __stop___llvm_prf_cnts               
00001541  _c_int00_noargs                      
UNDEFED   _system_post_cinit                   
00001b83  _system_pre_init                     
00001b71  abort                                
ffffffff  binit                                
00001791  delay_ms                             
000007dd  dianji2_roll                         
00000891  dianji_roll                          
20200480  gDCC_PWMBackup                       
000013b5  get_key_state                        
00000000  interruptVectors                     
00000945  key6_init                            
00001a69  key7_init                            
0000061d  main                                 
202005a8  motor1_forward_active                
202005a9  motor1_reverse_active                
202005aa  motor2_forward_active                
202005ab  motor2_reverse_active                


GLOBAL SYMBOLS: SORTED BY Symbol Address 

address   name                                 
-------   ----                                 
00000000  __TI_ATRegion0_region_sz             
00000000  __TI_ATRegion0_src_addr              
00000000  __TI_ATRegion0_trg_addr              
00000000  __TI_ATRegion1_region_sz             
00000000  __TI_ATRegion1_src_addr              
00000000  __TI_ATRegion1_trg_addr              
00000000  __TI_ATRegion2_region_sz             
00000000  __TI_ATRegion2_src_addr              
00000000  __TI_ATRegion2_trg_addr              
00000000  __TI_static_base__                   
00000000  interruptVectors                     
000000c1  TIMA0_IRQHandler                     
00000200  __STACK_SIZE                         
00000245  DL_Timer_initFourCCPWMMode           
00000349  OLED_Init                            
00000441  SYSCFG_DL_GPIO_init                  
00000535  SYSCFG_DL_SYSCTL_SYSPLL_init         
0000061d  main                                 
00000701  DL_SYSCTL_configSYSPLL               
000007dd  dianji2_roll                         
00000891  dianji_roll                          
00000945  key6_init                            
000009ed  SYSCFG_DL_initPower                  
00000a79  OLED_Refresh                         
00000af5  __TI_decompress_lzss                 
00000b71  OLED_WR_Byte                         
00000be5  SYSCFG_DL_SYSCTL_init                
00000c59  __gedf2                              
00000c59  __gtdf2                              
00000ccd  SYSCFG_DL_DCC_PWM_init               
00000d3d  __cmpdf2                             
00000d3d  __eqdf2                              
00000d3d  __ledf2                              
00000d3d  __ltdf2                              
00000d3d  __nedf2                              
00000da5  DL_SYSCTL_setHFCLKSourceHFXTParams   
00000e09  __aeabi_dcmpeq                       
00000e1d  __aeabi_dcmplt                       
00000e31  __aeabi_dcmple                       
00000e45  __aeabi_dcmpge                       
00000e59  __aeabi_dcmpgt                       
00000e6b  __aeabi_idiv0                        
00000e6d  OLED_Clear                           
00000ecd  SYSCFG_DL_OLED_init                  
00000f2d  DL_I2C_fillControllerTXFIFO          
000010c5  DL_UART_init                         
0000110d  OLED_DisplayTurn                     
00001155  SYSCFG_DL_PRINT_init                 
0000119d  DL_SYSCTL_switchMCLKfromSYSOSCtoHSCLK
000011e1  SYSCFG_DL_DCC101_v1_2_init           
00001221  SYSCFG_DL_DCC101_v1_3_init           
00001261  __aeabi_uidiv                        
00001261  __aeabi_uidivmod                     
000012dd  __TI_auto_init_nobinit_nopinit       
00001319  OLED_ColorTurn                       
0000134d  UART0_IRQHandler                     
00001381  UART_send_buffer                     
000013b5  get_key_state                        
000013e9  DL_UART_transmitDataBlocking         
00001419  SYSCFG_DL_init                       
00001541  _c_int00_noargs                      
0000158f  DL_I2C_setClockConfig                
000015d9  __aeabi_ui2d                         
000015d9  __floatunsidf                        
00001695  DL_SYSCTL_configFCC                  
00001721  DL_Timer_setCaptCompUpdateMethod     
0000173d  DL_Timer_setClockConfig              
00001775  UART_send_char                       
00001791  delay_ms                             
000018fd  DL_Timer_setCaptureCompareOutCtl     
00001a69  key7_init                            
00001aa1  DL_UART_setClockConfig               
00001ab3  TI_memcpy_small                      
00001ac5  __TI_decompress_none                 
00001b09  DL_Timer_setCaptureCompareValue      
00001b19  __TI_zero_init                       
00001b29  TI_memset_small                      
00001b51  __aeabi_memclr                       
00001b51  __aeabi_memclr4                      
00001b51  __aeabi_memclr8                      
00001b5d  DL_Common_delayCycles                
00001b69  __aeabi_memcpy                       
00001b69  __aeabi_memcpy4                      
00001b69  __aeabi_memcpy8                      
00001b71  abort                                
00001b77  ADC0_IRQHandler                      
00001b77  ADC1_IRQHandler                      
00001b77  AES_IRQHandler                       
00001b77  CANFD0_IRQHandler                    
00001b77  DAC0_IRQHandler                      
00001b77  DMA_IRQHandler                       
00001b77  Default_Handler                      
00001b77  GROUP0_IRQHandler                    
00001b77  GROUP1_IRQHandler                    
00001b77  HardFault_Handler                    
00001b77  I2C0_IRQHandler                      
00001b77  I2C1_IRQHandler                      
00001b77  NMI_Handler                          
00001b77  PendSV_Handler                       
00001b77  RTC_IRQHandler                       
00001b77  SPI0_IRQHandler                      
00001b77  SPI1_IRQHandler                      
00001b77  SVC_Handler                          
00001b77  SysTick_Handler                      
00001b77  TIMA1_IRQHandler                     
00001b77  TIMG0_IRQHandler                     
00001b77  TIMG12_IRQHandler                    
00001b77  TIMG6_IRQHandler                     
00001b77  TIMG7_IRQHandler                     
00001b77  TIMG8_IRQHandler                     
00001b77  UART1_IRQHandler                     
00001b77  UART2_IRQHandler                     
00001b77  UART3_IRQHandler                     
00001b7a  C$$EXIT                              
00001b7b  HOSTexit                             
00001b7f  Reset_Handler                        
00001b83  _system_pre_init                     
00001be8  __TI_Handler_Table_Base              
00001bf4  __TI_Handler_Table_Limit             
00001c04  __TI_CINIT_Base                      
00001c14  __TI_CINIT_Limit                     
00001c14  __TI_CINIT_Warm                      
20200000  OLED_GRAM                            
20200000  __start___llvm_prf_bits              
20200000  __start___llvm_prf_cnts              
20200000  __stop___llvm_prf_bits               
20200000  __stop___llvm_prf_cnts               
20200480  gDCC_PWMBackup                       
2020053c  DCC_v1_2                             
2020056e  DCC_v1_3                             
202005a8  motor1_forward_active                
202005a9  motor1_reverse_active                
202005aa  motor2_forward_active                
202005ab  motor2_reverse_active                
20207e00  __stack                              
20208000  __STACK_END                          
ffffffff  __TI_pprof_out_hndl                  
ffffffff  __TI_prof_data_size                  
ffffffff  __TI_prof_data_start                 
ffffffff  __binit__                            
ffffffff  binit                                
UNDEFED   __mpu_init                           
UNDEFED   _system_post_cinit                   

[143 symbols]
